<html>
<body>
<pre>
<h1>µVision Build Log</h1>
<h2>Tool Versions:</h2>
IDE-Version: ¦ÌVision V5.26.2.0
Copyright (C) 2018 ARM Ltd and ARM Germany GmbH. All rights reserved.
License Information: 123 123, 123, LIC=585FJ-UZ2JC-2ZCW4-FWZRC-CULX9-294G6
 
Tool Versions:
Toolchain:       MDK-ARM Plus  Version: 5.26.2.0
Toolchain Path:  D:\Keil_v5\ARM\ARMCC\Bin
C Compiler:      Armcc.exe V5.06 update 6 (build 750)
Assembler:       Armasm.exe V5.06 update 6 (build 750)
Linker/Locator:  ArmLink.exe V5.06 update 6 (build 750)
Library Manager: ArmAr.exe V5.06 update 6 (build 750)
Hex Converter:   FromElf.exe V5.06 update 6 (build 750)
CPU DLL:         SARMCM3.DLL V5.26.2.0
Dialog DLL:      DCM.DLL V1.17.2.0
Target DLL:      STLink\ST-LINKIII-KEIL_SWO.dll V3.0.5.0
Dialog DLL:      TCM.DLL V1.36.1.0
 
<h2>Project:</h2>
F:\N32G430\N32G430_Code\Balance_Car\Balance_Car.uvprojx
Project File Date:  09/07/2022

<h2>Output:</h2>
*** Using Compiler 'V5.06 update 6 (build 750)', folder: 'D:\Keil_v5\ARM\ARMCC\Bin'
Rebuild target 'N32G430'
assembling startup_n32g430.s...
compiling system_n32g430.c...
compiling n32g430_it.c...
compiling i2c_drv.c...
compiling esp12f_io0.c...
compiling mpu6050.c...
src\mpu6050.c(235): warning:  #177-D: function "Set_Slaver_Address"  was declared but never referenced
  static void Set_Slaver_Address(void)
src\mpu6050.c: 1 warning, 0 errors
compiling myiic.c...
compiling main.c...
compiling led.c...
compiling oled.c...
compiling inv_mpu_dmp_motion_driver.c...
compiling inv_mpu.c...
compiling usart.c...
compiling adc.c...
compiling key.c...
compiling exti.c...
compiling encoder.c...
compiling pwm.c...
compiling GPTIM_common.c...
compiling timer_common.c...
compiling motor.c...
compiling log.c...
compiling control.c...
compiling bsp_delay.c...
compiling n32g430_beeper.c...
compiling misc.c...
compiling n32g430_crc.c...
compiling n32g430_adc.c...
compiling n32g430_comp.c...
compiling n32g430_dbg.c...
compiling n32g430_can.c...
compiling n32g430_exti.c...
compiling n32g430_dma.c...
compiling n32g430_flash.c...
compiling n32g430_gpio.c...
compiling n32g430_i2c.c...
compiling n32g430_lptim.c...
compiling n32g430_iwdg.c...
compiling n32g430_pwr.c...
compiling n32g430_spi.c...
compiling n32g430_rcc.c...
compiling n32g430_wwdg.c...
compiling n32g430_usart.c...
compiling n32g430_rtc.c...
compiling n32g430_tim.c...
linking...
Program Size: Code=37288 RO-data=3856 RW-data=208 ZI-data=5408  
FromELF: creating hex file...
After Build - User command #1: fromelf --bin --output=.\bin\Balance_Car.bin .\Objects\Balance_Car.axf
".\Objects\Balance_Car.axf" - 0 Error(s), 1 Warning(s).

<h2>Software Packages used:</h2>

Package Vendor: Nationstech
                http://www.keil.com/pack/Nationstech.N32G430_DFP.1.0.0.pack
                Nationstech.N32G430_DFP.1.0.0
                Nationstech N32G430 Series Device Support, Drivers and Examples

<h2>Collection of Component include folders:</h2>
  .\RTE\_N32G430
  D:\Keil_v5\ARM\PACK\Nationstech\N32G430_DFP\1.0.0\firmware\CMSIS\device

<h2>Collection of Component Files used:</h2>
Build Time Elapsed:  00:00:03
</pre>
</body>
</html>
