Component: ARM Compiler 5.06 update 6 (build 750) Tool: armlink [4d35ed]

==============================================================================

Section Cross References

    startup_n32g430.o(RESET) refers to startup_n32g430.o(STACK) for __initial_sp
    startup_n32g430.o(RESET) refers to startup_n32g430.o(.text) for Reset_Handler
    startup_n32g430.o(RESET) refers to n32g430_it.o(.text) for NMI_Handler
    startup_n32g430.o(RESET) refers to control.o(.text) for EXTI9_5_IRQHandler
    startup_n32g430.o(RESET) refers to encoder.o(.text) for TIM2_IRQHandler
    startup_n32g430.o(.text) refers to system_n32g430.o(.text) for System_Initializes
    startup_n32g430.o(.text) refers to entry.o(.ARM.Collect$$$$00000000) for __main
    system_n32g430.o(.text) refers to system_n32g430.o(.data) for SystemClockFrequency
    system_n32g430.o(.text) refers to system_n32g430.o(.constdata) for AHBPrescTable
    main.o(.text) refers to adc.o(.text) for ADC_Configuration
    main.o(.text) refers to led.o(.text) for LED_GPIO_Init
    main.o(.text) refers to key.o(.text) for Key_GPIO_Init
    main.o(.text) refers to pwm.o(.text) for TIMx_PWM_Init
    main.o(.text) refers to encoder.o(.text) for Encoder_TIM2_Init
    main.o(.text) refers to log.o(.text) for log_init
    main.o(.text) refers to mpu6050.o(.text) for MPU_Init
    main.o(.text) refers to inv_mpu.o(.text) for mpu_dmp_init
    main.o(.text) refers to n32g430_gpio.o(.text) for GPIO_Pins_Reset
    main.o(.text) refers to exti.o(.text) for EXTI_Init
    main.o(.text) refers to usart.o(.text) for Usart_DMA_Init
    main.o(.text) refers to bsp_delay.o(.text) for SysTick_Delay_Ms
    n32g430_it.o(.text) refers to n32g430_usart.o(.text) for USART_Flag_Status_Get
    n32g430_it.o(.text) refers to usart.o(.data) for indexFlag
    oled.o(.text) refers to i2c_drv.o(.text) for i2c_master_send
    oled.o(.text) refers to dfixi.o(.text) for __aeabi_d2iz
    oled.o(.text) refers to dfltui.o(.text) for __aeabi_ui2d
    oled.o(.text) refers to dadd.o(.text) for __aeabi_drsub
    oled.o(.text) refers to dmul.o(.text) for __aeabi_dmul
    oled.o(.text) refers to oled.o(.bss) for OLED_GRAM
    oled.o(.text) refers to oled.o(.constdata) for asc2_1206
    oled.o(.text) refers to cdcmple.o(.text) for __aeabi_cdcmple
    i2c_drv.o(.text) refers to n32g430_rcc.o(.text) for RCC_APB1_Peripheral_Clock_Enable
    i2c_drv.o(.text) refers to n32g430_gpio.o(.text) for GPIO_Structure_Initialize
    i2c_drv.o(.text) refers to n32g430_i2c.o(.text) for I2C_Reset
    i2c_drv.o(.text) refers to printf8.o(i.__0printf$8) for __2printf
    i2c_drv.o(.text) refers to i2c_drv.o(.data) for RCC_RESET_Flag
    myiic.o(.text) refers to n32g430_rcc.o(.text) for RCC_AHB_Peripheral_Clock_Enable
    myiic.o(.text) refers to n32g430_gpio.o(.text) for GPIO_Structure_Initialize
    myiic.o(.text) refers to bsp_delay.o(.text) for SysTick_Delay_Us
    mpu6050.o(.text) refers to myiic.o(.text) for IIC_Start
    mpu6050.o(.text) refers to n32g430_rcc.o(.text) for RCC_AHB_Peripheral_Clock_Enable
    mpu6050.o(.text) refers to n32g430_gpio.o(.text) for GPIO_Structure_Initialize
    mpu6050.o(.text) refers to bsp_delay.o(.text) for SysTick_Delay_Ms
    mpu6050.o(.text) refers to printf8.o(i.__0printf$8) for __2printf
    mpu6050.o(.text) refers to dflti.o(.text) for __aeabi_i2d
    mpu6050.o(.text) refers to ddiv.o(.text) for __aeabi_ddiv
    mpu6050.o(.text) refers to dadd.o(.text) for __aeabi_dadd
    mpu6050.o(.text) refers to d2f.o(.text) for __aeabi_d2f
    inv_mpu.o(.text) refers to mpu6050.o(.text) for MPU_Write_Len
    inv_mpu.o(.text) refers to printf8.o(i.__0printf$8) for __2printf
    inv_mpu.o(.text) refers to bsp_delay.o(.text) for SysTick_Delay_Ms
    inv_mpu.o(.text) refers to inv_mpu.o(.data) for st
    inv_mpu.o(.text) refers to inv_mpu.o(.conststring) for .conststring
    inv_mpu.o(.text) refers to inv_mpu.o(.constdata) for test
    inv_mpu.o(.text) refers to ldiv.o(.text) for __aeabi_ldivmod
    inv_mpu.o(.text) refers to memcmp.o(.text) for memcmp
    inv_mpu.o(.text) refers to inv_mpu_dmp_motion_driver.o(.text) for dmp_set_gyro_bias
    inv_mpu.o(.text) refers to myiic.o(.text) for IIC_Init
    inv_mpu.o(.text) refers to f2d.o(.text) for __aeabi_f2d
    inv_mpu.o(.text) refers to asin.o(i.__hardfp_asin) for __hardfp_asin
    inv_mpu.o(.text) refers to dmul.o(.text) for __aeabi_dmul
    inv_mpu.o(.text) refers to d2f.o(.text) for __aeabi_d2f
    inv_mpu.o(.text) refers to atan2.o(i.__hardfp_atan2) for __hardfp_atan2
    inv_mpu.o(.data) refers to inv_mpu.o(.constdata) for reg
    inv_mpu_dmp_motion_driver.o(.text) refers to inv_mpu.o(.text) for mpu_load_firmware
    inv_mpu_dmp_motion_driver.o(.text) refers to inv_mpu_dmp_motion_driver.o(.constdata) for dmp_memory
    inv_mpu_dmp_motion_driver.o(.text) refers to inv_mpu_dmp_motion_driver.o(.bss) for dmp
    inv_mpu_dmp_motion_driver.o(.text) refers to memseta.o(.text) for __aeabi_memset
[...]
    _printf_e                                0x00000000   Number         0  stubs.o ABSOLUTE
    _printf_f                                0x00000000   Number         0  stubs.o ABSOLUTE
    _printf_flags                            0x00000000   Number         0  stubs.o ABSOLUTE
    _printf_fp_dec                           0x00000000   Number         0  stubs.o ABSOLUTE
    _printf_fp_hex                           0x00000000   Number         0  stubs.o ABSOLUTE
    _printf_g                                0x00000000   Number         0  stubs.o ABSOLUTE
    _printf_i                                0x00000000   Number         0  stubs.o ABSOLUTE
    _printf_int_dec                          0x00000000   Number         0  stubs.o ABSOLUTE
    _printf_l                                0x00000000   Number         0  stubs.o ABSOLUTE
    _printf_lc                               0x00000000   Number         0  stubs.o ABSOLUTE
    _printf_ll                               0x00000000   Number         0  stubs.o ABSOLUTE
    _printf_lld                              0x00000000   Number         0  stubs.o ABSOLUTE
    _printf_lli                              0x00000000   Number         0  stubs.o ABSOLUTE
    _printf_llo                              0x00000000   Number         0  stubs.o ABSOLUTE
    _printf_llu                              0x00000000   Number         0  stubs.o ABSOLUTE
    _printf_llx                              0x00000000   Number         0  stubs.o ABSOLUTE
    _printf_longlong_dec                     0x00000000   Number         0  stubs.o ABSOLUTE
    _printf_longlong_hex                     0x00000000   Number         0  stubs.o ABSOLUTE
    _printf_longlong_oct                     0x00000000   Number         0  stubs.o ABSOLUTE
    _printf_ls                               0x00000000   Number         0  stubs.o ABSOLUTE
    _printf_mbtowc                           0x00000000   Number         0  stubs.o ABSOLUTE
    _printf_n                                0x00000000   Number         0  stubs.o ABSOLUTE
    _printf_o                                0x00000000   Number         0  stubs.o ABSOLUTE
    _printf_p                                0x00000000   Number         0  stubs.o ABSOLUTE
    _printf_percent                          0x00000000   Number         0  stubs.o ABSOLUTE
    _printf_pre_padding                      0x00000000   Number         0  stubs.o ABSOLUTE
    _printf_return_value                     0x00000000   Number         0  stubs.o ABSOLUTE
    _printf_s                                0x00000000   Number         0  stubs.o ABSOLUTE
    _printf_sizespec                         0x00000000   Number         0  stubs.o ABSOLUTE
    _printf_str                              0x00000000   Number         0  stubs.o ABSOLUTE
    _printf_truncate_signed                  0x00000000   Number         0  stubs.o ABSOLUTE
    _printf_truncate_unsigned                0x00000000   Number         0  stubs.o ABSOLUTE
    _printf_u                                0x00000000   Number         0  stubs.o ABSOLUTE
    _printf_wc                               0x00000000   Number         0  stubs.o ABSOLUTE
    _printf_wctomb                           0x00000000   Number         0  stubs.o ABSOLUTE
    _printf_widthprec                        0x00000000   Number         0  stubs.o ABSOLUTE
    _printf_x                                0x00000000   Number         0  stubs.o ABSOLUTE
    __cpp_initialize__aeabi_                  - Undefined Weak Reference
    __cxa_finalize                            - Undefined Weak Reference
    __decompress                              - Undefined Weak Reference
    _clock_init                               - Undefined Weak Reference
    _microlib_exit                            - Undefined Weak Reference
    __Vectors_Size                           0x00000114   Number         0  startup_n32g430.o ABSOLUTE
    __Vectors                                0x08000000   Data           4  startup_n32g430.o(RESET)
    __Vectors_End                            0x08000114   Data           0  startup_n32g430.o(RESET)
    __main                                   0x08000115   Thumb Code     0  entry.o(.ARM.Collect$$$$00000000)
    _main_stk                                0x08000115   Thumb Code     0  entry2.o(.ARM.Collect$$$$00000001)
    _main_scatterload                        0x08000119   Thumb Code     0  entry5.o(.ARM.Collect$$$$00000004)
    __main_after_scatterload                 0x0800011d   Thumb Code     0  entry5.o(.ARM.Collect$$$$00000004)
    _main_clock                              0x0800011d   Thumb Code     0  entry7b.o(.ARM.Collect$$$$00000008)
    _main_cpp_init                           0x0800011d   Thumb Code     0  entry8b.o(.ARM.Collect$$$$0000000A)
    _main_init                               0x0800011d   Thumb Code     0  entry9a.o(.ARM.Collect$$$$0000000B)
    __rt_final_cpp                           0x08000125   Thumb Code     0  entry10a.o(.ARM.Collect$$$$0000000D)
    __rt_final_exit                          0x08000125   Thumb Code     0  entry11a.o(.ARM.Collect$$$$0000000F)
    Reset_Handler                            0x08000129   Thumb Code     8  startup_n32g430.o(.text)
    PendSV_Handler                           0x0800013f   Thumb Code     2  startup_n32g430.o(.text)
    ADC_IRQHandler                           0x08000143   Thumb Code     0  startup_n32g430.o(.text)
    CAN_RX0_IRQHandler                       0x08000143   Thumb Code     0  startup_n32g430.o(.text)
    CAN_RX1_IRQHandler                       0x08000143   Thumb Code     0  startup_n32g430.o(.text)
    CAN_SCE_IRQHandler                       0x08000143   Thumb Code     0  startup_n32g430.o(.text)
    CAN_TX_IRQHandler                        0x08000143   Thumb Code     0  startup_n32g430.o(.text)
    COMP_1_2_3_IRQHandler                    0x08000143   Thumb Code     0  startup_n32g430.o(.text)
    DMA_Channel1_IRQHandler                  0x08000143   Thumb Code     0  startup_n32g430.o(.text)
    DMA_Channel2_IRQHandler                  0x08000143   Thumb Code     0  startup_n32g430.o(.text)
    DMA_Channel3_IRQHandler                  0x08000143   Thumb Code     0  startup_n32g430.o(.text)
    DMA_Channel4_IRQHandler                  0x08000143   Thumb Code     0  startup_n32g430.o(.text)
    DMA_Channel5_IRQHandler                  0x08000143   Thumb Code     0  startup_n32g430.o(.text)
    DMA_Channel6_IRQHandler                  0x08000143   Thumb Code     0  startup_n32g430.o(.text)
    DMA_Channel7_IRQHandler                  0x08000143   Thumb Code     0  startup_n32g430.o(.text)
    DMA_Channel8_IRQHandler                  0x08000143   Thumb Code     0  startup_n32g430.o(.text)
    EXTI0_IRQHandler                         0x08000143   Thumb Code     0  startup_n32g430.o(.text)
    EXTI15_10_IRQHandler                     0x08000143   Thumb Code     0  startup_n32g430.o(.text)
    EXTI1_IRQHandler                         0x08000143   Thumb Code     0  startup_n32g430.o(.text)
    EXTI2_IRQHandler                         0x08000143   Thumb Code     0  startup_n32g430.o(.text)
    EXTI3_IRQHandler                         0x08000143   Thumb Code     0  startup_n32g430.o(.text)
    EXTI4_IRQHandler                         0x08000143   Thumb Code     0  startup_n32g430.o(.text)
    FLASH_IRQHandler                         0x08000143   Thumb Code     0  startup_n32g430.o(.text)
    I2C1_ER_IRQHandler                       0x08000143   Thumb Code     0  startup_n32g430.o(.text)
    I2C1_EV_IRQHandler                       0x08000143   Thumb Code     0  startup_n32g430.o(.text)
    I2C2_ER_IRQHandler                       0x08000143   Thumb Code     0  startup_n32g430.o(.text)
    I2C2_EV_IRQHandler                       0x08000143   Thumb Code     0  startup_n32g430.o(.text)
    LPTIM_WKUP_IRQHandler                    0x08000143   Thumb Code     0  startup_n32g430.o(.text)
    MMU_IRQHandler                           0x08000143   Thumb Code     0  startup_n32g430.o(.text)
    PVD_IRQHandler                           0x08000143   Thumb Code     0  startup_n32g430.o(.text)
    RCC_IRQHandler                           0x08000143   Thumb Code     0  startup_n32g430.o(.text)
    RTCAlarm_IRQHandler                      0x08000143   Thumb Code     0  startup_n32g430.o(.text)
    RTC_TAMPER_STAMP_IRQHandler              0x08000143   Thumb Code     0  startup_n32g430.o(.text)
    RTC_WKUP_IRQHandler                      0x08000143   Thumb Code     0  startup_n32g430.o(.text)
    SPI1_IRQHandler                          0x08000143   Thumb Code     0  startup_n32g430.o(.text)
    SPI2_IRQHandler                          0x08000143   Thumb Code     0  startup_n32g430.o(.text)
    TIM1_BRK_IRQHandler                      0x08000143   Thumb Code     0  startup_n32g430.o(.text)
    TIM1_CC_IRQHandler                       0x08000143   Thumb Code     0  startup_n32g430.o(.text)
    TIM1_TRG_COM_IRQHandler                  0x08000143   Thumb Code     0  startup_n32g430.o(.text)
    TIM1_UP_IRQHandler                       0x08000143   Thumb Code     0  startup_n32g430.o(.text)
    TIM4_IRQHandler                          0x08000143   Thumb Code     0  startup_n32g430.o(.text)
    TIM5_IRQHandler                          0x08000143   Thumb Code     0  startup_n32g430.o(.text)
    TIM6_IRQHandler                          0x08000143   Thumb Code     0  startup_n32g430.o(.text)
    TIM8_BRK_IRQHandler                      0x08000143   Thumb Code     0  startup_n32g430.o(.text)
    TIM8_CC_IRQHandler                       0x08000143   Thumb Code     0  startup_n32g430.o(.text)
    TIM8_TRG_COM_IRQHandler                  0x08000143   Thumb Code     0  startup_n32g430.o(.text)
    TIM8_UP_IRQHandler                       0x08000143   Thumb Code     0  startup_n32g430.o(.text)
    UART3_IRQHandler                         0x08000143   Thumb Code     0  startup_n32g430.o(.text)
    UART4_IRQHandler                         0x08000143   Thumb Code     0  startup_n32g430.o(.text)
    USART2_IRQHandler                        0x08000143   Thumb Code     0  startup_n32g430.o(.text)
    WWDG_IRQHandler                          0x08000143   Thumb Code     0  startup_n32g430.o(.text)
    System_Initializes                       0x0800024b   Thumb Code   144  system_n32g430.o(.text)
    System_Clock_Frequency_Update            0x080002db   Thumb Code   182  system_n32g430.o(.text)
    main                                     0x080003c1   Thumb Code    78  main.o(.text)
    USART1_IRQHandler                        0x08000415   Thumb Code    60  n32g430_it.o(.text)
    NMI_Handler                              0x08000451   Thumb Code     2  n32g430_it.o(.text)
    HardFault_Handler                        0x08000453   Thumb Code     4  n32g430_it.o(.text)
    MemManage_Handler                        0x08000457   Thumb Code     4  n32g430_it.o(.text)
    BusFault_Handler                         0x0800045b   Thumb Code     4  n32g430_it.o(.text)
    UsageFault_Handler                       0x0800045f   Thumb Code     4  n32g430_it.o(.text)
    SVC_Handler                              0x08000463   Thumb Code     2  n32g430_it.o(.text)
    DebugMon_Handler                         0x08000465   Thumb Code     2  n32g430_it.o(.text)
    SysTick_Handler                          0x08000467   Thumb Code     2  n32g430_it.o(.text)
    IIC_Init                                 0x08000475   Thumb Code    74  myiic.o(.text)
    IIC_Start                                0x080004bf   Thumb Code    94  myiic.o(.text)
    IIC_Stop                                 0x0800051d   Thumb Code    94  myiic.o(.text)
    IIC_Wait_Ack                             0x0800057b   Thumb Code   112  myiic.o(.text)
    IIC_Ack                                  0x080005eb   Thumb Code    94  myiic.o(.text)
    IIC_NAck                                 0x08000649   Thumb Code    94  myiic.o(.text)
    IIC_Send_Byte                            0x080006a7   Thumb Code   136  myiic.o(.text)
    IIC_Read_Byte                            0x0800072f   Thumb Code   112  myiic.o(.text)
    MPU_Write_Byte                           0x080007a5   Thumb Code    68  mpu6050.o(.text)
    MPU_Set_LPF                              0x080007e9   Thumb Code    58  mpu6050.o(.text)
    MPU_Set_Rate                             0x08000823   Thumb Code    58  mpu6050.o(.text)
    MPU_Read_Byte                            0x0800085d   Thumb Code    58  mpu6050.o(.text)
    MPU_Set_Accel_Fsr                        0x08000897   Thumb Code    16  mpu6050.o(.text)
    MPU_Set_Gyro_Fsr                         0x080008a7   Thumb Code    16  mpu6050.o(.text)
    MPU_Init                                 0x080008ed   Thumb Code   138  mpu6050.o(.text)
    MPU_Read_Len                             0x08000977   Thumb Code   116  mpu6050.o(.text)
    MPU_Get_Temperature                      0x080009eb   Thumb Code   110  mpu6050.o(.text)
    MPU_Get_Gyroscope                        0x08000a59   Thumb Code    80  mpu6050.o(.text)
    MPU_Get_Accelerometer                    0x08000aa9   Thumb Code    80  mpu6050.o(.text)
    MPU_Write_Len                            0x08000af9   Thumb Code    96  mpu6050.o(.text)
    mpu_reg_dump                             0x08000c23   Thumb Code    84  inv_mpu.o(.text)
    mpu_read_reg                             0x08000c77   Thumb Code    66  inv_mpu.o(.text)
    mpu_set_int_latched                      0x08000cb9   Thumb Code   102  inv_mpu.o(.text)
    mpu_set_sensors                          0x08000d1f   Thumb Code   202  inv_mpu.o(.text)
    mpu_set_bypass                           0x08000de9   Thumb Code   328  inv_mpu.o(.text)
    mpu_reset_fifo                           0x08000f31   Thumb Code   472  inv_mpu.o(.text)
    mpu_configure_fifo                       0x08001109   Thumb Code   106  inv_mpu.o(.text)
    mpu_set_lpf                              0x08001173   Thumb Code   126  inv_mpu.o(.text)
    mpu_lp_accel_mode                        0x080011f1   Thumb Code   218  inv_mpu.o(.text)
    mpu_set_sample_rate                      0x080012cb   Thumb Code   152  inv_mpu.o(.text)
    mpu_set_accel_fsr                        0x08001363   Thumb Code   132  inv_mpu.o(.text)
    mpu_set_gyro_fsr                         0x080013e7   Thumb Code   132  inv_mpu.o(.text)
    mpu_init                                 0x0800146b   Thumb Code   416  inv_mpu.o(.text)
    mget_ms                                  0x0800160b   Thumb Code     2  inv_mpu.o(.text)
    mpu_get_gyro_reg                         0x0800160d   Thumb Code   110  inv_mpu.o(.text)
    mpu_get_accel_reg                        0x0800167b   Thumb Code   110  inv_mpu.o(.text)
    mpu_get_temperature                      0x080016e9   Thumb Code   142  inv_mpu.o(.text)
    mpu_set_accel_bias                       0x08001777   Thumb Code   472  inv_mpu.o(.text)
    mpu_get_gyro_fsr                         0x0800194f   Thumb Code    64  inv_mpu.o(.text)
    mpu_get_accel_fsr                        0x0800198f   Thumb Code    72  inv_mpu.o(.text)
    mpu_get_lpf                              0x080019d7   Thumb Code    74  inv_mpu.o(.text)
    mpu_get_sample_rate                      0x08001a21   Thumb Code    26  inv_mpu.o(.text)
    mpu_get_compass_sample_rate              0x08001a3b   Thumb Code    10  inv_mpu.o(.text)
    mpu_set_compass_sample_rate              0x08001a45   Thumb Code     8  inv_mpu.o(.text)
    mpu_get_gyro_sens                        0x08001a4d   Thumb Code    74  inv_mpu.o(.text)
    mpu_get_accel_sens                       0x08001a97   Thumb Code    78  inv_mpu.o(.text)
    mpu_get_fifo_config                      0x08001ae5   Thumb Code    12  inv_mpu.o(.text)
    mpu_get_power_state                      0x08001af1   Thumb Code    22  inv_mpu.o(.text)
    mpu_get_int_status                       0x08001b07   Thumb Code    64  inv_mpu.o(.text)
    mpu_read_fifo                            0x08001b47   Thumb Code   520  inv_mpu.o(.text)
    mpu_read_fifo_stream                     0x08001d4f   Thumb Code   186  inv_mpu.o(.text)
    mpu_set_int_level                        0x08001e09   Thumb Code    12  inv_mpu.o(.text)
    mpu_set_dmp_state                        0x08002519   Thumb Code   138  inv_mpu.o(.text)
    mpu_run_self_test                        0x080025a3   Thumb Code   278  inv_mpu.o(.text)
    mpu_write_mem                            0x080026b9   Thumb Code   122  inv_mpu.o(.text)
    mpu_read_mem                             0x08002733   Thumb Code   122  inv_mpu.o(.text)
    mpu_load_firmware                        0x080027ad   Thumb Code   190  inv_mpu.o(.text)
    mpu_get_dmp_state                        0x0800286b   Thumb Code    14  inv_mpu.o(.text)
    setup_compass                            0x08002879   Thumb Code     6  inv_mpu.o(.text)
    mpu_get_compass_reg                      0x0800287f   Thumb Code     8  inv_mpu.o(.text)
    mpu_get_compass_fsr                      0x08002887   Thumb Code     8  inv_mpu.o(.text)
    mpu_lp_motion_interrupt                  0x0800288f   Thumb Code   512  inv_mpu.o(.text)
    run_self_test                            0x08002a8f   Thumb Code   154  inv_mpu.o(.text)
    inv_row_2_scale                          0x08002b29   Thumb Code    78  inv_mpu.o(.text)
    inv_orientation_matrix_to_scalar         0x08002b77   Thumb Code    40  inv_mpu.o(.text)
    mpu_dmp_init                             0x08002b9f   Thumb Code   160  inv_mpu.o(.text)
    mpu_dmp_get_data                         0x08002c3f   Thumb Code   520  inv_mpu.o(.text)
    dmp_load_motion_driver_firmware          0x08002e59   Thumb Code    20  inv_mpu_dmp_motion_driver.o(.text)
    dmp_set_orientation                      0x08002e6d   Thumb Code   290  inv_mpu_dmp_motion_driver.o(.text)
    dmp_set_gyro_bias                        0x08002f8f   Thumb Code   294  inv_mpu_dmp_motion_driver.o(.text)
    dmp_set_accel_bias                       0x080030b5   Thumb Code   300  inv_mpu_dmp_motion_driver.o(.text)
    dmp_set_fifo_rate                        0x080031e1   Thumb Code   136  inv_mpu_dmp_motion_driver.o(.text)
    dmp_get_fifo_rate                        0x08003269   Thumb Code    12  inv_mpu_dmp_motion_driver.o(.text)
    dmp_set_tap_thresh                       0x08003275   Thumb Code   412  inv_mpu_dmp_motion_driver.o(.text)
    dmp_set_tap_axes                         0x08003411   Thumb Code    70  inv_mpu_dmp_motion_driver.o(.text)
    dmp_set_tap_count                        0x08003457   Thumb Code    38  inv_mpu_dmp_motion_driver.o(.text)
    dmp_set_tap_time                         0x0800347d   Thumb Code    38  inv_mpu_dmp_motion_driver.o(.text)
    dmp_set_tap_time_multi                   0x080034a3   Thumb Code    38  inv_mpu_dmp_motion_driver.o(.text)
    dmp_set_shake_reject_thresh              0x080034c9   Thumb Code    56  inv_mpu_dmp_motion_driver.o(.text)
    dmp_set_shake_reject_time                0x08003501   Thumb Code    38  inv_mpu_dmp_motion_driver.o(.text)
    dmp_set_shake_reject_timeout             0x08003527   Thumb Code    38  inv_mpu_dmp_motion_driver.o(.text)
    dmp_get_pedometer_step_count             0x0800354d   Thumb Code    66  inv_mpu_dmp_motion_driver.o(.text)
    dmp_set_pedometer_step_count             0x0800358f   Thumb Code    42  inv_mpu_dmp_motion_driver.o(.text)
    dmp_get_pedometer_walk_time              0x080035b9   Thumb Code    72  inv_mpu_dmp_motion_driver.o(.text)
    dmp_set_pedometer_walk_time              0x08003601   Thumb Code    48  inv_mpu_dmp_motion_driver.o(.text)
    dmp_enable_6x_lp_quat                    0x08003631   Thumb Code   100  inv_mpu_dmp_motion_driver.o(.text)
    dmp_enable_lp_quat                       0x08003695   Thumb Code    60  inv_mpu_dmp_motion_driver.o(.text)
    dmp_enable_gyro_cal                      0x080036d1   Thumb Code    62  inv_mpu_dmp_motion_driver.o(.text)
    dmp_enable_feature                       0x0800370f   Thumb Code   530  inv_mpu_dmp_motion_driver.o(.text)
    dmp_get_enabled_features                 0x08003921   Thumb Code    12  inv_mpu_dmp_motion_driver.o(.text)
    dmp_set_interrupt_mode                   0x0800398b   Thumb Code    66  inv_mpu_dmp_motion_driver.o(.text)
    dmp_read_fifo                            0x080039cd   Thumb Code   514  inv_mpu_dmp_motion_driver.o(.text)
    dmp_register_tap_cb                      0x08003bcf   Thumb Code    10  inv_mpu_dmp_motion_driver.o(.text)
    dmp_register_android_orient_cb           0x08003bd9   Thumb Code    10  inv_mpu_dmp_motion_driver.o(.text)
    LED_GPIO_Init                            0x08003be9   Thumb Code    56  led.o(.text)
    Key_GPIO_Init                            0x08003c25   Thumb Code    44  key.o(.text)
    Key_Scanf                                0x08003c51   Thumb Code   178  key.o(.text)
    KEY_Handle                               0x08003d03   Thumb Code    30  key.o(.text)
    ADC_RCC_Configuration                    0x08003d35   Thumb Code    32  adc.o(.text)
    ADC_GPIO_Configuration                   0x08003d55   Thumb Code    30  adc.o(.text)
    ADC_Configuration                        0x08003d73   Thumb Code   194  adc.o(.text)
    EXTI_Init                                0x08003e45   Thumb Code   182  exti.o(.text)
    Common_ADTIM_GPIO_Initialize             0x08003f0d   Thumb Code   106  pwm.o(.text)
    Common_ADTIM_RCC_Initialize              0x08003f77   Thumb Code    82  pwm.o(.text)
    TIMx_PWM_Init                            0x08003fc9   Thumb Code   238  pwm.o(.text)
    Encoder_TIM2_Init                        0x080040d1   Thumb Code   170  encoder.o(.text)
    Encoder_TIM3_Init                        0x0800417b   Thumb Code   160  encoder.o(.text)
    Read_Speed                               0x0800421b   Thumb Code    64  encoder.o(.text)
    TIM2_IRQHandler                          0x0800425b   Thumb Code    24  encoder.o(.text)
    TIM3_IRQHandler                          0x08004273   Thumb Code    24  encoder.o(.text)
    Common_GPTIM_RCC_Initialize              0x08004299   Thumb Code   110  gptim_common.o(.text)
    Common_GPTIM_GPIO_Initialize             0x08004307   Thumb Code   324  gptim_common.o(.text)
    Common_TIM_Base_Initialize               0x08004461   Thumb Code    36  timer_common.o(.text)
    Common_TIM_NVIC_Initialize               0x08004485   Thumb Code    48  timer_common.o(.text)
    Common_TIM_DMA_Config                    0x080044b5   Thumb Code    38  timer_common.o(.text)
    Common_TIM_DMA_Start                     0x080044db   Thumb Code    48  timer_common.o(.text)
    Limit                                    0x08004511   Thumb Code    90  motor.o(.text)
    GFP_abs                                  0x0800456b   Thumb Code    16  motor.o(.text)
    Load                                     0x0800457b   Thumb Code   200  motor.o(.text)
    Stop                                     0x08004643   Thumb Code    46  motor.o(.text)
    Velocity                                 0x0800467d   Thumb Code   178  control.o(.text)
    Vertical                                 0x0800472f   Thumb Code    42  control.o(.text)
    EXTI9_5_IRQHandler                       0x08004759   Thumb Code   364  control.o(.text)
    Turn                                     0x080048c5   Thumb Code    48  control.o(.text)
    log_init                                 0x0800497d   Thumb Code   124  log.o(.text)
    Usart_SendByte                           0x080049f9   Thumb Code    30  log.o(.text)
    Usart_SendString                         0x08004a17   Thumb Code    42  log.o(.text)
    fputc                                    0x08004a41   Thumb Code    32  log.o(.text)
    fgetc                                    0x08004a61   Thumb Code    26  log.o(.text)
    DMA_Configuration                        0x08004a89   Thumb Code   114  usart.o(.text)
    GPIO_Configuration                       0x08004afb   Thumb Code    54  usart.o(.text)
    NVIC_Configuration                       0x08004b31   Thumb Code    26  usart.o(.text)
    RCC_Configuration                        0x08004b4b   Thumb Code    30  usart.o(.text)
    Usart_DMA_Init                           0x08004b69   Thumb Code   102  usart.o(.text)
    DMA_Restart                              0x08004bcf   Thumb Code    36  usart.o(.text)
    usart1_niming_report                     0x08004bf3   Thumb Code   102  usart.o(.text)
    mpu6050_send_data                        0x08004c59   Thumb Code   110  usart.o(.text)
    usart1_report_imu                        0x08004cc7   Thumb Code   192  usart.o(.text)
    SysTick_Delay_Us                         0x08004df7   Thumb Code    72  bsp_delay.o(.text)
    SysTick_Delay_Ms                         0x08004e3f   Thumb Code    74  bsp_delay.o(.text)
    NVIC_Priority_Group_Set                  0x08004e95   Thumb Code    10  misc.o(.text)
    NVIC_Initializes                         0x08004e9f   Thumb Code   100  misc.o(.text)
    NVIC_Vector_Table_Set                    0x08004f03   Thumb Code    14  misc.o(.text)
    NVIC_System_LowPower_Enable              0x08004f11   Thumb Code    16  misc.o(.text)
    NVIC_System_Low_Power_Disable            0x08004f21   Thumb Code    16  misc.o(.text)
    SysTick_Clock_Source_Set                 0x08004f31   Thumb Code    40  misc.o(.text)
    ADC_Vrefint_Get                          0x08004f6d   Thumb Code    18  n32g430_adc.o(.text)
    ADC_Reset                                0x08004f7f   Thumb Code    12  n32g430_adc.o(.text)
    ADC_Multichannels_Enable                 0x08004f8b   Thumb Code    14  n32g430_adc.o(.text)
    ADC_Multichannels_Disable                0x08004f99   Thumb Code    14  n32g430_adc.o(.text)
    ADC_Continue_Conversion_Enable           0x08004fa7   Thumb Code    18  n32g430_adc.o(.text)
    ADC_Continue_Conversion_Disable          0x08004fb9   Thumb Code    18  n32g430_adc.o(.text)
    ADC_Regular_Group_External_Trigger_Source_Config 0x08004fcb   Thumb Code    26  n32g430_adc.o(.text)
    ADC_Data_Alignment_Config                0x08004fe5   Thumb Code    26  n32g430_adc.o(.text)
    ADC_Regular_Channels_Number_Config       0x08004fff   Thumb Code    26  n32g430_adc.o(.text)
    ADC_Initializes                          0x08005019   Thumb Code    52  n32g430_adc.o(.text)
    ADC_Initializes_Structure                0x0800504d   Thumb Code    14  n32g430_adc.o(.text)
    ADC_ON                                   0x0800505b   Thumb Code    18  n32g430_adc.o(.text)
    ADC_OFF                                  0x0800506d   Thumb Code    18  n32g430_adc.o(.text)
    ADC_DMA_Transfer_Enable                  0x0800507f   Thumb Code    18  n32g430_adc.o(.text)
    ADC_DMA_Transfer_Disable                 0x08005091   Thumb Code    18  n32g430_adc.o(.text)
    ADC_Interrupts_Enable                    0x080050a3   Thumb Code    32  n32g430_adc.o(.text)
    ADC_Interrupts_Disable                   0x080050c3   Thumb Code    32  n32g430_adc.o(.text)
    ADC_Calibration_Operation                0x080050e3   Thumb Code    72  n32g430_adc.o(.text)
    ADC_Regular_Channels_Software_Conversion_Operation 0x0800512b   Thumb Code    76  n32g430_adc.o(.text)
    ADC_Discontinuous_Mode_Channel_Count_Config 0x08005177   Thumb Code    22  n32g430_adc.o(.text)
    ADC_Discontinuous_Mode_Config            0x0800518d   Thumb Code    76  n32g430_adc.o(.text)
    ADC_Channel_Sample_Time_Config           0x080051d9   Thumb Code   140  n32g430_adc.o(.text)
    ADC_Regular_Sequence_Conversion_Number_Config 0x08005265   Thumb Code   154  n32g430_adc.o(.text)
    ADC_External_Trigger_Conversion_Config   0x080052ff   Thumb Code   110  n32g430_adc.o(.text)
    ADC_Regular_Group_Conversion_Data_Get    0x0800536d   Thumb Code     8  n32g430_adc.o(.text)
    ADC_Injected_Group_Autoconversion_Enable 0x08005375   Thumb Code    18  n32g430_adc.o(.text)
    ADC_Injected_Group_Autoconversion_Disable 0x08005387   Thumb Code    18  n32g430_adc.o(.text)
    ADC_Injected_Group_External_Trigger_Source_Config 0x08005399   Thumb Code    26  n32g430_adc.o(.text)
    ADC_Injected_Channels_Software_Conversion_Operation 0x080053b3   Thumb Code    76  n32g430_adc.o(.text)
    ADC_Injected_Sequence_Conversion_Number_Config 0x080053ff   Thumb Code    46  n32g430_adc.o(.text)
    ADC_Injected_Channels_Number_Config      0x0800542d   Thumb Code    26  n32g430_adc.o(.text)
    ADC_Injected_Channels_Offset_Config      0x08005447   Thumb Code    24  n32g430_adc.o(.text)
    ADC_Injected_Group_Conversion_Data_Get   0x0800545f   Thumb Code    32  n32g430_adc.o(.text)
    ADC_Analog_Watchdog_Mode_Channel_Config  0x0800547f   Thumb Code    58  n32g430_adc.o(.text)
    ADC_Analog_Watchdog_Enable               0x080054b9   Thumb Code    16  n32g430_adc.o(.text)
    ADC_Analog_Watchdog_Disable              0x080054c9   Thumb Code    16  n32g430_adc.o(.text)
    ADC_Analog_Watchdog_HighThresholds_Config 0x080054d9   Thumb Code     8  n32g430_adc.o(.text)
    ADC_Analog_Watchdog_LowThresholds_Config 0x080054e1   Thumb Code     8  n32g430_adc.o(.text)
    ADC_Temperature_Sensor_And_Vrefint_Channel_Enable 0x080054e9   Thumb Code    34  n32g430_adc.o(.text)
    ADC_Temperature_Sensor_And_Vrefint_Channel_Disable 0x0800550b   Thumb Code    34  n32g430_adc.o(.text)
    ADC_INTFlag_Status_Get                   0x0800552d   Thumb Code    20  n32g430_adc.o(.text)
    ADC_Flag_Status_Get                      0x08005541   Thumb Code    42  n32g430_adc.o(.text)
    ADC_INTFlag_Status_Clear                 0x0800556b   Thumb Code    16  n32g430_adc.o(.text)
    ADC_Flag_Status_Clear                    0x0800557b   Thumb Code    16  n32g430_adc.o(.text)
    ADC_Vbat_Monitor_Enable                  0x0800558b   Thumb Code    34  n32g430_adc.o(.text)
    ADC_Vbat_Monitor_Disable                 0x080055ad   Thumb Code    34  n32g430_adc.o(.text)
    ADC_Deep_Power_Mode_Enable               0x080055cf   Thumb Code    18  n32g430_adc.o(.text)
    ADC_Deep_Power_Mode_Disable              0x080055e1   Thumb Code    18  n32g430_adc.o(.text)
    ADC_AHB_Clock_Mode_Config                0x080055f3   Thumb Code    18  n32g430_adc.o(.text)
    ADC_PLL_Clock_Mode_Config                0x08005605   Thumb Code    18  n32g430_adc.o(.text)
    ADC_Calibration_Auto_Load_Enable         0x08005617   Thumb Code    18  n32g430_adc.o(.text)
    ADC_Calibration_Auto_Load_Disable        0x08005629   Thumb Code    18  n32g430_adc.o(.text)
    ADC_Differential_Mode_Enable             0x0800563b   Thumb Code    18  n32g430_adc.o(.text)
    ADC_Differential_Mode_Disable            0x0800564d   Thumb Code    18  n32g430_adc.o(.text)
    ADC_Data_Resolution_Config               0x0800565f   Thumb Code    26  n32g430_adc.o(.text)
    ADC_Sample_Time_Level_Config             0x08005679   Thumb Code    26  n32g430_adc.o(.text)
    ADC_Initializes_Ex                       0x08005693   Thumb Code   134  n32g430_adc.o(.text)
    ADC_Initializes_StructureEx              0x08005719   Thumb Code    26  n32g430_adc.o(.text)
    ADC_Bypass_Calibration_Enable            0x08005733   Thumb Code    18  n32g430_adc.o(.text)
    ADC_Bypass_Calibration_Disable           0x08005745   Thumb Code    28  n32g430_adc.o(.text)
    ADC_Differential_Channels_Config         0x08005761   Thumb Code    22  n32g430_adc.o(.text)
    ADC_Clock_Mode_Config                    0x08005777   Thumb Code    40  n32g430_adc.o(.text)
    DMA_Reset                                0x080057a9   Thumb Code   224  n32g430_dma.o(.text)
    DMA_Memory_2_Memory_Config               0x08005889   Thumb Code    16  n32g430_dma.o(.text)
    DMA_Priority_Config                      0x08005899   Thumb Code    16  n32g430_dma.o(.text)
    DMA_Circular_Mode_Config                 0x080058a9   Thumb Code    16  n32g430_dma.o(.text)
    DMA_Memory_Data_Width_Config             0x080058b9   Thumb Code    16  n32g430_dma.o(.text)
    DMA_Peripheral_Data_Width_Config         0x080058c9   Thumb Code    16  n32g430_dma.o(.text)
    DMA_Memory_Addr_Increment_Config         0x080058d9   Thumb Code    16  n32g430_dma.o(.text)
    DMA_Peripheral_Addr_Increment_Config     0x080058e9   Thumb Code    16  n32g430_dma.o(.text)
    DMA_Buffer_Size_Config                   0x080058f9   Thumb Code     4  n32g430_dma.o(.text)
    DMA_Destination_Config                   0x080058fd   Thumb Code    16  n32g430_dma.o(.text)
    DMA_Memory_Address_Config                0x0800590d   Thumb Code     4  n32g430_dma.o(.text)
    DMA_Peripheral_Address_Config            0x08005911   Thumb Code     4  n32g430_dma.o(.text)
    DMA_Initializes                          0x08005915   Thumb Code    96  n32g430_dma.o(.text)
    DMA_Structure_Initializes                0x08005975   Thumb Code    26  n32g430_dma.o(.text)
    DMA_Channel_Enable                       0x0800598f   Thumb Code    10  n32g430_dma.o(.text)
    DMA_Channel_Disable                      0x08005999   Thumb Code    10  n32g430_dma.o(.text)
    DMA_Interrupts_Enable                    0x080059a3   Thumb Code     8  n32g430_dma.o(.text)
    DMA_Interrupts_Disable                   0x080059ab   Thumb Code     8  n32g430_dma.o(.text)
    DMA_Current_Data_Transfer_Number_Set     0x080059b3   Thumb Code     4  n32g430_dma.o(.text)
    DMA_Current_Data_Transfer_Number_Get     0x080059b7   Thumb Code     8  n32g430_dma.o(.text)
    DMA_Flag_Status_Get                      0x080059bf   Thumb Code    16  n32g430_dma.o(.text)
    DMA_Flag_Status_Clear                    0x080059cf   Thumb Code     4  n32g430_dma.o(.text)
    DMA_Interrupt_Status_Get                 0x080059d3   Thumb Code    16  n32g430_dma.o(.text)
    DMA_Interrupt_Status_Clear               0x080059e3   Thumb Code     4  n32g430_dma.o(.text)
    DMA_Channel_Request_Remap                0x080059e7   Thumb Code     4  n32g430_dma.o(.text)
    EXTI_Reset                               0x080059f1   Thumb Code    30  n32g430_exti.o(.text)
    EXTI_LineCmd_Disable                     0x08005a0f   Thumb Code    20  n32g430_exti.o(.text)
    EXTI_Trigger_Config                      0x08005a23   Thumb Code    68  n32g430_exti.o(.text)
    EXTI_Work_Mode_Config                    0x08005a67   Thumb Code    38  n32g430_exti.o(.text)
    EXTI_Peripheral_Initializes              0x08005a8d   Thumb Code    32  n32g430_exti.o(.text)
    EXTI_Structure_Initializes               0x08005aad   Thumb Code    16  n32g430_exti.o(.text)
    EXTI_Software_Interrupt_Trigger          0x08005abd   Thumb Code    16  n32g430_exti.o(.text)
    EXTI_Flag_Status_Get                     0x08005acd   Thumb Code    20  n32g430_exti.o(.text)
    EXTI_Flag_Status_Clear                   0x08005ae1   Thumb Code     8  n32g430_exti.o(.text)
    EXTI_Interrupt_Status_Get                0x08005ae9   Thumb Code    28  n32g430_exti.o(.text)
    EXTI_Interrupt_Status_Clear              0x08005b05   Thumb Code     8  n32g430_exti.o(.text)
    EXTI_RTC_Time_Stamp_Select               0x08005b0d   Thumb Code    24  n32g430_exti.o(.text)
    GPIO_Reset                               0x08005b29   Thumb Code    66  n32g430_gpio.o(.text)
    GPIOA_Pin_Reset                          0x08005b6b   Thumb Code   256  n32g430_gpio.o(.text)
    GPIOB_Pin_Reset                          0x08005c6b   Thumb Code   230  n32g430_gpio.o(.text)
    GPIOC_Pin_Reset                          0x08005d51   Thumb Code   144  n32g430_gpio.o(.text)
    GPIOD_Pin_Reset                          0x08005de1   Thumb Code   194  n32g430_gpio.o(.text)
    AFIO_EXTI_Reset                          0x08005ea3   Thumb Code    62  n32g430_gpio.o(.text)
    GPIO_ALLPin_Reset                        0x08005ee1   Thumb Code    36  n32g430_gpio.o(.text)
    GPIO_Alternate_Set                       0x08005f05   Thumb Code    86  n32g430_gpio.o(.text)
    GPIO_Mode_Set                            0x08005f5b   Thumb Code    68  n32g430_gpio.o(.text)
    GPIO_Pull_Set                            0x08005f9f   Thumb Code    28  n32g430_gpio.o(.text)
    GPIO_SlewRate_Set                        0x08005fbb   Thumb Code    24  n32g430_gpio.o(.text)
    GPIO_Driver_Set                          0x08005fd3   Thumb Code    28  n32g430_gpio.o(.text)
    GPIO_Peripheral_Initialize               0x08005fef   Thumb Code    86  n32g430_gpio.o(.text)
    GPIO_Alternate_Function_Reset            0x08006045   Thumb Code    10  n32g430_gpio.o(.text)
    GPIO_Structure_Initialize                0x0800604f   Thumb Code    24  n32g430_gpio.o(.text)
    GPIO_Input_Pin_Data_Get                  0x08006067   Thumb Code    16  n32g430_gpio.o(.text)
    GPIO_Input_Data_Get                      0x08006077   Thumb Code     8  n32g430_gpio.o(.text)
    GPIO_Output_Pin_Data_Get                 0x0800607f   Thumb Code    16  n32g430_gpio.o(.text)
    GPIO_Output_Data_Get                     0x0800608f   Thumb Code     8  n32g430_gpio.o(.text)
    GPIO_Pins_Set                            0x08006097   Thumb Code     4  n32g430_gpio.o(.text)
    GPIO_Pins_Reset                          0x0800609b   Thumb Code     4  n32g430_gpio.o(.text)
    GPIO_PBSC_Pins_Reset                     0x0800609f   Thumb Code     8  n32g430_gpio.o(.text)
    GPIO_PBC_Pins_Reset                      0x080060a7   Thumb Code     4  n32g430_gpio.o(.text)
    GPIO_Write                               0x080060ab   Thumb Code     4  n32g430_gpio.o(.text)
    GPIO_Pin_Toggle                          0x080060af   Thumb Code     8  n32g430_gpio.o(.text)
    GPIO_Pin_Lock_Set                        0x080060b7   Thumb Code    18  n32g430_gpio.o(.text)
    GPIO_Pin_Remap_Set                       0x080060c9   Thumb Code    94  n32g430_gpio.o(.text)
    GPIO_EXTI_Line_Set                       0x08006127   Thumb Code    56  n32g430_gpio.o(.text)
    AFIO_SPI_NSS_Mode_Set                    0x0800615f   Thumb Code    30  n32g430_gpio.o(.text)
    AFIO_ADC_External_Trigger_Remap_Set      0x0800617d   Thumb Code    82  n32g430_gpio.o(.text)
    AFIO_5V_Tolerance_Enable                 0x080061cf   Thumb Code    16  n32g430_gpio.o(.text)
    AFIO_5V_Tolerance_Disable                0x080061df   Thumb Code    16  n32g430_gpio.o(.text)
    AFIO_Filter_Stage_Ctrl                   0x080061ef   Thumb Code     8  n32g430_gpio.o(.text)
    AFIO_EFT_Enable                          0x080061f7   Thumb Code   130  n32g430_gpio.o(.text)
    AFIO_EFT_Disable                         0x08006279   Thumb Code   130  n32g430_gpio.o(.text)
    AFIO_Digital_EFT_Enable                  0x080062fb   Thumb Code   130  n32g430_gpio.o(.text)
    AFIO_Digital_EFT_Disable                 0x0800637d   Thumb Code   130  n32g430_gpio.o(.text)
    RCC_Reset                                0x08006415   Thumb Code    74  n32g430_rcc.o(.text)
    RCC_HSE_Config                           0x0800645f   Thumb Code    60  n32g430_rcc.o(.text)
    RCC_Flag_Status_Get                      0x0800649b   Thumb Code    58  n32g430_rcc.o(.text)
    RCC_Clocks_Frequencies_Value_Get         0x080064d5   Thumb Code   250  n32g430_rcc.o(.text)
    RCC_HSE_Stable_Wait                      0x080065cf   Thumb Code    78  n32g430_rcc.o(.text)
    RCC_Clock_Security_System_Enable         0x0800661d   Thumb Code     8  n32g430_rcc.o(.text)
    RCC_Clock_Security_System_Disable        0x08006625   Thumb Code     8  n32g430_rcc.o(.text)
    RCC_HSI_Calibration_Value_Set            0x0800662d   Thumb Code    20  n32g430_rcc.o(.text)
    RCC_HSI_Enable                           0x08006641   Thumb Code     8  n32g430_rcc.o(.text)
    RCC_HSI_Disable                          0x08006649   Thumb Code     8  n32g430_rcc.o(.text)
    RCC_HSI_Stable_Wait                      0x08006651   Thumb Code    78  n32g430_rcc.o(.text)
    RCC_PLL_Config                           0x0800669f   Thumb Code    46  n32g430_rcc.o(.text)
    RCC_PLL_Enable                           0x080066cd   Thumb Code     8  n32g430_rcc.o(.text)
    RCC_PLL_Disable                          0x080066d5   Thumb Code     8  n32g430_rcc.o(.text)
    RCC_Sysclk_Config                        0x080066dd   Thumb Code    18  n32g430_rcc.o(.text)
    RCC_Sysclk_Source_Get                    0x080066ef   Thumb Code    10  n32g430_rcc.o(.text)
    RCC_Hclk_Config                          0x080066f9   Thumb Code    18  n32g430_rcc.o(.text)
    RCC_Pclk1_Config                         0x0800670b   Thumb Code    18  n32g430_rcc.o(.text)
    RCC_Pclk2_Config                         0x0800671d   Thumb Code    20  n32g430_rcc.o(.text)
    RCC_Interrupt_Enable                     0x08006731   Thumb Code    12  n32g430_rcc.o(.text)
    RCC_Interrupt_Disable                    0x0800673d   Thumb Code    12  n32g430_rcc.o(.text)
    RCC_TIM1_8_Clock_Config                  0x08006749   Thumb Code    18  n32g430_rcc.o(.text)
    RCC_ADC_1M_Clock_Config                  0x0800675b   Thumb Code    24  n32g430_rcc.o(.text)
    RCC_ADC_PLL_Clock_Prescaler_Enable       0x08006773   Thumb Code    18  n32g430_rcc.o(.text)
    RCC_ADC_PLL_Clock_Disable                0x08006785   Thumb Code    14  n32g430_rcc.o(.text)
    RCC_ADC_Hclk_Config                      0x08006793   Thumb Code    18  n32g430_rcc.o(.text)
    RCC_ADC_Hclk_Enable                      0x080067a5   Thumb Code    18  n32g430_rcc.o(.text)
    RCC_ADC_Hclk_Disable                     0x080067b7   Thumb Code    18  n32g430_rcc.o(.text)
    RCC_LSE_Trim_Config                      0x080067c9   Thumb Code    38  n32g430_rcc.o(.text)
    RCC_APB1_Peripheral_Clock_Enable         0x080067ef   Thumb Code    70  n32g430_rcc.o(.text)
    RCC_LSE_Config                           0x08006835   Thumb Code    88  n32g430_rcc.o(.text)
    RCC_LSE_Clock_Security_System_Enable     0x0800688d   Thumb Code     8  n32g430_rcc.o(.text)
    RCC_LSE_Clock_Security_System_Disable    0x08006895   Thumb Code     8  n32g430_rcc.o(.text)
    RCC_LSE_Clock_Security_System_Status_Get 0x0800689d   Thumb Code    18  n32g430_rcc.o(.text)
    RCC_LSE_Stable_Wait                      0x080068af   Thumb Code    78  n32g430_rcc.o(.text)
    RCC_LSI_Enable                           0x080068fd   Thumb Code    10  n32g430_rcc.o(.text)
    RCC_LSI_Disable                          0x08006907   Thumb Code    10  n32g430_rcc.o(.text)
    RCC_LSI_Stable_Wait                      0x08006911   Thumb Code    78  n32g430_rcc.o(.text)
    RCC_RTC_Clock_Config                     0x0800695f   Thumb Code    22  n32g430_rcc.o(.text)
    RCC_RTC_Clock_Enable                     0x08006975   Thumb Code    10  n32g430_rcc.o(.text)
    RCC_RTC_Clock_Disable                    0x0800697f   Thumb Code    10  n32g430_rcc.o(.text)
    RCC_LPTIM_Clock_Config                   0x08006989   Thumb Code    46  n32g430_rcc.o(.text)
    RCC_LPTIM_Reset                          0x080069b7   Thumb Code    24  n32g430_rcc.o(.text)
    RCC_LPTIM_Enable                         0x080069cf   Thumb Code    14  n32g430_rcc.o(.text)
    RCC_LPTIM_Disable                        0x080069dd   Thumb Code    14  n32g430_rcc.o(.text)
    RCC_AHB_Peripheral_Clock_Enable          0x080069eb   Thumb Code    12  n32g430_rcc.o(.text)
    RCC_AHB_Peripheral_Clock_Disable         0x080069f7   Thumb Code    12  n32g430_rcc.o(.text)
    RCC_APB2_Peripheral_Clock_Enable         0x08006a03   Thumb Code    12  n32g430_rcc.o(.text)
    RCC_APB2_Peripheral_Clock_Disable        0x08006a0f   Thumb Code    12  n32g430_rcc.o(.text)
    RCC_APB1_Peripheral_Clock_Disable        0x08006a1b   Thumb Code    12  n32g430_rcc.o(.text)
    RCC_AHB_Peripheral_Reset                 0x08006a27   Thumb Code    20  n32g430_rcc.o(.text)
    RCC_APB2_Peripheral_Reset                0x08006a3b   Thumb Code    20  n32g430_rcc.o(.text)
    RCC_APB1_Peripheral_Reset                0x08006a4f   Thumb Code    20  n32g430_rcc.o(.text)
    RCC_Backup_Reset                         0x08006a63   Thumb Code    14  n32g430_rcc.o(.text)
    RCC_MCO_PLL_Prescaler_Config             0x08006a71   Thumb Code    18  n32g430_rcc.o(.text)
    RCC_MCO_Source_Config                    0x08006a83   Thumb Code    18  n32g430_rcc.o(.text)
    RCC_Reset_Flag_Clear                     0x08006a95   Thumb Code    24  n32g430_rcc.o(.text)
    RCC_Interrupt_Status_Get                 0x08006aad   Thumb Code    18  n32g430_rcc.o(.text)
    RCC_Interrupt_Status_Clear               0x08006abf   Thumb Code    12  n32g430_rcc.o(.text)
    TIM_Reset                                0x08006add   Thumb Code   102  n32g430_tim.o(.text)
    TIM_Base_Count_Mode_Set                  0x08006b43   Thumb Code    16  n32g430_tim.o(.text)
    TIM_Base_Center_Aligned_Mode_OC4_7_8_9_Trigger_Set 0x08006b53   Thumb Code    16  n32g430_tim.o(.text)
    TIM_Asymmetric_Enable                    0x08006b63   Thumb Code    10  n32g430_tim.o(.text)
    TIM_Asymmetric_Disable                   0x08006b6d   Thumb Code    10  n32g430_tim.o(.text)
    TIM_Base_Auto_Reload_Set                 0x08006b77   Thumb Code     4  n32g430_tim.o(.text)
    TIM_Base_Prescaler_Set                   0x08006b7b   Thumb Code     4  n32g430_tim.o(.text)
    TIM_Base_Reload_Mode_Set                 0x08006b7f   Thumb Code     4  n32g430_tim.o(.text)
    TIM_Base_Repeat_Count_Set                0x08006b83   Thumb Code     4  n32g430_tim.o(.text)
    TIM_Base_Channel1                        0x08006b87   Thumb Code    22  n32g430_tim.o(.text)
    TIM_Base_Channel2                        0x08006b9d   Thumb Code    22  n32g430_tim.o(.text)
    TIM_Base_Channel3                        0x08006bb3   Thumb Code    22  n32g430_tim.o(.text)
    TIM_Base_Channel4                        0x08006bc9   Thumb Code    22  n32g430_tim.o(.text)
    TIM_Base_OCrefClear                      0x08006bdf   Thumb Code    22  n32g430_tim.o(.text)
    TIM_Clock_Division_Set                   0x08006bf5   Thumb Code    16  n32g430_tim.o(.text)
    TIM_Base_Initialize                      0x08006c05   Thumb Code   156  n32g430_tim.o(.text)
    TIM_Base_Struct_Initialize               0x08006ca1   Thumb Code    30  n32g430_tim.o(.text)
    TIM_Base_Count_Set                       0x08006cbf   Thumb Code     4  n32g430_tim.o(.text)
    TIM_Base_Count_Get                       0x08006cc3   Thumb Code     6  n32g430_tim.o(.text)
    TIM_Auto_Reload_Get                      0x08006cc9   Thumb Code     6  n32g430_tim.o(.text)
    TIM_Base_Prescaler_Get                   0x08006ccf   Thumb Code     6  n32g430_tim.o(.text)
    TIM_On                                   0x08006cd5   Thumb Code    10  n32g430_tim.o(.text)
    TIM_Off                                  0x08006cdf   Thumb Code    10  n32g430_tim.o(.text)
    TIM_Output_Channel1_Preload_Set          0x08006ce9   Thumb Code    18  n32g430_tim.o(.text)
    TIM_Output_Channel2_Preload_Set          0x08006cfb   Thumb Code    26  n32g430_tim.o(.text)
    TIM_Output_Channel3_Preload_Set          0x08006d15   Thumb Code    20  n32g430_tim.o(.text)
    TIM_Output_Channel4_Preload_Set          0x08006d29   Thumb Code    28  n32g430_tim.o(.text)
    TIM_Output_Channel5_Preload_Set          0x08006d45   Thumb Code    22  n32g430_tim.o(.text)
    TIM_Output_Channel6_Preload_Set          0x08006d5b   Thumb Code    30  n32g430_tim.o(.text)
    TIM_Output_Channel7_Preload_Set          0x08006d79   Thumb Code    26  n32g430_tim.o(.text)
    TIM_Output_Channel8_Preload_Set          0x08006d93   Thumb Code    26  n32g430_tim.o(.text)
    TIM_Output_Channel9_Preload_Set          0x08006dad   Thumb Code    26  n32g430_tim.o(.text)
    TIM_Auto_Reload_Preload_Enable           0x08006dc7   Thumb Code    10  n32g430_tim.o(.text)
    TIM_Auto_Reload_Preload_Disable          0x08006dd1   Thumb Code    10  n32g430_tim.o(.text)
    TIM_Update_Event_Enable                  0x08006ddb   Thumb Code    10  n32g430_tim.o(.text)
    TIM_Update_Event_Disable                 0x08006de5   Thumb Code    10  n32g430_tim.o(.text)
    TIM_Update_Request_Source_Set            0x08006def   Thumb Code    22  n32g430_tim.o(.text)
    TIM_Event_Generate                       0x08006e05   Thumb Code     4  n32g430_tim.o(.text)
    TIM_Commutation_Event_Enable             0x08006e09   Thumb Code    10  n32g430_tim.o(.text)
    TIM_Commutation_Event_Disable            0x08006e13   Thumb Code    10  n32g430_tim.o(.text)
    TIM_Capture_Compare_Control_Preload_Enable 0x08006e1d   Thumb Code    10  n32g430_tim.o(.text)
    TIM_Capture_Compare_Control_Preload_Disable 0x08006e27   Thumb Code    10  n32g430_tim.o(.text)
    TIM_Compare1_Set                         0x08006e31   Thumb Code    14  n32g430_tim.o(.text)
    TIM_Compare2_Set                         0x08006e3f   Thumb Code    14  n32g430_tim.o(.text)
    TIM_Compare3_Set                         0x08006e4d   Thumb Code    14  n32g430_tim.o(.text)
    TIM_Compare4_Set                         0x08006e5b   Thumb Code    14  n32g430_tim.o(.text)
    TIM_Compare5_Set                         0x08006e69   Thumb Code     6  n32g430_tim.o(.text)
    TIM_Compare6_Set                         0x08006e6f   Thumb Code     6  n32g430_tim.o(.text)
    TIM_Compare7_Set                         0x08006e75   Thumb Code     6  n32g430_tim.o(.text)
    TIM_Compare8_Set                         0x08006e7b   Thumb Code     6  n32g430_tim.o(.text)
    TIM_Compare9_Set                         0x08006e81   Thumb Code     6  n32g430_tim.o(.text)
    TIM_Compare1_D_Set                       0x08006e87   Thumb Code    14  n32g430_tim.o(.text)
    TIM_Compare2_D_Set                       0x08006e95   Thumb Code    14  n32g430_tim.o(.text)
    TIM_Compare3_D_Set                       0x08006ea3   Thumb Code    14  n32g430_tim.o(.text)
    TIM_Compare4_D_Set                       0x08006eb1   Thumb Code    40  n32g430_tim.o(.text)
    TIM_Compare_Capture1_Get                 0x08006ed9   Thumb Code     8  n32g430_tim.o(.text)
    TIM_Compare_Capture2_Get                 0x08006ee1   Thumb Code     8  n32g430_tim.o(.text)
    TIM_Compare_Capture3_Get                 0x08006ee9   Thumb Code     8  n32g430_tim.o(.text)
    TIM_Compare_Capture4_Get                 0x08006ef1   Thumb Code     8  n32g430_tim.o(.text)
    TIM_Compare_Capture5_Get                 0x08006ef9   Thumb Code     8  n32g430_tim.o(.text)
    TIM_Compare_Capture6_Get                 0x08006f01   Thumb Code     8  n32g430_tim.o(.text)
    TIM_Compare_Capture7_Get                 0x08006f09   Thumb Code     8  n32g430_tim.o(.text)
    TIM_Compare_Capture8_Get                 0x08006f11   Thumb Code     8  n32g430_tim.o(.text)
    TIM_Compare_Capture9_Get                 0x08006f19   Thumb Code     8  n32g430_tim.o(.text)
    TIM_Compare_Capture1_D_Get               0x08006f21   Thumb Code     8  n32g430_tim.o(.text)
    TIM_Compare_Capture2_D_Get               0x08006f29   Thumb Code     8  n32g430_tim.o(.text)
    TIM_Compare_Capture3_D_Get               0x08006f31   Thumb Code     8  n32g430_tim.o(.text)
    TIM_Compare_Capture4_D_Get               0x08006f39   Thumb Code     8  n32g430_tim.o(.text)
    TIM_Trigger_Source_Select                0x08006f41   Thumb Code    18  n32g430_tim.o(.text)
    Input_Channel1_Config                    0x08006f53   Thumb Code   104  n32g430_tim.o(.text)
    Input_Channel2_Config                    0x08006fbb   Thumb Code   116  n32g430_tim.o(.text)
    Input_Channel3_Config                    0x0800702f   Thumb Code   110  n32g430_tim.o(.text)
    Input_Channel4_Config                    0x0800709d   Thumb Code   118  n32g430_tim.o(.text)
    TIM_External_Trigger_Filter_Set          0x08007113   Thumb Code    24  n32g430_tim.o(.text)
    TIM_External_Trigger_Prescaler_Set       0x0800712b   Thumb Code    16  n32g430_tim.o(.text)
    TIM_External_Trigger_Polarity_Set        0x0800713b   Thumb Code    26  n32g430_tim.o(.text)
    TIM_Internal_Clock_Set                   0x08007155   Thumb Code    12  n32g430_tim.o(.text)
    TIM_Input_Capture1_Prescaler_Set         0x08007161   Thumb Code    18  n32g430_tim.o(.text)
    TIM_Input_Capture2_Prescaler_Set         0x08007173   Thumb Code    26  n32g430_tim.o(.text)
    TIM_Input_Capture3_Prescaler_Set         0x0800718d   Thumb Code    18  n32g430_tim.o(.text)
    TIM_Input_Capture4_Prescaler_Set         0x0800719f   Thumb Code    20  n32g430_tim.o(.text)
    TIM_Internal_Trig_To_Ext_Set             0x080071b3   Thumb Code    24  n32g430_tim.o(.text)
    TIM_Trigger_As_External_Clock            0x080071cb   Thumb Code    58  n32g430_tim.o(.text)
    TIM_External_Clock_Mode1_Set             0x08007205   Thumb Code    66  n32g430_tim.o(.text)
    TIM_External_Clock_Mode2_Set             0x08007247   Thumb Code    44  n32g430_tim.o(.text)
    TIM_Slave_Mode_Select                    0x08007273   Thumb Code    18  n32g430_tim.o(.text)
    TIM_Master_Slave_Mode_Set                0x08007285   Thumb Code    18  n32g430_tim.o(.text)
    TIM_Output_Trigger_Select                0x08007297   Thumb Code    16  n32g430_tim.o(.text)
    TIM_OC4REF_Trigger_To_ADC_Enable         0x080072a7   Thumb Code    10  n32g430_tim.o(.text)
    TIM_OC4REF_Trigger_To_ADC_Disable        0x080072b1   Thumb Code    10  n32g430_tim.o(.text)
    TIM_OC7REF_Trigger_To_ADC_Enable         0x080072bb   Thumb Code    10  n32g430_tim.o(.text)
    TIM_OC7REF_Trigger_To_ADC_Disable        0x080072c5   Thumb Code    10  n32g430_tim.o(.text)
    TIM_OC8REF_Trigger_To_ADC_Enable         0x080072cf   Thumb Code    10  n32g430_tim.o(.text)
    TIM_OC8REF_Trigger_To_ADC_Disable        0x080072d9   Thumb Code    10  n32g430_tim.o(.text)
    TIM_OC9REF_Trigger_To_ADC_Enable         0x080072e3   Thumb Code    10  n32g430_tim.o(.text)
    TIM_OC9REF_Trigger_To_ADC_Disable        0x080072ed   Thumb Code    10  n32g430_tim.o(.text)
    TIM_One_Pulse_Mode_Select                0x080072f7   Thumb Code    16  n32g430_tim.o(.text)
    TIM_Input_Struct_Initialize              0x08007307   Thumb Code    16  n32g430_tim.o(.text)
    TIM_Input_Channel_Initialize             0x08007317   Thumb Code   136  n32g430_tim.o(.text)
    TIM_PWM_Input_Channel_Config             0x0800739f   Thumb Code   120  n32g430_tim.o(.text)
    TIM_Output_Channel_Polarity_Set          0x08007417   Thumb Code    22  n32g430_tim.o(.text)
    TIM_Output_Channel_N_Polarity_Set        0x0800742d   Thumb Code    22  n32g430_tim.o(.text)
    TIM_Capture_Compare_Ch_Enable            0x08007443   Thumb Code    12  n32g430_tim.o(.text)
    TIM_Capture_Compare_Ch_Disable           0x0800744f   Thumb Code    12  n32g430_tim.o(.text)
    TIM_Capture_Compare_Ch_N_Enable          0x0800745b   Thumb Code    12  n32g430_tim.o(.text)
    TIM_Capture_Compare_Ch_N_Disable         0x08007467   Thumb Code    12  n32g430_tim.o(.text)
    TIM_CCEN_Status_Get                      0x08007473   Thumb Code    16  n32g430_tim.o(.text)
    TIM_Output_Channel_Mode_Set              0x08007483   Thumb Code    86  n32g430_tim.o(.text)
    TIM_Forced_Output_Channel1_Set           0x080074d9   Thumb Code    18  n32g430_tim.o(.text)
    TIM_Forced_Output_Channel2_Set           0x080074eb   Thumb Code    26  n32g430_tim.o(.text)
    TIM_Forced_Output_Channel3_Set           0x08007505   Thumb Code    20  n32g430_tim.o(.text)
    TIM_Forced_Output_Channel4_Set           0x08007519   Thumb Code    28  n32g430_tim.o(.text)
    TIM_Forced_Output_Channel5_Set           0x08007535   Thumb Code    22  n32g430_tim.o(.text)
    TIM_Forced_Output_Channel6_Set           0x0800754b   Thumb Code    30  n32g430_tim.o(.text)
    TIM_Output_Channel1_Fast_Set             0x08007569   Thumb Code    18  n32g430_tim.o(.text)
    TIM_Output_Channel2_Fast_Set             0x0800757b   Thumb Code    26  n32g430_tim.o(.text)
    TIM_Output_Channel3_Fast_Set             0x08007595   Thumb Code    20  n32g430_tim.o(.text)
    TIM_Output_Channel4_Fast_Set             0x080075a9   Thumb Code    28  n32g430_tim.o(.text)
    TIM_Output_Channel5_Fast_Set             0x080075c5   Thumb Code    22  n32g430_tim.o(.text)
    TIM_Output_Channel6_Fast_Set             0x080075db   Thumb Code    30  n32g430_tim.o(.text)
    TIM_Output_Channel1_Reference_Clear      0x080075f9   Thumb Code    18  n32g430_tim.o(.text)
    TIM_Output_Channel2_Reference_Clear      0x0800760b   Thumb Code    24  n32g430_tim.o(.text)
    TIM_Output_Channel3_Reference_Clear      0x08007623   Thumb Code    20  n32g430_tim.o(.text)
    TIM_Output_Channel4_Reference_Clear      0x08007637   Thumb Code    26  n32g430_tim.o(.text)
    TIM_Output_Channel5_Reference_Clear      0x08007651   Thumb Code    22  n32g430_tim.o(.text)
    TIM_Output_Channel6_Reference_Clear      0x08007667   Thumb Code    28  n32g430_tim.o(.text)
    TIM_Output_Channel1_Initialize           0x08007683   Thumb Code   140  n32g430_tim.o(.text)
    TIM_Output_Channel2_Initialize           0x0800770f   Thumb Code   152  n32g430_tim.o(.text)
    TIM_Output_Channel3_Initialize           0x080077a7   Thumb Code   146  n32g430_tim.o(.text)
    TIM_Output_Channel4_Initialize           0x08007839   Thumb Code   166  n32g430_tim.o(.text)
    TIM_Output_Channel5_Initialize           0x080078df   Thumb Code   102  n32g430_tim.o(.text)
    TIM_Output_Channel6_Initialize           0x08007945   Thumb Code   110  n32g430_tim.o(.text)
    TIM_PWM_Output_Enable                    0x080079b3   Thumb Code    14  n32g430_tim.o(.text)
    TIM_PWM_Output_Disable                   0x080079c1   Thumb Code    14  n32g430_tim.o(.text)
    TIM_Output_Channel_Struct_Initialize     0x080079cf   Thumb Code    20  n32g430_tim.o(.text)
    TIM_Lock_Up_Break_Enable                 0x080079e3   Thumb Code    10  n32g430_tim.o(.text)
    TIM_Lock_Up_Break_Disable                0x080079ed   Thumb Code    10  n32g430_tim.o(.text)
    TIM_Pvd_Break_Enable                     0x080079f7   Thumb Code    10  n32g430_tim.o(.text)
    TIM_Pvd_Break_Disable                    0x08007a01   Thumb Code    10  n32g430_tim.o(.text)
    TIM_IOM_Comp_Break                       0x08007a0b   Thumb Code    22  n32g430_tim.o(.text)
    TIM_Break_And_Dead_Time_Set              0x08007a21   Thumb Code    96  n32g430_tim.o(.text)
    TIM_Break_And_Dead_Time_Struct_Initialize 0x08007a81   Thumb Code    24  n32g430_tim.o(.text)
    TIM_Interrupt_Enable                     0x08007a99   Thumb Code     8  n32g430_tim.o(.text)
    TIM_Interrupt_Disable                    0x08007aa1   Thumb Code    16  n32g430_tim.o(.text)
    TIM_Interrupt_Status_Get                 0x08007ab1   Thumb Code    32  n32g430_tim.o(.text)
    TIM_Interrupt_Status_Clear               0x08007ad1   Thumb Code     6  n32g430_tim.o(.text)
    TIM_Flag_Status_Get                      0x08007ad7   Thumb Code    16  n32g430_tim.o(.text)
    TIM_Flag_Clear                           0x08007ae7   Thumb Code     6  n32g430_tim.o(.text)
    TIM_Dma_Config                           0x08007aed   Thumb Code    10  n32g430_tim.o(.text)
    TIM_Dma_Enable                           0x08007af7   Thumb Code     8  n32g430_tim.o(.text)
    TIM_Dma_Disable                          0x08007aff   Thumb Code     8  n32g430_tim.o(.text)
    TIM_Hall_Sensor_Enable                   0x08007b07   Thumb Code    10  n32g430_tim.o(.text)
    TIM_Hall_Sensor_Disable                  0x08007b11   Thumb Code    10  n32g430_tim.o(.text)
    TIM_Encoder_Interface_Set                0x08007b1b   Thumb Code    64  n32g430_tim.o(.text)
    TIM_Channel1_Filter_Config               0x08007b5b   Thumb Code    52  n32g430_tim.o(.text)
    TIM_Channel2_Filter_Config               0x08007b8f   Thumb Code    52  n32g430_tim.o(.text)
    TIM_Channel3_Filter_Config               0x08007bc3   Thumb Code    52  n32g430_tim.o(.text)
    TIM_Channel4_Filter_Config               0x08007bf7   Thumb Code    52  n32g430_tim.o(.text)
    TIM_Break_Filter_Config                  0x08007c2b   Thumb Code    40  n32g430_tim.o(.text)
    TIM_Channel1_Filter_Enable               0x08007c53   Thumb Code    10  n32g430_tim.o(.text)
    TIM_Channel1_Filter_Disable              0x08007c5d   Thumb Code    10  n32g430_tim.o(.text)
    TIM_Channel2_Filter_Enable               0x08007c67   Thumb Code    10  n32g430_tim.o(.text)
    TIM_Channel2_Filter_Disable              0x08007c71   Thumb Code    10  n32g430_tim.o(.text)
    TIM_Channel3_Filter_Enable               0x08007c7b   Thumb Code    10  n32g430_tim.o(.text)
    TIM_Channel3_Filter_Disable              0x08007c85   Thumb Code    10  n32g430_tim.o(.text)
    TIM_Channel4_Filter_Enable               0x08007c8f   Thumb Code    10  n32g430_tim.o(.text)
    TIM_Channel4_Filter_Disable              0x08007c99   Thumb Code    10  n32g430_tim.o(.text)
    TIM_Break_Filter_Enable                  0x08007ca3   Thumb Code    10  n32g430_tim.o(.text)
    TIM_Break_Filter_Disable                 0x08007cad   Thumb Code    10  n32g430_tim.o(.text)
    USART_Reset                              0x08007cd1   Thumb Code    68  n32g430_usart.o(.text)
    USART_Hardware_Flow_Control_Config       0x08007d15   Thumb Code    16  n32g430_usart.o(.text)
    USART_Mode_Config                        0x08007d25   Thumb Code    16  n32g430_usart.o(.text)
    USART_Parity_Config                      0x08007d35   Thumb Code    16  n32g430_usart.o(.text)
    USART_Stop_Bits_Config                   0x08007d45   Thumb Code    16  n32g430_usart.o(.text)
    USART_Word_Length_Config                 0x08007d55   Thumb Code    16  n32g430_usart.o(.text)
    USART_Baud_Rate_Config                   0x08007d65   Thumb Code   114  n32g430_usart.o(.text)
    USART_Initializes                        0x08007dd7   Thumb Code    56  n32g430_usart.o(.text)
    USART_Structure_Initializes              0x08007e0f   Thumb Code    24  n32g430_usart.o(.text)
    USART_Last_Bit_Config                    0x08007e27   Thumb Code    16  n32g430_usart.o(.text)
    USART_Phase_Config                       0x08007e37   Thumb Code    16  n32g430_usart.o(.text)
    USART_Polarity_Config                    0x08007e47   Thumb Code    16  n32g430_usart.o(.text)
    USART_Clock_Config                       0x08007e57   Thumb Code    16  n32g430_usart.o(.text)
    USART_Clock_Initializes                  0x08007e67   Thumb Code    40  n32g430_usart.o(.text)
    USART_Clock_Structure_Initializes        0x08007e8f   Thumb Code    12  n32g430_usart.o(.text)
    USART_Enable                             0x08007e9b   Thumb Code    10  n32g430_usart.o(.text)
    USART_Disable                            0x08007ea5   Thumb Code    10  n32g430_usart.o(.text)
    USART_Interrput_Enable                   0x08007eaf   Thumb Code    54  n32g430_usart.o(.text)
    USART_Interrput_Disable                  0x08007ee5   Thumb Code    54  n32g430_usart.o(.text)
    USART_DMA_Transfer_Enable                0x08007f1b   Thumb Code     8  n32g430_usart.o(.text)
    USART_DMA_Transfer_Disable               0x08007f23   Thumb Code     8  n32g430_usart.o(.text)
    USART_Address_Set                        0x08007f2b   Thumb Code    16  n32g430_usart.o(.text)
    USART_WakeUp_Mode_Set                    0x08007f3b   Thumb Code    16  n32g430_usart.o(.text)
    USART_Receiver_Wakeup_Enable             0x08007f4b   Thumb Code    10  n32g430_usart.o(.text)
    USART_Receiver_Wakeup_Disable            0x08007f55   Thumb Code    10  n32g430_usart.o(.text)
    USART_LIN_Break_Detect_Length_Set        0x08007f5f   Thumb Code    16  n32g430_usart.o(.text)
    USART_LIN_Enable                         0x08007f6f   Thumb Code    10  n32g430_usart.o(.text)
    USART_LIN_Disable                        0x08007f79   Thumb Code    10  n32g430_usart.o(.text)
    USART_Data_Send                          0x08007f83   Thumb Code     8  n32g430_usart.o(.text)
    USART_Data_Receive                       0x08007f8b   Thumb Code    10  n32g430_usart.o(.text)
    USART_Break_Frame_Send                   0x08007f95   Thumb Code    10  n32g430_usart.o(.text)
    USART_Guard_Time_Set                     0x08007f9f   Thumb Code    16  n32g430_usart.o(.text)
    USART_Prescaler_Set                      0x08007faf   Thumb Code    16  n32g430_usart.o(.text)
    USART_Smart_Card_Enable                  0x08007fbf   Thumb Code    10  n32g430_usart.o(.text)
    USART_Smart_Card_Disable                 0x08007fc9   Thumb Code    10  n32g430_usart.o(.text)
    USART_Smart_Card_NACK_Enable             0x08007fd3   Thumb Code    10  n32g430_usart.o(.text)
    USART_Smart_Card_NACK_Disable            0x08007fdd   Thumb Code    10  n32g430_usart.o(.text)
    USART_Half_Duplex_Enable                 0x08007fe7   Thumb Code    10  n32g430_usart.o(.text)
    USART_Half_Duplex_Disable                0x08007ff1   Thumb Code    10  n32g430_usart.o(.text)
    USART_IrDA_Mode_Set                      0x08007ffb   Thumb Code    16  n32g430_usart.o(.text)
    USART_IrDA_Enable                        0x0800800b   Thumb Code    10  n32g430_usart.o(.text)
    USART_IrDA_Disable                       0x08008015   Thumb Code    10  n32g430_usart.o(.text)
    USART_Flag_Status_Get                    0x0800801f   Thumb Code    16  n32g430_usart.o(.text)
    USART_Flag_Clear                         0x0800802f   Thumb Code     6  n32g430_usart.o(.text)
    USART_Interrupt_Status_Get               0x08008035   Thumb Code    74  n32g430_usart.o(.text)
    USART_Interrupt_Status_Clear             0x0800807f   Thumb Code    20  n32g430_usart.o(.text)
    __aeabi_ldivmod                          0x080080a5   Thumb Code    98  ldiv.o(.text)
    __aeabi_memset                           0x08008107   Thumb Code    14  memseta.o(.text)
    __aeabi_memset4                          0x08008107   Thumb Code     0  memseta.o(.text)
    __aeabi_memset8                          0x08008107   Thumb Code     0  memseta.o(.text)
    __aeabi_memclr                           0x08008115   Thumb Code     4  memseta.o(.text)
    __aeabi_memclr4                          0x08008115   Thumb Code     0  memseta.o(.text)
    __aeabi_memclr8                          0x08008115   Thumb Code     0  memseta.o(.text)
    _memset$wrapper                          0x08008119   Thumb Code    18  memseta.o(.text)
    memcmp                                   0x0800812b   Thumb Code    26  memcmp.o(.text)
    __aeabi_dadd                             0x08008145   Thumb Code   322  dadd.o(.text)
    __aeabi_dsub                             0x08008287   Thumb Code     6  dadd.o(.text)
    __aeabi_drsub                            0x0800828d   Thumb Code     6  dadd.o(.text)
    __aeabi_dmul                             0x08008293   Thumb Code   228  dmul.o(.text)
    __aeabi_ddiv                             0x08008377   Thumb Code   222  ddiv.o(.text)
    __aeabi_i2d                              0x08008455   Thumb Code    34  dflti.o(.text)
    __aeabi_d2iz                             0x08008477   Thumb Code    62  dfixi.o(.text)
    __aeabi_f2d                              0x080084b5   Thumb Code    38  f2d.o(.text)
    __aeabi_d2f                              0x080084db   Thumb Code    56  d2f.o(.text)
    __aeabi_uldivmod                         0x08008513   Thumb Code    98  uldiv.o(.text)
    __aeabi_llsl                             0x08008575   Thumb Code    30  llshl.o(.text)
    _ll_shift_l                              0x08008575   Thumb Code     0  llshl.o(.text)
    __aeabi_llsr                             0x08008593   Thumb Code    32  llushr.o(.text)
    _ll_ushift_r                             0x08008593   Thumb Code     0  llushr.o(.text)
    __aeabi_lasr                             0x080085b3   Thumb Code    36  llsshr.o(.text)
    _ll_sshift_r                             0x080085b3   Thumb Code     0  llsshr.o(.text)
    __I$use$fp                               0x080085d7   Thumb Code     0  iusefp.o(.text)
    _float_round                             0x080085d7   Thumb Code    18  fepilogue.o(.text)
    _float_epilogue                          0x080085e9   Thumb Code    92  fepilogue.o(.text)
    _double_round                            0x08008645   Thumb Code    30  depilogue.o(.text)
    _double_epilogue                         0x08008663   Thumb Code   156  depilogue.o(.text)
    __scatterload                            0x08008701   Thumb Code    28  init.o(.text)
    __scatterload_rt2                        0x08008701   Thumb Code     0  init.o(.text)
    _dsqrt                                   0x08008725   Thumb Code   162  dsqrt.o(.text)
    __0printf$8                              0x080087c9   Thumb Code    22  printf8.o(i.__0printf$8)
    __1printf$8                              0x080087c9   Thumb Code     0  printf8.o(i.__0printf$8)
    __2printf                                0x080087c9   Thumb Code     0  printf8.o(i.__0printf$8)
    __ARM_fpclassify                         0x080087e9   Thumb Code    48  fpclassify.o(i.__ARM_fpclassify)
    __hardfp_asin                            0x08008819   Thumb Code   770  asin.o(i.__hardfp_asin)
    __hardfp_atan                            0x08008b79   Thumb Code   622  atan.o(i.__hardfp_atan)
    __hardfp_atan2                           0x08008e51   Thumb Code   432  atan2.o(i.__hardfp_atan2)
    __kernel_poly                            0x08009041   Thumb Code   248  poly.o(i.__kernel_poly)
    __mathlib_dbl_infnan                     0x08009139   Thumb Code    20  dunder.o(i.__mathlib_dbl_infnan)
    __mathlib_dbl_infnan2                    0x0800914d   Thumb Code    20  dunder.o(i.__mathlib_dbl_infnan2)
    __mathlib_dbl_invalid                    0x08009161   Thumb Code    24  dunder.o(i.__mathlib_dbl_invalid)
    __mathlib_dbl_underflow                  0x08009181   Thumb Code    24  dunder.o(i.__mathlib_dbl_underflow)
    __scatterload_copy                       0x080091a1   Thumb Code    14  handlers.o(i.__scatterload_copy)
    __scatterload_null                       0x080091af   Thumb Code     2  handlers.o(i.__scatterload_null)
    __scatterload_zeroinit                   0x080091b1   Thumb Code    14  handlers.o(i.__scatterload_zeroinit)
    __set_errno                              0x080091c1   Thumb Code     6  errno.o(i.__set_errno)
    atan                                     0x0800962f   Thumb Code    16  atan.o(i.atan)
    fabs                                     0x0800963f   Thumb Code    24  fabs.o(i.fabs)
    sqrt                                     0x08009657   Thumb Code   110  sqrt.o(i.sqrt)
    AHBPrescTable                            0x080096c4   Data          16  system_n32g430.o(.constdata)
    reg                                      0x080096d4   Data          27  inv_mpu.o(.constdata)
    hw                                       0x080096f0   Data          12  inv_mpu.o(.constdata)
    test                                     0x080096fc   Data          40  inv_mpu.o(.constdata)
    __mathlib_zero                           0x0800a448   Data           8  qnan.o(.constdata)
    Region$$Table$$Base                      0x0800a4a0   Number         0  anon$$obj.o(Region$$Table)
    Region$$Table$$Limit                     0x0800a4c0   Number         0  anon$$obj.o(Region$$Table)
    SystemClockFrequency                     0x20000000   Data           4  system_n32g430.o(.data)
    KEY_Phase                                0x2000003a   Data           1  key.o(.data)
    KEY_TimeCount                            0x2000003c   Data           2  key.o(.data)
    KEY_ShortOK                              0x2000003e   Data           1  key.o(.data)
    KEY_LongOK                               0x2000003f   Data           1  key.o(.data)
    KEY_EndOK                                0x20000040   Data           1  key.o(.data)
    ADC_Value                                0x20000042   Data           2  adc.o(.data)
    TimerPeriod                              0x20000044   Data           2  pwm.o(.data)
    Channel1Pulse                            0x20000046   Data           2  pwm.o(.data)
    Channel2Pulse                            0x20000048   Data           2  pwm.o(.data)
    Channel3Pulse                            0x2000004a   Data           2  pwm.o(.data)
    channel4Pulse                            0x2000004c   Data           2  pwm.o(.data)
    ADTIMClockFrequency                      0x20000050   Data           4  pwm.o(.data)
    GPTIMClockFrequency                      0x20000054   Data           4  encoder.o(.data)
    PWM_Zero                                 0x20000058   Data           1  motor.o(.data)
    Med_Angle                                0x2000005c   Data           4  control.o(.data)
    Target_Speed                             0x20000060   Data           4  control.o(.data)
    Vertical_Kp                              0x20000064   Data           4  control.o(.data)
    Vertical_Kd                              0x20000068   Data           4  control.o(.data)
    Velocity_Kp                              0x2000006c   Data           4  control.o(.data)
    Velocity_Ki                              0x20000070   Data           4  control.o(.data)
    Vertical_out                             0x20000074   Data           4  control.o(.data)
    Velocity_out                             0x20000078   Data           4  control.o(.data)
    Turn_out                                 0x2000007c   Data           4  control.o(.data)
    Pitch                                    0x20000080   Data           4  control.o(.data)
    Roll                                     0x20000084   Data           4  control.o(.data)
    Yaw                                      0x20000088   Data           4  control.o(.data)
    gyrox                                    0x2000008c   Data           2  control.o(.data)
    gyroy                                    0x2000008e   Data           2  control.o(.data)
    gyroz                                    0x20000090   Data           2  control.o(.data)
    aacx                                     0x20000092   Data           2  control.o(.data)
    aacy                                     0x20000094   Data           2  control.o(.data)
    aacz                                     0x20000096   Data           2  control.o(.data)
    Encoder_Left                             0x20000098   Data           4  control.o(.data)
    Encoder_Right                            0x2000009c   Data           4  control.o(.data)
    MOTO1                                    0x200000a0   Data           4  control.o(.data)
    MOTO2                                    0x200000a4   Data           4  control.o(.data)
    TxBuffer1                                0x200000bc   Data           2  usart.o(.data)
    RxBuffer1                                0x200000be   Data           4  usart.o(.data)
    NbrOfDataToRead                          0x200000c2   Data           1  usart.o(.data)
    indexFlag                                0x200000c4   Data           4  usart.o(.data)
    vrefint_value                            0x200000c8   Data           4  n32g430_adc.o(.data)
    Program_NVR                              0x200000cc   Data           4  n32g430_adc.o(.data)
    Get_NVR                                  0x200000d0   Data           4  n32g430_adc.o(.data)
    __stdout                                 0x200000d4   Data           4  stdout.o(.data)
    send_buf                                 0x200000fc   Data          32  usart.o(.bss)
    DMA_Init_Structure                       0x2000011c   Data          44  usart.o(.bss)
    __initial_sp                             0x20001648   Data           0  startup_n32g430.o(STACK)



==============================================================================

Memory Map of the image

  Image Entry point : 0x08000115

  Load Region LR_IROM1 (Base: 0x08000000, Size: 0x0000a59c, Max: 0x00010000, ABSOLUTE)

    Execution Region ER_IROM1 (Exec base: 0x08000000, Load base: 0x08000000, Size: 0x0000a4c0, Max: 0x00010000, ABSOLUTE)

    Exec Addr    Load Addr    Size         Type   Attr      Idx    E Section Name        Object

    0x08000000   0x08000000   0x00000114   Data   RO            3    RESET               startup_n32g430.o
    0x08000114   0x08000114   0x00000000   Code   RO         1392  * .ARM.Collect$$$$00000000  mc_w.l(entry.o)
    0x08000114   0x08000114   0x00000004   Code   RO         1733    .ARM.Collect$$$$00000001  mc_w.l(entry2.o)
    0x08000118   0x08000118   0x00000004   Code   RO         1736    .ARM.Collect$$$$00000004  mc_w.l(entry5.o)
    0x0800011c   0x0800011c   0x00000000   Code   RO         1738    .ARM.Collect$$$$00000008  mc_w.l(entry7b.o)
    0x0800011c   0x0800011c   0x00000000   Code   RO         1740    .ARM.Collect$$$$0000000A  mc_w.l(entry8b.o)
    0x0800011c   0x0800011c   0x00000008   Code   RO         1741    .ARM.Collect$$$$0000000B  mc_w.l(entry9a.o)
    0x08000124   0x08000124   0x00000000   Code   RO         1743    .ARM.Collect$$$$0000000D  mc_w.l(entry10a.o)
    0x08000124   0x08000124   0x00000000   Code   RO         1745    .ARM.Collect$$$$0000000F  mc_w.l(entry11a.o)
    0x08000124   0x08000124   0x00000004   Code   RO         1734    .ARM.Collect$$$$00002712  mc_w.l(entry2.o)
    0x08000128   0x08000128   0x00000024   Code   RO            4    .text               startup_n32g430.o
    0x0800014c   0x0800014c   0x00000274   Code   RO           13    .text               system_n32g430.o
    0x080003c0   0x080003c0   0x00000054   Code   RO          133    .text               main.o
    0x08000414   0x08000414   0x00000060   Code   RO          230    .text               n32g430_it.o
    0x08000474   0x08000474   0x00000330   Code   RO          328    .text               myiic.o
    0x080007a4   0x080007a4   0x000003f4   Code   RO          352    .text               mpu6050.o
    0x08000b98   0x08000b98   0x000022c0   Code   RO          376    .text               inv_mpu.o
    0x08002e58   0x08002e58   0x00000d90   Code   RO          421    .text               inv_mpu_dmp_motion_driver.o
    0x08003be8   0x08003be8   0x0000003c   Code   RO          482    .text               led.o
    0x08003c24   0x08003c24   0x00000110   Code   RO          506    .text               key.o
    0x08003d34   0x08003d34   0x00000110   Code   RO          536    .text               adc.o
    0x08003e44   0x08003e44   0x000000c8   Code   RO          566    .text               exti.o
    0x08003f0c   0x08003f0c   0x000001c4   Code   RO          590    .text               pwm.o
    0x080040d0   0x080040d0   0x000001c8   Code   RO          617    .text               encoder.o
    0x08004298   0x08004298   0x000001c8   Code   RO          659    .text               gptim_common.o
    0x08004460   0x08004460   0x000000b0   Code   RO          683    .text               timer_common.o
    0x08004510   0x08004510   0x0000016c   Code   RO          709    .text               motor.o
    0x0800467c   0x0800467c   0x00000300   Code   RO          741    .text               control.o
    0x0800497c   0x0800497c   0x0000010c   Code   RO          771    .text               log.o
    0x08004a88   0x08004a88   0x00000318   Code   RO          795    .text               usart.o
    0x08004da0   0x08004da0   0x000000f4   Code   RO          826    .text               bsp_delay.o
    0x08004e94   0x08004e94   0x000000d8   Code   RO          854    .text               misc.o
    0x08004f6c   0x08004f6c   0x0000083c   Code   RO          878    .text               n32g430_adc.o
    0x080057a8   0x080057a8   0x00000248   Code   RO         1025    .text               n32g430_dma.o
    0x080059f0   0x080059f0   0x00000138   Code   RO         1049    .text               n32g430_exti.o
    0x08005b28   0x08005b28   0x000008ec   Code   RO         1097    .text               n32g430_gpio.o
    0x08006414   0x08006414   0x000006c8   Code   RO         1220    .text               n32g430_rcc.o
    0x08006adc   0x08006adc   0x000011f4   Code   RO         1297    .text               n32g430_tim.o
    0x08007cd0   0x08007cd0   0x000003d4   Code   RO         1321    .text               n32g430_usart.o
    0x080080a4   0x080080a4   0x00000062   Code   RO         1395    .text               mc_w.l(ldiv.o)
    0x08008106   0x08008106   0x00000024   Code   RO         1397    .text               mc_w.l(memseta.o)
    0x0800812a   0x0800812a   0x0000001a   Code   RO         1399    .text               mc_w.l(memcmp.o)
    0x08008144   0x08008144   0x0000014e   Code   RO         1662    .text               mf_w.l(dadd.o)
    0x08008292   0x08008292   0x000000e4   Code   RO         1664    .text               mf_w.l(dmul.o)
    0x08008376   0x08008376   0x000000de   Code   RO         1666    .text               mf_w.l(ddiv.o)
    0x08008454   0x08008454   0x00000022   Code   RO         1670    .text               mf_w.l(dflti.o)
    0x08008476   0x08008476   0x0000003e   Code   RO         1674    .text               mf_w.l(dfixi.o)
    0x080084b4   0x080084b4   0x00000026   Code   RO         1676    .text               mf_w.l(f2d.o)
    0x080084da   0x080084da   0x00000038   Code   RO         1680    .text               mf_w.l(d2f.o)
    0x08008512   0x08008512   0x00000062   Code   RO         1750    .text               mc_w.l(uldiv.o)
    0x08008574   0x08008574   0x0000001e   Code   RO         1752    .text               mc_w.l(llshl.o)
    0x08008592   0x08008592   0x00000020   Code   RO         1754    .text               mc_w.l(llushr.o)
    0x080085b2   0x080085b2   0x00000024   Code   RO         1756    .text               mc_w.l(llsshr.o)
    0x080085d6   0x080085d6   0x00000000   Code   RO         1765    .text               mc_w.l(iusefp.o)
    0x080085d6   0x080085d6   0x0000006e   Code   RO         1766    .text               mf_w.l(fepilogue.o)
    0x08008644   0x08008644   0x000000ba   Code   RO         1768    .text               mf_w.l(depilogue.o)
    0x080086fe   0x080086fe   0x00000002   PAD
    0x08008700   0x08008700   0x00000024   Code   RO         1774    .text               mc_w.l(init.o)
    0x08008724   0x08008724   0x000000a2   Code   RO         1776    .text               mf_w.l(dsqrt.o)
    0x080087c6   0x080087c6   0x00000002   PAD
    0x080087c8   0x080087c8   0x00000020   Code   RO         1608    i.__0printf$8       mc_w.l(printf8.o)
    0x080087e8   0x080087e8   0x00000030   Code   RO         1716    i.__ARM_fpclassify  m_wm.l(fpclassify.o)
    0x08008818   0x08008818   0x00000360   Code   RO         1366    i.__hardfp_asin     m_wm.l(asin.o)
    0x08008b78   0x08008b78   0x000002d8   Code   RO         1682    i.__hardfp_atan     m_wm.l(atan.o)
    0x08008e50   0x08008e50   0x000001f0   Code   RO         1380    i.__hardfp_atan2    m_wm.l(atan2.o)
    0x08009040   0x08009040   0x000000f8   Code   RO         1718    i.__kernel_poly     m_wm.l(poly.o)
    0x08009138   0x08009138   0x00000014   Code   RO         1697    i.__mathlib_dbl_infnan  m_wm.l(dunder.o)
    0x0800914c   0x0800914c   0x00000014   Code   RO         1698    i.__mathlib_dbl_infnan2  m_wm.l(dunder.o)
    0x08009160   0x08009160   0x00000020   Code   RO         1699    i.__mathlib_dbl_invalid  m_wm.l(dunder.o)
    0x08009180   0x08009180   0x00000020   Code   RO         1702    i.__mathlib_dbl_underflow  m_wm.l(dunder.o)
    0x080091a0   0x080091a0   0x0000000e   Code   RO         1780    i.__scatterload_copy  mc_w.l(handlers.o)
    0x080091ae   0x080091ae   0x00000002   Code   RO         1781    i.__scatterload_null  mc_w.l(handlers.o)
    0x080091b0   0x080091b0   0x0000000e   Code   RO         1782    i.__scatterload_zeroinit  mc_w.l(handlers.o)
    0x080091be   0x080091be   0x00000002   PAD
    0x080091c0   0x080091c0   0x0000000c   Code   RO         1760    i.__set_errno       mc_w.l(errno.o)
    0x080091cc   0x080091cc   0x00000410   Code   RO         1615    i._printf_core      mc_w.l(printf8.o)
    0x080095dc   0x080095dc   0x00000024   Code   RO         1616    i._printf_post_padding  mc_w.l(printf8.o)
    0x08009600   0x08009600   0x0000002e   Code   RO         1617    i._printf_pre_padding  mc_w.l(printf8.o)
    0x0800962e   0x0800962e   0x00000010   Code   RO         1684    i.atan              m_wm.l(atan.o)
    0x0800963e   0x0800963e   0x00000018   Code   RO         1712    i.fabs              m_wm.l(fabs.o)
    0x08009656   0x08009656   0x0000006e   Code   RO         1723    i.sqrt              m_wm.l(sqrt.o)
    0x080096c4   0x080096c4   0x00000010   Data   RO           14    .constdata          system_n32g430.o
    0x080096d4   0x080096d4   0x00000050   Data   RO          377    .constdata          inv_mpu.o
    0x08009724   0x08009724   0x00000bf6   Data   RO          423    .constdata          inv_mpu_dmp_motion_driver.o
    0x0800a31a   0x0800a31a   0x00000040   Data   RO         1221    .constdata          n32g430_rcc.o
    0x0800a35a   0x0800a35a   0x00000006   PAD
    0x0800a360   0x0800a360   0x00000050   Data   RO         1369    .constdata          m_wm.l(asin.o)
    0x0800a3b0   0x0800a3b0   0x00000098   Data   RO         1685    .constdata          m_wm.l(atan.o)
    0x0800a448   0x0800a448   0x00000008   Data   RO         1720    .constdata          m_wm.l(qnan.o)
    0x0800a450   0x0800a450   0x0000004d   Data   RO          378    .conststring        inv_mpu.o
    0x0800a49d   0x0800a49d   0x00000003   PAD
    0x0800a4a0   0x0800a4a0   0x00000020   Data   RO         1778    Region$$Table       anon$$obj.o


    Execution Region RW_IRAM1 (Exec base: 0x20000000, Load base: 0x0800a4c0, Size: 0x00001648, Max: 0x00004000, ABSOLUTE)

    Exec Addr    Load Addr    Size         Type   Attr      Idx    E Section Name        Object

    0x20000000   0x0800a4c0   0x00000004   Data   RW           15    .data               system_n32g430.o
    0x20000004   0x0800a4c4   0x00000035   Data   RW          379    .data               inv_mpu.o
    0x20000039   0x0800a4f9   0x00000001   PAD
    0x2000003a   0x0800a4fa   0x00000007   Data   RW          507    .data               key.o
    0x20000041   0x0800a501   0x00000001   PAD
    0x20000042   0x0800a502   0x00000002   Data   RW          537    .data               adc.o
    0x20000044   0x0800a504   0x00000010   Data   RW          591    .data               pwm.o
    0x20000054   0x0800a514   0x00000004   Data   RW          618    .data               encoder.o
    0x20000058   0x0800a518   0x00000001   Data   RW          710    .data               motor.o
    0x20000059   0x0800a519   0x00000003   PAD
    0x2000005c   0x0800a51c   0x00000060   Data   RW          742    .data               control.o
    0x200000bc   0x0800a57c   0x0000000c   Data   RW          797    .data               usart.o
    0x200000c8   0x0800a588   0x0000000c   Data   RW          879    .data               n32g430_adc.o
    0x200000d4   0x0800a594   0x00000004   Data   RW         1747    .data               mc_w.l(stdout.o)
    0x200000d8   0x0800a598   0x00000004   Data   RW         1761    .data               mc_w.l(errno.o)
    0x200000dc        -       0x00000010   Zero   RW          422    .bss                inv_mpu_dmp_motion_driver.o
    0x200000ec        -       0x00000010   Zero   RW          684    .bss                timer_common.o
    0x200000fc        -       0x0000004c   Zero   RW          796    .bss                usart.o
    0x20000148        -       0x00001500   Zero   RW            1    STACK               startup_n32g430.o


==============================================================================

Image component sizes


      Code (inc. data)   RO Data    RW Data    ZI Data      Debug   Object Name

       272         16          0          2          0       1501   adc.o
       244         12          0          0          0      31567   bsp_delay.o
       768        136          0         96          0       2663   control.o
       456         14          0          4          0       1767   encoder.o
       200         18          0          0          0       1068   exti.o
       456         22          0          0          0       1599   gptim_common.o
      8896        222        157         53          0      24433   inv_mpu.o
      3472        142       3062          0         16      15399   inv_mpu_dmp_motion_driver.o
       272         20          0          7          0       1328   key.o
        60          4          0          0          0        528   led.o
       268         14          0          0          0       2111   log.o
        84          6          0          0          0       1719   main.o
       216         20          0          0          0       2108   misc.o
       364         12          0          1          0       1601   motor.o
      1012         64          0          0          0       4527   mpu6050.o
       816          6          0          0          0       1952   myiic.o
      2108         38          0         12          0      13189   n32g430_adc.o
       584          6          0          0          0       6102   n32g430_dma.o
       312          4          0          0          0       3484   n32g430_exti.o
      2284         42          0          0          0      10401   n32g430_gpio.o
        96         12          0          0          0       1373   n32g430_it.o
      1736         76         64          0          0      12566   n32g430_rcc.o
      4596         86          0          0          0      40716   n32g430_tim.o
       980         18          0          0          0      11121   n32g430_usart.o
       452         26          0         16          0       2107   pwm.o
        36          8        276          0       5376        888   startup_n32g430.o
       628         48         16          4          0     310268   system_n32g430.o
       176          6          0          0         16       2171   timer_common.o
       792         26          0         12         76       3640   usart.o

    ----------------------------------------------------------------------
     32636       1124       3616        212       5484     513897   Object Totals
         0          0         32          0          0          0   (incl. Generated)
         0          0          9          5          0          0   (incl. Padding)

    ----------------------------------------------------------------------

      Code (inc. data)   RO Data    RW Data    ZI Data      Debug   Library Member Name

       864         94         80          0          0        280   asin.o
       744        106        152          0          0        352   atan.o
       496         64          0          0          0        192   atan2.o
       104         16          0          0          0        496   dunder.o
        24          0          0          0          0        124   fabs.o
        48          0          0          0          0        124   fpclassify.o
       248          0          0          0          0        152   poly.o
         0          0          8          0          0          0   qnan.o
       110          0          0          0          0        148   sqrt.o
         0          0          0          0          0          0   entry.o
         0          0          0          0          0          0   entry10a.o
         0          0          0          0          0          0   entry11a.o
         8          4          0          0          0          0   entry2.o
         4          0          0          0          0          0   entry5.o
         0          0          0          0          0          0   entry7b.o
         0          0          0          0          0          0   entry8b.o
         8          4          0          0          0          0   entry9a.o
        12          6          0          4          0         68   errno.o
        30          0          0          0          0          0   handlers.o
        36          8          0          0          0         68   init.o
         0          0          0          0          0          0   iusefp.o
        98          0          0          0          0         84   ldiv.o
        30          0          0          0          0         68   llshl.o
        36          0          0          0          0         68   llsshr.o
        32          0          0          0          0         68   llushr.o
        26          0          0          0          0         80   memcmp.o
        36          0          0          0          0        108   memseta.o
      1154         54          0          0          0        352   printf8.o
         0          0          0          4          0          0   stdout.o
        98          0          0          0          0         92   uldiv.o
        56          0          0          0          0         88   d2f.o
       334          0          0          0          0        148   dadd.o
       222          0          0          0          0        100   ddiv.o
       186          0          0          0          0        176   depilogue.o
        62          0          0          0          0         80   dfixi.o
        34          0          0          0          0         76   dflti.o
       228          0          0          0          0         96   dmul.o
       162          0          0          0          0        100   dsqrt.o
        38          0          0          0          0         68   f2d.o
       110          0          0          0          0        168   fepilogue.o

    ----------------------------------------------------------------------
      5684        356        240          8          0       4024   Library Totals
         6          0          0          0          0          0   (incl. Padding)

    ----------------------------------------------------------------------

      Code (inc. data)   RO Data    RW Data    ZI Data      Debug   Library Name

      2638        280        240          0          0       1868   m_wm.l
      1608         76          0          8          0       1056   mc_w.l
      1432          0          0          0          0       1100   mf_w.l

    ----------------------------------------------------------------------
      5684        356        240          8          0       4024   Library Totals

    ----------------------------------------------------------------------

==============================================================================


      Code (inc. data)   RO Data    RW Data    ZI Data      Debug   

     38320       1480       3856        220       5484     510585   Grand Totals
     38320       1480       3856        220       5484     510585   ELF Image Totals
     38320       1480       3856        220          0          0   ROM Totals

==============================================================================

    Total RO  Size (Code + RO Data)                42176 (  41.19kB)
    Total RW  Size (RW Data + ZI Data)              5704 (   5.57kB)
    Total ROM Size (Code + RO Data + RW Data)      42396 (  41.40kB)

==============================================================================

