Component: ARM Compiler 5.06 update 6 (build 750) Tool: armlink [4d35ed]

==============================================================================

Section Cross References

    startup_n32g430.o(RESET) refers to startup_n32g430.o(STACK) for __initial_sp
    startup_n32g430.o(RESET) refers to startup_n32g430.o(.text) for Reset_Handler
    startup_n32g430.o(RESET) refers to n32g430_it.o(.text) for NMI_Handler
    startup_n32g430.o(RESET) refers to main.o(.text) for EXTI9_5_IRQHandler
    startup_n32g430.o(.text) refers to system_n32g430.o(.text) for System_Initializes
    startup_n32g430.o(.text) refers to entry.o(.ARM.Collect$$$$00000000) for __main
    system_n32g430.o(.text) refers to system_n32g430.o(.data) for SystemClockFrequency
    system_n32g430.o(.text) refers to system_n32g430.o(.constdata) for AHBPrescTable
    main.o(.text) refers to esp12f_io0.o(.text) for ESP12F_IO0_Init
    main.o(.text) refers to adc.o(.text) for ADC_Configuration
    main.o(.text) refers to led.o(.text) for LED_GPIO_Init
    main.o(.text) refers to key.o(.text) for Key_GPIO_Init
    main.o(.text) refers to exti.o(.text) for EXTI_Init
    main.o(.text) refers to n32g430_exti.o(.text) for EXTI_Interrupt_Status_Get
    main.o(.text) refers to n32g430_gpio.o(.text) for GPIO_Input_Pin_Data_Get
    oled.o(.text) refers to i2c_drv.o(.text) for i2c_master_send
    oled.o(.text) refers to dfixi.o(.text) for __aeabi_d2iz
    oled.o(.text) refers to dfltui.o(.text) for __aeabi_ui2d
    oled.o(.text) refers to dadd.o(.text) for __aeabi_drsub
    oled.o(.text) refers to dmul.o(.text) for __aeabi_dmul
    oled.o(.text) refers to oled.o(.bss) for OLED_GRAM
    oled.o(.text) refers to oled.o(.constdata) for asc2_1206
    oled.o(.text) refers to cdcmple.o(.text) for __aeabi_cdcmple
    i2c_drv.o(.text) refers to n32g430_rcc.o(.text) for RCC_APB1_Peripheral_Clock_Enable
    i2c_drv.o(.text) refers to n32g430_gpio.o(.text) for GPIO_Structure_Initialize
    i2c_drv.o(.text) refers to n32g430_i2c.o(.text) for I2C_Reset
    i2c_drv.o(.text) refers to printf8.o(i.__0printf$8) for __2printf
    i2c_drv.o(.text) refers to i2c_drv.o(.data) for RCC_RESET_Flag
    myiic.o(.text) refers to n32g430_rcc.o(.text) for RCC_AHB_Peripheral_Clock_Enable
    myiic.o(.text) refers to n32g430_gpio.o(.text) for GPIO_Structure_Initialize
    myiic.o(.text) refers to bsp_delay.o(.text) for SysTick_Delay_Us
    mpu6050.o(.text) refers to myiic.o(.text) for IIC_Start
    mpu6050.o(.text) refers to n32g430_rcc.o(.text) for RCC_AHB_Peripheral_Clock_Enable
    mpu6050.o(.text) refers to n32g430_gpio.o(.text) for GPIO_Structure_Initialize
    mpu6050.o(.text) refers to bsp_delay.o(.text) for SysTick_Delay_Ms
    mpu6050.o(.text) refers to printf8.o(i.__0printf$8) for __2printf
    mpu6050.o(.text) refers to dflti.o(.text) for __aeabi_i2d
    mpu6050.o(.text) refers to ddiv.o(.text) for __aeabi_ddiv
    mpu6050.o(.text) refers to dadd.o(.text) for __aeabi_dadd
    mpu6050.o(.text) refers to d2f.o(.text) for __aeabi_d2f
    inv_mpu.o(.text) refers to mpu6050.o(.text) for MPU_Write_Len
    inv_mpu.o(.text) refers to printf8.o(i.__0printf$8) for __2printf
    inv_mpu.o(.text) refers to bsp_delay.o(.text) for SysTick_Delay_Ms
    inv_mpu.o(.text) refers to inv_mpu.o(.data) for st
    inv_mpu.o(.text) refers to inv_mpu.o(.conststring) for .conststring
    inv_mpu.o(.text) refers to inv_mpu.o(.constdata) for test
    inv_mpu.o(.text) refers to ldiv.o(.text) for __aeabi_ldivmod
    inv_mpu.o(.text) refers to memcmp.o(.text) for memcmp
    inv_mpu.o(.text) refers to inv_mpu_dmp_motion_driver.o(.text) for dmp_set_gyro_bias
    inv_mpu.o(.text) refers to myiic.o(.text) for IIC_Init
    inv_mpu.o(.text) refers to f2d.o(.text) for __aeabi_f2d
    inv_mpu.o(.text) refers to asin.o(i.__hardfp_asin) for __hardfp_asin
    inv_mpu.o(.text) refers to dmul.o(.text) for __aeabi_dmul
    inv_mpu.o(.text) refers to d2f.o(.text) for __aeabi_d2f
    inv_mpu.o(.text) refers to atan2.o(i.__hardfp_atan2) for __hardfp_atan2
    inv_mpu.o(.data) refers to inv_mpu.o(.constdata) for reg
    inv_mpu_dmp_motion_driver.o(.text) refers to inv_mpu.o(.text) for mpu_load_firmware
    inv_mpu_dmp_motion_driver.o(.text) refers to inv_mpu_dmp_motion_driver.o(.constdata) for dmp_memory
    inv_mpu_dmp_motion_driver.o(.text) refers to inv_mpu_dmp_motion_driver.o(.bss) for dmp
    inv_mpu_dmp_motion_driver.o(.text) refers to memseta.o(.text) for __aeabi_memset
    esp12f_io0.o(.text) refers to n32g430_rcc.o(.text) for RCC_AHB_Peripheral_Clock_Enable
    esp12f_io0.o(.text) refers to n32g430_gpio.o(.text) for GPIO_Structure_Initialize
    led.o(.text) refers to n32g430_rcc.o(.text) for RCC_AHB_Peripheral_Clock_Enable
    led.o(.text) refers to n32g430_gpio.o(.text) for GPIO_Structure_Initialize
    key.o(.text) refers to n32g430_rcc.o(.text) for RCC_AHB_Peripheral_Clock_Enable
    key.o(.text) refers to n32g430_gpio.o(.text) for GPIO_Structure_Initialize
    key.o(.text) refers to key.o(.data) for KEY_Phase
[...]
    printfb.o(i.__0vsnprintf$bare) refers to printfb.o(i._snputc) for _snputc
    printfb.o(i.__0vsprintf$bare) refers to printfb.o(i._printf_core) for _printf_core
    printfb.o(i.__0vsprintf$bare) refers to printfb.o(i._sputc) for _sputc
    printf0.o(i.__0fprintf$0) refers to printf0.o(i._printf_core) for _printf_core
    printf0.o(i.__0fprintf$0) refers to log.o(.text) for fputc
    printf0.o(i.__0printf$0) refers to printf0.o(i._printf_core) for _printf_core
    printf0.o(i.__0printf$0) refers to log.o(.text) for fputc
    printf0.o(i.__0printf$0) refers to stdout.o(.data) for __stdout
    printf0.o(i.__0snprintf$0) refers to printf0.o(i._printf_core) for _printf_core
    printf0.o(i.__0snprintf$0) refers to printf0.o(i._snputc) for _snputc
    printf0.o(i.__0sprintf$0) refers to printf0.o(i._printf_core) for _printf_core
    printf0.o(i.__0sprintf$0) refers to printf0.o(i._sputc) for _sputc
    printf0.o(i.__0vfprintf$0) refers to printf0.o(i._printf_core) for _printf_core
    printf0.o(i.__0vfprintf$0) refers to log.o(.text) for fputc
    printf0.o(i.__0vprintf$0) refers to printf0.o(i._printf_core) for _printf_core
    printf0.o(i.__0vprintf$0) refers to log.o(.text) for fputc
    printf0.o(i.__0vprintf$0) refers to stdout.o(.data) for __stdout
    printf0.o(i.__0vsnprintf$0) refers to printf0.o(i._printf_core) for _printf_core
    printf0.o(i.__0vsnprintf$0) refers to printf0.o(i._snputc) for _snputc
    printf0.o(i.__0vsprintf$0) refers to printf0.o(i._printf_core) for _printf_core
    printf0.o(i.__0vsprintf$0) refers to printf0.o(i._sputc) for _sputc
    printf1.o(i.__0fprintf$1) refers to printf1.o(i._printf_core) for _printf_core
    printf1.o(i.__0fprintf$1) refers to log.o(.text) for fputc
    printf1.o(i.__0printf$1) refers to printf1.o(i._printf_core) for _printf_core
    printf1.o(i.__0printf$1) refers to log.o(.text) for fputc
    printf1.o(i.__0printf$1) refers to stdout.o(.data) for __stdout
    printf1.o(i.__0snprintf$1) refers to printf1.o(i._printf_core) for _printf_core
    printf1.o(i.__0snprintf$1) refers to printf1.o(i._snputc) for _snputc
    printf1.o(i.__0sprintf$1) refers to printf1.o(i._printf_core) for _printf_core
    printf1.o(i.__0sprintf$1) refers to printf1.o(i._sputc) for _sputc
    printf1.o(i.__0vfprintf$1) refers to printf1.o(i._printf_core) for _printf_core
    printf1.o(i.__0vfprintf$1) refers to log.o(.text) for fputc
    printf1.o(i.__0vprintf$1) refers to printf1.o(i._printf_core) for _printf_core
    printf1.o(i.__0vprintf$1) refers to log.o(.text) for fputc
    printf1.o(i.__0vprintf$1) refers to stdout.o(.data) for __stdout
    printf1.o(i.__0vsnprintf$1) refers to printf1.o(i._printf_core) for _printf_core
    printf1.o(i.__0vsnprintf$1) refers to printf1.o(i._snputc) for _snputc
    printf1.o(i.__0vsprintf$1) refers to printf1.o(i._printf_core) for _printf_core
    printf1.o(i.__0vsprintf$1) refers to printf1.o(i._sputc) for _sputc
    printf1.o(i._printf_core) refers to uidiv.o(.text) for __aeabi_uidivmod
    printf2.o(i.__0fprintf$2) refers to printf2.o(i._printf_core) for _printf_core
    printf2.o(i.__0fprintf$2) refers to log.o(.text) for fputc
    printf2.o(i.__0printf$2) refers to printf2.o(i._printf_core) for _printf_core
    printf2.o(i.__0printf$2) refers to log.o(.text) for fputc
    printf2.o(i.__0printf$2) refers to stdout.o(.data) for __stdout
    printf2.o(i.__0snprintf$2) refers to printf2.o(i._printf_core) for _printf_core
    printf2.o(i.__0snprintf$2) refers to printf2.o(i._snputc) for _snputc
    printf2.o(i.__0sprintf$2) refers to printf2.o(i._printf_core) for _printf_core
    printf2.o(i.__0sprintf$2) refers to printf2.o(i._sputc) for _sputc
    printf2.o(i.__0vfprintf$2) refers to printf2.o(i._printf_core) for _printf_core
    printf2.o(i.__0vfprintf$2) refers to log.o(.text) for fputc
    printf2.o(i.__0vprintf$2) refers to printf2.o(i._printf_core) for _printf_core
    printf2.o(i.__0vprintf$2) refers to log.o(.text) for fputc
    printf2.o(i.__0vprintf$2) refers to stdout.o(.data) for __stdout
    printf2.o(i.__0vsnprintf$2) refers to printf2.o(i._printf_core) for _printf_core
    printf2.o(i.__0vsnprintf$2) refers to printf2.o(i._snputc) for _snputc
    printf2.o(i.__0vsprintf$2) refers to printf2.o(i._printf_core) for _printf_core
    printf2.o(i.__0vsprintf$2) refers to printf2.o(i._sputc) for _sputc
    printf3.o(i.__0fprintf$3) refers to printf3.o(i._printf_core) for _printf_core
    printf3.o(i.__0fprintf$3) refers to log.o(.text) for fputc
    printf3.o(i.__0printf$3) refers to printf3.o(i._printf_core) for _printf_core
    printf3.o(i.__0printf$3) refers to log.o(.text) for fputc
    printf3.o(i.__0printf$3) refers to stdout.o(.data) for __stdout
    printf3.o(i.__0snprintf$3) refers to printf3.o(i._printf_core) for _printf_core
    printf3.o(i.__0snprintf$3) refers to printf3.o(i._snputc) for _snputc
    printf3.o(i.__0sprintf$3) refers to printf3.o(i._printf_core) for _printf_core
    printf3.o(i.__0sprintf$3) refers to printf3.o(i._sputc) for _sputc
    printf3.o(i.__0vfprintf$3) refers to printf3.o(i._printf_core) for _printf_core
    printf3.o(i.__0vfprintf$3) refers to log.o(.text) for fputc
    printf3.o(i.__0vprintf$3) refers to printf3.o(i._printf_core) for _printf_core
    printf3.o(i.__0vprintf$3) refers to log.o(.text) for fputc
    printf3.o(i.__0vprintf$3) refers to stdout.o(.data) for __stdout
    printf3.o(i.__0vsnprintf$3) refers to printf3.o(i._printf_core) for _printf_core
    printf3.o(i.__0vsnprintf$3) refers to printf3.o(i._snputc) for _snputc
    printf3.o(i.__0vsprintf$3) refers to printf3.o(i._printf_core) for _printf_core
    printf3.o(i.__0vsprintf$3) refers to printf3.o(i._sputc) for _sputc
    printf3.o(i._printf_core) refers to uidiv.o(.text) for __aeabi_uidivmod
    printf4.o(i.__0fprintf$4) refers to printf4.o(i._printf_core) for _printf_core
    printf4.o(i.__0fprintf$4) refers to log.o(.text) for fputc
    printf4.o(i.__0printf$4) refers to printf4.o(i._printf_core) for _printf_core
    printf4.o(i.__0printf$4) refers to log.o(.text) for fputc
    printf4.o(i.__0printf$4) refers to stdout.o(.data) for __stdout
    printf4.o(i.__0snprintf$4) refers to printf4.o(i._printf_core) for _printf_core
    printf4.o(i.__0snprintf$4) refers to printf4.o(i._snputc) for _snputc
    printf4.o(i.__0sprintf$4) refers to printf4.o(i._printf_core) for _printf_core
    printf4.o(i.__0sprintf$4) refers to printf4.o(i._sputc) for _sputc
    printf4.o(i.__0vfprintf$4) refers to printf4.o(i._printf_core) for _printf_core
    printf4.o(i.__0vfprintf$4) refers to log.o(.text) for fputc
    printf4.o(i.__0vprintf$4) refers to printf4.o(i._printf_core) for _printf_core
    printf4.o(i.__0vprintf$4) refers to log.o(.text) for fputc
    printf4.o(i.__0vprintf$4) refers to stdout.o(.data) for __stdout
    printf4.o(i.__0vsnprintf$4) refers to printf4.o(i._printf_core) for _printf_core
    printf4.o(i.__0vsnprintf$4) refers to printf4.o(i._snputc) for _snputc
    printf4.o(i.__0vsprintf$4) refers to printf4.o(i._printf_core) for _printf_core
    printf4.o(i.__0vsprintf$4) refers to printf4.o(i._sputc) for _sputc
    printf4.o(i._printf_core) refers to uldiv.o(.text) for __aeabi_uldivmod
    printf5.o(i.__0fprintf$5) refers to printf5.o(i._printf_core) for _printf_core
    printf5.o(i.__0fprintf$5) refers to log.o(.text) for fputc
    printf5.o(i.__0printf$5) refers to printf5.o(i._printf_core) for _printf_core
    printf5.o(i.__0printf$5) refers to log.o(.text) for fputc
    printf5.o(i.__0printf$5) refers to stdout.o(.data) for __stdout
    printf5.o(i.__0snprintf$5) refers to printf5.o(i._printf_core) for _printf_core
    printf5.o(i.__0snprintf$5) refers to printf5.o(i._snputc) for _snputc
    printf5.o(i.__0sprintf$5) refers to printf5.o(i._printf_core) for _printf_core
    printf5.o(i.__0sprintf$5) refers to printf5.o(i._sputc) for _sputc
    printf5.o(i.__0vfprintf$5) refers to printf5.o(i._printf_core) for _printf_core
    printf5.o(i.__0vfprintf$5) refers to log.o(.text) for fputc
    printf5.o(i.__0vprintf$5) refers to printf5.o(i._printf_core) for _printf_core
    printf5.o(i.__0vprintf$5) refers to log.o(.text) for fputc
    printf5.o(i.__0vprintf$5) refers to stdout.o(.data) for __stdout
    printf5.o(i.__0vsnprintf$5) refers to printf5.o(i._printf_core) for _printf_core
    printf5.o(i.__0vsnprintf$5) refers to printf5.o(i._snputc) for _snputc
    printf5.o(i.__0vsprintf$5) refers to printf5.o(i._printf_core) for _printf_core
    printf5.o(i.__0vsprintf$5) refers to printf5.o(i._sputc) for _sputc
    printf5.o(i._printf_core) refers to uldiv.o(.text) for __aeabi_uldivmod
    printf6.o(i.__0fprintf$6) refers to printf6.o(i._printf_core) for _printf_core
    printf6.o(i.__0fprintf$6) refers to log.o(.text) for fputc
    printf6.o(i.__0printf$6) refers to printf6.o(i._printf_core) for _printf_core
    printf6.o(i.__0printf$6) refers to log.o(.text) for fputc
    printf6.o(i.__0printf$6) refers to stdout.o(.data) for __stdout
    printf6.o(i.__0snprintf$6) refers to printf6.o(i._printf_core) for _printf_core
    printf6.o(i.__0snprintf$6) refers to printf6.o(i._snputc) for _snputc
    printf6.o(i.__0sprintf$6) refers to printf6.o(i._printf_core) for _printf_core
    printf6.o(i.__0sprintf$6) refers to printf6.o(i._sputc) for _sputc
    printf6.o(i.__0vfprintf$6) refers to printf6.o(i._printf_core) for _printf_core
    printf6.o(i.__0vfprintf$6) refers to log.o(.text) for fputc
    printf6.o(i.__0vprintf$6) refers to printf6.o(i._printf_core) for _printf_core
    printf6.o(i.__0vprintf$6) refers to log.o(.text) for fputc
    printf6.o(i.__0vprintf$6) refers to stdout.o(.data) for __stdout
    printf6.o(i.__0vsnprintf$6) refers to printf6.o(i._printf_core) for _printf_core
    printf6.o(i.__0vsnprintf$6) refers to printf6.o(i._snputc) for _snputc
    printf6.o(i.__0vsprintf$6) refers to printf6.o(i._printf_core) for _printf_core
    printf6.o(i.__0vsprintf$6) refers to printf6.o(i._sputc) for _sputc
    printf6.o(i._printf_core) refers to printf6.o(i._printf_pre_padding) for _printf_pre_padding
    printf6.o(i._printf_core) refers to uidiv.o(.text) for __aeabi_uidivmod
    printf6.o(i._printf_core) refers to printf6.o(i._printf_post_padding) for _printf_post_padding
    printf7.o(i.__0fprintf$7) refers to printf7.o(i._printf_core) for _printf_core
    printf7.o(i.__0fprintf$7) refers to log.o(.text) for fputc
    printf7.o(i.__0printf$7) refers to printf7.o(i._printf_core) for _printf_core
    printf7.o(i.__0printf$7) refers to log.o(.text) for fputc
    printf7.o(i.__0printf$7) refers to stdout.o(.data) for __stdout
    printf7.o(i.__0snprintf$7) refers to printf7.o(i._printf_core) for _printf_core
    printf7.o(i.__0snprintf$7) refers to printf7.o(i._snputc) for _snputc
    printf7.o(i.__0sprintf$7) refers to printf7.o(i._printf_core) for _printf_core
    printf7.o(i.__0sprintf$7) refers to printf7.o(i._sputc) for _sputc
    printf7.o(i.__0vfprintf$7) refers to printf7.o(i._printf_core) for _printf_core
    printf7.o(i.__0vfprintf$7) refers to log.o(.text) for fputc
    printf7.o(i.__0vprintf$7) refers to printf7.o(i._printf_core) for _printf_core
    printf7.o(i.__0vprintf$7) refers to log.o(.text) for fputc
    printf7.o(i.__0vprintf$7) refers to stdout.o(.data) for __stdout
    printf7.o(i.__0vsnprintf$7) refers to printf7.o(i._printf_core) for _printf_core
    printf7.o(i.__0vsnprintf$7) refers to printf7.o(i._snputc) for _snputc
    printf7.o(i.__0vsprintf$7) refers to printf7.o(i._printf_core) for _printf_core
    printf7.o(i.__0vsprintf$7) refers to printf7.o(i._sputc) for _sputc
    printf7.o(i._printf_core) refers to printf7.o(i._printf_pre_padding) for _printf_pre_padding
    printf7.o(i._printf_core) refers to uldiv.o(.text) for __aeabi_uldivmod
    printf7.o(i._printf_core) refers to printf7.o(i._printf_post_padding) for _printf_post_padding
    printf8.o(i.__0fprintf$8) refers to printf8.o(i._printf_core) for _printf_core
    printf8.o(i.__0fprintf$8) refers to log.o(.text) for fputc
    printf8.o(i.__0printf$8) refers to printf8.o(i._printf_core) for _printf_core
    printf8.o(i.__0printf$8) refers to log.o(.text) for fputc
    printf8.o(i.__0printf$8) refers to stdout.o(.data) for __stdout
    printf8.o(i.__0snprintf$8) refers to printf8.o(i._printf_core) for _printf_core
    printf8.o(i.__0snprintf$8) refers to printf8.o(i._snputc) for _snputc
    printf8.o(i.__0sprintf$8) refers to printf8.o(i._printf_core) for _printf_core
    printf8.o(i.__0sprintf$8) refers to printf8.o(i._sputc) for _sputc
    printf8.o(i.__0vfprintf$8) refers to printf8.o(i._printf_core) for _printf_core
    printf8.o(i.__0vfprintf$8) refers to log.o(.text) for fputc
    printf8.o(i.__0vprintf$8) refers to printf8.o(i._printf_core) for _printf_core
    printf8.o(i.__0vprintf$8) refers to log.o(.text) for fputc
    printf8.o(i.__0vprintf$8) refers to stdout.o(.data) for __stdout
    printf8.o(i.__0vsnprintf$8) refers to printf8.o(i._printf_core) for _printf_core
    printf8.o(i.__0vsnprintf$8) refers to printf8.o(i._snputc) for _snputc
    printf8.o(i.__0vsprintf$8) refers to printf8.o(i._printf_core) for _printf_core
    printf8.o(i.__0vsprintf$8) refers to printf8.o(i._sputc) for _sputc
    printf8.o(i._printf_core) refers to printf8.o(i._printf_pre_padding) for _printf_pre_padding
    printf8.o(i._printf_core) refers to uldiv.o(.text) for __aeabi_uldivmod
    printf8.o(i._printf_core) refers to printf8.o(i._printf_post_padding) for _printf_post_padding
    printfa.o(i.__0fprintf) refers (Special) to iusefp.o(.text) for __I$use$fp
    printfa.o(i.__0fprintf) refers to printfa.o(i._printf_core) for _printf_core
    printfa.o(i.__0fprintf) refers to log.o(.text) for fputc
    printfa.o(i.__0printf) refers (Special) to iusefp.o(.text) for __I$use$fp
    printfa.o(i.__0printf) refers to printfa.o(i._printf_core) for _printf_core
    printfa.o(i.__0printf) refers to log.o(.text) for fputc
    printfa.o(i.__0printf) refers to stdout.o(.data) for __stdout
    printfa.o(i.__0snprintf) refers (Special) to iusefp.o(.text) for __I$use$fp
    printfa.o(i.__0snprintf) refers to printfa.o(i._printf_core) for _printf_core
    printfa.o(i.__0snprintf) refers to printfa.o(i._snputc) for _snputc
    printfa.o(i.__0sprintf) refers (Special) to iusefp.o(.text) for __I$use$fp
    printfa.o(i.__0sprintf) refers to printfa.o(i._printf_core) for _printf_core
    printfa.o(i.__0sprintf) refers to printfa.o(i._sputc) for _sputc
    printfa.o(i.__0vfprintf) refers (Special) to iusefp.o(.text) for __I$use$fp
    printfa.o(i.__0vfprintf) refers to printfa.o(i._printf_core) for _printf_core
    printfa.o(i.__0vfprintf) refers to log.o(.text) for fputc
    printfa.o(i.__0vprintf) refers (Special) to iusefp.o(.text) for __I$use$fp
    printfa.o(i.__0vprintf) refers to printfa.o(i._printf_core) for _printf_core
    printfa.o(i.__0vprintf) refers to log.o(.text) for fputc
    printfa.o(i.__0vprintf) refers to stdout.o(.data) for __stdout
    printfa.o(i.__0vsnprintf) refers (Special) to iusefp.o(.text) for __I$use$fp
    printfa.o(i.__0vsnprintf) refers to printfa.o(i._printf_core) for _printf_core
    printfa.o(i.__0vsnprintf) refers to printfa.o(i._snputc) for _snputc
    printfa.o(i.__0vsprintf) refers (Special) to iusefp.o(.text) for __I$use$fp
    printfa.o(i.__0vsprintf) refers to printfa.o(i._printf_core) for _printf_core
    printfa.o(i.__0vsprintf) refers to printfa.o(i._sputc) for _sputc
    printfa.o(i._fp_digits) refers (Special) to iusefp.o(.text) for __I$use$fp
    printfa.o(i._fp_digits) refers to dmul.o(.text) for __aeabi_dmul
    printfa.o(i._fp_digits) refers to ddiv.o(.text) for __aeabi_ddiv
    printfa.o(i._fp_digits) refers to cdrcmple.o(.text) for __aeabi_cdrcmple
    printfa.o(i._fp_digits) refers to dadd.o(.text) for __aeabi_dadd
    printfa.o(i._fp_digits) refers to dfixul.o(.text) for __aeabi_d2ulz
    printfa.o(i._fp_digits) refers to uldiv.o(.text) for __aeabi_uldivmod
    printfa.o(i._printf_core) refers (Special) to iusefp.o(.text) for __I$use$fp
    printfa.o(i._printf_core) refers to printfa.o(i._printf_pre_padding) for _printf_pre_padding
    printfa.o(i._printf_core) refers to uldiv.o(.text) for __aeabi_uldivmod
    printfa.o(i._printf_core) refers to printfa.o(i._printf_post_padding) for _printf_post_padding
    printfa.o(i._printf_core) refers to printfa.o(i._fp_digits) for _fp_digits
    printfa.o(i._printf_core) refers to uidiv.o(.text) for __aeabi_uidivmod
    printfa.o(i._printf_post_padding) refers (Special) to iusefp.o(.text) for __I$use$fp
    printfa.o(i._printf_pre_padding) refers (Special) to iusefp.o(.text) for __I$use$fp
    printfa.o(i._snputc) refers (Special) to iusefp.o(.text) for __I$use$fp
    printfa.o(i._sputc) refers (Special) to iusefp.o(.text) for __I$use$fp
    dadd.o(.text) refers (Special) to iusefp.o(.text) for __I$use$fp
    dadd.o(.text) refers to llshl.o(.text) for __aeabi_llsl
    dadd.o(.text) refers to llsshr.o(.text) for __aeabi_lasr
    dadd.o(.text) refers to depilogue.o(.text) for _double_epilogue
    dmul.o(.text) refers (Special) to iusefp.o(.text) for __I$use$fp
    dmul.o(.text) refers to depilogue.o(.text) for _double_epilogue
    ddiv.o(.text) refers (Special) to iusefp.o(.text) for __I$use$fp
    ddiv.o(.text) refers to depilogue.o(.text) for _double_round
    dneg.o(.text) refers (Special) to iusefp.o(.text) for __I$use$fp
    dflti.o(.text) refers (Special) to iusefp.o(.text) for __I$use$fp
    dflti.o(.text) refers to depilogue.o(.text) for _double_epilogue
    dfltui.o(.text) refers (Special) to iusefp.o(.text) for __I$use$fp
    dfltui.o(.text) refers to depilogue.o(.text) for _double_epilogue
    dfixi.o(.text) refers (Special) to iusefp.o(.text) for __I$use$fp
    dfixi.o(.text) refers to llushr.o(.text) for __aeabi_llsr
    f2d.o(.text) refers (Special) to iusefp.o(.text) for __I$use$fp
    cdcmple.o(.text) refers (Special) to iusefp.o(.text) for __I$use$fp
    d2f.o(.text) refers (Special) to iusefp.o(.text) for __I$use$fp
    d2f.o(.text) refers to fepilogue.o(.text) for _float_round
    atan.o(i.__hardfp_atan) refers (Special) to iusefp.o(.text) for __I$use$fp
    atan.o(i.__hardfp_atan) refers to dunder.o(i.__mathlib_dbl_infnan) for __mathlib_dbl_infnan
    atan.o(i.__hardfp_atan) refers to fpclassify.o(i.__ARM_fpclassify) for __ARM_fpclassify
    atan.o(i.__hardfp_atan) refers to dunder.o(i.__mathlib_dbl_underflow) for __mathlib_dbl_underflow
    atan.o(i.__hardfp_atan) refers to fabs.o(i.fabs) for fabs
    atan.o(i.__hardfp_atan) refers to dadd.o(.text) for __aeabi_dadd
    atan.o(i.__hardfp_atan) refers to dmul.o(.text) for __aeabi_dmul
    atan.o(i.__hardfp_atan) refers to ddiv.o(.text) for __aeabi_ddiv
    atan.o(i.__hardfp_atan) refers to poly.o(i.__kernel_poly) for __kernel_poly
    atan.o(i.__hardfp_atan) refers to atan.o(.constdata) for .constdata
    atan.o(i.__softfp_atan) refers (Special) to iusefp.o(.text) for __I$use$fp
    atan.o(i.__softfp_atan) refers to atan.o(i.__hardfp_atan) for __hardfp_atan
    atan.o(i.atan) refers (Special) to iusefp.o(.text) for __I$use$fp
    atan.o(i.atan) refers to atan.o(i.__hardfp_atan) for __hardfp_atan
    atan.o(.constdata) refers (Special) to iusefp.o(.text) for __I$use$fp
    atan_x.o(i.____hardfp_atan$lsc) refers (Special) to iusefp.o(.text) for __I$use$fp
    atan_x.o(i.____hardfp_atan$lsc) refers to dunder.o(i.__mathlib_dbl_infnan) for __mathlib_dbl_infnan
    atan_x.o(i.____hardfp_atan$lsc) refers to fabs.o(i.fabs) for fabs
    atan_x.o(i.____hardfp_atan$lsc) refers to dadd.o(.text) for __aeabi_dadd
    atan_x.o(i.____hardfp_atan$lsc) refers to dmul.o(.text) for __aeabi_dmul
    atan_x.o(i.____hardfp_atan$lsc) refers to ddiv.o(.text) for __aeabi_ddiv
    atan_x.o(i.____hardfp_atan$lsc) refers to poly.o(i.__kernel_poly) for __kernel_poly
    atan_x.o(i.____hardfp_atan$lsc) refers to atan_x.o(.constdata) for .constdata
    atan_x.o(i.____softfp_atan$lsc) refers (Special) to iusefp.o(.text) for __I$use$fp
    atan_x.o(i.____softfp_atan$lsc) refers to atan_x.o(i.____hardfp_atan$lsc) for ____hardfp_atan$lsc
    atan_x.o(i.__atan$lsc) refers (Special) to iusefp.o(.text) for __I$use$fp
    atan_x.o(i.__atan$lsc) refers to atan_x.o(i.____hardfp_atan$lsc) for ____hardfp_atan$lsc
    atan_x.o(.constdata) refers (Special) to iusefp.o(.text) for __I$use$fp
    dunder.o(i.__mathlib_dbl_divzero) refers to ddiv.o(.text) for __aeabi_ddiv
    dunder.o(i.__mathlib_dbl_infnan) refers to dadd.o(.text) for __aeabi_dadd
    dunder.o(i.__mathlib_dbl_infnan2) refers to dadd.o(.text) for __aeabi_dadd
    dunder.o(i.__mathlib_dbl_invalid) refers to ddiv.o(.text) for __aeabi_ddiv
    dunder.o(i.__mathlib_dbl_overflow) refers to dmul.o(.text) for __aeabi_dmul
    dunder.o(i.__mathlib_dbl_posinfnan) refers to dmul.o(.text) for __aeabi_dmul
    dunder.o(i.__mathlib_dbl_underflow) refers to dmul.o(.text) for __aeabi_dmul
    fabs.o(i.__hardfp_fabs) refers (Special) to iusefp.o(.text) for __I$use$fp
    fabs.o(i.__softfp_fabs) refers (Special) to iusefp.o(.text) for __I$use$fp
    fabs.o(i.fabs) refers (Special) to iusefp.o(.text) for __I$use$fp
    fpclassify.o(i.__ARM_fpclassify) refers (Special) to iusefp.o(.text) for __I$use$fp
    poly.o(i.__kernel_poly) refers (Special) to iusefp.o(.text) for __I$use$fp
    poly.o(i.__kernel_poly) refers to dmul.o(.text) for __aeabi_dmul
    poly.o(i.__kernel_poly) refers to dadd.o(.text) for __aeabi_dadd
    qnan.o(.constdata) refers (Special) to iusefp.o(.text) for __I$use$fp
    sqrt.o(i.__hardfp_sqrt) refers (Special) to iusefp.o(.text) for __I$use$fp
    sqrt.o(i.__hardfp_sqrt) refers to dsqrt.o(.text) for _dsqrt
    sqrt.o(i.__hardfp_sqrt) refers to errno.o(i.__set_errno) for __set_errno
    sqrt.o(i.__softfp_sqrt) refers (Special) to iusefp.o(.text) for __I$use$fp
    sqrt.o(i.__softfp_sqrt) refers to dsqrt.o(.text) for _dsqrt
    sqrt.o(i.__softfp_sqrt) refers to errno.o(i.__set_errno) for __set_errno
    sqrt.o(i.sqrt) refers (Special) to iusefp.o(.text) for __I$use$fp
    sqrt.o(i.sqrt) refers to dsqrt.o(.text) for _dsqrt
    sqrt.o(i.sqrt) refers to errno.o(i.__set_errno) for __set_errno
    sqrt_x.o(i.____hardfp_sqrt$lsc) refers (Special) to iusefp.o(.text) for __I$use$fp
    sqrt_x.o(i.____hardfp_sqrt$lsc) refers to cdcmple.o(.text) for __aeabi_cdcmple
    sqrt_x.o(i.____hardfp_sqrt$lsc) refers to errno.o(i.__set_errno) for __set_errno
    sqrt_x.o(i.____hardfp_sqrt$lsc) refers to dsqrt.o(.text) for _dsqrt
    sqrt_x.o(i.____softfp_sqrt$lsc) refers (Special) to iusefp.o(.text) for __I$use$fp
    sqrt_x.o(i.____softfp_sqrt$lsc) refers to cdcmple.o(.text) for __aeabi_cdcmple
    sqrt_x.o(i.____softfp_sqrt$lsc) refers to errno.o(i.__set_errno) for __set_errno
    sqrt_x.o(i.____softfp_sqrt$lsc) refers to dsqrt.o(.text) for _dsqrt
    sqrt_x.o(i.__sqrt$lsc) refers (Special) to iusefp.o(.text) for __I$use$fp
    sqrt_x.o(i.__sqrt$lsc) refers to cdcmple.o(.text) for __aeabi_cdcmple
    sqrt_x.o(i.__sqrt$lsc) refers to errno.o(i.__set_errno) for __set_errno
    sqrt_x.o(i.__sqrt$lsc) refers to dsqrt.o(.text) for _dsqrt
    entry2.o(.ARM.Collect$$$$00000001) refers to entry2.o(.ARM.Collect$$$$00002712) for __lit__00000000
    entry2.o(.ARM.Collect$$$$00002712) refers to startup_n32g430.o(STACK) for __initial_sp
    entry2.o(__vectab_stack_and_reset_area) refers to startup_n32g430.o(STACK) for __initial_sp
    entry2.o(__vectab_stack_and_reset_area) refers to entry.o(.ARM.Collect$$$$00000000) for __main
    entry5.o(.ARM.Collect$$$$00000004) refers to init.o(.text) for __scatterload
    entry9a.o(.ARM.Collect$$$$0000000B) refers to main.o(.text) for main
    entry9b.o(.ARM.Collect$$$$0000000C) refers to main.o(.text) for main
    uldiv.o(.text) refers to llushr.o(.text) for __aeabi_llsr
    uldiv.o(.text) refers to llshl.o(.text) for __aeabi_llsl
    errno.o(i.__aeabi_errno_addr) refers to errno.o(.data) for .data
    errno.o(i.__read_errno) refers to errno.o(.data) for .data
    errno.o(i.__set_errno) refers to errno.o(.data) for .data
    depilogue.o(.text) refers to llshl.o(.text) for __aeabi_llsl
    depilogue.o(.text) refers to llushr.o(.text) for __aeabi_llsr
    dfixul.o(.text) refers to llushr.o(.text) for __aeabi_llsr
    dfixul.o(.text) refers to llshl.o(.text) for __aeabi_llsl
    init.o(.text) refers to entry5.o(.ARM.Collect$$$$00000004) for __main_after_scatterload
    dsqrt.o(.text) refers to llushr.o(.text) for __aeabi_llsr
    dsqrt.o(.text) refers to depilogue.o(.text) for _double_round


==============================================================================

Removing Unused input sections from the image.

    Removing startup_n32g430.o(HEAP), (768 bytes).
    Removing system_n32g430.o(.rev16_text), (4 bytes).
    Removing system_n32g430.o(.revsh_text), (4 bytes).
    Removing system_n32g430.o(.rrx_text), (6 bytes).
    Removing main.o(.rev16_text), (4 bytes).
    Removing main.o(.revsh_text), (4 bytes).
    Removing main.o(.rrx_text), (6 bytes).
    Removing n32g430_it.o(.rev16_text), (4 bytes).
    Removing n32g430_it.o(.revsh_text), (4 bytes).
    Removing n32g430_it.o(.rrx_text), (6 bytes).
    Removing oled.o(.rev16_text), (4 bytes).
    Removing oled.o(.revsh_text), (4 bytes).
    Removing oled.o(.rrx_text), (6 bytes).
    Removing oled.o(.text), (2660 bytes).
    Removing oled.o(.bss), (1024 bytes).
    Removing oled.o(.constdata), (6080 bytes).
    Removing i2c_drv.o(.rev16_text), (4 bytes).
    Removing i2c_drv.o(.revsh_text), (4 bytes).
    Removing i2c_drv.o(.rrx_text), (6 bytes).
    Removing i2c_drv.o(.text), (1744 bytes).
    Removing i2c_drv.o(.data), (10 bytes).
    Removing myiic.o(.rev16_text), (4 bytes).
    Removing myiic.o(.revsh_text), (4 bytes).
    Removing myiic.o(.rrx_text), (6 bytes).
    Removing myiic.o(.text), (816 bytes).
    Removing mpu6050.o(.rev16_text), (4 bytes).
    Removing mpu6050.o(.revsh_text), (4 bytes).
    Removing mpu6050.o(.rrx_text), (6 bytes).
    Removing mpu6050.o(.text), (1012 bytes).
    Removing inv_mpu.o(.rev16_text), (4 bytes).
    Removing inv_mpu.o(.revsh_text), (4 bytes).
    Removing inv_mpu.o(.rrx_text), (6 bytes).
    Removing inv_mpu.o(.text), (8896 bytes).
    Removing inv_mpu.o(.constdata), (80 bytes).
    Removing inv_mpu.o(.conststring), (77 bytes).
    Removing inv_mpu.o(.data), (53 bytes).
    Removing inv_mpu_dmp_motion_driver.o(.rev16_text), (4 bytes).
    Removing inv_mpu_dmp_motion_driver.o(.revsh_text), (4 bytes).
    Removing inv_mpu_dmp_motion_driver.o(.rrx_text), (6 bytes).
    Removing inv_mpu_dmp_motion_driver.o(.text), (3472 bytes).
    Removing inv_mpu_dmp_motion_driver.o(.bss), (16 bytes).
    Removing inv_mpu_dmp_motion_driver.o(.constdata), (3062 bytes).
    Removing esp12f_io0.o(.rev16_text), (4 bytes).
    Removing esp12f_io0.o(.revsh_text), (4 bytes).
    Removing esp12f_io0.o(.rrx_text), (6 bytes).
    Removing led.o(.rev16_text), (4 bytes).
    Removing led.o(.revsh_text), (4 bytes).
    Removing led.o(.rrx_text), (6 bytes).
    Removing key.o(.rev16_text), (4 bytes).
    Removing key.o(.revsh_text), (4 bytes).
    Removing key.o(.rrx_text), (6 bytes).
    Removing adc.o(.rev16_text), (4 bytes).
    Removing adc.o(.revsh_text), (4 bytes).
    Removing adc.o(.rrx_text), (6 bytes).
    Removing exti.o(.rev16_text), (4 bytes).
    Removing exti.o(.revsh_text), (4 bytes).
    Removing exti.o(.rrx_text), (6 bytes).
    Removing log.o(.rev16_text), (4 bytes).
    Removing log.o(.revsh_text), (4 bytes).
    Removing log.o(.rrx_text), (6 bytes).
    Removing log.o(.text), (268 bytes).
    Removing bsp_delay.o(.rev16_text), (4 bytes).
    Removing bsp_delay.o(.revsh_text), (4 bytes).
    Removing bsp_delay.o(.rrx_text), (6 bytes).
    Removing bsp_delay.o(.text), (244 bytes).
    Removing misc.o(.rev16_text), (4 bytes).
    Removing misc.o(.revsh_text), (4 bytes).
    Removing misc.o(.rrx_text), (6 bytes).
    Removing n32g430_adc.o(.rev16_text), (4 bytes).
    Removing n32g430_adc.o(.revsh_text), (4 bytes).
    Removing n32g430_adc.o(.rrx_text), (6 bytes).
    Removing n32g430_beeper.o(.rev16_text), (4 bytes).
    Removing n32g430_beeper.o(.revsh_text), (4 bytes).
    Removing n32g430_beeper.o(.rrx_text), (6 bytes).
    Removing n32g430_beeper.o(.text), (184 bytes).
    Removing n32g430_can.o(.rev16_text), (4 bytes).
    Removing n32g430_can.o(.revsh_text), (4 bytes).
    Removing n32g430_can.o(.rrx_text), (6 bytes).
    Removing n32g430_can.o(.text), (3152 bytes).
    Removing n32g430_comp.o(.rev16_text), (4 bytes).
    Removing n32g430_comp.o(.revsh_text), (4 bytes).
    Removing n32g430_comp.o(.rrx_text), (6 bytes).
    Removing n32g430_comp.o(.text), (1632 bytes).
    Removing n32g430_crc.o(.rev16_text), (4 bytes).
    Removing n32g430_crc.o(.revsh_text), (4 bytes).
    Removing n32g430_crc.o(.rrx_text), (6 bytes).
    Removing n32g430_crc.o(.text), (200 bytes).
    Removing n32g430_dbg.o(.rev16_text), (4 bytes).
    Removing n32g430_dbg.o(.revsh_text), (4 bytes).
    Removing n32g430_dbg.o(.rrx_text), (6 bytes).
    Removing n32g430_dbg.o(.text), (188 bytes).
    Removing n32g430_dma.o(.rev16_text), (4 bytes).
    Removing n32g430_dma.o(.revsh_text), (4 bytes).
    Removing n32g430_dma.o(.rrx_text), (6 bytes).
    Removing n32g430_exti.o(.rev16_text), (4 bytes).
    Removing n32g430_exti.o(.revsh_text), (4 bytes).
    Removing n32g430_exti.o(.rrx_text), (6 bytes).
    Removing n32g430_flash.o(.rev16_text), (4 bytes).
    Removing n32g430_flash.o(.revsh_text), (4 bytes).
    Removing n32g430_flash.o(.rrx_text), (6 bytes).
    Removing n32g430_flash.o(.text), (1876 bytes).
    Removing n32g430_gpio.o(.rev16_text), (4 bytes).
    Removing n32g430_gpio.o(.revsh_text), (4 bytes).
    Removing n32g430_gpio.o(.rrx_text), (6 bytes).
    Removing n32g430_i2c.o(.rev16_text), (4 bytes).
    Removing n32g430_i2c.o(.revsh_text), (4 bytes).
    Removing n32g430_i2c.o(.rrx_text), (6 bytes).
    Removing n32g430_i2c.o(.text), (1194 bytes).
    Removing n32g430_iwdg.o(.rev16_text), (4 bytes).
    Removing n32g430_iwdg.o(.revsh_text), (4 bytes).
    Removing n32g430_iwdg.o(.rrx_text), (6 bytes).
    Removing n32g430_iwdg.o(.text), (92 bytes).
    Removing n32g430_lptim.o(.rev16_text), (4 bytes).
    Removing n32g430_lptim.o(.revsh_text), (4 bytes).
    Removing n32g430_lptim.o(.rrx_text), (6 bytes).
    Removing n32g430_lptim.o(.text), (632 bytes).
    Removing n32g430_pwr.o(.rev16_text), (4 bytes).
    Removing n32g430_pwr.o(.revsh_text), (4 bytes).
    Removing n32g430_pwr.o(.rrx_text), (6 bytes).
    Removing n32g430_pwr.o(.text), (516 bytes).
    Removing n32g430_rcc.o(.rev16_text), (4 bytes).
    Removing n32g430_rcc.o(.revsh_text), (4 bytes).
    Removing n32g430_rcc.o(.rrx_text), (6 bytes).
    Removing n32g430_rtc.o(.rev16_text), (4 bytes).
    Removing n32g430_rtc.o(.revsh_text), (4 bytes).
    Removing n32g430_rtc.o(.rrx_text), (6 bytes).
    Removing n32g430_rtc.o(.text), (3140 bytes).
    Removing n32g430_rtc.o(.data), (8 bytes).
    Removing n32g430_spi.o(.rev16_text), (4 bytes).
    Removing n32g430_spi.o(.revsh_text), (4 bytes).
    Removing n32g430_spi.o(.rrx_text), (6 bytes).
    Removing n32g430_spi.o(.text), (1026 bytes).
    Removing n32g430_tim.o(.rev16_text), (4 bytes).
    Removing n32g430_tim.o(.revsh_text), (4 bytes).
    Removing n32g430_tim.o(.rrx_text), (6 bytes).
    Removing n32g430_tim.o(.text), (4596 bytes).
    Removing n32g430_usart.o(.rev16_text), (4 bytes).
    Removing n32g430_usart.o(.revsh_text), (4 bytes).
    Removing n32g430_usart.o(.rrx_text), (6 bytes).
    Removing n32g430_usart.o(.text), (980 bytes).
    Removing n32g430_wwdg.o(.rev16_text), (4 bytes).
    Removing n32g430_wwdg.o(.revsh_text), (4 bytes).
    Removing n32g430_wwdg.o(.rrx_text), (6 bytes).
    Removing n32g430_wwdg.o(.text), (128 bytes).
    Removing dadd.o(.text), (334 bytes).
    Removing dmul.o(.text), (228 bytes).
    Removing ddiv.o(.text), (222 bytes).
    Removing dneg.o(.text), (6 bytes).
    Removing dflti.o(.text), (34 bytes).
    Removing dfltui.o(.text), (26 bytes).
    Removing dfixi.o(.text), (62 bytes).
    Removing f2d.o(.text), (38 bytes).
    Removing cdcmple.o(.text), (48 bytes).
    Removing d2f.o(.text), (56 bytes).
    Removing fepilogue.o(.text), (110 bytes).
    Removing depilogue.o(.text), (186 bytes).
    Removing dfixul.o(.text), (48 bytes).
    Removing cdrcmple.o(.text), (48 bytes).
    Removing dsqrt.o(.text), (162 bytes).

159 unused section(s) (total 51952 bytes) removed from the image.

==============================================================================

Image Symbol Table

    Local Symbols

    Symbol Name                              Value     Ov Type        Size  Object(Section)

    ../clib/microlib/division.c              0x00000000   Number         0  uidiv.o ABSOLUTE
    ../clib/microlib/division.c              0x00000000   Number         0  uldiv.o ABSOLUTE
    ../clib/microlib/division.c              0x00000000   Number         0  ldiv.o ABSOLUTE
    ../clib/microlib/errno.c                 0x00000000   Number         0  errno.o ABSOLUTE
    ../clib/microlib/init/entry.s            0x00000000   Number         0  entry8b.o ABSOLUTE
    ../clib/microlib/init/entry.s            0x00000000   Number         0  entry10a.o ABSOLUTE
    ../clib/microlib/init/entry.s            0x00000000   Number         0  entry7b.o ABSOLUTE
    ../clib/microlib/init/entry.s            0x00000000   Number         0  entry8a.o ABSOLUTE
    ../clib/microlib/init/entry.s            0x00000000   Number         0  entry7a.o ABSOLUTE
    ../clib/microlib/init/entry.s            0x00000000   Number         0  entry5.o ABSOLUTE
    ../clib/microlib/init/entry.s            0x00000000   Number         0  entry.o ABSOLUTE
    ../clib/microlib/init/entry.s            0x00000000   Number         0  entry11b.o ABSOLUTE
    ../clib/microlib/init/entry.s            0x00000000   Number         0  entry11a.o ABSOLUTE
    ../clib/microlib/init/entry.s            0x00000000   Number         0  entry10b.o ABSOLUTE
    ../clib/microlib/init/entry.s            0x00000000   Number         0  entry9b.o ABSOLUTE
    ../clib/microlib/init/entry.s            0x00000000   Number         0  entry9a.o ABSOLUTE
    ../clib/microlib/init/entry.s            0x00000000   Number         0  entry2.o ABSOLUTE
    ../clib/microlib/longlong.c              0x00000000   Number         0  llsshr.o ABSOLUTE
    ../clib/microlib/longlong.c              0x00000000   Number         0  llushr.o ABSOLUTE
    ../clib/microlib/longlong.c              0x00000000   Number         0  llshl.o ABSOLUTE
    ../clib/microlib/printf/printf.c         0x00000000   Number         0  printf3.o ABSOLUTE
    ../clib/microlib/printf/printf.c         0x00000000   Number         0  printf2.o ABSOLUTE
    ../clib/microlib/printf/printf.c         0x00000000   Number         0  printf0.o ABSOLUTE
    ../clib/microlib/printf/printf.c         0x00000000   Number         0  printfb.o ABSOLUTE
    ../clib/microlib/printf/printf.c         0x00000000   Number         0  printf5.o ABSOLUTE
    ../clib/microlib/printf/printf.c         0x00000000   Number         0  printf6.o ABSOLUTE
    ../clib/microlib/printf/printf.c         0x00000000   Number         0  printf7.o ABSOLUTE
    ../clib/microlib/printf/printf.c         0x00000000   Number         0  printfa.o ABSOLUTE
    ../clib/microlib/printf/printf.c         0x00000000   Number         0  printf8.o ABSOLUTE
    ../clib/microlib/printf/printf.c         0x00000000   Number         0  printf1.o ABSOLUTE
    ../clib/microlib/printf/printf.c         0x00000000   Number         0  printf4.o ABSOLUTE
    ../clib/microlib/printf/stubs.s          0x00000000   Number         0  stubs.o ABSOLUTE
    ../clib/microlib/stdio/streams.c         0x00000000   Number         0  stdout.o ABSOLUTE
    ../clib/microlib/string/memcmp.c         0x00000000   Number         0  memcmp.o ABSOLUTE
    ../clib/microlib/string/memset.c         0x00000000   Number         0  memseta.o ABSOLUTE
    ../clib/microlib/stubs.s                 0x00000000   Number         0  iusefp.o ABSOLUTE
    ../fplib/microlib/d2f.c                  0x00000000   Number         0  d2f.o ABSOLUTE
    ../fplib/microlib/f2d.c                  0x00000000   Number         0  f2d.o ABSOLUTE
    ../fplib/microlib/fpadd.c                0x00000000   Number         0  dadd.o ABSOLUTE
    ../fplib/microlib/fpdiv.c                0x00000000   Number         0  ddiv.o ABSOLUTE
    ../fplib/microlib/fpepilogue.c           0x00000000   Number         0  fepilogue.o ABSOLUTE
    ../fplib/microlib/fpepilogue.c           0x00000000   Number         0  depilogue.o ABSOLUTE
    ../fplib/microlib/fpfix.c                0x00000000   Number         0  dfixi.o ABSOLUTE
    ../fplib/microlib/fpfix.c                0x00000000   Number         0  dfixul.o ABSOLUTE
    ../fplib/microlib/fpflt.c                0x00000000   Number         0  dflti.o ABSOLUTE
    ../fplib/microlib/fpflt.c                0x00000000   Number         0  dfltui.o ABSOLUTE
    ../fplib/microlib/fpmul.c                0x00000000   Number         0  dmul.o ABSOLUTE
    ../fplib/microlib/fpneg.c                0x00000000   Number         0  dneg.o ABSOLUTE
    ../fplib/microlib/fpsqrt.c               0x00000000   Number         0  dsqrt.o ABSOLUTE
    ../mathlib/asin.c                        0x00000000   Number         0  asin_x.o ABSOLUTE
    ../mathlib/asin.c                        0x00000000   Number         0  asin.o ABSOLUTE
    ../mathlib/atan.c                        0x00000000   Number         0  atan.o ABSOLUTE
    ../mathlib/atan.c                        0x00000000   Number         0  atan_x.o ABSOLUTE
    ../mathlib/atan2.c                       0x00000000   Number         0  atan2.o ABSOLUTE
    ../mathlib/atan2.c                       0x00000000   Number         0  atan2_x.o ABSOLUTE
    ../mathlib/dunder.c                      0x00000000   Number         0  dunder.o ABSOLUTE
    ../mathlib/fabs.c                        0x00000000   Number         0  fabs.o ABSOLUTE
    ../mathlib/fpclassify.c                  0x00000000   Number         0  fpclassify.o ABSOLUTE
    ../mathlib/poly.c                        0x00000000   Number         0  poly.o ABSOLUTE
    ../mathlib/qnan.c                        0x00000000   Number         0  qnan.o ABSOLUTE
    ../mathlib/sqrt.c                        0x00000000   Number         0  sqrt.o ABSOLUTE
    ../mathlib/sqrt.c                        0x00000000   Number         0  sqrt_x.o ABSOLUTE
    ..\\firmware\\CMSIS\\device\\system_n32g430.c 0x00000000   Number         0  system_n32g430.o ABSOLUTE
    ..\\firmware\\n32g430_std_periph_driver\\src\\misc.c 0x00000000   Number         0  misc.o ABSOLUTE
    ..\\firmware\\n32g430_std_periph_driver\\src\\n32g430_adc.c 0x00000000   Number         0  n32g430_adc.o ABSOLUTE
    ..\\firmware\\n32g430_std_periph_driver\\src\\n32g430_beeper.c 0x00000000   Number         0  n32g430_beeper.o ABSOLUTE
    ..\\firmware\\n32g430_std_periph_driver\\src\\n32g430_can.c 0x00000000   Number         0  n32g430_can.o ABSOLUTE
    ..\\firmware\\n32g430_std_periph_driver\\src\\n32g430_comp.c 0x00000000   Number         0  n32g430_comp.o ABSOLUTE
    ..\\firmware\\n32g430_std_periph_driver\\src\\n32g430_crc.c 0x00000000   Number         0  n32g430_crc.o ABSOLUTE
    ..\\firmware\\n32g430_std_periph_driver\\src\\n32g430_dbg.c 0x00000000   Number         0  n32g430_dbg.o ABSOLUTE
    ..\\firmware\\n32g430_std_periph_driver\\src\\n32g430_dma.c 0x00000000   Number         0  n32g430_dma.o ABSOLUTE
    ..\\firmware\\n32g430_std_periph_driver\\src\\n32g430_exti.c 0x00000000   Number         0  n32g430_exti.o ABSOLUTE
    ..\\firmware\\n32g430_std_periph_driver\\src\\n32g430_flash.c 0x00000000   Number         0  n32g430_flash.o ABSOLUTE
    ..\\firmware\\n32g430_std_periph_driver\\src\\n32g430_gpio.c 0x00000000   Number         0  n32g430_gpio.o ABSOLUTE
    ..\\firmware\\n32g430_std_periph_driver\\src\\n32g430_i2c.c 0x00000000   Number         0  n32g430_i2c.o ABSOLUTE
    ..\\firmware\\n32g430_std_periph_driver\\src\\n32g430_iwdg.c 0x00000000   Number         0  n32g430_iwdg.o ABSOLUTE
    ..\\firmware\\n32g430_std_periph_driver\\src\\n32g430_lptim.c 0x00000000   Number         0  n32g430_lptim.o ABSOLUTE
    ..\\firmware\\n32g430_std_periph_driver\\src\\n32g430_pwr.c 0x00000000   Number         0  n32g430_pwr.o ABSOLUTE
    ..\\firmware\\n32g430_std_periph_driver\\src\\n32g430_rcc.c 0x00000000   Number         0  n32g430_rcc.o ABSOLUTE
    ..\\firmware\\n32g430_std_periph_driver\\src\\n32g430_rtc.c 0x00000000   Number         0  n32g430_rtc.o ABSOLUTE
    ..\\firmware\\n32g430_std_periph_driver\\src\\n32g430_spi.c 0x00000000   Number         0  n32g430_spi.o ABSOLUTE
    ..\\firmware\\n32g430_std_periph_driver\\src\\n32g430_tim.c 0x00000000   Number         0  n32g430_tim.o ABSOLUTE
    ..\\firmware\\n32g430_std_periph_driver\\src\\n32g430_usart.c 0x00000000   Number         0  n32g430_usart.o ABSOLUTE
    ..\\firmware\\n32g430_std_periph_driver\\src\\n32g430_wwdg.c 0x00000000   Number         0  n32g430_wwdg.o ABSOLUTE
    ..\firmware\CMSIS\device\startup\startup_n32g430.s 0x00000000   Number         0  startup_n32g430.o ABSOLUTE
    ..\firmware\CMSIS\device\system_n32g430.c 0x00000000   Number         0  system_n32g430.o ABSOLUTE
    ..\firmware\n32g430_std_periph_driver\src\misc.c 0x00000000   Number         0  misc.o ABSOLUTE
    ..\firmware\n32g430_std_periph_driver\src\n32g430_adc.c 0x00000000   Number         0  n32g430_adc.o ABSOLUTE
    ..\firmware\n32g430_std_periph_driver\src\n32g430_beeper.c 0x00000000   Number         0  n32g430_beeper.o ABSOLUTE
    ..\firmware\n32g430_std_periph_driver\src\n32g430_can.c 0x00000000   Number         0  n32g430_can.o ABSOLUTE
    ..\firmware\n32g430_std_periph_driver\src\n32g430_comp.c 0x00000000   Number         0  n32g430_comp.o ABSOLUTE
    ..\firmware\n32g430_std_periph_driver\src\n32g430_crc.c 0x00000000   Number         0  n32g430_crc.o ABSOLUTE
    ..\firmware\n32g430_std_periph_driver\src\n32g430_dbg.c 0x00000000   Number         0  n32g430_dbg.o ABSOLUTE
    ..\firmware\n32g430_std_periph_driver\src\n32g430_dma.c 0x00000000   Number         0  n32g430_dma.o ABSOLUTE
    ..\firmware\n32g430_std_periph_driver\src\n32g430_exti.c 0x00000000   Number         0  n32g430_exti.o ABSOLUTE
    ..\firmware\n32g430_std_periph_driver\src\n32g430_flash.c 0x00000000   Number         0  n32g430_flash.o ABSOLUTE
    ..\firmware\n32g430_std_periph_driver\src\n32g430_gpio.c 0x00000000   Number         0  n32g430_gpio.o ABSOLUTE
    ..\firmware\n32g430_std_periph_driver\src\n32g430_i2c.c 0x00000000   Number         0  n32g430_i2c.o ABSOLUTE
    ..\firmware\n32g430_std_periph_driver\src\n32g430_iwdg.c 0x00000000   Number         0  n32g430_iwdg.o ABSOLUTE
    ..\firmware\n32g430_std_periph_driver\src\n32g430_lptim.c 0x00000000   Number         0  n32g430_lptim.o ABSOLUTE
    ..\firmware\n32g430_std_periph_driver\src\n32g430_pwr.c 0x00000000   Number         0  n32g430_pwr.o ABSOLUTE
    ..\firmware\n32g430_std_periph_driver\src\n32g430_rcc.c 0x00000000   Number         0  n32g430_rcc.o ABSOLUTE
    ..\firmware\n32g430_std_periph_driver\src\n32g430_rtc.c 0x00000000   Number         0  n32g430_rtc.o ABSOLUTE
    ..\firmware\n32g430_std_periph_driver\src\n32g430_spi.c 0x00000000   Number         0  n32g430_spi.o ABSOLUTE
    ..\firmware\n32g430_std_periph_driver\src\n32g430_tim.c 0x00000000   Number         0  n32g430_tim.o ABSOLUTE
    ..\firmware\n32g430_std_periph_driver\src\n32g430_usart.c 0x00000000   Number         0  n32g430_usart.o ABSOLUTE
    ..\firmware\n32g430_std_periph_driver\src\n32g430_wwdg.c 0x00000000   Number         0  n32g430_wwdg.o ABSOLUTE
    cdcmple.s                                0x00000000   Number         0  cdcmple.o ABSOLUTE
    cdrcmple.s                               0x00000000   Number         0  cdrcmple.o ABSOLUTE
    dc.s                                     0x00000000   Number         0  dc.o ABSOLUTE
    handlers.s                               0x00000000   Number         0  handlers.o ABSOLUTE
    init.s                                   0x00000000   Number         0  init.o ABSOLUTE
    src\\adc.c                               0x00000000   Number         0  adc.o ABSOLUTE
    src\\bsp_delay.c                         0x00000000   Number         0  bsp_delay.o ABSOLUTE
    src\\eMPL\\inv_mpu.c                     0x00000000   Number         0  inv_mpu.o ABSOLUTE
    src\\eMPL\\inv_mpu_dmp_motion_driver.c   0x00000000   Number         0  inv_mpu_dmp_motion_driver.o ABSOLUTE
    src\\esp12f_io0.c                        0x00000000   Number         0  esp12f_io0.o ABSOLUTE
    src\\exti.c                              0x00000000   Number         0  exti.o ABSOLUTE
    src\\i2c_drv.c                           0x00000000   Number         0  i2c_drv.o ABSOLUTE
    src\\key.c                               0x00000000   Number         0  key.o ABSOLUTE
    src\\led.c                               0x00000000   Number         0  led.o ABSOLUTE
    src\\log.c                               0x00000000   Number         0  log.o ABSOLUTE
    src\\main.c                              0x00000000   Number         0  main.o ABSOLUTE
    src\\mpu6050.c                           0x00000000   Number         0  mpu6050.o ABSOLUTE
    src\\myiic.c                             0x00000000   Number         0  myiic.o ABSOLUTE
    src\\n32g430_it.c                        0x00000000   Number         0  n32g430_it.o ABSOLUTE
    src\\oled.c                              0x00000000   Number         0  oled.o ABSOLUTE
    src\adc.c                                0x00000000   Number         0  adc.o ABSOLUTE
    src\bsp_delay.c                          0x00000000   Number         0  bsp_delay.o ABSOLUTE
    src\eMPL\inv_mpu.c                       0x00000000   Number         0  inv_mpu.o ABSOLUTE
    src\eMPL\inv_mpu_dmp_motion_driver.c     0x00000000   Number         0  inv_mpu_dmp_motion_driver.o ABSOLUTE
    src\esp12f_io0.c                         0x00000000   Number         0  esp12f_io0.o ABSOLUTE
    src\exti.c                               0x00000000   Number         0  exti.o ABSOLUTE
    src\i2c_drv.c                            0x00000000   Number         0  i2c_drv.o ABSOLUTE
    src\key.c                                0x00000000   Number         0  key.o ABSOLUTE
    src\led.c                                0x00000000   Number         0  led.o ABSOLUTE
    src\log.c                                0x00000000   Number         0  log.o ABSOLUTE
    src\main.c                               0x00000000   Number         0  main.o ABSOLUTE
    src\mpu6050.c                            0x00000000   Number         0  mpu6050.o ABSOLUTE
    src\myiic.c                              0x00000000   Number         0  myiic.o ABSOLUTE
    src\n32g430_it.c                         0x00000000   Number         0  n32g430_it.o ABSOLUTE
    src\oled.c                               0x00000000   Number         0  oled.o ABSOLUTE
    RESET                                    0x08000000   Section      276  startup_n32g430.o(RESET)
    .ARM.Collect$$$$00000000                 0x08000114   Section        0  entry.o(.ARM.Collect$$$$00000000)
    .ARM.Collect$$$$00000001                 0x08000114   Section        4  entry2.o(.ARM.Collect$$$$00000001)
    .ARM.Collect$$$$00000004                 0x08000118   Section        4  entry5.o(.ARM.Collect$$$$00000004)
    .ARM.Collect$$$$00000008                 0x0800011c   Section        0  entry7b.o(.ARM.Collect$$$$00000008)
    .ARM.Collect$$$$0000000A                 0x0800011c   Section        0  entry8b.o(.ARM.Collect$$$$0000000A)
    .ARM.Collect$$$$0000000B                 0x0800011c   Section        8  entry9a.o(.ARM.Collect$$$$0000000B)
    .ARM.Collect$$$$0000000D                 0x08000124   Section        0  entry10a.o(.ARM.Collect$$$$0000000D)
    .ARM.Collect$$$$0000000F                 0x08000124   Section        0  entry11a.o(.ARM.Collect$$$$0000000F)
    .ARM.Collect$$$$00002712                 0x08000124   Section        4  entry2.o(.ARM.Collect$$$$00002712)
    __lit__00000000                          0x08000124   Data           4  entry2.o(.ARM.Collect$$$$00002712)
    .text                                    0x08000128   Section       36  startup_n32g430.o(.text)
    $v0                                      0x08000128   Number         0  startup_n32g430.o(.text)
    .text                                    0x0800014c   Section        0  system_n32g430.o(.text)
    System_Clock_Set                         0x0800014d   Thumb Code   254  system_n32g430.o(.text)
    .text                                    0x080003c0   Section        0  main.o(.text)
    .text                                    0x0800040c   Section        0  n32g430_it.o(.text)
    .text                                    0x08000424   Section        0  esp12f_io0.o(.text)
    .text                                    0x08000464   Section        0  led.o(.text)
    .text                                    0x080004a4   Section        0  key.o(.text)
    .text                                    0x080005b4   Section        0  adc.o(.text)
    .text                                    0x080006c0   Section        0  exti.o(.text)
    .text                                    0x08000788   Section        0  misc.o(.text)
    .text                                    0x08000860   Section        0  n32g430_adc.o(.text)
    .text                                    0x0800109c   Section        0  n32g430_dma.o(.text)
    .text                                    0x080012e4   Section        0  n32g430_exti.o(.text)
    .text                                    0x0800141c   Section        0  n32g430_gpio.o(.text)
    .text                                    0x08001d08   Section        0  n32g430_rcc.o(.text)
    .text                                    0x080023d0   Section       36  init.o(.text)
    i.__scatterload_copy                     0x080023f4   Section       14  handlers.o(i.__scatterload_copy)
    i.__scatterload_null                     0x08002402   Section        2  handlers.o(i.__scatterload_null)
    i.__scatterload_zeroinit                 0x08002404   Section       14  handlers.o(i.__scatterload_zeroinit)
    .constdata                               0x08002412   Section       16  system_n32g430.o(.constdata)
    .constdata                               0x08002422   Section       64  n32g430_rcc.o(.constdata)
    APBAHBPresTable                          0x08002422   Data          16  n32g430_rcc.o(.constdata)
    ADCHCLKPresTable                         0x08002432   Data          16  n32g430_rcc.o(.constdata)
    ADCPLLCLKPresTable                       0x08002442   Data          32  n32g430_rcc.o(.constdata)
    .data                                    0x20000000   Section        4  system_n32g430.o(.data)
    .data                                    0x20000004   Section        7  key.o(.data)
    .data                                    0x2000000c   Section        2  adc.o(.data)
    .data                                    0x20000010   Section       12  n32g430_adc.o(.data)
    STACK                                    0x20000020   Section     5376  startup_n32g430.o(STACK)

    Global Symbols

    Symbol Name                              Value     Ov Type        Size  Object(Section)

    BuildAttributes$$THM_ISAv4$E$P$D$K$B$S$7EM$VFPi3$EXTD16$VFPS$VFMA$PE$A:L22UL41UL21$X:L11$S22US41US21$IEEE1$IW$USESV6$~STKCKD$USESV7$~SHL$OTIME$ROPI$IEEEX$EBA8$MICROLIB$REQ8$PRES8$EABIv2 0x00000000   Number         0  anon$$obj.o ABSOLUTE
    __ARM_use_no_argv                        0x00000000   Number         0  main.o ABSOLUTE
    _printf_a                                0x00000000   Number         0  stubs.o ABSOLUTE
    _printf_c                                0x00000000   Number         0  stubs.o ABSOLUTE
    _printf_charcount                        0x00000000   Number         0  stubs.o ABSOLUTE
    _printf_d                                0x00000000   Number         0  stubs.o ABSOLUTE
    _printf_e                                0x00000000   Number         0  stubs.o ABSOLUTE
    _printf_f                                0x00000000   Number         0  stubs.o ABSOLUTE
    _printf_flags                            0x00000000   Number         0  stubs.o ABSOLUTE
    _printf_fp_dec                           0x00000000   Number         0  stubs.o ABSOLUTE
    _printf_fp_hex                           0x00000000   Number         0  stubs.o ABSOLUTE
    _printf_g                                0x00000000   Number         0  stubs.o ABSOLUTE
    _printf_i                                0x00000000   Number         0  stubs.o ABSOLUTE
    _printf_int_dec                          0x00000000   Number         0  stubs.o ABSOLUTE
    _printf_l                                0x00000000   Number         0  stubs.o ABSOLUTE
    _printf_lc                               0x00000000   Number         0  stubs.o ABSOLUTE
    _printf_ll                               0x00000000   Number         0  stubs.o ABSOLUTE
    _printf_lld                              0x00000000   Number         0  stubs.o ABSOLUTE
    _printf_lli                              0x00000000   Number         0  stubs.o ABSOLUTE
    _printf_llo                              0x00000000   Number         0  stubs.o ABSOLUTE
    _printf_llu                              0x00000000   Number         0  stubs.o ABSOLUTE
    _printf_llx                              0x00000000   Number         0  stubs.o ABSOLUTE
    _printf_longlong_dec                     0x00000000   Number         0  stubs.o ABSOLUTE
    _printf_longlong_hex                     0x00000000   Number         0  stubs.o ABSOLUTE
    _printf_longlong_oct                     0x00000000   Number         0  stubs.o ABSOLUTE
    _printf_ls                               0x00000000   Number         0  stubs.o ABSOLUTE
    _printf_mbtowc                           0x00000000   Number         0  stubs.o ABSOLUTE
    _printf_n                                0x00000000   Number         0  stubs.o ABSOLUTE
    _printf_o                                0x00000000   Number         0  stubs.o ABSOLUTE
    _printf_p                                0x00000000   Number         0  stubs.o ABSOLUTE
    _printf_percent                          0x00000000   Number         0  stubs.o ABSOLUTE
    _printf_pre_padding                      0x00000000   Number         0  stubs.o ABSOLUTE
    _printf_return_value                     0x00000000   Number         0  stubs.o ABSOLUTE
    _printf_s                                0x00000000   Number         0  stubs.o ABSOLUTE
    _printf_sizespec                         0x00000000   Number         0  stubs.o ABSOLUTE
    _printf_str                              0x00000000   Number         0  stubs.o ABSOLUTE
    _printf_truncate_signed                  0x00000000   Number         0  stubs.o ABSOLUTE
    _printf_truncate_unsigned                0x00000000   Number         0  stubs.o ABSOLUTE
    _printf_u                                0x00000000   Number         0  stubs.o ABSOLUTE
    _printf_wc                               0x00000000   Number         0  stubs.o ABSOLUTE
    _printf_wctomb                           0x00000000   Number         0  stubs.o ABSOLUTE
    _printf_widthprec                        0x00000000   Number         0  stubs.o ABSOLUTE
    _printf_x                                0x00000000   Number         0  stubs.o ABSOLUTE
    __cpp_initialize__aeabi_                  - Undefined Weak Reference
    __cxa_finalize                            - Undefined Weak Reference
    __decompress                              - Undefined Weak Reference
    _clock_init                               - Undefined Weak Reference
    _microlib_exit                            - Undefined Weak Reference
    __Vectors_Size                           0x00000114   Number         0  startup_n32g430.o ABSOLUTE
    __Vectors                                0x08000000   Data           4  startup_n32g430.o(RESET)
    __Vectors_End                            0x08000114   Data           0  startup_n32g430.o(RESET)
    __main                                   0x08000115   Thumb Code     0  entry.o(.ARM.Collect$$$$00000000)
    _main_stk                                0x08000115   Thumb Code     0  entry2.o(.ARM.Collect$$$$00000001)
    _main_scatterload                        0x08000119   Thumb Code     0  entry5.o(.ARM.Collect$$$$00000004)
    __main_after_scatterload                 0x0800011d   Thumb Code     0  entry5.o(.ARM.Collect$$$$00000004)
    _main_clock                              0x0800011d   Thumb Code     0  entry7b.o(.ARM.Collect$$$$00000008)
    _main_cpp_init                           0x0800011d   Thumb Code     0  entry8b.o(.ARM.Collect$$$$0000000A)
    _main_init                               0x0800011d   Thumb Code     0  entry9a.o(.ARM.Collect$$$$0000000B)
    __rt_final_cpp                           0x08000125   Thumb Code     0  entry10a.o(.ARM.Collect$$$$0000000D)
    __rt_final_exit                          0x08000125   Thumb Code     0  entry11a.o(.ARM.Collect$$$$0000000F)
    Reset_Handler                            0x08000129   Thumb Code     8  startup_n32g430.o(.text)
    PendSV_Handler                           0x0800013f   Thumb Code     2  startup_n32g430.o(.text)
    ADC_IRQHandler                           0x08000143   Thumb Code     0  startup_n32g430.o(.text)
    CAN_RX0_IRQHandler                       0x08000143   Thumb Code     0  startup_n32g430.o(.text)
    CAN_RX1_IRQHandler                       0x08000143   Thumb Code     0  startup_n32g430.o(.text)
    CAN_SCE_IRQHandler                       0x08000143   Thumb Code     0  startup_n32g430.o(.text)
    CAN_TX_IRQHandler                        0x08000143   Thumb Code     0  startup_n32g430.o(.text)
    COMP_1_2_3_IRQHandler                    0x08000143   Thumb Code     0  startup_n32g430.o(.text)
    DMA_Channel1_IRQHandler                  0x08000143   Thumb Code     0  startup_n32g430.o(.text)
    DMA_Channel2_IRQHandler                  0x08000143   Thumb Code     0  startup_n32g430.o(.text)
    DMA_Channel3_IRQHandler                  0x08000143   Thumb Code     0  startup_n32g430.o(.text)
    DMA_Channel4_IRQHandler                  0x08000143   Thumb Code     0  startup_n32g430.o(.text)
    DMA_Channel5_IRQHandler                  0x08000143   Thumb Code     0  startup_n32g430.o(.text)
    DMA_Channel6_IRQHandler                  0x08000143   Thumb Code     0  startup_n32g430.o(.text)
    DMA_Channel7_IRQHandler                  0x08000143   Thumb Code     0  startup_n32g430.o(.text)
    DMA_Channel8_IRQHandler                  0x08000143   Thumb Code     0  startup_n32g430.o(.text)
    EXTI0_IRQHandler                         0x08000143   Thumb Code     0  startup_n32g430.o(.text)
    EXTI15_10_IRQHandler                     0x08000143   Thumb Code     0  startup_n32g430.o(.text)
    EXTI1_IRQHandler                         0x08000143   Thumb Code     0  startup_n32g430.o(.text)
    EXTI2_IRQHandler                         0x08000143   Thumb Code     0  startup_n32g430.o(.text)
    EXTI3_IRQHandler                         0x08000143   Thumb Code     0  startup_n32g430.o(.text)
    EXTI4_IRQHandler                         0x08000143   Thumb Code     0  startup_n32g430.o(.text)
    FLASH_IRQHandler                         0x08000143   Thumb Code     0  startup_n32g430.o(.text)
    I2C1_ER_IRQHandler                       0x08000143   Thumb Code     0  startup_n32g430.o(.text)
    I2C1_EV_IRQHandler                       0x08000143   Thumb Code     0  startup_n32g430.o(.text)
    I2C2_ER_IRQHandler                       0x08000143   Thumb Code     0  startup_n32g430.o(.text)
    I2C2_EV_IRQHandler                       0x08000143   Thumb Code     0  startup_n32g430.o(.text)
    LPTIM_WKUP_IRQHandler                    0x08000143   Thumb Code     0  startup_n32g430.o(.text)
    MMU_IRQHandler                           0x08000143   Thumb Code     0  startup_n32g430.o(.text)
    PVD_IRQHandler                           0x08000143   Thumb Code     0  startup_n32g430.o(.text)
    RCC_IRQHandler                           0x08000143   Thumb Code     0  startup_n32g430.o(.text)
    RTCAlarm_IRQHandler                      0x08000143   Thumb Code     0  startup_n32g430.o(.text)
    RTC_TAMPER_STAMP_IRQHandler              0x08000143   Thumb Code     0  startup_n32g430.o(.text)
    RTC_WKUP_IRQHandler                      0x08000143   Thumb Code     0  startup_n32g430.o(.text)
    SPI1_IRQHandler                          0x08000143   Thumb Code     0  startup_n32g430.o(.text)
    SPI2_IRQHandler                          0x08000143   Thumb Code     0  startup_n32g430.o(.text)
    TIM1_BRK_IRQHandler                      0x08000143   Thumb Code     0  startup_n32g430.o(.text)
    TIM1_CC_IRQHandler                       0x08000143   Thumb Code     0  startup_n32g430.o(.text)
    TIM1_TRG_COM_IRQHandler                  0x08000143   Thumb Code     0  startup_n32g430.o(.text)
    TIM1_UP_IRQHandler                       0x08000143   Thumb Code     0  startup_n32g430.o(.text)
    TIM2_IRQHandler                          0x08000143   Thumb Code     0  startup_n32g430.o(.text)
    TIM3_IRQHandler                          0x08000143   Thumb Code     0  startup_n32g430.o(.text)
    TIM4_IRQHandler                          0x08000143   Thumb Code     0  startup_n32g430.o(.text)
    TIM5_IRQHandler                          0x08000143   Thumb Code     0  startup_n32g430.o(.text)
    TIM6_IRQHandler                          0x08000143   Thumb Code     0  startup_n32g430.o(.text)
    TIM8_BRK_IRQHandler                      0x08000143   Thumb Code     0  startup_n32g430.o(.text)
    TIM8_CC_IRQHandler                       0x08000143   Thumb Code     0  startup_n32g430.o(.text)
    TIM8_TRG_COM_IRQHandler                  0x08000143   Thumb Code     0  startup_n32g430.o(.text)
    TIM8_UP_IRQHandler                       0x08000143   Thumb Code     0  startup_n32g430.o(.text)
    UART3_IRQHandler                         0x08000143   Thumb Code     0  startup_n32g430.o(.text)
    UART4_IRQHandler                         0x08000143   Thumb Code     0  startup_n32g430.o(.text)
    USART1_IRQHandler                        0x08000143   Thumb Code     0  startup_n32g430.o(.text)
    USART2_IRQHandler                        0x08000143   Thumb Code     0  startup_n32g430.o(.text)
    WWDG_IRQHandler                          0x08000143   Thumb Code     0  startup_n32g430.o(.text)
    System_Initializes                       0x0800024b   Thumb Code   144  system_n32g430.o(.text)
    System_Clock_Frequency_Update            0x080002db   Thumb Code   182  system_n32g430.o(.text)
    main                                     0x080003c1   Thumb Code    28  main.o(.text)
    EXTI9_5_IRQHandler                       0x080003dd   Thumb Code    38  main.o(.text)
    NMI_Handler                              0x0800040d   Thumb Code     2  n32g430_it.o(.text)
    HardFault_Handler                        0x0800040f   Thumb Code     4  n32g430_it.o(.text)
    MemManage_Handler                        0x08000413   Thumb Code     4  n32g430_it.o(.text)
    BusFault_Handler                         0x08000417   Thumb Code     4  n32g430_it.o(.text)
    UsageFault_Handler                       0x0800041b   Thumb Code     4  n32g430_it.o(.text)
    SVC_Handler                              0x0800041f   Thumb Code     2  n32g430_it.o(.text)
    DebugMon_Handler                         0x08000421   Thumb Code     2  n32g430_it.o(.text)
    SysTick_Handler                          0x08000423   Thumb Code     2  n32g430_it.o(.text)
    ESP12F_IO0_Init                          0x08000425   Thumb Code    58  esp12f_io0.o(.text)
    LED_GPIO_Init                            0x08000465   Thumb Code    60  led.o(.text)
    Key_GPIO_Init                            0x080004a5   Thumb Code    44  key.o(.text)
    Key_Scanf                                0x080004d1   Thumb Code   178  key.o(.text)
    KEY_Handle                               0x08000583   Thumb Code    30  key.o(.text)
    ADC_RCC_Configuration                    0x080005b5   Thumb Code    32  adc.o(.text)
    ADC_GPIO_Configuration                   0x080005d5   Thumb Code    30  adc.o(.text)
    ADC_Configuration                        0x080005f3   Thumb Code   190  adc.o(.text)
    EXTI_Init                                0x080006c1   Thumb Code   182  exti.o(.text)
    NVIC_Priority_Group_Set                  0x08000789   Thumb Code    10  misc.o(.text)
    NVIC_Initializes                         0x08000793   Thumb Code   100  misc.o(.text)
    NVIC_Vector_Table_Set                    0x080007f7   Thumb Code    14  misc.o(.text)
    NVIC_System_LowPower_Enable              0x08000805   Thumb Code    16  misc.o(.text)
    NVIC_System_Low_Power_Disable            0x08000815   Thumb Code    16  misc.o(.text)
    SysTick_Clock_Source_Set                 0x08000825   Thumb Code    40  misc.o(.text)
    ADC_Vrefint_Get                          0x08000861   Thumb Code    18  n32g430_adc.o(.text)
    ADC_Reset                                0x08000873   Thumb Code    12  n32g430_adc.o(.text)
    ADC_Multichannels_Enable                 0x0800087f   Thumb Code    14  n32g430_adc.o(.text)
    ADC_Multichannels_Disable                0x0800088d   Thumb Code    14  n32g430_adc.o(.text)
    ADC_Continue_Conversion_Enable           0x0800089b   Thumb Code    18  n32g430_adc.o(.text)
    ADC_Continue_Conversion_Disable          0x080008ad   Thumb Code    18  n32g430_adc.o(.text)
    ADC_Regular_Group_External_Trigger_Source_Config 0x080008bf   Thumb Code    26  n32g430_adc.o(.text)
    ADC_Data_Alignment_Config                0x080008d9   Thumb Code    26  n32g430_adc.o(.text)
    ADC_Regular_Channels_Number_Config       0x080008f3   Thumb Code    26  n32g430_adc.o(.text)
    ADC_Initializes                          0x0800090d   Thumb Code    52  n32g430_adc.o(.text)
    ADC_Initializes_Structure                0x08000941   Thumb Code    14  n32g430_adc.o(.text)
    ADC_ON                                   0x0800094f   Thumb Code    18  n32g430_adc.o(.text)
    ADC_OFF                                  0x08000961   Thumb Code    18  n32g430_adc.o(.text)
    ADC_DMA_Transfer_Enable                  0x08000973   Thumb Code    18  n32g430_adc.o(.text)
    ADC_DMA_Transfer_Disable                 0x08000985   Thumb Code    18  n32g430_adc.o(.text)
    ADC_Interrupts_Enable                    0x08000997   Thumb Code    32  n32g430_adc.o(.text)
    ADC_Interrupts_Disable                   0x080009b7   Thumb Code    32  n32g430_adc.o(.text)
    ADC_Calibration_Operation                0x080009d7   Thumb Code    72  n32g430_adc.o(.text)
    ADC_Regular_Channels_Software_Conversion_Operation 0x08000a1f   Thumb Code    76  n32g430_adc.o(.text)
    ADC_Discontinuous_Mode_Channel_Count_Config 0x08000a6b   Thumb Code    22  n32g430_adc.o(.text)
    ADC_Discontinuous_Mode_Config            0x08000a81   Thumb Code    76  n32g430_adc.o(.text)
    ADC_Channel_Sample_Time_Config           0x08000acd   Thumb Code   140  n32g430_adc.o(.text)
    ADC_Regular_Sequence_Conversion_Number_Config 0x08000b59   Thumb Code   154  n32g430_adc.o(.text)
    ADC_External_Trigger_Conversion_Config   0x08000bf3   Thumb Code   110  n32g430_adc.o(.text)
    ADC_Regular_Group_Conversion_Data_Get    0x08000c61   Thumb Code     8  n32g430_adc.o(.text)
    ADC_Injected_Group_Autoconversion_Enable 0x08000c69   Thumb Code    18  n32g430_adc.o(.text)
    ADC_Injected_Group_Autoconversion_Disable 0x08000c7b   Thumb Code    18  n32g430_adc.o(.text)
    ADC_Injected_Group_External_Trigger_Source_Config 0x08000c8d   Thumb Code    26  n32g430_adc.o(.text)
    ADC_Injected_Channels_Software_Conversion_Operation 0x08000ca7   Thumb Code    76  n32g430_adc.o(.text)
    ADC_Injected_Sequence_Conversion_Number_Config 0x08000cf3   Thumb Code    46  n32g430_adc.o(.text)
    ADC_Injected_Channels_Number_Config      0x08000d21   Thumb Code    26  n32g430_adc.o(.text)
    ADC_Injected_Channels_Offset_Config      0x08000d3b   Thumb Code    24  n32g430_adc.o(.text)
    ADC_Injected_Group_Conversion_Data_Get   0x08000d53   Thumb Code    32  n32g430_adc.o(.text)
    ADC_Analog_Watchdog_Mode_Channel_Config  0x08000d73   Thumb Code    58  n32g430_adc.o(.text)
    ADC_Analog_Watchdog_Enable               0x08000dad   Thumb Code    16  n32g430_adc.o(.text)
    ADC_Analog_Watchdog_Disable              0x08000dbd   Thumb Code    16  n32g430_adc.o(.text)
    ADC_Analog_Watchdog_HighThresholds_Config 0x08000dcd   Thumb Code     8  n32g430_adc.o(.text)
    ADC_Analog_Watchdog_LowThresholds_Config 0x08000dd5   Thumb Code     8  n32g430_adc.o(.text)
    ADC_Temperature_Sensor_And_Vrefint_Channel_Enable 0x08000ddd   Thumb Code    34  n32g430_adc.o(.text)
    ADC_Temperature_Sensor_And_Vrefint_Channel_Disable 0x08000dff   Thumb Code    34  n32g430_adc.o(.text)
    ADC_INTFlag_Status_Get                   0x08000e21   Thumb Code    20  n32g430_adc.o(.text)
    ADC_Flag_Status_Get                      0x08000e35   Thumb Code    42  n32g430_adc.o(.text)
    ADC_INTFlag_Status_Clear                 0x08000e5f   Thumb Code    16  n32g430_adc.o(.text)
    ADC_Flag_Status_Clear                    0x08000e6f   Thumb Code    16  n32g430_adc.o(.text)
    ADC_Vbat_Monitor_Enable                  0x08000e7f   Thumb Code    34  n32g430_adc.o(.text)
    ADC_Vbat_Monitor_Disable                 0x08000ea1   Thumb Code    34  n32g430_adc.o(.text)
    ADC_Deep_Power_Mode_Enable               0x08000ec3   Thumb Code    18  n32g430_adc.o(.text)
    ADC_Deep_Power_Mode_Disable              0x08000ed5   Thumb Code    18  n32g430_adc.o(.text)
    ADC_AHB_Clock_Mode_Config                0x08000ee7   Thumb Code    18  n32g430_adc.o(.text)
    ADC_PLL_Clock_Mode_Config                0x08000ef9   Thumb Code    18  n32g430_adc.o(.text)
    ADC_Calibration_Auto_Load_Enable         0x08000f0b   Thumb Code    18  n32g430_adc.o(.text)
    ADC_Calibration_Auto_Load_Disable        0x08000f1d   Thumb Code    18  n32g430_adc.o(.text)
    ADC_Differential_Mode_Enable             0x08000f2f   Thumb Code    18  n32g430_adc.o(.text)
    ADC_Differential_Mode_Disable            0x08000f41   Thumb Code    18  n32g430_adc.o(.text)
    ADC_Data_Resolution_Config               0x08000f53   Thumb Code    26  n32g430_adc.o(.text)
    ADC_Sample_Time_Level_Config             0x08000f6d   Thumb Code    26  n32g430_adc.o(.text)
    ADC_Initializes_Ex                       0x08000f87   Thumb Code   134  n32g430_adc.o(.text)
    ADC_Initializes_StructureEx              0x0800100d   Thumb Code    26  n32g430_adc.o(.text)
    ADC_Bypass_Calibration_Enable            0x08001027   Thumb Code    18  n32g430_adc.o(.text)
    ADC_Bypass_Calibration_Disable           0x08001039   Thumb Code    28  n32g430_adc.o(.text)
    ADC_Differential_Channels_Config         0x08001055   Thumb Code    22  n32g430_adc.o(.text)
    ADC_Clock_Mode_Config                    0x0800106b   Thumb Code    40  n32g430_adc.o(.text)
    DMA_Reset                                0x0800109d   Thumb Code   224  n32g430_dma.o(.text)
    DMA_Memory_2_Memory_Config               0x0800117d   Thumb Code    16  n32g430_dma.o(.text)
    DMA_Priority_Config                      0x0800118d   Thumb Code    16  n32g430_dma.o(.text)
    DMA_Circular_Mode_Config                 0x0800119d   Thumb Code    16  n32g430_dma.o(.text)
    DMA_Memory_Data_Width_Config             0x080011ad   Thumb Code    16  n32g430_dma.o(.text)
    DMA_Peripheral_Data_Width_Config         0x080011bd   Thumb Code    16  n32g430_dma.o(.text)
    DMA_Memory_Addr_Increment_Config         0x080011cd   Thumb Code    16  n32g430_dma.o(.text)
    DMA_Peripheral_Addr_Increment_Config     0x080011dd   Thumb Code    16  n32g430_dma.o(.text)
    DMA_Buffer_Size_Config                   0x080011ed   Thumb Code     4  n32g430_dma.o(.text)
    DMA_Destination_Config                   0x080011f1   Thumb Code    16  n32g430_dma.o(.text)
    DMA_Memory_Address_Config                0x08001201   Thumb Code     4  n32g430_dma.o(.text)
    DMA_Peripheral_Address_Config            0x08001205   Thumb Code     4  n32g430_dma.o(.text)
    DMA_Initializes                          0x08001209   Thumb Code    96  n32g430_dma.o(.text)
    DMA_Structure_Initializes                0x08001269   Thumb Code    26  n32g430_dma.o(.text)
    DMA_Channel_Enable                       0x08001283   Thumb Code    10  n32g430_dma.o(.text)
    DMA_Channel_Disable                      0x0800128d   Thumb Code    10  n32g430_dma.o(.text)
    DMA_Interrupts_Enable                    0x08001297   Thumb Code     8  n32g430_dma.o(.text)
    DMA_Interrupts_Disable                   0x0800129f   Thumb Code     8  n32g430_dma.o(.text)
    DMA_Current_Data_Transfer_Number_Set     0x080012a7   Thumb Code     4  n32g430_dma.o(.text)
    DMA_Current_Data_Transfer_Number_Get     0x080012ab   Thumb Code     8  n32g430_dma.o(.text)
    DMA_Flag_Status_Get                      0x080012b3   Thumb Code    16  n32g430_dma.o(.text)
    DMA_Flag_Status_Clear                    0x080012c3   Thumb Code     4  n32g430_dma.o(.text)
    DMA_Interrupt_Status_Get                 0x080012c7   Thumb Code    16  n32g430_dma.o(.text)
    DMA_Interrupt_Status_Clear               0x080012d7   Thumb Code     4  n32g430_dma.o(.text)
    DMA_Channel_Request_Remap                0x080012db   Thumb Code     4  n32g430_dma.o(.text)
    EXTI_Reset                               0x080012e5   Thumb Code    30  n32g430_exti.o(.text)
    EXTI_LineCmd_Disable                     0x08001303   Thumb Code    20  n32g430_exti.o(.text)
    EXTI_Trigger_Config                      0x08001317   Thumb Code    68  n32g430_exti.o(.text)
    EXTI_Work_Mode_Config                    0x0800135b   Thumb Code    38  n32g430_exti.o(.text)
    EXTI_Peripheral_Initializes              0x08001381   Thumb Code    32  n32g430_exti.o(.text)
    EXTI_Structure_Initializes               0x080013a1   Thumb Code    16  n32g430_exti.o(.text)
    EXTI_Software_Interrupt_Trigger          0x080013b1   Thumb Code    16  n32g430_exti.o(.text)
    EXTI_Flag_Status_Get                     0x080013c1   Thumb Code    20  n32g430_exti.o(.text)
    EXTI_Flag_Status_Clear                   0x080013d5   Thumb Code     8  n32g430_exti.o(.text)
    EXTI_Interrupt_Status_Get                0x080013dd   Thumb Code    28  n32g430_exti.o(.text)
    EXTI_Interrupt_Status_Clear              0x080013f9   Thumb Code     8  n32g430_exti.o(.text)
    EXTI_RTC_Time_Stamp_Select               0x08001401   Thumb Code    24  n32g430_exti.o(.text)
    GPIO_Reset                               0x0800141d   Thumb Code    66  n32g430_gpio.o(.text)
    GPIOA_Pin_Reset                          0x0800145f   Thumb Code   256  n32g430_gpio.o(.text)
    GPIOB_Pin_Reset                          0x0800155f   Thumb Code   230  n32g430_gpio.o(.text)
    GPIOC_Pin_Reset                          0x08001645   Thumb Code   144  n32g430_gpio.o(.text)
    GPIOD_Pin_Reset                          0x080016d5   Thumb Code   194  n32g430_gpio.o(.text)
    AFIO_EXTI_Reset                          0x08001797   Thumb Code    62  n32g430_gpio.o(.text)
    GPIO_ALLPin_Reset                        0x080017d5   Thumb Code    36  n32g430_gpio.o(.text)
    GPIO_Alternate_Set                       0x080017f9   Thumb Code    86  n32g430_gpio.o(.text)
    GPIO_Mode_Set                            0x0800184f   Thumb Code    68  n32g430_gpio.o(.text)
    GPIO_Pull_Set                            0x08001893   Thumb Code    28  n32g430_gpio.o(.text)
    GPIO_SlewRate_Set                        0x080018af   Thumb Code    24  n32g430_gpio.o(.text)
    GPIO_Driver_Set                          0x080018c7   Thumb Code    28  n32g430_gpio.o(.text)
    GPIO_Peripheral_Initialize               0x080018e3   Thumb Code    86  n32g430_gpio.o(.text)
    GPIO_Alternate_Function_Reset            0x08001939   Thumb Code    10  n32g430_gpio.o(.text)
    GPIO_Structure_Initialize                0x08001943   Thumb Code    24  n32g430_gpio.o(.text)
    GPIO_Input_Pin_Data_Get                  0x0800195b   Thumb Code    16  n32g430_gpio.o(.text)
    GPIO_Input_Data_Get                      0x0800196b   Thumb Code     8  n32g430_gpio.o(.text)
    GPIO_Output_Pin_Data_Get                 0x08001973   Thumb Code    16  n32g430_gpio.o(.text)
    GPIO_Output_Data_Get                     0x08001983   Thumb Code     8  n32g430_gpio.o(.text)
    GPIO_Pins_Set                            0x0800198b   Thumb Code     4  n32g430_gpio.o(.text)
    GPIO_Pins_Reset                          0x0800198f   Thumb Code     4  n32g430_gpio.o(.text)
    GPIO_PBSC_Pins_Reset                     0x08001993   Thumb Code     8  n32g430_gpio.o(.text)
    GPIO_PBC_Pins_Reset                      0x0800199b   Thumb Code     4  n32g430_gpio.o(.text)
    GPIO_Write                               0x0800199f   Thumb Code     4  n32g430_gpio.o(.text)
    GPIO_Pin_Toggle                          0x080019a3   Thumb Code     8  n32g430_gpio.o(.text)
    GPIO_Pin_Lock_Set                        0x080019ab   Thumb Code    18  n32g430_gpio.o(.text)
    GPIO_Pin_Remap_Set                       0x080019bd   Thumb Code    94  n32g430_gpio.o(.text)
    GPIO_EXTI_Line_Set                       0x08001a1b   Thumb Code    56  n32g430_gpio.o(.text)
    AFIO_SPI_NSS_Mode_Set                    0x08001a53   Thumb Code    30  n32g430_gpio.o(.text)
    AFIO_ADC_External_Trigger_Remap_Set      0x08001a71   Thumb Code    82  n32g430_gpio.o(.text)
    AFIO_5V_Tolerance_Enable                 0x08001ac3   Thumb Code    16  n32g430_gpio.o(.text)
    AFIO_5V_Tolerance_Disable                0x08001ad3   Thumb Code    16  n32g430_gpio.o(.text)
    AFIO_Filter_Stage_Ctrl                   0x08001ae3   Thumb Code     8  n32g430_gpio.o(.text)
    AFIO_EFT_Enable                          0x08001aeb   Thumb Code   130  n32g430_gpio.o(.text)
    AFIO_EFT_Disable                         0x08001b6d   Thumb Code   130  n32g430_gpio.o(.text)
    AFIO_Digital_EFT_Enable                  0x08001bef   Thumb Code   130  n32g430_gpio.o(.text)
    AFIO_Digital_EFT_Disable                 0x08001c71   Thumb Code   130  n32g430_gpio.o(.text)
    RCC_Reset                                0x08001d09   Thumb Code    74  n32g430_rcc.o(.text)
    RCC_HSE_Config                           0x08001d53   Thumb Code    60  n32g430_rcc.o(.text)
    RCC_Flag_Status_Get                      0x08001d8f   Thumb Code    58  n32g430_rcc.o(.text)
    RCC_Clocks_Frequencies_Value_Get         0x08001dc9   Thumb Code   250  n32g430_rcc.o(.text)
    RCC_HSE_Stable_Wait                      0x08001ec3   Thumb Code    78  n32g430_rcc.o(.text)
    RCC_Clock_Security_System_Enable         0x08001f11   Thumb Code     8  n32g430_rcc.o(.text)
    RCC_Clock_Security_System_Disable        0x08001f19   Thumb Code     8  n32g430_rcc.o(.text)
    RCC_HSI_Calibration_Value_Set            0x08001f21   Thumb Code    20  n32g430_rcc.o(.text)
    RCC_HSI_Enable                           0x08001f35   Thumb Code     8  n32g430_rcc.o(.text)
    RCC_HSI_Disable                          0x08001f3d   Thumb Code     8  n32g430_rcc.o(.text)
    RCC_HSI_Stable_Wait                      0x08001f45   Thumb Code    78  n32g430_rcc.o(.text)
    RCC_PLL_Config                           0x08001f93   Thumb Code    46  n32g430_rcc.o(.text)
    RCC_PLL_Enable                           0x08001fc1   Thumb Code     8  n32g430_rcc.o(.text)
    RCC_PLL_Disable                          0x08001fc9   Thumb Code     8  n32g430_rcc.o(.text)
    RCC_Sysclk_Config                        0x08001fd1   Thumb Code    18  n32g430_rcc.o(.text)
    RCC_Sysclk_Source_Get                    0x08001fe3   Thumb Code    10  n32g430_rcc.o(.text)
    RCC_Hclk_Config                          0x08001fed   Thumb Code    18  n32g430_rcc.o(.text)
    RCC_Pclk1_Config                         0x08001fff   Thumb Code    18  n32g430_rcc.o(.text)
    RCC_Pclk2_Config                         0x08002011   Thumb Code    20  n32g430_rcc.o(.text)
    RCC_Interrupt_Enable                     0x08002025   Thumb Code    12  n32g430_rcc.o(.text)
    RCC_Interrupt_Disable                    0x08002031   Thumb Code    12  n32g430_rcc.o(.text)
    RCC_TIM1_8_Clock_Config                  0x0800203d   Thumb Code    18  n32g430_rcc.o(.text)
    RCC_ADC_1M_Clock_Config                  0x0800204f   Thumb Code    24  n32g430_rcc.o(.text)
    RCC_ADC_PLL_Clock_Prescaler_Enable       0x08002067   Thumb Code    18  n32g430_rcc.o(.text)
    RCC_ADC_PLL_Clock_Disable                0x08002079   Thumb Code    14  n32g430_rcc.o(.text)
    RCC_ADC_Hclk_Config                      0x08002087   Thumb Code    18  n32g430_rcc.o(.text)
    RCC_ADC_Hclk_Enable                      0x08002099   Thumb Code    18  n32g430_rcc.o(.text)
    RCC_ADC_Hclk_Disable                     0x080020ab   Thumb Code    18  n32g430_rcc.o(.text)
    RCC_LSE_Trim_Config                      0x080020bd   Thumb Code    38  n32g430_rcc.o(.text)
    RCC_APB1_Peripheral_Clock_Enable         0x080020e3   Thumb Code    70  n32g430_rcc.o(.text)
    RCC_LSE_Config                           0x08002129   Thumb Code    88  n32g430_rcc.o(.text)
    RCC_LSE_Clock_Security_System_Enable     0x08002181   Thumb Code     8  n32g430_rcc.o(.text)
    RCC_LSE_Clock_Security_System_Disable    0x08002189   Thumb Code     8  n32g430_rcc.o(.text)
    RCC_LSE_Clock_Security_System_Status_Get 0x08002191   Thumb Code    18  n32g430_rcc.o(.text)
    RCC_LSE_Stable_Wait                      0x080021a3   Thumb Code    78  n32g430_rcc.o(.text)
    RCC_LSI_Enable                           0x080021f1   Thumb Code    10  n32g430_rcc.o(.text)
    RCC_LSI_Disable                          0x080021fb   Thumb Code    10  n32g430_rcc.o(.text)
    RCC_LSI_Stable_Wait                      0x08002205   Thumb Code    78  n32g430_rcc.o(.text)
    RCC_RTC_Clock_Config                     0x08002253   Thumb Code    22  n32g430_rcc.o(.text)
    RCC_RTC_Clock_Enable                     0x08002269   Thumb Code    10  n32g430_rcc.o(.text)
    RCC_RTC_Clock_Disable                    0x08002273   Thumb Code    10  n32g430_rcc.o(.text)
    RCC_LPTIM_Clock_Config                   0x0800227d   Thumb Code    46  n32g430_rcc.o(.text)
    RCC_LPTIM_Reset                          0x080022ab   Thumb Code    24  n32g430_rcc.o(.text)
    RCC_LPTIM_Enable                         0x080022c3   Thumb Code    14  n32g430_rcc.o(.text)
    RCC_LPTIM_Disable                        0x080022d1   Thumb Code    14  n32g430_rcc.o(.text)
    RCC_AHB_Peripheral_Clock_Enable          0x080022df   Thumb Code    12  n32g430_rcc.o(.text)
    RCC_AHB_Peripheral_Clock_Disable         0x080022eb   Thumb Code    12  n32g430_rcc.o(.text)
    RCC_APB2_Peripheral_Clock_Enable         0x080022f7   Thumb Code    12  n32g430_rcc.o(.text)
    RCC_APB2_Peripheral_Clock_Disable        0x08002303   Thumb Code    12  n32g430_rcc.o(.text)
    RCC_APB1_Peripheral_Clock_Disable        0x0800230f   Thumb Code    12  n32g430_rcc.o(.text)
    RCC_AHB_Peripheral_Reset                 0x0800231b   Thumb Code    20  n32g430_rcc.o(.text)
    RCC_APB2_Peripheral_Reset                0x0800232f   Thumb Code    20  n32g430_rcc.o(.text)
    RCC_APB1_Peripheral_Reset                0x08002343   Thumb Code    20  n32g430_rcc.o(.text)
    RCC_Backup_Reset                         0x08002357   Thumb Code    14  n32g430_rcc.o(.text)
    RCC_MCO_PLL_Prescaler_Config             0x08002365   Thumb Code    18  n32g430_rcc.o(.text)
    RCC_MCO_Source_Config                    0x08002377   Thumb Code    18  n32g430_rcc.o(.text)
    RCC_Reset_Flag_Clear                     0x08002389   Thumb Code    24  n32g430_rcc.o(.text)
    RCC_Interrupt_Status_Get                 0x080023a1   Thumb Code    18  n32g430_rcc.o(.text)
    RCC_Interrupt_Status_Clear               0x080023b3   Thumb Code    12  n32g430_rcc.o(.text)
    __scatterload                            0x080023d1   Thumb Code    28  init.o(.text)
    __scatterload_rt2                        0x080023d1   Thumb Code     0  init.o(.text)
    __scatterload_copy                       0x080023f5   Thumb Code    14  handlers.o(i.__scatterload_copy)
    __scatterload_null                       0x08002403   Thumb Code     2  handlers.o(i.__scatterload_null)
    __scatterload_zeroinit                   0x08002405   Thumb Code    14  handlers.o(i.__scatterload_zeroinit)
    AHBPrescTable                            0x08002412   Data          16  system_n32g430.o(.constdata)
    Region$$Table$$Base                      0x08002464   Number         0  anon$$obj.o(Region$$Table)
    Region$$Table$$Limit                     0x08002484   Number         0  anon$$obj.o(Region$$Table)
    SystemClockFrequency                     0x20000000   Data           4  system_n32g430.o(.data)
    KEY_Phase                                0x20000004   Data           1  key.o(.data)
    KEY_TimeCount                            0x20000006   Data           2  key.o(.data)
    KEY_ShortOK                              0x20000008   Data           1  key.o(.data)
    KEY_LongOK                               0x20000009   Data           1  key.o(.data)
    KEY_EndOK                                0x2000000a   Data           1  key.o(.data)
    ADC_Value                                0x2000000c   Data           2  adc.o(.data)
    vrefint_value                            0x20000010   Data           4  n32g430_adc.o(.data)
    Program_NVR                              0x20000014   Data           4  n32g430_adc.o(.data)
    Get_NVR                                  0x20000018   Data           4  n32g430_adc.o(.data)
    __initial_sp                             0x20001520   Data           0  startup_n32g430.o(STACK)



==============================================================================

Memory Map of the image

  Image Entry point : 0x08000115

  Load Region LR_IROM1 (Base: 0x08000000, Size: 0x000024a0, Max: 0x00010000, ABSOLUTE)

    Execution Region ER_IROM1 (Exec base: 0x08000000, Load base: 0x08000000, Size: 0x00002484, Max: 0x00010000, ABSOLUTE)

    Exec Addr    Load Addr    Size         Type   Attr      Idx    E Section Name        Object

    0x08000000   0x08000000   0x00000114   Data   RO            3    RESET               startup_n32g430.o
    0x08000114   0x08000114   0x00000000   Code   RO         1147  * .ARM.Collect$$$$00000000  mc_w.l(entry.o)
    0x08000114   0x08000114   0x00000004   Code   RO         1488    .ARM.Collect$$$$00000001  mc_w.l(entry2.o)
    0x08000118   0x08000118   0x00000004   Code   RO         1491    .ARM.Collect$$$$00000004  mc_w.l(entry5.o)
    0x0800011c   0x0800011c   0x00000000   Code   RO         1493    .ARM.Collect$$$$00000008  mc_w.l(entry7b.o)
    0x0800011c   0x0800011c   0x00000000   Code   RO         1495    .ARM.Collect$$$$0000000A  mc_w.l(entry8b.o)
    0x0800011c   0x0800011c   0x00000008   Code   RO         1496    .ARM.Collect$$$$0000000B  mc_w.l(entry9a.o)
    0x08000124   0x08000124   0x00000000   Code   RO         1498    .ARM.Collect$$$$0000000D  mc_w.l(entry10a.o)
    0x08000124   0x08000124   0x00000000   Code   RO         1500    .ARM.Collect$$$$0000000F  mc_w.l(entry11a.o)
    0x08000124   0x08000124   0x00000004   Code   RO         1489    .ARM.Collect$$$$00002712  mc_w.l(entry2.o)
    0x08000128   0x08000128   0x00000024   Code   RO            4    .text               startup_n32g430.o
    0x0800014c   0x0800014c   0x00000274   Code   RO           13    .text               system_n32g430.o
    0x080003c0   0x080003c0   0x0000004c   Code   RO          133    .text               main.o
    0x0800040c   0x0800040c   0x00000018   Code   RO          181    .text               n32g430_it.o
    0x08000424   0x08000424   0x00000040   Code   RO          425    .text               esp12f_io0.o
    0x08000464   0x08000464   0x00000040   Code   RO          449    .text               led.o
    0x080004a4   0x080004a4   0x00000110   Code   RO          473    .text               key.o
    0x080005b4   0x080005b4   0x0000010c   Code   RO          503    .text               adc.o
    0x080006c0   0x080006c0   0x000000c8   Code   RO          533    .text               exti.o
    0x08000788   0x08000788   0x000000d8   Code   RO          609    .text               misc.o
    0x08000860   0x08000860   0x0000083c   Code   RO          633    .text               n32g430_adc.o
    0x0800109c   0x0800109c   0x00000248   Code   RO          780    .text               n32g430_dma.o
    0x080012e4   0x080012e4   0x00000138   Code   RO          804    .text               n32g430_exti.o
    0x0800141c   0x0800141c   0x000008ec   Code   RO          852    .text               n32g430_gpio.o
    0x08001d08   0x08001d08   0x000006c8   Code   RO          975    .text               n32g430_rcc.o
    0x080023d0   0x080023d0   0x00000024   Code   RO         1529    .text               mc_w.l(init.o)
    0x080023f4   0x080023f4   0x0000000e   Code   RO         1535    i.__scatterload_copy  mc_w.l(handlers.o)
    0x08002402   0x08002402   0x00000002   Code   RO         1536    i.__scatterload_null  mc_w.l(handlers.o)
    0x08002404   0x08002404   0x0000000e   Code   RO         1537    i.__scatterload_zeroinit  mc_w.l(handlers.o)
    0x08002412   0x08002412   0x00000010   Data   RO           14    .constdata          system_n32g430.o
    0x08002422   0x08002422   0x00000040   Data   RO          976    .constdata          n32g430_rcc.o
    0x08002462   0x08002462   0x00000002   PAD
    0x08002464   0x08002464   0x00000020   Data   RO         1533    Region$$Table       anon$$obj.o


    Execution Region RW_IRAM1 (Exec base: 0x20000000, Load base: 0x08002484, Size: 0x00001520, Max: 0x00004000, ABSOLUTE)

    Exec Addr    Load Addr    Size         Type   Attr      Idx    E Section Name        Object

    0x20000000   0x08002484   0x00000004   Data   RW           15    .data               system_n32g430.o
    0x20000004   0x08002488   0x00000007   Data   RW          474    .data               key.o
    0x2000000b   0x0800248f   0x00000001   PAD
    0x2000000c   0x08002490   0x00000002   Data   RW          504    .data               adc.o
    0x2000000e   0x08002492   0x00000002   PAD
    0x20000010   0x08002494   0x0000000c   Data   RW          634    .data               n32g430_adc.o
    0x2000001c   0x080024a0   0x00000004   PAD
    0x20000020        -       0x00001500   Zero   RW            1    STACK               startup_n32g430.o


==============================================================================

Image component sizes


      Code (inc. data)   RO Data    RW Data    ZI Data      Debug   Object Name

       268         16          0          2          0       1493   adc.o
        64          6          0          0          0        542   esp12f_io0.o
       200         18          0          0          0       1064   exti.o
       272         20          0          7          0       1320   key.o
        64          4          0          0          0        524   led.o
        76         10          0          0          0        598   main.o
       216         20          0          0          0       2104   misc.o
      2108         38          0         12          0      13181   n32g430_adc.o
       584          6          0          0          0       6098   n32g430_dma.o
       312          4          0          0          0       3480   n32g430_exti.o
      2284         42          0          0          0      10397   n32g430_gpio.o
        24          0          0          0          0       1123   n32g430_it.o
      1736         76         64          0          0      12558   n32g430_rcc.o
        36          8        276          0       5376        888   startup_n32g430.o
       628         48         16          4          0     287632   system_n32g430.o

    ----------------------------------------------------------------------
      8872        316        390         28       5380     343002   Object Totals
         0          0         32          0          0          0   (incl. Generated)
         0          0          2          3          4          0   (incl. Padding)

    ----------------------------------------------------------------------

      Code (inc. data)   RO Data    RW Data    ZI Data      Debug   Library Member Name

         0          0          0          0          0          0   entry.o
         0          0          0          0          0          0   entry10a.o
         0          0          0          0          0          0   entry11a.o
         8          4          0          0          0          0   entry2.o
         4          0          0          0          0          0   entry5.o
         0          0          0          0          0          0   entry7b.o
         0          0          0          0          0          0   entry8b.o
         8          4          0          0          0          0   entry9a.o
        30          0          0          0          0          0   handlers.o
        36          8          0          0          0         68   init.o

    ----------------------------------------------------------------------
        86         16          0          0          0         68   Library Totals
         0          0          0          0          0          0   (incl. Padding)

    ----------------------------------------------------------------------

      Code (inc. data)   RO Data    RW Data    ZI Data      Debug   Library Name

        86         16          0          0          0         68   mc_w.l

    ----------------------------------------------------------------------
        86         16          0          0          0         68   Library Totals

    ----------------------------------------------------------------------

==============================================================================


      Code (inc. data)   RO Data    RW Data    ZI Data      Debug   

      8958        332        390         28       5380     340774   Grand Totals
      8958        332        390         28       5380     340774   ELF Image Totals
      8958        332        390         28          0          0   ROM Totals

==============================================================================

    Total RO  Size (Code + RO Data)                 9348 (   9.13kB)
    Total RW  Size (RW Data + ZI Data)              5408 (   5.28kB)
    Total ROM Size (Code + RO Data + RW Data)       9376 (   9.16kB)

==============================================================================

