Component: ARM Compiler 5.06 update 6 (build 750) Tool: armlink [4d35ed]

==============================================================================

Section Cross References

    startup_n32g430.o(RESET) refers to startup_n32g430.o(STACK) for __initial_sp
    startup_n32g430.o(RESET) refers to startup_n32g430.o(.text) for Reset_Handler
    startup_n32g430.o(RESET) refers to n32g430_it.o(.text) for NMI_Handler
    startup_n32g430.o(RESET) refers to main.o(.text) for EXTI9_5_IRQHandler
    startup_n32g430.o(RESET) refers to encoder.o(.text) for TIM2_IRQHandler
    startup_n32g430.o(.text) refers to system_n32g430.o(.text) for System_Initializes
    startup_n32g430.o(.text) refers to entry.o(.ARM.Collect$$$$00000000) for __main
    system_n32g430.o(.text) refers to system_n32g430.o(.data) for SystemClockFrequency
    system_n32g430.o(.text) refers to system_n32g430.o(.constdata) for AHBPrescTable
    main.o(.text) refers to esp12f_io0.o(.text) for ESP12F_IO0_Init
    main.o(.text) refers to adc.o(.text) for ADC_Configuration
    main.o(.text) refers to led.o(.text) for LED_GPIO_Init
    main.o(.text) refers to key.o(.text) for Key_GPIO_Init
    main.o(.text) refers to exti.o(.text) for EXTI_Init
    main.o(.text) refers to pwm.o(.text) for TIMx_PWM_Init
    main.o(.text) refers to n32g430_gpio.o(.text) for GPIO_Input_Pin_Data_Get
    main.o(.text) refers to n32g430_tim.o(.text) for TIM_Compare1_Set
    main.o(.text) refers to n32g430_exti.o(.text) for EXTI_Interrupt_Status_Get
    oled.o(.text) refers to i2c_drv.o(.text) for i2c_master_send
    oled.o(.text) refers to dfixi.o(.text) for __aeabi_d2iz
    oled.o(.text) refers to dfltui.o(.text) for __aeabi_ui2d
    oled.o(.text) refers to dadd.o(.text) for __aeabi_drsub
    oled.o(.text) refers to dmul.o(.text) for __aeabi_dmul
    oled.o(.text) refers to oled.o(.bss) for OLED_GRAM
    oled.o(.text) refers to oled.o(.constdata) for asc2_1206
    oled.o(.text) refers to cdcmple.o(.text) for __aeabi_cdcmple
    i2c_drv.o(.text) refers to n32g430_rcc.o(.text) for RCC_APB1_Peripheral_Clock_Enable
    i2c_drv.o(.text) refers to n32g430_gpio.o(.text) for GPIO_Structure_Initialize
    i2c_drv.o(.text) refers to n32g430_i2c.o(.text) for I2C_Reset
    i2c_drv.o(.text) refers to printf8.o(i.__0printf$8) for __2printf
    i2c_drv.o(.text) refers to i2c_drv.o(.data) for RCC_RESET_Flag
    myiic.o(.text) refers to n32g430_rcc.o(.text) for RCC_AHB_Peripheral_Clock_Enable
    myiic.o(.text) refers to n32g430_gpio.o(.text) for GPIO_Structure_Initialize
    myiic.o(.text) refers to bsp_delay.o(.text) for SysTick_Delay_Us
    mpu6050.o(.text) refers to myiic.o(.text) for IIC_Start
    mpu6050.o(.text) refers to n32g430_rcc.o(.text) for RCC_AHB_Peripheral_Clock_Enable
    mpu6050.o(.text) refers to n32g430_gpio.o(.text) for GPIO_Structure_Initialize
    mpu6050.o(.text) refers to bsp_delay.o(.text) for SysTick_Delay_Ms
    mpu6050.o(.text) refers to printf8.o(i.__0printf$8) for __2printf
    mpu6050.o(.text) refers to dflti.o(.text) for __aeabi_i2d
    mpu6050.o(.text) refers to ddiv.o(.text) for __aeabi_ddiv
    mpu6050.o(.text) refers to dadd.o(.text) for __aeabi_dadd
    mpu6050.o(.text) refers to d2f.o(.text) for __aeabi_d2f
    inv_mpu.o(.text) refers to mpu6050.o(.text) for MPU_Write_Len
    inv_mpu.o(.text) refers to printf8.o(i.__0printf$8) for __2printf
    inv_mpu.o(.text) refers to bsp_delay.o(.text) for SysTick_Delay_Ms
    inv_mpu.o(.text) refers to inv_mpu.o(.data) for st
    inv_mpu.o(.text) refers to inv_mpu.o(.conststring) for .conststring
    inv_mpu.o(.text) refers to inv_mpu.o(.constdata) for test
    inv_mpu.o(.text) refers to ldiv.o(.text) for __aeabi_ldivmod
    inv_mpu.o(.text) refers to memcmp.o(.text) for memcmp
    inv_mpu.o(.text) refers to inv_mpu_dmp_motion_driver.o(.text) for dmp_set_gyro_bias
    inv_mpu.o(.text) refers to myiic.o(.text) for IIC_Init
    inv_mpu.o(.text) refers to f2d.o(.text) for __aeabi_f2d
    inv_mpu.o(.text) refers to asin.o(i.__hardfp_asin) for __hardfp_asin
    inv_mpu.o(.text) refers to dmul.o(.text) for __aeabi_dmul
    inv_mpu.o(.text) refers to d2f.o(.text) for __aeabi_d2f
    inv_mpu.o(.text) refers to atan2.o(i.__hardfp_atan2) for __hardfp_atan2
    inv_mpu.o(.data) refers to inv_mpu.o(.constdata) for reg
    inv_mpu_dmp_motion_driver.o(.text) refers to inv_mpu.o(.text) for mpu_load_firmware
    inv_mpu_dmp_motion_driver.o(.text) refers to inv_mpu_dmp_motion_driver.o(.constdata) for dmp_memory
    inv_mpu_dmp_motion_driver.o(.text) refers to inv_mpu_dmp_motion_driver.o(.bss) for dmp
    inv_mpu_dmp_motion_driver.o(.text) refers to memseta.o(.text) for __aeabi_memset
    esp12f_io0.o(.text) refers to n32g430_rcc.o(.text) for RCC_AHB_Peripheral_Clock_Enable
    esp12f_io0.o(.text) refers to n32g430_gpio.o(.text) for GPIO_Structure_Initialize
    led.o(.text) refers to n32g430_rcc.o(.text) for RCC_AHB_Peripheral_Clock_Enable
    led.o(.text) refers to n32g430_gpio.o(.text) for GPIO_Structure_Initialize
[...]
    atan.o(i.__hardfp_atan) refers to atan.o(.constdata) for .constdata
    atan.o(i.__softfp_atan) refers (Special) to iusefp.o(.text) for __I$use$fp
    atan.o(i.__softfp_atan) refers to atan.o(i.__hardfp_atan) for __hardfp_atan
    atan.o(i.atan) refers (Special) to iusefp.o(.text) for __I$use$fp
    atan.o(i.atan) refers to atan.o(i.__hardfp_atan) for __hardfp_atan
    atan.o(.constdata) refers (Special) to iusefp.o(.text) for __I$use$fp
    atan_x.o(i.____hardfp_atan$lsc) refers (Special) to iusefp.o(.text) for __I$use$fp
    atan_x.o(i.____hardfp_atan$lsc) refers to dunder.o(i.__mathlib_dbl_infnan) for __mathlib_dbl_infnan
    atan_x.o(i.____hardfp_atan$lsc) refers to fabs.o(i.fabs) for fabs
    atan_x.o(i.____hardfp_atan$lsc) refers to dadd.o(.text) for __aeabi_dadd
    atan_x.o(i.____hardfp_atan$lsc) refers to dmul.o(.text) for __aeabi_dmul
    atan_x.o(i.____hardfp_atan$lsc) refers to ddiv.o(.text) for __aeabi_ddiv
    atan_x.o(i.____hardfp_atan$lsc) refers to poly.o(i.__kernel_poly) for __kernel_poly
    atan_x.o(i.____hardfp_atan$lsc) refers to atan_x.o(.constdata) for .constdata
    atan_x.o(i.____softfp_atan$lsc) refers (Special) to iusefp.o(.text) for __I$use$fp
    atan_x.o(i.____softfp_atan$lsc) refers to atan_x.o(i.____hardfp_atan$lsc) for ____hardfp_atan$lsc
    atan_x.o(i.__atan$lsc) refers (Special) to iusefp.o(.text) for __I$use$fp
    atan_x.o(i.__atan$lsc) refers to atan_x.o(i.____hardfp_atan$lsc) for ____hardfp_atan$lsc
    atan_x.o(.constdata) refers (Special) to iusefp.o(.text) for __I$use$fp
    dunder.o(i.__mathlib_dbl_divzero) refers to ddiv.o(.text) for __aeabi_ddiv
    dunder.o(i.__mathlib_dbl_infnan) refers to dadd.o(.text) for __aeabi_dadd
    dunder.o(i.__mathlib_dbl_infnan2) refers to dadd.o(.text) for __aeabi_dadd
    dunder.o(i.__mathlib_dbl_invalid) refers to ddiv.o(.text) for __aeabi_ddiv
    dunder.o(i.__mathlib_dbl_overflow) refers to dmul.o(.text) for __aeabi_dmul
    dunder.o(i.__mathlib_dbl_posinfnan) refers to dmul.o(.text) for __aeabi_dmul
    dunder.o(i.__mathlib_dbl_underflow) refers to dmul.o(.text) for __aeabi_dmul
    fabs.o(i.__hardfp_fabs) refers (Special) to iusefp.o(.text) for __I$use$fp
    fabs.o(i.__softfp_fabs) refers (Special) to iusefp.o(.text) for __I$use$fp
    fabs.o(i.fabs) refers (Special) to iusefp.o(.text) for __I$use$fp
    fpclassify.o(i.__ARM_fpclassify) refers (Special) to iusefp.o(.text) for __I$use$fp
    poly.o(i.__kernel_poly) refers (Special) to iusefp.o(.text) for __I$use$fp
    poly.o(i.__kernel_poly) refers to dmul.o(.text) for __aeabi_dmul
    poly.o(i.__kernel_poly) refers to dadd.o(.text) for __aeabi_dadd
    qnan.o(.constdata) refers (Special) to iusefp.o(.text) for __I$use$fp
    sqrt.o(i.__hardfp_sqrt) refers (Special) to iusefp.o(.text) for __I$use$fp
    sqrt.o(i.__hardfp_sqrt) refers to dsqrt.o(.text) for _dsqrt
    sqrt.o(i.__hardfp_sqrt) refers to errno.o(i.__set_errno) for __set_errno
    sqrt.o(i.__softfp_sqrt) refers (Special) to iusefp.o(.text) for __I$use$fp
    sqrt.o(i.__softfp_sqrt) refers to dsqrt.o(.text) for _dsqrt
    sqrt.o(i.__softfp_sqrt) refers to errno.o(i.__set_errno) for __set_errno
    sqrt.o(i.sqrt) refers (Special) to iusefp.o(.text) for __I$use$fp
    sqrt.o(i.sqrt) refers to dsqrt.o(.text) for _dsqrt
    sqrt.o(i.sqrt) refers to errno.o(i.__set_errno) for __set_errno
    sqrt_x.o(i.____hardfp_sqrt$lsc) refers (Special) to iusefp.o(.text) for __I$use$fp
    sqrt_x.o(i.____hardfp_sqrt$lsc) refers to cdcmple.o(.text) for __aeabi_cdcmple
    sqrt_x.o(i.____hardfp_sqrt$lsc) refers to errno.o(i.__set_errno) for __set_errno
    sqrt_x.o(i.____hardfp_sqrt$lsc) refers to dsqrt.o(.text) for _dsqrt
    sqrt_x.o(i.____softfp_sqrt$lsc) refers (Special) to iusefp.o(.text) for __I$use$fp
    sqrt_x.o(i.____softfp_sqrt$lsc) refers to cdcmple.o(.text) for __aeabi_cdcmple
    sqrt_x.o(i.____softfp_sqrt$lsc) refers to errno.o(i.__set_errno) for __set_errno
    sqrt_x.o(i.____softfp_sqrt$lsc) refers to dsqrt.o(.text) for _dsqrt
    sqrt_x.o(i.__sqrt$lsc) refers (Special) to iusefp.o(.text) for __I$use$fp
    sqrt_x.o(i.__sqrt$lsc) refers to cdcmple.o(.text) for __aeabi_cdcmple
    sqrt_x.o(i.__sqrt$lsc) refers to errno.o(i.__set_errno) for __set_errno
    sqrt_x.o(i.__sqrt$lsc) refers to dsqrt.o(.text) for _dsqrt
    entry2.o(.ARM.Collect$$$$00000001) refers to entry2.o(.ARM.Collect$$$$00002712) for __lit__00000000
    entry2.o(.ARM.Collect$$$$00002712) refers to startup_n32g430.o(STACK) for __initial_sp
    entry2.o(__vectab_stack_and_reset_area) refers to startup_n32g430.o(STACK) for __initial_sp
    entry2.o(__vectab_stack_and_reset_area) refers to entry.o(.ARM.Collect$$$$00000000) for __main
    entry5.o(.ARM.Collect$$$$00000004) refers to init.o(.text) for __scatterload
    entry9a.o(.ARM.Collect$$$$0000000B) refers to main.o(.text) for main
    entry9b.o(.ARM.Collect$$$$0000000C) refers to main.o(.text) for main
    uldiv.o(.text) refers to llushr.o(.text) for __aeabi_llsr
    uldiv.o(.text) refers to llshl.o(.text) for __aeabi_llsl
    errno.o(i.__aeabi_errno_addr) refers to errno.o(.data) for .data
    errno.o(i.__read_errno) refers to errno.o(.data) for .data
    errno.o(i.__set_errno) refers to errno.o(.data) for .data
    depilogue.o(.text) refers to llshl.o(.text) for __aeabi_llsl
    depilogue.o(.text) refers to llushr.o(.text) for __aeabi_llsr
    dfixul.o(.text) refers to llushr.o(.text) for __aeabi_llsr
    dfixul.o(.text) refers to llshl.o(.text) for __aeabi_llsl
    init.o(.text) refers to entry5.o(.ARM.Collect$$$$00000004) for __main_after_scatterload
    dsqrt.o(.text) refers to llushr.o(.text) for __aeabi_llsr
    dsqrt.o(.text) refers to depilogue.o(.text) for _double_round


==============================================================================

Removing Unused input sections from the image.

    Removing startup_n32g430.o(HEAP), (768 bytes).
    Removing system_n32g430.o(.rev16_text), (4 bytes).
    Removing system_n32g430.o(.revsh_text), (4 bytes).
    Removing system_n32g430.o(.rrx_text), (6 bytes).
    Removing main.o(.rev16_text), (4 bytes).
    Removing main.o(.revsh_text), (4 bytes).
    Removing main.o(.rrx_text), (6 bytes).
    Removing n32g430_it.o(.rev16_text), (4 bytes).
    Removing n32g430_it.o(.revsh_text), (4 bytes).
    Removing n32g430_it.o(.rrx_text), (6 bytes).
    Removing oled.o(.rev16_text), (4 bytes).
    Removing oled.o(.revsh_text), (4 bytes).
    Removing oled.o(.rrx_text), (6 bytes).
    Removing oled.o(.text), (2660 bytes).
    Removing oled.o(.bss), (1024 bytes).
    Removing oled.o(.constdata), (6080 bytes).
    Removing i2c_drv.o(.rev16_text), (4 bytes).
    Removing i2c_drv.o(.revsh_text), (4 bytes).
    Removing i2c_drv.o(.rrx_text), (6 bytes).
    Removing i2c_drv.o(.text), (1744 bytes).
    Removing i2c_drv.o(.data), (10 bytes).
    Removing myiic.o(.rev16_text), (4 bytes).
    Removing myiic.o(.revsh_text), (4 bytes).
    Removing myiic.o(.rrx_text), (6 bytes).
    Removing myiic.o(.text), (816 bytes).
    Removing mpu6050.o(.rev16_text), (4 bytes).
    Removing mpu6050.o(.revsh_text), (4 bytes).
    Removing mpu6050.o(.rrx_text), (6 bytes).
    Removing mpu6050.o(.text), (1012 bytes).
    Removing inv_mpu.o(.rev16_text), (4 bytes).
    Removing inv_mpu.o(.revsh_text), (4 bytes).
    Removing inv_mpu.o(.rrx_text), (6 bytes).
    Removing inv_mpu.o(.text), (8896 bytes).
    Removing inv_mpu.o(.constdata), (80 bytes).
    Removing inv_mpu.o(.conststring), (77 bytes).
    Removing inv_mpu.o(.data), (53 bytes).
    Removing inv_mpu_dmp_motion_driver.o(.rev16_text), (4 bytes).
    Removing inv_mpu_dmp_motion_driver.o(.revsh_text), (4 bytes).
    Removing inv_mpu_dmp_motion_driver.o(.rrx_text), (6 bytes).
    Removing inv_mpu_dmp_motion_driver.o(.text), (3472 bytes).
    Removing inv_mpu_dmp_motion_driver.o(.bss), (16 bytes).
    Removing inv_mpu_dmp_motion_driver.o(.constdata), (3062 bytes).
    Removing esp12f_io0.o(.rev16_text), (4 bytes).
    Removing esp12f_io0.o(.revsh_text), (4 bytes).
    Removing esp12f_io0.o(.rrx_text), (6 bytes).
    Removing led.o(.rev16_text), (4 bytes).
    Removing led.o(.revsh_text), (4 bytes).
    Removing led.o(.rrx_text), (6 bytes).
    Removing key.o(.rev16_text), (4 bytes).
    Removing key.o(.revsh_text), (4 bytes).
    Removing key.o(.rrx_text), (6 bytes).
    Removing adc.o(.rev16_text), (4 bytes).
    Removing adc.o(.revsh_text), (4 bytes).
    Removing adc.o(.rrx_text), (6 bytes).
    Removing exti.o(.rev16_text), (4 bytes).
    Removing exti.o(.revsh_text), (4 bytes).
    Removing exti.o(.rrx_text), (6 bytes).
    Removing pwm.o(.rev16_text), (4 bytes).
    Removing pwm.o(.revsh_text), (4 bytes).
    Removing pwm.o(.rrx_text), (6 bytes).
    Removing encoder.o(.rev16_text), (4 bytes).
    Removing encoder.o(.revsh_text), (4 bytes).
    Removing encoder.o(.rrx_text), (6 bytes).
    Removing log.o(.rev16_text), (4 bytes).
    Removing log.o(.revsh_text), (4 bytes).
    Removing log.o(.rrx_text), (6 bytes).
    Removing log.o(.text), (268 bytes).
    Removing bsp_delay.o(.rev16_text), (4 bytes).
    Removing bsp_delay.o(.revsh_text), (4 bytes).
    Removing bsp_delay.o(.rrx_text), (6 bytes).
    Removing bsp_delay.o(.text), (244 bytes).
    Removing misc.o(.rev16_text), (4 bytes).
    Removing misc.o(.revsh_text), (4 bytes).
    Removing misc.o(.rrx_text), (6 bytes).
    Removing n32g430_adc.o(.rev16_text), (4 bytes).
    Removing n32g430_adc.o(.revsh_text), (4 bytes).
    Removing n32g430_adc.o(.rrx_text), (6 bytes).
    Removing n32g430_beeper.o(.rev16_text), (4 bytes).
    Removing n32g430_beeper.o(.revsh_text), (4 bytes).
    Removing n32g430_beeper.o(.rrx_text), (6 bytes).
    Removing n32g430_beeper.o(.text), (184 bytes).
    Removing n32g430_can.o(.rev16_text), (4 bytes).
    Removing n32g430_can.o(.revsh_text), (4 bytes).
    Removing n32g430_can.o(.rrx_text), (6 bytes).
    Removing n32g430_can.o(.text), (3152 bytes).
    Removing n32g430_comp.o(.rev16_text), (4 bytes).
    Removing n32g430_comp.o(.revsh_text), (4 bytes).
    Removing n32g430_comp.o(.rrx_text), (6 bytes).
    Removing n32g430_comp.o(.text), (1632 bytes).
    Removing n32g430_crc.o(.rev16_text), (4 bytes).
    Removing n32g430_crc.o(.revsh_text), (4 bytes).
    Removing n32g430_crc.o(.rrx_text), (6 bytes).
    Removing n32g430_crc.o(.text), (200 bytes).
    Removing n32g430_dbg.o(.rev16_text), (4 bytes).
    Removing n32g430_dbg.o(.revsh_text), (4 bytes).
    Removing n32g430_dbg.o(.rrx_text), (6 bytes).
    Removing n32g430_dbg.o(.text), (188 bytes).
    Removing n32g430_dma.o(.rev16_text), (4 bytes).
    Removing n32g430_dma.o(.revsh_text), (4 bytes).
    Removing n32g430_dma.o(.rrx_text), (6 bytes).
    Removing n32g430_exti.o(.rev16_text), (4 bytes).
    Removing n32g430_exti.o(.revsh_text), (4 bytes).
    Removing n32g430_exti.o(.rrx_text), (6 bytes).
    Removing n32g430_flash.o(.rev16_text), (4 bytes).
    Removing n32g430_flash.o(.revsh_text), (4 bytes).
    Removing n32g430_flash.o(.rrx_text), (6 bytes).
    Removing n32g430_flash.o(.text), (1876 bytes).
    Removing n32g430_gpio.o(.rev16_text), (4 bytes).
    Removing n32g430_gpio.o(.revsh_text), (4 bytes).
    Removing n32g430_gpio.o(.rrx_text), (6 bytes).
    Removing n32g430_i2c.o(.rev16_text), (4 bytes).
    Removing n32g430_i2c.o(.revsh_text), (4 bytes).
    Removing n32g430_i2c.o(.rrx_text), (6 bytes).
    Removing n32g430_i2c.o(.text), (1194 bytes).
    Removing n32g430_iwdg.o(.rev16_text), (4 bytes).
    Removing n32g430_iwdg.o(.revsh_text), (4 bytes).
    Removing n32g430_iwdg.o(.rrx_text), (6 bytes).
    Removing n32g430_iwdg.o(.text), (92 bytes).
    Removing n32g430_lptim.o(.rev16_text), (4 bytes).
    Removing n32g430_lptim.o(.revsh_text), (4 bytes).
    Removing n32g430_lptim.o(.rrx_text), (6 bytes).
    Removing n32g430_lptim.o(.text), (632 bytes).
    Removing n32g430_pwr.o(.rev16_text), (4 bytes).
    Removing n32g430_pwr.o(.revsh_text), (4 bytes).
    Removing n32g430_pwr.o(.rrx_text), (6 bytes).
    Removing n32g430_pwr.o(.text), (516 bytes).
    Removing n32g430_rcc.o(.rev16_text), (4 bytes).
    Removing n32g430_rcc.o(.revsh_text), (4 bytes).
    Removing n32g430_rcc.o(.rrx_text), (6 bytes).
    Removing n32g430_rtc.o(.rev16_text), (4 bytes).
    Removing n32g430_rtc.o(.revsh_text), (4 bytes).
    Removing n32g430_rtc.o(.rrx_text), (6 bytes).
    Removing n32g430_rtc.o(.text), (3140 bytes).
    Removing n32g430_rtc.o(.data), (8 bytes).
    Removing n32g430_spi.o(.rev16_text), (4 bytes).
    Removing n32g430_spi.o(.revsh_text), (4 bytes).
    Removing n32g430_spi.o(.rrx_text), (6 bytes).
    Removing n32g430_spi.o(.text), (1026 bytes).
    Removing n32g430_tim.o(.rev16_text), (4 bytes).
    Removing n32g430_tim.o(.revsh_text), (4 bytes).
    Removing n32g430_tim.o(.rrx_text), (6 bytes).
    Removing n32g430_usart.o(.rev16_text), (4 bytes).
    Removing n32g430_usart.o(.revsh_text), (4 bytes).
    Removing n32g430_usart.o(.rrx_text), (6 bytes).
    Removing n32g430_usart.o(.text), (980 bytes).
    Removing n32g430_wwdg.o(.rev16_text), (4 bytes).
    Removing n32g430_wwdg.o(.revsh_text), (4 bytes).
    Removing n32g430_wwdg.o(.rrx_text), (6 bytes).
    Removing n32g430_wwdg.o(.text), (128 bytes).
    Removing dadd.o(.text), (334 bytes).
    Removing dmul.o(.text), (228 bytes).
    Removing ddiv.o(.text), (222 bytes).
    Removing dneg.o(.text), (6 bytes).
    Removing dflti.o(.text), (34 bytes).
    Removing dfltui.o(.text), (26 bytes).
    Removing dfixi.o(.text), (62 bytes).
    Removing f2d.o(.text), (38 bytes).
    Removing cdcmple.o(.text), (48 bytes).
    Removing d2f.o(.text), (56 bytes).
    Removing fepilogue.o(.text), (110 bytes).
    Removing depilogue.o(.text), (186 bytes).
    Removing dfixul.o(.text), (48 bytes).
    Removing cdrcmple.o(.text), (48 bytes).
    Removing dsqrt.o(.text), (162 bytes).

164 unused section(s) (total 47384 bytes) removed from the image.

==============================================================================

Image Symbol Table

    Local Symbols

    Symbol Name                              Value     Ov Type        Size  Object(Section)

    ../clib/microlib/division.c              0x00000000   Number         0  ldiv.o ABSOLUTE
    ../clib/microlib/division.c              0x00000000   Number         0  uidiv.o ABSOLUTE
    ../clib/microlib/division.c              0x00000000   Number         0  uldiv.o ABSOLUTE
    ../clib/microlib/errno.c                 0x00000000   Number         0  errno.o ABSOLUTE
    ../clib/microlib/init/entry.s            0x00000000   Number         0  entry9b.o ABSOLUTE
    ../clib/microlib/init/entry.s            0x00000000   Number         0  entry5.o ABSOLUTE
    ../clib/microlib/init/entry.s            0x00000000   Number         0  entry7a.o ABSOLUTE
    ../clib/microlib/init/entry.s            0x00000000   Number         0  entry.o ABSOLUTE
    ../clib/microlib/init/entry.s            0x00000000   Number         0  entry7b.o ABSOLUTE
    ../clib/microlib/init/entry.s            0x00000000   Number         0  entry8a.o ABSOLUTE
    ../clib/microlib/init/entry.s            0x00000000   Number         0  entry8b.o ABSOLUTE
    ../clib/microlib/init/entry.s            0x00000000   Number         0  entry9a.o ABSOLUTE
    ../clib/microlib/init/entry.s            0x00000000   Number         0  entry11a.o ABSOLUTE
    ../clib/microlib/init/entry.s            0x00000000   Number         0  entry10b.o ABSOLUTE
    ../clib/microlib/init/entry.s            0x00000000   Number         0  entry11b.o ABSOLUTE
    ../clib/microlib/init/entry.s            0x00000000   Number         0  entry2.o ABSOLUTE
    ../clib/microlib/init/entry.s            0x00000000   Number         0  entry10a.o ABSOLUTE
    ../clib/microlib/longlong.c              0x00000000   Number         0  llshl.o ABSOLUTE
    ../clib/microlib/longlong.c              0x00000000   Number         0  llushr.o ABSOLUTE
    ../clib/microlib/longlong.c              0x00000000   Number         0  llsshr.o ABSOLUTE
    ../clib/microlib/printf/printf.c         0x00000000   Number         0  printfb.o ABSOLUTE
    ../clib/microlib/printf/printf.c         0x00000000   Number         0  printf3.o ABSOLUTE
    ../clib/microlib/printf/printf.c         0x00000000   Number         0  printfa.o ABSOLUTE
    ../clib/microlib/printf/printf.c         0x00000000   Number         0  printf8.o ABSOLUTE
    ../clib/microlib/printf/printf.c         0x00000000   Number         0  printf7.o ABSOLUTE
    ../clib/microlib/printf/printf.c         0x00000000   Number         0  printf6.o ABSOLUTE
    ../clib/microlib/printf/printf.c         0x00000000   Number         0  printf5.o ABSOLUTE
    ../clib/microlib/printf/printf.c         0x00000000   Number         0  printf4.o ABSOLUTE
    ../clib/microlib/printf/printf.c         0x00000000   Number         0  printf2.o ABSOLUTE
    ../clib/microlib/printf/printf.c         0x00000000   Number         0  printf1.o ABSOLUTE
    ../clib/microlib/printf/printf.c         0x00000000   Number         0  printf0.o ABSOLUTE
    ../clib/microlib/printf/stubs.s          0x00000000   Number         0  stubs.o ABSOLUTE
    ../clib/microlib/stdio/streams.c         0x00000000   Number         0  stdout.o ABSOLUTE
    ../clib/microlib/string/memcmp.c         0x00000000   Number         0  memcmp.o ABSOLUTE
    ../clib/microlib/string/memset.c         0x00000000   Number         0  memseta.o ABSOLUTE
    ../clib/microlib/stubs.s                 0x00000000   Number         0  iusefp.o ABSOLUTE
    ../fplib/microlib/d2f.c                  0x00000000   Number         0  d2f.o ABSOLUTE
    ../fplib/microlib/f2d.c                  0x00000000   Number         0  f2d.o ABSOLUTE
    ../fplib/microlib/fpadd.c                0x00000000   Number         0  dadd.o ABSOLUTE
    ../fplib/microlib/fpdiv.c                0x00000000   Number         0  ddiv.o ABSOLUTE
    ../fplib/microlib/fpepilogue.c           0x00000000   Number         0  fepilogue.o ABSOLUTE
    ../fplib/microlib/fpepilogue.c           0x00000000   Number         0  depilogue.o ABSOLUTE
    ../fplib/microlib/fpfix.c                0x00000000   Number         0  dfixul.o ABSOLUTE
    ../fplib/microlib/fpfix.c                0x00000000   Number         0  dfixi.o ABSOLUTE
    ../fplib/microlib/fpflt.c                0x00000000   Number         0  dfltui.o ABSOLUTE
    ../fplib/microlib/fpflt.c                0x00000000   Number         0  dflti.o ABSOLUTE
    ../fplib/microlib/fpmul.c                0x00000000   Number         0  dmul.o ABSOLUTE
    ../fplib/microlib/fpneg.c                0x00000000   Number         0  dneg.o ABSOLUTE
    ../fplib/microlib/fpsqrt.c               0x00000000   Number         0  dsqrt.o ABSOLUTE
    ../mathlib/asin.c                        0x00000000   Number         0  asin.o ABSOLUTE
    ../mathlib/asin.c                        0x00000000   Number         0  asin_x.o ABSOLUTE
    ../mathlib/atan.c                        0x00000000   Number         0  atan.o ABSOLUTE
    ../mathlib/atan.c                        0x00000000   Number         0  atan_x.o ABSOLUTE
    ../mathlib/atan2.c                       0x00000000   Number         0  atan2_x.o ABSOLUTE
    ../mathlib/atan2.c                       0x00000000   Number         0  atan2.o ABSOLUTE
    ../mathlib/dunder.c                      0x00000000   Number         0  dunder.o ABSOLUTE
    ../mathlib/fabs.c                        0x00000000   Number         0  fabs.o ABSOLUTE
    ../mathlib/fpclassify.c                  0x00000000   Number         0  fpclassify.o ABSOLUTE
    ../mathlib/poly.c                        0x00000000   Number         0  poly.o ABSOLUTE
    ../mathlib/qnan.c                        0x00000000   Number         0  qnan.o ABSOLUTE
    ../mathlib/sqrt.c                        0x00000000   Number         0  sqrt_x.o ABSOLUTE
    ../mathlib/sqrt.c                        0x00000000   Number         0  sqrt.o ABSOLUTE
    ..\\firmware\\CMSIS\\device\\system_n32g430.c 0x00000000   Number         0  system_n32g430.o ABSOLUTE
    ..\\firmware\\n32g430_std_periph_driver\\src\\misc.c 0x00000000   Number         0  misc.o ABSOLUTE
    ..\\firmware\\n32g430_std_periph_driver\\src\\n32g430_adc.c 0x00000000   Number         0  n32g430_adc.o ABSOLUTE
    ..\\firmware\\n32g430_std_periph_driver\\src\\n32g430_beeper.c 0x00000000   Number         0  n32g430_beeper.o ABSOLUTE
    ..\\firmware\\n32g430_std_periph_driver\\src\\n32g430_can.c 0x00000000   Number         0  n32g430_can.o ABSOLUTE
    ..\\firmware\\n32g430_std_periph_driver\\src\\n32g430_comp.c 0x00000000   Number         0  n32g430_comp.o ABSOLUTE
    ..\\firmware\\n32g430_std_periph_driver\\src\\n32g430_crc.c 0x00000000   Number         0  n32g430_crc.o ABSOLUTE
    ..\\firmware\\n32g430_std_periph_driver\\src\\n32g430_dbg.c 0x00000000   Number         0  n32g430_dbg.o ABSOLUTE
    ..\\firmware\\n32g430_std_periph_driver\\src\\n32g430_dma.c 0x00000000   Number         0  n32g430_dma.o ABSOLUTE
    ..\\firmware\\n32g430_std_periph_driver\\src\\n32g430_exti.c 0x00000000   Number         0  n32g430_exti.o ABSOLUTE
    ..\\firmware\\n32g430_std_periph_driver\\src\\n32g430_flash.c 0x00000000   Number         0  n32g430_flash.o ABSOLUTE
    ..\\firmware\\n32g430_std_periph_driver\\src\\n32g430_gpio.c 0x00000000   Number         0  n32g430_gpio.o ABSOLUTE
    ..\\firmware\\n32g430_std_periph_driver\\src\\n32g430_i2c.c 0x00000000   Number         0  n32g430_i2c.o ABSOLUTE
    ..\\firmware\\n32g430_std_periph_driver\\src\\n32g430_iwdg.c 0x00000000   Number         0  n32g430_iwdg.o ABSOLUTE
    ..\\firmware\\n32g430_std_periph_driver\\src\\n32g430_lptim.c 0x00000000   Number         0  n32g430_lptim.o ABSOLUTE
    ..\\firmware\\n32g430_std_periph_driver\\src\\n32g430_pwr.c 0x00000000   Number         0  n32g430_pwr.o ABSOLUTE
    ..\\firmware\\n32g430_std_periph_driver\\src\\n32g430_rcc.c 0x00000000   Number         0  n32g430_rcc.o ABSOLUTE
    ..\\firmware\\n32g430_std_periph_driver\\src\\n32g430_rtc.c 0x00000000   Number         0  n32g430_rtc.o ABSOLUTE
    ..\\firmware\\n32g430_std_periph_driver\\src\\n32g430_spi.c 0x00000000   Number         0  n32g430_spi.o ABSOLUTE
    ..\\firmware\\n32g430_std_periph_driver\\src\\n32g430_tim.c 0x00000000   Number         0  n32g430_tim.o ABSOLUTE
    ..\\firmware\\n32g430_std_periph_driver\\src\\n32g430_usart.c 0x00000000   Number         0  n32g430_usart.o ABSOLUTE
    ..\\firmware\\n32g430_std_periph_driver\\src\\n32g430_wwdg.c 0x00000000   Number         0  n32g430_wwdg.o ABSOLUTE
    ..\firmware\CMSIS\device\startup\startup_n32g430.s 0x00000000   Number         0  startup_n32g430.o ABSOLUTE
    ..\firmware\CMSIS\device\system_n32g430.c 0x00000000   Number         0  system_n32g430.o ABSOLUTE
    ..\firmware\n32g430_std_periph_driver\src\misc.c 0x00000000   Number         0  misc.o ABSOLUTE
    ..\firmware\n32g430_std_periph_driver\src\n32g430_adc.c 0x00000000   Number         0  n32g430_adc.o ABSOLUTE
    ..\firmware\n32g430_std_periph_driver\src\n32g430_beeper.c 0x00000000   Number         0  n32g430_beeper.o ABSOLUTE
    ..\firmware\n32g430_std_periph_driver\src\n32g430_can.c 0x00000000   Number         0  n32g430_can.o ABSOLUTE
    ..\firmware\n32g430_std_periph_driver\src\n32g430_comp.c 0x00000000   Number         0  n32g430_comp.o ABSOLUTE
    ..\firmware\n32g430_std_periph_driver\src\n32g430_crc.c 0x00000000   Number         0  n32g430_crc.o ABSOLUTE
    ..\firmware\n32g430_std_periph_driver\src\n32g430_dbg.c 0x00000000   Number         0  n32g430_dbg.o ABSOLUTE
    ..\firmware\n32g430_std_periph_driver\src\n32g430_dma.c 0x00000000   Number         0  n32g430_dma.o ABSOLUTE
    ..\firmware\n32g430_std_periph_driver\src\n32g430_exti.c 0x00000000   Number         0  n32g430_exti.o ABSOLUTE
    ..\firmware\n32g430_std_periph_driver\src\n32g430_flash.c 0x00000000   Number         0  n32g430_flash.o ABSOLUTE
    ..\firmware\n32g430_std_periph_driver\src\n32g430_gpio.c 0x00000000   Number         0  n32g430_gpio.o ABSOLUTE
    ..\firmware\n32g430_std_periph_driver\src\n32g430_i2c.c 0x00000000   Number         0  n32g430_i2c.o ABSOLUTE
    ..\firmware\n32g430_std_periph_driver\src\n32g430_iwdg.c 0x00000000   Number         0  n32g430_iwdg.o ABSOLUTE
    ..\firmware\n32g430_std_periph_driver\src\n32g430_lptim.c 0x00000000   Number         0  n32g430_lptim.o ABSOLUTE
    ..\firmware\n32g430_std_periph_driver\src\n32g430_pwr.c 0x00000000   Number         0  n32g430_pwr.o ABSOLUTE
    ..\firmware\n32g430_std_periph_driver\src\n32g430_rcc.c 0x00000000   Number         0  n32g430_rcc.o ABSOLUTE
    ..\firmware\n32g430_std_periph_driver\src\n32g430_rtc.c 0x00000000   Number         0  n32g430_rtc.o ABSOLUTE
    ..\firmware\n32g430_std_periph_driver\src\n32g430_spi.c 0x00000000   Number         0  n32g430_spi.o ABSOLUTE
    ..\firmware\n32g430_std_periph_driver\src\n32g430_tim.c 0x00000000   Number         0  n32g430_tim.o ABSOLUTE
    ..\firmware\n32g430_std_periph_driver\src\n32g430_usart.c 0x00000000   Number         0  n32g430_usart.o ABSOLUTE
    ..\firmware\n32g430_std_periph_driver\src\n32g430_wwdg.c 0x00000000   Number         0  n32g430_wwdg.o ABSOLUTE
    cdcmple.s                                0x00000000   Number         0  cdcmple.o ABSOLUTE
    cdrcmple.s                               0x00000000   Number         0  cdrcmple.o ABSOLUTE
    dc.s                                     0x00000000   Number         0  dc.o ABSOLUTE
    handlers.s                               0x00000000   Number         0  handlers.o ABSOLUTE
    init.s                                   0x00000000   Number         0  init.o ABSOLUTE
    src\\adc.c                               0x00000000   Number         0  adc.o ABSOLUTE
    src\\bsp_delay.c                         0x00000000   Number         0  bsp_delay.o ABSOLUTE
    src\\eMPL\\inv_mpu.c                     0x00000000   Number         0  inv_mpu.o ABSOLUTE
    src\\eMPL\\inv_mpu_dmp_motion_driver.c   0x00000000   Number         0  inv_mpu_dmp_motion_driver.o ABSOLUTE
    src\\encoder.c                           0x00000000   Number         0  encoder.o ABSOLUTE
    src\\esp12f_io0.c                        0x00000000   Number         0  esp12f_io0.o ABSOLUTE
    src\\exti.c                              0x00000000   Number         0  exti.o ABSOLUTE
    src\\i2c_drv.c                           0x00000000   Number         0  i2c_drv.o ABSOLUTE
    src\\key.c                               0x00000000   Number         0  key.o ABSOLUTE
    src\\led.c                               0x00000000   Number         0  led.o ABSOLUTE
    src\\log.c                               0x00000000   Number         0  log.o ABSOLUTE
    src\\main.c                              0x00000000   Number         0  main.o ABSOLUTE
    src\\mpu6050.c                           0x00000000   Number         0  mpu6050.o ABSOLUTE
    src\\myiic.c                             0x00000000   Number         0  myiic.o ABSOLUTE
    src\\n32g430_it.c                        0x00000000   Number         0  n32g430_it.o ABSOLUTE
    src\\oled.c                              0x00000000   Number         0  oled.o ABSOLUTE
    src\\pwm.c                               0x00000000   Number         0  pwm.o ABSOLUTE
    src\adc.c                                0x00000000   Number         0  adc.o ABSOLUTE
    src\bsp_delay.c                          0x00000000   Number         0  bsp_delay.o ABSOLUTE
    src\eMPL\inv_mpu.c                       0x00000000   Number         0  inv_mpu.o ABSOLUTE
    src\eMPL\inv_mpu_dmp_motion_driver.c     0x00000000   Number         0  inv_mpu_dmp_motion_driver.o ABSOLUTE
    src\encoder.c                            0x00000000   Number         0  encoder.o ABSOLUTE
    src\esp12f_io0.c                         0x00000000   Number         0  esp12f_io0.o ABSOLUTE
    src\exti.c                               0x00000000   Number         0  exti.o ABSOLUTE
    src\i2c_drv.c                            0x00000000   Number         0  i2c_drv.o ABSOLUTE
    src\key.c                                0x00000000   Number         0  key.o ABSOLUTE
    src\led.c                                0x00000000   Number         0  led.o ABSOLUTE
    src\log.c                                0x00000000   Number         0  log.o ABSOLUTE
    src\main.c                               0x00000000   Number         0  main.o ABSOLUTE
    src\mpu6050.c                            0x00000000   Number         0  mpu6050.o ABSOLUTE
    src\myiic.c                              0x00000000   Number         0  myiic.o ABSOLUTE
    src\n32g430_it.c                         0x00000000   Number         0  n32g430_it.o ABSOLUTE
    src\oled.c                               0x00000000   Number         0  oled.o ABSOLUTE
    src\pwm.c                                0x00000000   Number         0  pwm.o ABSOLUTE
    RESET                                    0x08000000   Section      276  startup_n32g430.o(RESET)
    .ARM.Collect$$$$00000000                 0x08000114   Section        0  entry.o(.ARM.Collect$$$$00000000)
    .ARM.Collect$$$$00000001                 0x08000114   Section        4  entry2.o(.ARM.Collect$$$$00000001)
    .ARM.Collect$$$$00000004                 0x08000118   Section        4  entry5.o(.ARM.Collect$$$$00000004)
    .ARM.Collect$$$$00000008                 0x0800011c   Section        0  entry7b.o(.ARM.Collect$$$$00000008)
    .ARM.Collect$$$$0000000A                 0x0800011c   Section        0  entry8b.o(.ARM.Collect$$$$0000000A)
    .ARM.Collect$$$$0000000B                 0x0800011c   Section        8  entry9a.o(.ARM.Collect$$$$0000000B)
    .ARM.Collect$$$$0000000D                 0x08000124   Section        0  entry10a.o(.ARM.Collect$$$$0000000D)
    .ARM.Collect$$$$0000000F                 0x08000124   Section        0  entry11a.o(.ARM.Collect$$$$0000000F)
    .ARM.Collect$$$$00002712                 0x08000124   Section        4  entry2.o(.ARM.Collect$$$$00002712)
    __lit__00000000                          0x08000124   Data           4  entry2.o(.ARM.Collect$$$$00002712)
    .text                                    0x08000128   Section       36  startup_n32g430.o(.text)
    $v0                                      0x08000128   Number         0  startup_n32g430.o(.text)
    .text                                    0x0800014c   Section        0  system_n32g430.o(.text)
    System_Clock_Set                         0x0800014d   Thumb Code   254  system_n32g430.o(.text)
    .text                                    0x080003c0   Section        0  main.o(.text)
    .text                                    0x08000484   Section        0  n32g430_it.o(.text)
    .text                                    0x0800049c   Section        0  esp12f_io0.o(.text)
    .text                                    0x080004dc   Section        0  led.o(.text)
    .text                                    0x0800051c   Section        0  key.o(.text)
    .text                                    0x0800062c   Section        0  adc.o(.text)
    .text                                    0x0800073c   Section        0  exti.o(.text)
    .text                                    0x08000804   Section        0  pwm.o(.text)
    .text                                    0x080009dc   Section        0  encoder.o(.text)
    .text                                    0x08000ae4   Section        0  misc.o(.text)
    .text                                    0x08000bbc   Section        0  n32g430_adc.o(.text)
    .text                                    0x080013f8   Section        0  n32g430_dma.o(.text)
    .text                                    0x08001640   Section        0  n32g430_exti.o(.text)
    .text                                    0x08001778   Section        0  n32g430_gpio.o(.text)
    .text                                    0x08002064   Section        0  n32g430_rcc.o(.text)
    .text                                    0x0800272c   Section        0  n32g430_tim.o(.text)
    .text                                    0x08003920   Section       36  init.o(.text)
    i.__scatterload_copy                     0x08003944   Section       14  handlers.o(i.__scatterload_copy)
    i.__scatterload_null                     0x08003952   Section        2  handlers.o(i.__scatterload_null)
    i.__scatterload_zeroinit                 0x08003954   Section       14  handlers.o(i.__scatterload_zeroinit)
    .constdata                               0x08003962   Section       16  system_n32g430.o(.constdata)
    .constdata                               0x08003972   Section       64  n32g430_rcc.o(.constdata)
    APBAHBPresTable                          0x08003972   Data          16  n32g430_rcc.o(.constdata)
    ADCHCLKPresTable                         0x08003982   Data          16  n32g430_rcc.o(.constdata)
    ADCPLLCLKPresTable                       0x08003992   Data          32  n32g430_rcc.o(.constdata)
    .data                                    0x20000000   Section        4  system_n32g430.o(.data)
    .data                                    0x20000004   Section        7  key.o(.data)
    .data                                    0x2000000c   Section        2  adc.o(.data)
    .data                                    0x20000010   Section        8  pwm.o(.data)
    .data                                    0x20000018   Section       12  n32g430_adc.o(.data)
    STACK                                    0x20000028   Section     5376  startup_n32g430.o(STACK)

    Global Symbols

    Symbol Name                              Value     Ov Type        Size  Object(Section)

    BuildAttributes$$THM_ISAv4$E$P$D$K$B$S$7EM$VFPi3$EXTD16$VFPS$VFMA$PE$A:L22UL41UL21$X:L11$S22US41US21$IEEE1$IW$USESV6$~STKCKD$USESV7$~SHL$OTIME$ROPI$IEEEX$EBA8$MICROLIB$REQ8$PRES8$EABIv2 0x00000000   Number         0  anon$$obj.o ABSOLUTE
    __ARM_use_no_argv                        0x00000000   Number         0  main.o ABSOLUTE
    _printf_a                                0x00000000   Number         0  stubs.o ABSOLUTE
    _printf_c                                0x00000000   Number         0  stubs.o ABSOLUTE
    _printf_charcount                        0x00000000   Number         0  stubs.o ABSOLUTE
    _printf_d                                0x00000000   Number         0  stubs.o ABSOLUTE
    _printf_e                                0x00000000   Number         0  stubs.o ABSOLUTE
    _printf_f                                0x00000000   Number         0  stubs.o ABSOLUTE
    _printf_flags                            0x00000000   Number         0  stubs.o ABSOLUTE
    _printf_fp_dec                           0x00000000   Number         0  stubs.o ABSOLUTE
    _printf_fp_hex                           0x00000000   Number         0  stubs.o ABSOLUTE
    _printf_g                                0x00000000   Number         0  stubs.o ABSOLUTE
    _printf_i                                0x00000000   Number         0  stubs.o ABSOLUTE
    _printf_int_dec                          0x00000000   Number         0  stubs.o ABSOLUTE
    _printf_l                                0x00000000   Number         0  stubs.o ABSOLUTE
    _printf_lc                               0x00000000   Number         0  stubs.o ABSOLUTE
    _printf_ll                               0x00000000   Number         0  stubs.o ABSOLUTE
    _printf_lld                              0x00000000   Number         0  stubs.o ABSOLUTE
    _printf_lli                              0x00000000   Number         0  stubs.o ABSOLUTE
    _printf_llo                              0x00000000   Number         0  stubs.o ABSOLUTE
    _printf_llu                              0x00000000   Number         0  stubs.o ABSOLUTE
    _printf_llx                              0x00000000   Number         0  stubs.o ABSOLUTE
    _printf_longlong_dec                     0x00000000   Number         0  stubs.o ABSOLUTE
    _printf_longlong_hex                     0x00000000   Number         0  stubs.o ABSOLUTE
    _printf_longlong_oct                     0x00000000   Number         0  stubs.o ABSOLUTE
    _printf_ls                               0x00000000   Number         0  stubs.o ABSOLUTE
    _printf_mbtowc                           0x00000000   Number         0  stubs.o ABSOLUTE
    _printf_n                                0x00000000   Number         0  stubs.o ABSOLUTE
    _printf_o                                0x00000000   Number         0  stubs.o ABSOLUTE
    _printf_p                                0x00000000   Number         0  stubs.o ABSOLUTE
    _printf_percent                          0x00000000   Number         0  stubs.o ABSOLUTE
    _printf_pre_padding                      0x00000000   Number         0  stubs.o ABSOLUTE
    _printf_return_value                     0x00000000   Number         0  stubs.o ABSOLUTE
    _printf_s                                0x00000000   Number         0  stubs.o ABSOLUTE
    _printf_sizespec                         0x00000000   Number         0  stubs.o ABSOLUTE
    _printf_str                              0x00000000   Number         0  stubs.o ABSOLUTE
    _printf_truncate_signed                  0x00000000   Number         0  stubs.o ABSOLUTE
    _printf_truncate_unsigned                0x00000000   Number         0  stubs.o ABSOLUTE
    _printf_u                                0x00000000   Number         0  stubs.o ABSOLUTE
    _printf_wc                               0x00000000   Number         0  stubs.o ABSOLUTE
    _printf_wctomb                           0x00000000   Number         0  stubs.o ABSOLUTE
    _printf_widthprec                        0x00000000   Number         0  stubs.o ABSOLUTE
    _printf_x                                0x00000000   Number         0  stubs.o ABSOLUTE
    __cpp_initialize__aeabi_                  - Undefined Weak Reference
    __cxa_finalize                            - Undefined Weak Reference
    __decompress                              - Undefined Weak Reference
    _clock_init                               - Undefined Weak Reference
    _microlib_exit                            - Undefined Weak Reference
    __Vectors_Size                           0x00000114   Number         0  startup_n32g430.o ABSOLUTE
    __Vectors                                0x08000000   Data           4  startup_n32g430.o(RESET)
    __Vectors_End                            0x08000114   Data           0  startup_n32g430.o(RESET)
    __main                                   0x08000115   Thumb Code     0  entry.o(.ARM.Collect$$$$00000000)
    _main_stk                                0x08000115   Thumb Code     0  entry2.o(.ARM.Collect$$$$00000001)
    _main_scatterload                        0x08000119   Thumb Code     0  entry5.o(.ARM.Collect$$$$00000004)
    __main_after_scatterload                 0x0800011d   Thumb Code     0  entry5.o(.ARM.Collect$$$$00000004)
    _main_clock                              0x0800011d   Thumb Code     0  entry7b.o(.ARM.Collect$$$$00000008)
    _main_cpp_init                           0x0800011d   Thumb Code     0  entry8b.o(.ARM.Collect$$$$0000000A)
    _main_init                               0x0800011d   Thumb Code     0  entry9a.o(.ARM.Collect$$$$0000000B)
    __rt_final_cpp                           0x08000125   Thumb Code     0  entry10a.o(.ARM.Collect$$$$0000000D)
    __rt_final_exit                          0x08000125   Thumb Code     0  entry11a.o(.ARM.Collect$$$$0000000F)
    Reset_Handler                            0x08000129   Thumb Code     8  startup_n32g430.o(.text)
    PendSV_Handler                           0x0800013f   Thumb Code     2  startup_n32g430.o(.text)
    ADC_IRQHandler                           0x08000143   Thumb Code     0  startup_n32g430.o(.text)
    CAN_RX0_IRQHandler                       0x08000143   Thumb Code     0  startup_n32g430.o(.text)
    CAN_RX1_IRQHandler                       0x08000143   Thumb Code     0  startup_n32g430.o(.text)
    CAN_SCE_IRQHandler                       0x08000143   Thumb Code     0  startup_n32g430.o(.text)
    CAN_TX_IRQHandler                        0x08000143   Thumb Code     0  startup_n32g430.o(.text)
    COMP_1_2_3_IRQHandler                    0x08000143   Thumb Code     0  startup_n32g430.o(.text)
    DMA_Channel1_IRQHandler                  0x08000143   Thumb Code     0  startup_n32g430.o(.text)
    DMA_Channel2_IRQHandler                  0x08000143   Thumb Code     0  startup_n32g430.o(.text)
    DMA_Channel3_IRQHandler                  0x08000143   Thumb Code     0  startup_n32g430.o(.text)
    DMA_Channel4_IRQHandler                  0x08000143   Thumb Code     0  startup_n32g430.o(.text)
    DMA_Channel5_IRQHandler                  0x08000143   Thumb Code     0  startup_n32g430.o(.text)
    DMA_Channel6_IRQHandler                  0x08000143   Thumb Code     0  startup_n32g430.o(.text)
    DMA_Channel7_IRQHandler                  0x08000143   Thumb Code     0  startup_n32g430.o(.text)
    DMA_Channel8_IRQHandler                  0x08000143   Thumb Code     0  startup_n32g430.o(.text)
    EXTI0_IRQHandler                         0x08000143   Thumb Code     0  startup_n32g430.o(.text)
    EXTI15_10_IRQHandler                     0x08000143   Thumb Code     0  startup_n32g430.o(.text)
    EXTI1_IRQHandler                         0x08000143   Thumb Code     0  startup_n32g430.o(.text)
    EXTI2_IRQHandler                         0x08000143   Thumb Code     0  startup_n32g430.o(.text)
    EXTI3_IRQHandler                         0x08000143   Thumb Code     0  startup_n32g430.o(.text)
    EXTI4_IRQHandler                         0x08000143   Thumb Code     0  startup_n32g430.o(.text)
    FLASH_IRQHandler                         0x08000143   Thumb Code     0  startup_n32g430.o(.text)
    I2C1_ER_IRQHandler                       0x08000143   Thumb Code     0  startup_n32g430.o(.text)
    I2C1_EV_IRQHandler                       0x08000143   Thumb Code     0  startup_n32g430.o(.text)
    I2C2_ER_IRQHandler                       0x08000143   Thumb Code     0  startup_n32g430.o(.text)
    I2C2_EV_IRQHandler                       0x08000143   Thumb Code     0  startup_n32g430.o(.text)
    LPTIM_WKUP_IRQHandler                    0x08000143   Thumb Code     0  startup_n32g430.o(.text)
    MMU_IRQHandler                           0x08000143   Thumb Code     0  startup_n32g430.o(.text)
    PVD_IRQHandler                           0x08000143   Thumb Code     0  startup_n32g430.o(.text)
    RCC_IRQHandler                           0x08000143   Thumb Code     0  startup_n32g430.o(.text)
    RTCAlarm_IRQHandler                      0x08000143   Thumb Code     0  startup_n32g430.o(.text)
    RTC_TAMPER_STAMP_IRQHandler              0x08000143   Thumb Code     0  startup_n32g430.o(.text)
    RTC_WKUP_IRQHandler                      0x08000143   Thumb Code     0  startup_n32g430.o(.text)
    SPI1_IRQHandler                          0x08000143   Thumb Code     0  startup_n32g430.o(.text)
    SPI2_IRQHandler                          0x08000143   Thumb Code     0  startup_n32g430.o(.text)
    TIM1_BRK_IRQHandler                      0x08000143   Thumb Code     0  startup_n32g430.o(.text)
    TIM1_CC_IRQHandler                       0x08000143   Thumb Code     0  startup_n32g430.o(.text)
    TIM1_TRG_COM_IRQHandler                  0x08000143   Thumb Code     0  startup_n32g430.o(.text)
    TIM1_UP_IRQHandler                       0x08000143   Thumb Code     0  startup_n32g430.o(.text)
    TIM4_IRQHandler                          0x08000143   Thumb Code     0  startup_n32g430.o(.text)
    TIM5_IRQHandler                          0x08000143   Thumb Code     0  startup_n32g430.o(.text)
    TIM6_IRQHandler                          0x08000143   Thumb Code     0  startup_n32g430.o(.text)
    TIM8_BRK_IRQHandler                      0x08000143   Thumb Code     0  startup_n32g430.o(.text)
    TIM8_CC_IRQHandler                       0x08000143   Thumb Code     0  startup_n32g430.o(.text)
    TIM8_TRG_COM_IRQHandler                  0x08000143   Thumb Code     0  startup_n32g430.o(.text)
    TIM8_UP_IRQHandler                       0x08000143   Thumb Code     0  startup_n32g430.o(.text)
    UART3_IRQHandler                         0x08000143   Thumb Code     0  startup_n32g430.o(.text)
    UART4_IRQHandler                         0x08000143   Thumb Code     0  startup_n32g430.o(.text)
    USART1_IRQHandler                        0x08000143   Thumb Code     0  startup_n32g430.o(.text)
    USART2_IRQHandler                        0x08000143   Thumb Code     0  startup_n32g430.o(.text)
    WWDG_IRQHandler                          0x08000143   Thumb Code     0  startup_n32g430.o(.text)
    System_Initializes                       0x0800024b   Thumb Code   144  system_n32g430.o(.text)
    System_Clock_Frequency_Update            0x080002db   Thumb Code   182  system_n32g430.o(.text)
    main                                     0x080003c1   Thumb Code   144  main.o(.text)
    EXTI9_5_IRQHandler                       0x08000451   Thumb Code    40  main.o(.text)
    NMI_Handler                              0x08000485   Thumb Code     2  n32g430_it.o(.text)
    HardFault_Handler                        0x08000487   Thumb Code     4  n32g430_it.o(.text)
    MemManage_Handler                        0x0800048b   Thumb Code     4  n32g430_it.o(.text)
    BusFault_Handler                         0x0800048f   Thumb Code     4  n32g430_it.o(.text)
    UsageFault_Handler                       0x08000493   Thumb Code     4  n32g430_it.o(.text)
    SVC_Handler                              0x08000497   Thumb Code     2  n32g430_it.o(.text)
    DebugMon_Handler                         0x08000499   Thumb Code     2  n32g430_it.o(.text)
    SysTick_Handler                          0x0800049b   Thumb Code     2  n32g430_it.o(.text)
    ESP12F_IO0_Init                          0x0800049d   Thumb Code    58  esp12f_io0.o(.text)
    LED_GPIO_Init                            0x080004dd   Thumb Code    60  led.o(.text)
    Key_GPIO_Init                            0x0800051d   Thumb Code    44  key.o(.text)
    Key_Scanf                                0x08000549   Thumb Code   178  key.o(.text)
    KEY_Handle                               0x080005fb   Thumb Code    30  key.o(.text)
    ADC_RCC_Configuration                    0x0800062d   Thumb Code    32  adc.o(.text)
    ADC_GPIO_Configuration                   0x0800064d   Thumb Code    30  adc.o(.text)
    ADC_Configuration                        0x0800066b   Thumb Code   192  adc.o(.text)
    EXTI_Init                                0x0800073d   Thumb Code   182  exti.o(.text)
    Common_TIM_Base_Initialize               0x08000805   Thumb Code    42  pwm.o(.text)
    Common_ADTIM_GPIO_Initialize             0x0800082f   Thumb Code   106  pwm.o(.text)
    Common_ADTIM_RCC_Initialize              0x08000899   Thumb Code    82  pwm.o(.text)
    TIMx_PWM_Init                            0x080008eb   Thumb Code   222  pwm.o(.text)
    Encoder_TIM2_Init                        0x080009dd   Thumb Code   142  encoder.o(.text)
    Encoder_TIM3_Init                        0x08000a6b   Thumb Code     2  encoder.o(.text)
    Read_Speed                               0x08000a6d   Thumb Code    64  encoder.o(.text)
    TIM2_IRQHandler                          0x08000aad   Thumb Code    22  encoder.o(.text)
    TIM3_IRQHandler                          0x08000ac3   Thumb Code    22  encoder.o(.text)
    NVIC_Priority_Group_Set                  0x08000ae5   Thumb Code    10  misc.o(.text)
    NVIC_Initializes                         0x08000aef   Thumb Code   100  misc.o(.text)
    NVIC_Vector_Table_Set                    0x08000b53   Thumb Code    14  misc.o(.text)
    NVIC_System_LowPower_Enable              0x08000b61   Thumb Code    16  misc.o(.text)
    NVIC_System_Low_Power_Disable            0x08000b71   Thumb Code    16  misc.o(.text)
    SysTick_Clock_Source_Set                 0x08000b81   Thumb Code    40  misc.o(.text)
    ADC_Vrefint_Get                          0x08000bbd   Thumb Code    18  n32g430_adc.o(.text)
    ADC_Reset                                0x08000bcf   Thumb Code    12  n32g430_adc.o(.text)
    ADC_Multichannels_Enable                 0x08000bdb   Thumb Code    14  n32g430_adc.o(.text)
    ADC_Multichannels_Disable                0x08000be9   Thumb Code    14  n32g430_adc.o(.text)
    ADC_Continue_Conversion_Enable           0x08000bf7   Thumb Code    18  n32g430_adc.o(.text)
    ADC_Continue_Conversion_Disable          0x08000c09   Thumb Code    18  n32g430_adc.o(.text)
    ADC_Regular_Group_External_Trigger_Source_Config 0x08000c1b   Thumb Code    26  n32g430_adc.o(.text)
    ADC_Data_Alignment_Config                0x08000c35   Thumb Code    26  n32g430_adc.o(.text)
    ADC_Regular_Channels_Number_Config       0x08000c4f   Thumb Code    26  n32g430_adc.o(.text)
    ADC_Initializes                          0x08000c69   Thumb Code    52  n32g430_adc.o(.text)
    ADC_Initializes_Structure                0x08000c9d   Thumb Code    14  n32g430_adc.o(.text)
    ADC_ON                                   0x08000cab   Thumb Code    18  n32g430_adc.o(.text)
    ADC_OFF                                  0x08000cbd   Thumb Code    18  n32g430_adc.o(.text)
    ADC_DMA_Transfer_Enable                  0x08000ccf   Thumb Code    18  n32g430_adc.o(.text)
    ADC_DMA_Transfer_Disable                 0x08000ce1   Thumb Code    18  n32g430_adc.o(.text)
    ADC_Interrupts_Enable                    0x08000cf3   Thumb Code    32  n32g430_adc.o(.text)
    ADC_Interrupts_Disable                   0x08000d13   Thumb Code    32  n32g430_adc.o(.text)
    ADC_Calibration_Operation                0x08000d33   Thumb Code    72  n32g430_adc.o(.text)
    ADC_Regular_Channels_Software_Conversion_Operation 0x08000d7b   Thumb Code    76  n32g430_adc.o(.text)
    ADC_Discontinuous_Mode_Channel_Count_Config 0x08000dc7   Thumb Code    22  n32g430_adc.o(.text)
    ADC_Discontinuous_Mode_Config            0x08000ddd   Thumb Code    76  n32g430_adc.o(.text)
    ADC_Channel_Sample_Time_Config           0x08000e29   Thumb Code   140  n32g430_adc.o(.text)
    ADC_Regular_Sequence_Conversion_Number_Config 0x08000eb5   Thumb Code   154  n32g430_adc.o(.text)
    ADC_External_Trigger_Conversion_Config   0x08000f4f   Thumb Code   110  n32g430_adc.o(.text)
    ADC_Regular_Group_Conversion_Data_Get    0x08000fbd   Thumb Code     8  n32g430_adc.o(.text)
    ADC_Injected_Group_Autoconversion_Enable 0x08000fc5   Thumb Code    18  n32g430_adc.o(.text)
    ADC_Injected_Group_Autoconversion_Disable 0x08000fd7   Thumb Code    18  n32g430_adc.o(.text)
    ADC_Injected_Group_External_Trigger_Source_Config 0x08000fe9   Thumb Code    26  n32g430_adc.o(.text)
    ADC_Injected_Channels_Software_Conversion_Operation 0x08001003   Thumb Code    76  n32g430_adc.o(.text)
    ADC_Injected_Sequence_Conversion_Number_Config 0x0800104f   Thumb Code    46  n32g430_adc.o(.text)
    ADC_Injected_Channels_Number_Config      0x0800107d   Thumb Code    26  n32g430_adc.o(.text)
    ADC_Injected_Channels_Offset_Config      0x08001097   Thumb Code    24  n32g430_adc.o(.text)
    ADC_Injected_Group_Conversion_Data_Get   0x080010af   Thumb Code    32  n32g430_adc.o(.text)
    ADC_Analog_Watchdog_Mode_Channel_Config  0x080010cf   Thumb Code    58  n32g430_adc.o(.text)
    ADC_Analog_Watchdog_Enable               0x08001109   Thumb Code    16  n32g430_adc.o(.text)
    ADC_Analog_Watchdog_Disable              0x08001119   Thumb Code    16  n32g430_adc.o(.text)
    ADC_Analog_Watchdog_HighThresholds_Config 0x08001129   Thumb Code     8  n32g430_adc.o(.text)
    ADC_Analog_Watchdog_LowThresholds_Config 0x08001131   Thumb Code     8  n32g430_adc.o(.text)
    ADC_Temperature_Sensor_And_Vrefint_Channel_Enable 0x08001139   Thumb Code    34  n32g430_adc.o(.text)
    ADC_Temperature_Sensor_And_Vrefint_Channel_Disable 0x0800115b   Thumb Code    34  n32g430_adc.o(.text)
    ADC_INTFlag_Status_Get                   0x0800117d   Thumb Code    20  n32g430_adc.o(.text)
    ADC_Flag_Status_Get                      0x08001191   Thumb Code    42  n32g430_adc.o(.text)
    ADC_INTFlag_Status_Clear                 0x080011bb   Thumb Code    16  n32g430_adc.o(.text)
    ADC_Flag_Status_Clear                    0x080011cb   Thumb Code    16  n32g430_adc.o(.text)
    ADC_Vbat_Monitor_Enable                  0x080011db   Thumb Code    34  n32g430_adc.o(.text)
    ADC_Vbat_Monitor_Disable                 0x080011fd   Thumb Code    34  n32g430_adc.o(.text)
    ADC_Deep_Power_Mode_Enable               0x0800121f   Thumb Code    18  n32g430_adc.o(.text)
    ADC_Deep_Power_Mode_Disable              0x08001231   Thumb Code    18  n32g430_adc.o(.text)
    ADC_AHB_Clock_Mode_Config                0x08001243   Thumb Code    18  n32g430_adc.o(.text)
    ADC_PLL_Clock_Mode_Config                0x08001255   Thumb Code    18  n32g430_adc.o(.text)
    ADC_Calibration_Auto_Load_Enable         0x08001267   Thumb Code    18  n32g430_adc.o(.text)
    ADC_Calibration_Auto_Load_Disable        0x08001279   Thumb Code    18  n32g430_adc.o(.text)
    ADC_Differential_Mode_Enable             0x0800128b   Thumb Code    18  n32g430_adc.o(.text)
    ADC_Differential_Mode_Disable            0x0800129d   Thumb Code    18  n32g430_adc.o(.text)
    ADC_Data_Resolution_Config               0x080012af   Thumb Code    26  n32g430_adc.o(.text)
    ADC_Sample_Time_Level_Config             0x080012c9   Thumb Code    26  n32g430_adc.o(.text)
    ADC_Initializes_Ex                       0x080012e3   Thumb Code   134  n32g430_adc.o(.text)
    ADC_Initializes_StructureEx              0x08001369   Thumb Code    26  n32g430_adc.o(.text)
    ADC_Bypass_Calibration_Enable            0x08001383   Thumb Code    18  n32g430_adc.o(.text)
    ADC_Bypass_Calibration_Disable           0x08001395   Thumb Code    28  n32g430_adc.o(.text)
    ADC_Differential_Channels_Config         0x080013b1   Thumb Code    22  n32g430_adc.o(.text)
    ADC_Clock_Mode_Config                    0x080013c7   Thumb Code    40  n32g430_adc.o(.text)
    DMA_Reset                                0x080013f9   Thumb Code   224  n32g430_dma.o(.text)
    DMA_Memory_2_Memory_Config               0x080014d9   Thumb Code    16  n32g430_dma.o(.text)
    DMA_Priority_Config                      0x080014e9   Thumb Code    16  n32g430_dma.o(.text)
    DMA_Circular_Mode_Config                 0x080014f9   Thumb Code    16  n32g430_dma.o(.text)
    DMA_Memory_Data_Width_Config             0x08001509   Thumb Code    16  n32g430_dma.o(.text)
    DMA_Peripheral_Data_Width_Config         0x08001519   Thumb Code    16  n32g430_dma.o(.text)
    DMA_Memory_Addr_Increment_Config         0x08001529   Thumb Code    16  n32g430_dma.o(.text)
    DMA_Peripheral_Addr_Increment_Config     0x08001539   Thumb Code    16  n32g430_dma.o(.text)
    DMA_Buffer_Size_Config                   0x08001549   Thumb Code     4  n32g430_dma.o(.text)
    DMA_Destination_Config                   0x0800154d   Thumb Code    16  n32g430_dma.o(.text)
    DMA_Memory_Address_Config                0x0800155d   Thumb Code     4  n32g430_dma.o(.text)
    DMA_Peripheral_Address_Config            0x08001561   Thumb Code     4  n32g430_dma.o(.text)
    DMA_Initializes                          0x08001565   Thumb Code    96  n32g430_dma.o(.text)
    DMA_Structure_Initializes                0x080015c5   Thumb Code    26  n32g430_dma.o(.text)
    DMA_Channel_Enable                       0x080015df   Thumb Code    10  n32g430_dma.o(.text)
    DMA_Channel_Disable                      0x080015e9   Thumb Code    10  n32g430_dma.o(.text)
    DMA_Interrupts_Enable                    0x080015f3   Thumb Code     8  n32g430_dma.o(.text)
    DMA_Interrupts_Disable                   0x080015fb   Thumb Code     8  n32g430_dma.o(.text)
    DMA_Current_Data_Transfer_Number_Set     0x08001603   Thumb Code     4  n32g430_dma.o(.text)
    DMA_Current_Data_Transfer_Number_Get     0x08001607   Thumb Code     8  n32g430_dma.o(.text)
    DMA_Flag_Status_Get                      0x0800160f   Thumb Code    16  n32g430_dma.o(.text)
    DMA_Flag_Status_Clear                    0x0800161f   Thumb Code     4  n32g430_dma.o(.text)
    DMA_Interrupt_Status_Get                 0x08001623   Thumb Code    16  n32g430_dma.o(.text)
    DMA_Interrupt_Status_Clear               0x08001633   Thumb Code     4  n32g430_dma.o(.text)
    DMA_Channel_Request_Remap                0x08001637   Thumb Code     4  n32g430_dma.o(.text)
    EXTI_Reset                               0x08001641   Thumb Code    30  n32g430_exti.o(.text)
    EXTI_LineCmd_Disable                     0x0800165f   Thumb Code    20  n32g430_exti.o(.text)
    EXTI_Trigger_Config                      0x08001673   Thumb Code    68  n32g430_exti.o(.text)
    EXTI_Work_Mode_Config                    0x080016b7   Thumb Code    38  n32g430_exti.o(.text)
    EXTI_Peripheral_Initializes              0x080016dd   Thumb Code    32  n32g430_exti.o(.text)
    EXTI_Structure_Initializes               0x080016fd   Thumb Code    16  n32g430_exti.o(.text)
    EXTI_Software_Interrupt_Trigger          0x0800170d   Thumb Code    16  n32g430_exti.o(.text)
    EXTI_Flag_Status_Get                     0x0800171d   Thumb Code    20  n32g430_exti.o(.text)
    EXTI_Flag_Status_Clear                   0x08001731   Thumb Code     8  n32g430_exti.o(.text)
    EXTI_Interrupt_Status_Get                0x08001739   Thumb Code    28  n32g430_exti.o(.text)
    EXTI_Interrupt_Status_Clear              0x08001755   Thumb Code     8  n32g430_exti.o(.text)
    EXTI_RTC_Time_Stamp_Select               0x0800175d   Thumb Code    24  n32g430_exti.o(.text)
    GPIO_Reset                               0x08001779   Thumb Code    66  n32g430_gpio.o(.text)
    GPIOA_Pin_Reset                          0x080017bb   Thumb Code   256  n32g430_gpio.o(.text)
    GPIOB_Pin_Reset                          0x080018bb   Thumb Code   230  n32g430_gpio.o(.text)
    GPIOC_Pin_Reset                          0x080019a1   Thumb Code   144  n32g430_gpio.o(.text)
    GPIOD_Pin_Reset                          0x08001a31   Thumb Code   194  n32g430_gpio.o(.text)
    AFIO_EXTI_Reset                          0x08001af3   Thumb Code    62  n32g430_gpio.o(.text)
    GPIO_ALLPin_Reset                        0x08001b31   Thumb Code    36  n32g430_gpio.o(.text)
    GPIO_Alternate_Set                       0x08001b55   Thumb Code    86  n32g430_gpio.o(.text)
    GPIO_Mode_Set                            0x08001bab   Thumb Code    68  n32g430_gpio.o(.text)
    GPIO_Pull_Set                            0x08001bef   Thumb Code    28  n32g430_gpio.o(.text)
    GPIO_SlewRate_Set                        0x08001c0b   Thumb Code    24  n32g430_gpio.o(.text)
    GPIO_Driver_Set                          0x08001c23   Thumb Code    28  n32g430_gpio.o(.text)
    GPIO_Peripheral_Initialize               0x08001c3f   Thumb Code    86  n32g430_gpio.o(.text)
    GPIO_Alternate_Function_Reset            0x08001c95   Thumb Code    10  n32g430_gpio.o(.text)
    GPIO_Structure_Initialize                0x08001c9f   Thumb Code    24  n32g430_gpio.o(.text)
    GPIO_Input_Pin_Data_Get                  0x08001cb7   Thumb Code    16  n32g430_gpio.o(.text)
    GPIO_Input_Data_Get                      0x08001cc7   Thumb Code     8  n32g430_gpio.o(.text)
    GPIO_Output_Pin_Data_Get                 0x08001ccf   Thumb Code    16  n32g430_gpio.o(.text)
    GPIO_Output_Data_Get                     0x08001cdf   Thumb Code     8  n32g430_gpio.o(.text)
    GPIO_Pins_Set                            0x08001ce7   Thumb Code     4  n32g430_gpio.o(.text)
    GPIO_Pins_Reset                          0x08001ceb   Thumb Code     4  n32g430_gpio.o(.text)
    GPIO_PBSC_Pins_Reset                     0x08001cef   Thumb Code     8  n32g430_gpio.o(.text)
    GPIO_PBC_Pins_Reset                      0x08001cf7   Thumb Code     4  n32g430_gpio.o(.text)
    GPIO_Write                               0x08001cfb   Thumb Code     4  n32g430_gpio.o(.text)
    GPIO_Pin_Toggle                          0x08001cff   Thumb Code     8  n32g430_gpio.o(.text)
    GPIO_Pin_Lock_Set                        0x08001d07   Thumb Code    18  n32g430_gpio.o(.text)
    GPIO_Pin_Remap_Set                       0x08001d19   Thumb Code    94  n32g430_gpio.o(.text)
    GPIO_EXTI_Line_Set                       0x08001d77   Thumb Code    56  n32g430_gpio.o(.text)
    AFIO_SPI_NSS_Mode_Set                    0x08001daf   Thumb Code    30  n32g430_gpio.o(.text)
    AFIO_ADC_External_Trigger_Remap_Set      0x08001dcd   Thumb Code    82  n32g430_gpio.o(.text)
    AFIO_5V_Tolerance_Enable                 0x08001e1f   Thumb Code    16  n32g430_gpio.o(.text)
    AFIO_5V_Tolerance_Disable                0x08001e2f   Thumb Code    16  n32g430_gpio.o(.text)
    AFIO_Filter_Stage_Ctrl                   0x08001e3f   Thumb Code     8  n32g430_gpio.o(.text)
    AFIO_EFT_Enable                          0x08001e47   Thumb Code   130  n32g430_gpio.o(.text)
    AFIO_EFT_Disable                         0x08001ec9   Thumb Code   130  n32g430_gpio.o(.text)
    AFIO_Digital_EFT_Enable                  0x08001f4b   Thumb Code   130  n32g430_gpio.o(.text)
    AFIO_Digital_EFT_Disable                 0x08001fcd   Thumb Code   130  n32g430_gpio.o(.text)
    RCC_Reset                                0x08002065   Thumb Code    74  n32g430_rcc.o(.text)
    RCC_HSE_Config                           0x080020af   Thumb Code    60  n32g430_rcc.o(.text)
    RCC_Flag_Status_Get                      0x080020eb   Thumb Code    58  n32g430_rcc.o(.text)
    RCC_Clocks_Frequencies_Value_Get         0x08002125   Thumb Code   250  n32g430_rcc.o(.text)
    RCC_HSE_Stable_Wait                      0x0800221f   Thumb Code    78  n32g430_rcc.o(.text)
    RCC_Clock_Security_System_Enable         0x0800226d   Thumb Code     8  n32g430_rcc.o(.text)
    RCC_Clock_Security_System_Disable        0x08002275   Thumb Code     8  n32g430_rcc.o(.text)
    RCC_HSI_Calibration_Value_Set            0x0800227d   Thumb Code    20  n32g430_rcc.o(.text)
    RCC_HSI_Enable                           0x08002291   Thumb Code     8  n32g430_rcc.o(.text)
    RCC_HSI_Disable                          0x08002299   Thumb Code     8  n32g430_rcc.o(.text)
    RCC_HSI_Stable_Wait                      0x080022a1   Thumb Code    78  n32g430_rcc.o(.text)
    RCC_PLL_Config                           0x080022ef   Thumb Code    46  n32g430_rcc.o(.text)
    RCC_PLL_Enable                           0x0800231d   Thumb Code     8  n32g430_rcc.o(.text)
    RCC_PLL_Disable                          0x08002325   Thumb Code     8  n32g430_rcc.o(.text)
    RCC_Sysclk_Config                        0x0800232d   Thumb Code    18  n32g430_rcc.o(.text)
    RCC_Sysclk_Source_Get                    0x0800233f   Thumb Code    10  n32g430_rcc.o(.text)
    RCC_Hclk_Config                          0x08002349   Thumb Code    18  n32g430_rcc.o(.text)
    RCC_Pclk1_Config                         0x0800235b   Thumb Code    18  n32g430_rcc.o(.text)
    RCC_Pclk2_Config                         0x0800236d   Thumb Code    20  n32g430_rcc.o(.text)
    RCC_Interrupt_Enable                     0x08002381   Thumb Code    12  n32g430_rcc.o(.text)
    RCC_Interrupt_Disable                    0x0800238d   Thumb Code    12  n32g430_rcc.o(.text)
    RCC_TIM1_8_Clock_Config                  0x08002399   Thumb Code    18  n32g430_rcc.o(.text)
    RCC_ADC_1M_Clock_Config                  0x080023ab   Thumb Code    24  n32g430_rcc.o(.text)
    RCC_ADC_PLL_Clock_Prescaler_Enable       0x080023c3   Thumb Code    18  n32g430_rcc.o(.text)
    RCC_ADC_PLL_Clock_Disable                0x080023d5   Thumb Code    14  n32g430_rcc.o(.text)
    RCC_ADC_Hclk_Config                      0x080023e3   Thumb Code    18  n32g430_rcc.o(.text)
    RCC_ADC_Hclk_Enable                      0x080023f5   Thumb Code    18  n32g430_rcc.o(.text)
    RCC_ADC_Hclk_Disable                     0x08002407   Thumb Code    18  n32g430_rcc.o(.text)
    RCC_LSE_Trim_Config                      0x08002419   Thumb Code    38  n32g430_rcc.o(.text)
    RCC_APB1_Peripheral_Clock_Enable         0x0800243f   Thumb Code    70  n32g430_rcc.o(.text)
    RCC_LSE_Config                           0x08002485   Thumb Code    88  n32g430_rcc.o(.text)
    RCC_LSE_Clock_Security_System_Enable     0x080024dd   Thumb Code     8  n32g430_rcc.o(.text)
    RCC_LSE_Clock_Security_System_Disable    0x080024e5   Thumb Code     8  n32g430_rcc.o(.text)
    RCC_LSE_Clock_Security_System_Status_Get 0x080024ed   Thumb Code    18  n32g430_rcc.o(.text)
    RCC_LSE_Stable_Wait                      0x080024ff   Thumb Code    78  n32g430_rcc.o(.text)
    RCC_LSI_Enable                           0x0800254d   Thumb Code    10  n32g430_rcc.o(.text)
    RCC_LSI_Disable                          0x08002557   Thumb Code    10  n32g430_rcc.o(.text)
    RCC_LSI_Stable_Wait                      0x08002561   Thumb Code    78  n32g430_rcc.o(.text)
    RCC_RTC_Clock_Config                     0x080025af   Thumb Code    22  n32g430_rcc.o(.text)
    RCC_RTC_Clock_Enable                     0x080025c5   Thumb Code    10  n32g430_rcc.o(.text)
    RCC_RTC_Clock_Disable                    0x080025cf   Thumb Code    10  n32g430_rcc.o(.text)
    RCC_LPTIM_Clock_Config                   0x080025d9   Thumb Code    46  n32g430_rcc.o(.text)
    RCC_LPTIM_Reset                          0x08002607   Thumb Code    24  n32g430_rcc.o(.text)
    RCC_LPTIM_Enable                         0x0800261f   Thumb Code    14  n32g430_rcc.o(.text)
    RCC_LPTIM_Disable                        0x0800262d   Thumb Code    14  n32g430_rcc.o(.text)
    RCC_AHB_Peripheral_Clock_Enable          0x0800263b   Thumb Code    12  n32g430_rcc.o(.text)
    RCC_AHB_Peripheral_Clock_Disable         0x08002647   Thumb Code    12  n32g430_rcc.o(.text)
    RCC_APB2_Peripheral_Clock_Enable         0x08002653   Thumb Code    12  n32g430_rcc.o(.text)
    RCC_APB2_Peripheral_Clock_Disable        0x0800265f   Thumb Code    12  n32g430_rcc.o(.text)
    RCC_APB1_Peripheral_Clock_Disable        0x0800266b   Thumb Code    12  n32g430_rcc.o(.text)
    RCC_AHB_Peripheral_Reset                 0x08002677   Thumb Code    20  n32g430_rcc.o(.text)
    RCC_APB2_Peripheral_Reset                0x0800268b   Thumb Code    20  n32g430_rcc.o(.text)
    RCC_APB1_Peripheral_Reset                0x0800269f   Thumb Code    20  n32g430_rcc.o(.text)
    RCC_Backup_Reset                         0x080026b3   Thumb Code    14  n32g430_rcc.o(.text)
    RCC_MCO_PLL_Prescaler_Config             0x080026c1   Thumb Code    18  n32g430_rcc.o(.text)
    RCC_MCO_Source_Config                    0x080026d3   Thumb Code    18  n32g430_rcc.o(.text)
    RCC_Reset_Flag_Clear                     0x080026e5   Thumb Code    24  n32g430_rcc.o(.text)
    RCC_Interrupt_Status_Get                 0x080026fd   Thumb Code    18  n32g430_rcc.o(.text)
    RCC_Interrupt_Status_Clear               0x0800270f   Thumb Code    12  n32g430_rcc.o(.text)
    TIM_Reset                                0x0800272d   Thumb Code   102  n32g430_tim.o(.text)
    TIM_Base_Count_Mode_Set                  0x08002793   Thumb Code    16  n32g430_tim.o(.text)
    TIM_Base_Center_Aligned_Mode_OC4_7_8_9_Trigger_Set 0x080027a3   Thumb Code    16  n32g430_tim.o(.text)
    TIM_Asymmetric_Enable                    0x080027b3   Thumb Code    10  n32g430_tim.o(.text)
    TIM_Asymmetric_Disable                   0x080027bd   Thumb Code    10  n32g430_tim.o(.text)
    TIM_Base_Auto_Reload_Set                 0x080027c7   Thumb Code     4  n32g430_tim.o(.text)
    TIM_Base_Prescaler_Set                   0x080027cb   Thumb Code     4  n32g430_tim.o(.text)
    TIM_Base_Reload_Mode_Set                 0x080027cf   Thumb Code     4  n32g430_tim.o(.text)
    TIM_Base_Repeat_Count_Set                0x080027d3   Thumb Code     4  n32g430_tim.o(.text)
    TIM_Base_Channel1                        0x080027d7   Thumb Code    22  n32g430_tim.o(.text)
    TIM_Base_Channel2                        0x080027ed   Thumb Code    22  n32g430_tim.o(.text)
    TIM_Base_Channel3                        0x08002803   Thumb Code    22  n32g430_tim.o(.text)
    TIM_Base_Channel4                        0x08002819   Thumb Code    22  n32g430_tim.o(.text)
    TIM_Base_OCrefClear                      0x0800282f   Thumb Code    22  n32g430_tim.o(.text)
    TIM_Clock_Division_Set                   0x08002845   Thumb Code    16  n32g430_tim.o(.text)
    TIM_Base_Initialize                      0x08002855   Thumb Code   156  n32g430_tim.o(.text)
    TIM_Base_Struct_Initialize               0x080028f1   Thumb Code    30  n32g430_tim.o(.text)
    TIM_Base_Count_Set                       0x0800290f   Thumb Code     4  n32g430_tim.o(.text)
    TIM_Base_Count_Get                       0x08002913   Thumb Code     6  n32g430_tim.o(.text)
    TIM_Auto_Reload_Get                      0x08002919   Thumb Code     6  n32g430_tim.o(.text)
    TIM_Base_Prescaler_Get                   0x0800291f   Thumb Code     6  n32g430_tim.o(.text)
    TIM_On                                   0x08002925   Thumb Code    10  n32g430_tim.o(.text)
    TIM_Off                                  0x0800292f   Thumb Code    10  n32g430_tim.o(.text)
    TIM_Output_Channel1_Preload_Set          0x08002939   Thumb Code    18  n32g430_tim.o(.text)
    TIM_Output_Channel2_Preload_Set          0x0800294b   Thumb Code    26  n32g430_tim.o(.text)
    TIM_Output_Channel3_Preload_Set          0x08002965   Thumb Code    20  n32g430_tim.o(.text)
    TIM_Output_Channel4_Preload_Set          0x08002979   Thumb Code    28  n32g430_tim.o(.text)
    TIM_Output_Channel5_Preload_Set          0x08002995   Thumb Code    22  n32g430_tim.o(.text)
    TIM_Output_Channel6_Preload_Set          0x080029ab   Thumb Code    30  n32g430_tim.o(.text)
    TIM_Output_Channel7_Preload_Set          0x080029c9   Thumb Code    26  n32g430_tim.o(.text)
    TIM_Output_Channel8_Preload_Set          0x080029e3   Thumb Code    26  n32g430_tim.o(.text)
    TIM_Output_Channel9_Preload_Set          0x080029fd   Thumb Code    26  n32g430_tim.o(.text)
    TIM_Auto_Reload_Preload_Enable           0x08002a17   Thumb Code    10  n32g430_tim.o(.text)
    TIM_Auto_Reload_Preload_Disable          0x08002a21   Thumb Code    10  n32g430_tim.o(.text)
    TIM_Update_Event_Enable                  0x08002a2b   Thumb Code    10  n32g430_tim.o(.text)
    TIM_Update_Event_Disable                 0x08002a35   Thumb Code    10  n32g430_tim.o(.text)
    TIM_Update_Request_Source_Set            0x08002a3f   Thumb Code    22  n32g430_tim.o(.text)
    TIM_Event_Generate                       0x08002a55   Thumb Code     4  n32g430_tim.o(.text)
    TIM_Commutation_Event_Enable             0x08002a59   Thumb Code    10  n32g430_tim.o(.text)
    TIM_Commutation_Event_Disable            0x08002a63   Thumb Code    10  n32g430_tim.o(.text)
    TIM_Capture_Compare_Control_Preload_Enable 0x08002a6d   Thumb Code    10  n32g430_tim.o(.text)
    TIM_Capture_Compare_Control_Preload_Disable 0x08002a77   Thumb Code    10  n32g430_tim.o(.text)
    TIM_Compare1_Set                         0x08002a81   Thumb Code    14  n32g430_tim.o(.text)
    TIM_Compare2_Set                         0x08002a8f   Thumb Code    14  n32g430_tim.o(.text)
    TIM_Compare3_Set                         0x08002a9d   Thumb Code    14  n32g430_tim.o(.text)
    TIM_Compare4_Set                         0x08002aab   Thumb Code    14  n32g430_tim.o(.text)
    TIM_Compare5_Set                         0x08002ab9   Thumb Code     6  n32g430_tim.o(.text)
    TIM_Compare6_Set                         0x08002abf   Thumb Code     6  n32g430_tim.o(.text)
    TIM_Compare7_Set                         0x08002ac5   Thumb Code     6  n32g430_tim.o(.text)
    TIM_Compare8_Set                         0x08002acb   Thumb Code     6  n32g430_tim.o(.text)
    TIM_Compare9_Set                         0x08002ad1   Thumb Code     6  n32g430_tim.o(.text)
    TIM_Compare1_D_Set                       0x08002ad7   Thumb Code    14  n32g430_tim.o(.text)
    TIM_Compare2_D_Set                       0x08002ae5   Thumb Code    14  n32g430_tim.o(.text)
    TIM_Compare3_D_Set                       0x08002af3   Thumb Code    14  n32g430_tim.o(.text)
    TIM_Compare4_D_Set                       0x08002b01   Thumb Code    40  n32g430_tim.o(.text)
    TIM_Compare_Capture1_Get                 0x08002b29   Thumb Code     8  n32g430_tim.o(.text)
    TIM_Compare_Capture2_Get                 0x08002b31   Thumb Code     8  n32g430_tim.o(.text)
    TIM_Compare_Capture3_Get                 0x08002b39   Thumb Code     8  n32g430_tim.o(.text)
    TIM_Compare_Capture4_Get                 0x08002b41   Thumb Code     8  n32g430_tim.o(.text)
    TIM_Compare_Capture5_Get                 0x08002b49   Thumb Code     8  n32g430_tim.o(.text)
    TIM_Compare_Capture6_Get                 0x08002b51   Thumb Code     8  n32g430_tim.o(.text)
    TIM_Compare_Capture7_Get                 0x08002b59   Thumb Code     8  n32g430_tim.o(.text)
    TIM_Compare_Capture8_Get                 0x08002b61   Thumb Code     8  n32g430_tim.o(.text)
    TIM_Compare_Capture9_Get                 0x08002b69   Thumb Code     8  n32g430_tim.o(.text)
    TIM_Compare_Capture1_D_Get               0x08002b71   Thumb Code     8  n32g430_tim.o(.text)
    TIM_Compare_Capture2_D_Get               0x08002b79   Thumb Code     8  n32g430_tim.o(.text)
    TIM_Compare_Capture3_D_Get               0x08002b81   Thumb Code     8  n32g430_tim.o(.text)
    TIM_Compare_Capture4_D_Get               0x08002b89   Thumb Code     8  n32g430_tim.o(.text)
    TIM_Trigger_Source_Select                0x08002b91   Thumb Code    18  n32g430_tim.o(.text)
    Input_Channel1_Config                    0x08002ba3   Thumb Code   104  n32g430_tim.o(.text)
    Input_Channel2_Config                    0x08002c0b   Thumb Code   116  n32g430_tim.o(.text)
    Input_Channel3_Config                    0x08002c7f   Thumb Code   110  n32g430_tim.o(.text)
    Input_Channel4_Config                    0x08002ced   Thumb Code   118  n32g430_tim.o(.text)
    TIM_External_Trigger_Filter_Set          0x08002d63   Thumb Code    24  n32g430_tim.o(.text)
    TIM_External_Trigger_Prescaler_Set       0x08002d7b   Thumb Code    16  n32g430_tim.o(.text)
    TIM_External_Trigger_Polarity_Set        0x08002d8b   Thumb Code    26  n32g430_tim.o(.text)
    TIM_Internal_Clock_Set                   0x08002da5   Thumb Code    12  n32g430_tim.o(.text)
    TIM_Input_Capture1_Prescaler_Set         0x08002db1   Thumb Code    18  n32g430_tim.o(.text)
    TIM_Input_Capture2_Prescaler_Set         0x08002dc3   Thumb Code    26  n32g430_tim.o(.text)
    TIM_Input_Capture3_Prescaler_Set         0x08002ddd   Thumb Code    18  n32g430_tim.o(.text)
    TIM_Input_Capture4_Prescaler_Set         0x08002def   Thumb Code    20  n32g430_tim.o(.text)
    TIM_Internal_Trig_To_Ext_Set             0x08002e03   Thumb Code    24  n32g430_tim.o(.text)
    TIM_Trigger_As_External_Clock            0x08002e1b   Thumb Code    58  n32g430_tim.o(.text)
    TIM_External_Clock_Mode1_Set             0x08002e55   Thumb Code    66  n32g430_tim.o(.text)
    TIM_External_Clock_Mode2_Set             0x08002e97   Thumb Code    44  n32g430_tim.o(.text)
    TIM_Slave_Mode_Select                    0x08002ec3   Thumb Code    18  n32g430_tim.o(.text)
    TIM_Master_Slave_Mode_Set                0x08002ed5   Thumb Code    18  n32g430_tim.o(.text)
    TIM_Output_Trigger_Select                0x08002ee7   Thumb Code    16  n32g430_tim.o(.text)
    TIM_OC4REF_Trigger_To_ADC_Enable         0x08002ef7   Thumb Code    10  n32g430_tim.o(.text)
    TIM_OC4REF_Trigger_To_ADC_Disable        0x08002f01   Thumb Code    10  n32g430_tim.o(.text)
    TIM_OC7REF_Trigger_To_ADC_Enable         0x08002f0b   Thumb Code    10  n32g430_tim.o(.text)
    TIM_OC7REF_Trigger_To_ADC_Disable        0x08002f15   Thumb Code    10  n32g430_tim.o(.text)
    TIM_OC8REF_Trigger_To_ADC_Enable         0x08002f1f   Thumb Code    10  n32g430_tim.o(.text)
    TIM_OC8REF_Trigger_To_ADC_Disable        0x08002f29   Thumb Code    10  n32g430_tim.o(.text)
    TIM_OC9REF_Trigger_To_ADC_Enable         0x08002f33   Thumb Code    10  n32g430_tim.o(.text)
    TIM_OC9REF_Trigger_To_ADC_Disable        0x08002f3d   Thumb Code    10  n32g430_tim.o(.text)
    TIM_One_Pulse_Mode_Select                0x08002f47   Thumb Code    16  n32g430_tim.o(.text)
    TIM_Input_Struct_Initialize              0x08002f57   Thumb Code    18  n32g430_tim.o(.text)
    TIM_Input_Channel_Initialize             0x08002f69   Thumb Code   134  n32g430_tim.o(.text)
    TIM_PWM_Input_Channel_Config             0x08002fef   Thumb Code   120  n32g430_tim.o(.text)
    TIM_Output_Channel_Polarity_Set          0x08003067   Thumb Code    22  n32g430_tim.o(.text)
    TIM_Output_Channel_N_Polarity_Set        0x0800307d   Thumb Code    22  n32g430_tim.o(.text)
    TIM_Capture_Compare_Ch_Enable            0x08003093   Thumb Code    12  n32g430_tim.o(.text)
    TIM_Capture_Compare_Ch_Disable           0x0800309f   Thumb Code    12  n32g430_tim.o(.text)
    TIM_Capture_Compare_Ch_N_Enable          0x080030ab   Thumb Code    12  n32g430_tim.o(.text)
    TIM_Capture_Compare_Ch_N_Disable         0x080030b7   Thumb Code    12  n32g430_tim.o(.text)
    TIM_CCEN_Status_Get                      0x080030c3   Thumb Code    16  n32g430_tim.o(.text)
    TIM_Output_Channel_Mode_Set              0x080030d3   Thumb Code    86  n32g430_tim.o(.text)
    TIM_Forced_Output_Channel1_Set           0x08003129   Thumb Code    18  n32g430_tim.o(.text)
    TIM_Forced_Output_Channel2_Set           0x0800313b   Thumb Code    26  n32g430_tim.o(.text)
    TIM_Forced_Output_Channel3_Set           0x08003155   Thumb Code    20  n32g430_tim.o(.text)
    TIM_Forced_Output_Channel4_Set           0x08003169   Thumb Code    28  n32g430_tim.o(.text)
    TIM_Forced_Output_Channel5_Set           0x08003185   Thumb Code    22  n32g430_tim.o(.text)
    TIM_Forced_Output_Channel6_Set           0x0800319b   Thumb Code    30  n32g430_tim.o(.text)
    TIM_Output_Channel1_Fast_Set             0x080031b9   Thumb Code    18  n32g430_tim.o(.text)
    TIM_Output_Channel2_Fast_Set             0x080031cb   Thumb Code    26  n32g430_tim.o(.text)
    TIM_Output_Channel3_Fast_Set             0x080031e5   Thumb Code    20  n32g430_tim.o(.text)
    TIM_Output_Channel4_Fast_Set             0x080031f9   Thumb Code    28  n32g430_tim.o(.text)
    TIM_Output_Channel5_Fast_Set             0x08003215   Thumb Code    22  n32g430_tim.o(.text)
    TIM_Output_Channel6_Fast_Set             0x0800322b   Thumb Code    30  n32g430_tim.o(.text)
    TIM_Output_Channel1_Reference_Clear      0x08003249   Thumb Code    18  n32g430_tim.o(.text)
    TIM_Output_Channel2_Reference_Clear      0x0800325b   Thumb Code    24  n32g430_tim.o(.text)
    TIM_Output_Channel3_Reference_Clear      0x08003273   Thumb Code    20  n32g430_tim.o(.text)
    TIM_Output_Channel4_Reference_Clear      0x08003287   Thumb Code    26  n32g430_tim.o(.text)
    TIM_Output_Channel5_Reference_Clear      0x080032a1   Thumb Code    22  n32g430_tim.o(.text)
    TIM_Output_Channel6_Reference_Clear      0x080032b7   Thumb Code    28  n32g430_tim.o(.text)
    TIM_Output_Channel1_Initialize           0x080032d3   Thumb Code   140  n32g430_tim.o(.text)
    TIM_Output_Channel2_Initialize           0x0800335f   Thumb Code   152  n32g430_tim.o(.text)
    TIM_Output_Channel3_Initialize           0x080033f7   Thumb Code   146  n32g430_tim.o(.text)
    TIM_Output_Channel4_Initialize           0x08003489   Thumb Code   166  n32g430_tim.o(.text)
    TIM_Output_Channel5_Initialize           0x0800352f   Thumb Code   102  n32g430_tim.o(.text)
    TIM_Output_Channel6_Initialize           0x08003595   Thumb Code   110  n32g430_tim.o(.text)
    TIM_PWM_Output_Enable                    0x08003603   Thumb Code    14  n32g430_tim.o(.text)
    TIM_PWM_Output_Disable                   0x08003611   Thumb Code    14  n32g430_tim.o(.text)
    TIM_Output_Channel_Struct_Initialize     0x0800361f   Thumb Code    20  n32g430_tim.o(.text)
    TIM_Lock_Up_Break_Enable                 0x08003633   Thumb Code    10  n32g430_tim.o(.text)
    TIM_Lock_Up_Break_Disable                0x0800363d   Thumb Code    10  n32g430_tim.o(.text)
    TIM_Pvd_Break_Enable                     0x08003647   Thumb Code    10  n32g430_tim.o(.text)
    TIM_Pvd_Break_Disable                    0x08003651   Thumb Code    10  n32g430_tim.o(.text)
    TIM_IOM_Comp_Break                       0x0800365b   Thumb Code    22  n32g430_tim.o(.text)
    TIM_Break_And_Dead_Time_Set              0x08003671   Thumb Code    96  n32g430_tim.o(.text)
    TIM_Break_And_Dead_Time_Struct_Initialize 0x080036d1   Thumb Code    24  n32g430_tim.o(.text)
    TIM_Interrupt_Enable                     0x080036e9   Thumb Code     8  n32g430_tim.o(.text)
    TIM_Interrupt_Disable                    0x080036f1   Thumb Code    16  n32g430_tim.o(.text)
    TIM_Interrupt_Status_Get                 0x08003701   Thumb Code    32  n32g430_tim.o(.text)
    TIM_Interrupt_Status_Clear               0x08003721   Thumb Code     6  n32g430_tim.o(.text)
    TIM_Flag_Status_Get                      0x08003727   Thumb Code    16  n32g430_tim.o(.text)
    TIM_Flag_Clear                           0x08003737   Thumb Code     6  n32g430_tim.o(.text)
    TIM_Dma_Config                           0x0800373d   Thumb Code    10  n32g430_tim.o(.text)
    TIM_Dma_Enable                           0x08003747   Thumb Code     8  n32g430_tim.o(.text)
    TIM_Dma_Disable                          0x0800374f   Thumb Code     8  n32g430_tim.o(.text)
    TIM_Hall_Sensor_Enable                   0x08003757   Thumb Code    10  n32g430_tim.o(.text)
    TIM_Hall_Sensor_Disable                  0x08003761   Thumb Code    10  n32g430_tim.o(.text)
    TIM_Encoder_Interface_Set                0x0800376b   Thumb Code    64  n32g430_tim.o(.text)
    TIM_Channel1_Filter_Config               0x080037ab   Thumb Code    52  n32g430_tim.o(.text)
    TIM_Channel2_Filter_Config               0x080037df   Thumb Code    52  n32g430_tim.o(.text)
    TIM_Channel3_Filter_Config               0x08003813   Thumb Code    52  n32g430_tim.o(.text)
    TIM_Channel4_Filter_Config               0x08003847   Thumb Code    52  n32g430_tim.o(.text)
    TIM_Break_Filter_Config                  0x0800387b   Thumb Code    40  n32g430_tim.o(.text)
    TIM_Channel1_Filter_Enable               0x080038a3   Thumb Code    10  n32g430_tim.o(.text)
    TIM_Channel1_Filter_Disable              0x080038ad   Thumb Code    10  n32g430_tim.o(.text)
    TIM_Channel2_Filter_Enable               0x080038b7   Thumb Code    10  n32g430_tim.o(.text)
    TIM_Channel2_Filter_Disable              0x080038c1   Thumb Code    10  n32g430_tim.o(.text)
    TIM_Channel3_Filter_Enable               0x080038cb   Thumb Code    10  n32g430_tim.o(.text)
    TIM_Channel3_Filter_Disable              0x080038d5   Thumb Code    10  n32g430_tim.o(.text)
    TIM_Channel4_Filter_Enable               0x080038df   Thumb Code    10  n32g430_tim.o(.text)
    TIM_Channel4_Filter_Disable              0x080038e9   Thumb Code    10  n32g430_tim.o(.text)
    TIM_Break_Filter_Enable                  0x080038f3   Thumb Code    10  n32g430_tim.o(.text)
    TIM_Break_Filter_Disable                 0x080038fd   Thumb Code    10  n32g430_tim.o(.text)
    __scatterload                            0x08003921   Thumb Code    28  init.o(.text)
    __scatterload_rt2                        0x08003921   Thumb Code     0  init.o(.text)
    __scatterload_copy                       0x08003945   Thumb Code    14  handlers.o(i.__scatterload_copy)
    __scatterload_null                       0x08003953   Thumb Code     2  handlers.o(i.__scatterload_null)
    __scatterload_zeroinit                   0x08003955   Thumb Code    14  handlers.o(i.__scatterload_zeroinit)
    AHBPrescTable                            0x08003962   Data          16  system_n32g430.o(.constdata)
    Region$$Table$$Base                      0x080039b4   Number         0  anon$$obj.o(Region$$Table)
    Region$$Table$$Limit                     0x080039d4   Number         0  anon$$obj.o(Region$$Table)
    SystemClockFrequency                     0x20000000   Data           4  system_n32g430.o(.data)
    KEY_Phase                                0x20000004   Data           1  key.o(.data)
    KEY_TimeCount                            0x20000006   Data           2  key.o(.data)
    KEY_ShortOK                              0x20000008   Data           1  key.o(.data)
    KEY_LongOK                               0x20000009   Data           1  key.o(.data)
    KEY_EndOK                                0x2000000a   Data           1  key.o(.data)
    ADC_Value                                0x2000000c   Data           2  adc.o(.data)
    TimerPeriod                              0x20000010   Data           2  pwm.o(.data)
    ADTIMClockFrequency                      0x20000014   Data           4  pwm.o(.data)
    vrefint_value                            0x20000018   Data           4  n32g430_adc.o(.data)
    Program_NVR                              0x2000001c   Data           4  n32g430_adc.o(.data)
    Get_NVR                                  0x20000020   Data           4  n32g430_adc.o(.data)
    __initial_sp                             0x20001528   Data           0  startup_n32g430.o(STACK)



==============================================================================

Memory Map of the image

  Image Entry point : 0x08000115

  Load Region LR_IROM1 (Base: 0x08000000, Size: 0x000039f8, Max: 0x00010000, ABSOLUTE)

    Execution Region ER_IROM1 (Exec base: 0x08000000, Load base: 0x08000000, Size: 0x000039d4, Max: 0x00010000, ABSOLUTE)

    Exec Addr    Load Addr    Size         Type   Attr      Idx    E Section Name        Object

    0x08000000   0x08000000   0x00000114   Data   RO            3    RESET               startup_n32g430.o
    0x08000114   0x08000114   0x00000000   Code   RO         1210  * .ARM.Collect$$$$00000000  mc_w.l(entry.o)
    0x08000114   0x08000114   0x00000004   Code   RO         1551    .ARM.Collect$$$$00000001  mc_w.l(entry2.o)
    0x08000118   0x08000118   0x00000004   Code   RO         1554    .ARM.Collect$$$$00000004  mc_w.l(entry5.o)
    0x0800011c   0x0800011c   0x00000000   Code   RO         1556    .ARM.Collect$$$$00000008  mc_w.l(entry7b.o)
    0x0800011c   0x0800011c   0x00000000   Code   RO         1558    .ARM.Collect$$$$0000000A  mc_w.l(entry8b.o)
    0x0800011c   0x0800011c   0x00000008   Code   RO         1559    .ARM.Collect$$$$0000000B  mc_w.l(entry9a.o)
    0x08000124   0x08000124   0x00000000   Code   RO         1561    .ARM.Collect$$$$0000000D  mc_w.l(entry10a.o)
    0x08000124   0x08000124   0x00000000   Code   RO         1563    .ARM.Collect$$$$0000000F  mc_w.l(entry11a.o)
    0x08000124   0x08000124   0x00000004   Code   RO         1552    .ARM.Collect$$$$00002712  mc_w.l(entry2.o)
    0x08000128   0x08000128   0x00000024   Code   RO            4    .text               startup_n32g430.o
    0x0800014c   0x0800014c   0x00000274   Code   RO           13    .text               system_n32g430.o
    0x080003c0   0x080003c0   0x000000c4   Code   RO          133    .text               main.o
    0x08000484   0x08000484   0x00000018   Code   RO          190    .text               n32g430_it.o
    0x0800049c   0x0800049c   0x00000040   Code   RO          434    .text               esp12f_io0.o
    0x080004dc   0x080004dc   0x00000040   Code   RO          458    .text               led.o
    0x0800051c   0x0800051c   0x00000110   Code   RO          482    .text               key.o
    0x0800062c   0x0800062c   0x00000110   Code   RO          512    .text               adc.o
    0x0800073c   0x0800073c   0x000000c8   Code   RO          542    .text               exti.o
    0x08000804   0x08000804   0x000001d8   Code   RO          566    .text               pwm.o
    0x080009dc   0x080009dc   0x00000108   Code   RO          593    .text               encoder.o
    0x08000ae4   0x08000ae4   0x000000d8   Code   RO          672    .text               misc.o
    0x08000bbc   0x08000bbc   0x0000083c   Code   RO          696    .text               n32g430_adc.o
    0x080013f8   0x080013f8   0x00000248   Code   RO          843    .text               n32g430_dma.o
    0x08001640   0x08001640   0x00000138   Code   RO          867    .text               n32g430_exti.o
    0x08001778   0x08001778   0x000008ec   Code   RO          915    .text               n32g430_gpio.o
    0x08002064   0x08002064   0x000006c8   Code   RO         1038    .text               n32g430_rcc.o
    0x0800272c   0x0800272c   0x000011f4   Code   RO         1115    .text               n32g430_tim.o
    0x08003920   0x08003920   0x00000024   Code   RO         1592    .text               mc_w.l(init.o)
    0x08003944   0x08003944   0x0000000e   Code   RO         1598    i.__scatterload_copy  mc_w.l(handlers.o)
    0x08003952   0x08003952   0x00000002   Code   RO         1599    i.__scatterload_null  mc_w.l(handlers.o)
    0x08003954   0x08003954   0x0000000e   Code   RO         1600    i.__scatterload_zeroinit  mc_w.l(handlers.o)
    0x08003962   0x08003962   0x00000010   Data   RO           14    .constdata          system_n32g430.o
    0x08003972   0x08003972   0x00000040   Data   RO         1039    .constdata          n32g430_rcc.o
    0x080039b2   0x080039b2   0x00000002   PAD
    0x080039b4   0x080039b4   0x00000020   Data   RO         1596    Region$$Table       anon$$obj.o


    Execution Region RW_IRAM1 (Exec base: 0x20000000, Load base: 0x080039d4, Size: 0x00001528, Max: 0x00004000, ABSOLUTE)

    Exec Addr    Load Addr    Size         Type   Attr      Idx    E Section Name        Object

    0x20000000   0x080039d4   0x00000004   Data   RW           15    .data               system_n32g430.o
    0x20000004   0x080039d8   0x00000007   Data   RW          483    .data               key.o
    0x2000000b   0x080039df   0x00000001   PAD
    0x2000000c   0x080039e0   0x00000002   Data   RW          513    .data               adc.o
    0x2000000e   0x080039e2   0x00000002   PAD
    0x20000010   0x080039e4   0x00000008   Data   RW          567    .data               pwm.o
    0x20000018   0x080039ec   0x0000000c   Data   RW          697    .data               n32g430_adc.o
    0x20000024   0x080039f8   0x00000004   PAD
    0x20000028        -       0x00001500   Zero   RW            1    STACK               startup_n32g430.o


==============================================================================

Image component sizes


      Code (inc. data)   RO Data    RW Data    ZI Data      Debug   Object Name

       272         18          0          2          0       1501   adc.o
       264         12          0          0          0       1385   encoder.o
        64          6          0          0          0        546   esp12f_io0.o
       200         18          0          0          0       1068   exti.o
       272         20          0          7          0       1328   key.o
        64          4          0          0          0        528   led.o
       196         12          0          0          0        658   main.o
       216         20          0          0          0       2108   misc.o
      2108         38          0         12          0      13189   n32g430_adc.o
       584          6          0          0          0       6102   n32g430_dma.o
       312          4          0          0          0       3484   n32g430_exti.o
      2284         42          0          0          0      10401   n32g430_gpio.o
        24          0          0          0          0       1123   n32g430_it.o
      1736         76         64          0          0      12566   n32g430_rcc.o
      4596         84          0          0          0      40720   n32g430_tim.o
       472         20          0          8          0       2266   pwm.o
        36          8        276          0       5376        888   startup_n32g430.o
       628         48         16          4          0     306084   system_n32g430.o

    ----------------------------------------------------------------------
     14328        436        390         36       5380     405945   Object Totals
         0          0         32          0          0          0   (incl. Generated)
         0          0          2          3          4          0   (incl. Padding)

    ----------------------------------------------------------------------

      Code (inc. data)   RO Data    RW Data    ZI Data      Debug   Library Member Name

         0          0          0          0          0          0   entry.o
         0          0          0          0          0          0   entry10a.o
         0          0          0          0          0          0   entry11a.o
         8          4          0          0          0          0   entry2.o
         4          0          0          0          0          0   entry5.o
         0          0          0          0          0          0   entry7b.o
         0          0          0          0          0          0   entry8b.o
         8          4          0          0          0          0   entry9a.o
        30          0          0          0          0          0   handlers.o
        36          8          0          0          0         68   init.o

    ----------------------------------------------------------------------
        86         16          0          0          0         68   Library Totals
         0          0          0          0          0          0   (incl. Padding)

    ----------------------------------------------------------------------

      Code (inc. data)   RO Data    RW Data    ZI Data      Debug   Library Name

        86         16          0          0          0         68   mc_w.l

    ----------------------------------------------------------------------
        86         16          0          0          0         68   Library Totals

    ----------------------------------------------------------------------

==============================================================================


      Code (inc. data)   RO Data    RW Data    ZI Data      Debug   

     14414        452        390         36       5380     403017   Grand Totals
     14414        452        390         36       5380     403017   ELF Image Totals
     14414        452        390         36          0          0   ROM Totals

==============================================================================

    Total RO  Size (Code + RO Data)                14804 (  14.46kB)
    Total RW  Size (RW Data + ZI Data)              5416 (   5.29kB)
    Total ROM Size (Code + RO Data + RW Data)      14840 (  14.49kB)

==============================================================================

