Component: ARM Compiler 5.06 update 6 (build 750) Tool: armlink [4d35ed]

==============================================================================

Section Cross References

    startup_n32g430.o(RESET) refers to startup_n32g430.o(STACK) for __initial_sp
    startup_n32g430.o(RESET) refers to startup_n32g430.o(.text) for Reset_Handler
    startup_n32g430.o(RESET) refers to n32g430_it.o(.text) for NMI_Handler
    startup_n32g430.o(RESET) refers to control.o(.text) for EXTI9_5_IRQHandler
    startup_n32g430.o(RESET) refers to encoder.o(.text) for TIM2_IRQHandler
    startup_n32g430.o(.text) refers to system_n32g430.o(.text) for System_Initializes
    startup_n32g430.o(.text) refers to entry.o(.ARM.Collect$$$$00000000) for __main
    system_n32g430.o(.text) refers to system_n32g430.o(.data) for SystemClockFrequency
    system_n32g430.o(.text) refers to system_n32g430.o(.constdata) for AHBPrescTable
    main.o(.text) refers to esp12f_io0.o(.text) for ESP12F_IO0_Init
    main.o(.text) refers to adc.o(.text) for ADC_Configuration
    main.o(.text) refers to led.o(.text) for LED_GPIO_Init
    main.o(.text) refers to key.o(.text) for Key_GPIO_Init
    main.o(.text) refers to pwm.o(.text) for TIMx_PWM_Init
    main.o(.text) refers to encoder.o(.text) for Encoder_TIM2_Init
    main.o(.text) refers to log.o(.text) for log_init
    main.o(.text) refers to mpu6050.o(.text) for MPU_Init
    main.o(.text) refers to inv_mpu.o(.text) for mpu_dmp_init
    main.o(.text) refers to n32g430_gpio.o(.text) for GPIO_Pins_Reset
    main.o(.text) refers to exti.o(.text) for EXTI_Init
    oled.o(.text) refers to i2c_drv.o(.text) for i2c_master_send
    oled.o(.text) refers to dfixi.o(.text) for __aeabi_d2iz
    oled.o(.text) refers to dfltui.o(.text) for __aeabi_ui2d
    oled.o(.text) refers to dadd.o(.text) for __aeabi_drsub
    oled.o(.text) refers to dmul.o(.text) for __aeabi_dmul
    oled.o(.text) refers to oled.o(.bss) for OLED_GRAM
    oled.o(.text) refers to oled.o(.constdata) for asc2_1206
    oled.o(.text) refers to cdcmple.o(.text) for __aeabi_cdcmple
    i2c_drv.o(.text) refers to n32g430_rcc.o(.text) for RCC_APB1_Peripheral_Clock_Enable
    i2c_drv.o(.text) refers to n32g430_gpio.o(.text) for GPIO_Structure_Initialize
    i2c_drv.o(.text) refers to n32g430_i2c.o(.text) for I2C_Reset
    i2c_drv.o(.text) refers to printf8.o(i.__0printf$8) for __2printf
    i2c_drv.o(.text) refers to i2c_drv.o(.data) for RCC_RESET_Flag
    myiic.o(.text) refers to n32g430_rcc.o(.text) for RCC_AHB_Peripheral_Clock_Enable
    myiic.o(.text) refers to n32g430_gpio.o(.text) for GPIO_Structure_Initialize
    myiic.o(.text) refers to bsp_delay.o(.text) for SysTick_Delay_Us
    mpu6050.o(.text) refers to myiic.o(.text) for IIC_Start
    mpu6050.o(.text) refers to bsp_delay.o(.text) for SysTick_Delay_Ms
    mpu6050.o(.text) refers to printf8.o(i.__0printf$8) for __2printf
    mpu6050.o(.text) refers to dflti.o(.text) for __aeabi_i2d
    mpu6050.o(.text) refers to ddiv.o(.text) for __aeabi_ddiv
    mpu6050.o(.text) refers to dadd.o(.text) for __aeabi_dadd
    mpu6050.o(.text) refers to d2f.o(.text) for __aeabi_d2f
    mpu6050.o(.text) refers to n32g430_rcc.o(.text) for RCC_AHB_Peripheral_Clock_Enable
    mpu6050.o(.text) refers to n32g430_gpio.o(.text) for GPIO_Structure_Initialize
    inv_mpu.o(.text) refers to mpu6050.o(.text) for MPU_Write_Len
    inv_mpu.o(.text) refers to printf8.o(i.__0printf$8) for __2printf
    inv_mpu.o(.text) refers to bsp_delay.o(.text) for SysTick_Delay_Ms
    inv_mpu.o(.text) refers to inv_mpu.o(.data) for st
    inv_mpu.o(.text) refers to inv_mpu.o(.conststring) for .conststring
    inv_mpu.o(.text) refers to inv_mpu.o(.constdata) for test
    inv_mpu.o(.text) refers to ldiv.o(.text) for __aeabi_ldivmod
    inv_mpu.o(.text) refers to memcmp.o(.text) for memcmp
    inv_mpu.o(.text) refers to inv_mpu_dmp_motion_driver.o(.text) for dmp_set_gyro_bias
    inv_mpu.o(.text) refers to myiic.o(.text) for IIC_Init
    inv_mpu.o(.text) refers to f2d.o(.text) for __aeabi_f2d
    inv_mpu.o(.text) refers to asin.o(i.__hardfp_asin) for __hardfp_asin
    inv_mpu.o(.text) refers to dmul.o(.text) for __aeabi_dmul
    inv_mpu.o(.text) refers to d2f.o(.text) for __aeabi_d2f
    inv_mpu.o(.text) refers to atan2.o(i.__hardfp_atan2) for __hardfp_atan2
    inv_mpu.o(.data) refers to inv_mpu.o(.constdata) for reg
    inv_mpu_dmp_motion_driver.o(.text) refers to inv_mpu.o(.text) for mpu_load_firmware
    inv_mpu_dmp_motion_driver.o(.text) refers to inv_mpu_dmp_motion_driver.o(.constdata) for dmp_memory
    inv_mpu_dmp_motion_driver.o(.text) refers to inv_mpu_dmp_motion_driver.o(.bss) for dmp
    inv_mpu_dmp_motion_driver.o(.text) refers to memseta.o(.text) for __aeabi_memset
    esp12f_io0.o(.text) refers to n32g430_rcc.o(.text) for RCC_AHB_Peripheral_Clock_Enable
    esp12f_io0.o(.text) refers to n32g430_gpio.o(.text) for GPIO_Structure_Initialize
    led.o(.text) refers to n32g430_rcc.o(.text) for RCC_AHB_Peripheral_Clock_Enable
[...]
    _errno                                   0x200000cc   Data           4  errno.o(.data)
    .bss                                     0x200000d0   Section       16  inv_mpu_dmp_motion_driver.o(.bss)
    dmp                                      0x200000d0   Data          16  inv_mpu_dmp_motion_driver.o(.bss)
    .bss                                     0x200000e0   Section       16  timer_common.o(.bss)
    TIM_TimeBaseStructure                    0x200000e0   Data          16  timer_common.o(.bss)
    STACK                                    0x200000f0   Section     5376  startup_n32g430.o(STACK)

    Global Symbols

    Symbol Name                              Value     Ov Type        Size  Object(Section)

    BuildAttributes$$THM_ISAv4$E$P$D$K$B$S$7EM$VFPi3$EXTD16$VFPS$VFMA$PE$A:L22UL41UL21$X:L11$S22US41US21$IEEE1$IW$USESV6$~STKCKD$USESV7$~SHL$OTIME$ROPI$IEEEX$EBA8$MICROLIB$REQ8$PRES8$EABIv2 0x00000000   Number         0  anon$$obj.o ABSOLUTE
    __ARM_use_no_argv                        0x00000000   Number         0  main.o ABSOLUTE
    _printf_a                                0x00000000   Number         0  stubs.o ABSOLUTE
    _printf_c                                0x00000000   Number         0  stubs.o ABSOLUTE
    _printf_charcount                        0x00000000   Number         0  stubs.o ABSOLUTE
    _printf_d                                0x00000000   Number         0  stubs.o ABSOLUTE
    _printf_e                                0x00000000   Number         0  stubs.o ABSOLUTE
    _printf_f                                0x00000000   Number         0  stubs.o ABSOLUTE
    _printf_flags                            0x00000000   Number         0  stubs.o ABSOLUTE
    _printf_fp_dec                           0x00000000   Number         0  stubs.o ABSOLUTE
    _printf_fp_hex                           0x00000000   Number         0  stubs.o ABSOLUTE
    _printf_g                                0x00000000   Number         0  stubs.o ABSOLUTE
    _printf_i                                0x00000000   Number         0  stubs.o ABSOLUTE
    _printf_int_dec                          0x00000000   Number         0  stubs.o ABSOLUTE
    _printf_l                                0x00000000   Number         0  stubs.o ABSOLUTE
    _printf_lc                               0x00000000   Number         0  stubs.o ABSOLUTE
    _printf_ll                               0x00000000   Number         0  stubs.o ABSOLUTE
    _printf_lld                              0x00000000   Number         0  stubs.o ABSOLUTE
    _printf_lli                              0x00000000   Number         0  stubs.o ABSOLUTE
    _printf_llo                              0x00000000   Number         0  stubs.o ABSOLUTE
    _printf_llu                              0x00000000   Number         0  stubs.o ABSOLUTE
    _printf_llx                              0x00000000   Number         0  stubs.o ABSOLUTE
    _printf_longlong_dec                     0x00000000   Number         0  stubs.o ABSOLUTE
    _printf_longlong_hex                     0x00000000   Number         0  stubs.o ABSOLUTE
    _printf_longlong_oct                     0x00000000   Number         0  stubs.o ABSOLUTE
    _printf_ls                               0x00000000   Number         0  stubs.o ABSOLUTE
    _printf_mbtowc                           0x00000000   Number         0  stubs.o ABSOLUTE
    _printf_n                                0x00000000   Number         0  stubs.o ABSOLUTE
    _printf_o                                0x00000000   Number         0  stubs.o ABSOLUTE
    _printf_p                                0x00000000   Number         0  stubs.o ABSOLUTE
    _printf_percent                          0x00000000   Number         0  stubs.o ABSOLUTE
    _printf_pre_padding                      0x00000000   Number         0  stubs.o ABSOLUTE
    _printf_return_value                     0x00000000   Number         0  stubs.o ABSOLUTE
    _printf_s                                0x00000000   Number         0  stubs.o ABSOLUTE
    _printf_sizespec                         0x00000000   Number         0  stubs.o ABSOLUTE
    _printf_str                              0x00000000   Number         0  stubs.o ABSOLUTE
    _printf_truncate_signed                  0x00000000   Number         0  stubs.o ABSOLUTE
    _printf_truncate_unsigned                0x00000000   Number         0  stubs.o ABSOLUTE
    _printf_u                                0x00000000   Number         0  stubs.o ABSOLUTE
    _printf_wc                               0x00000000   Number         0  stubs.o ABSOLUTE
    _printf_wctomb                           0x00000000   Number         0  stubs.o ABSOLUTE
    _printf_widthprec                        0x00000000   Number         0  stubs.o ABSOLUTE
    _printf_x                                0x00000000   Number         0  stubs.o ABSOLUTE
    __cpp_initialize__aeabi_                  - Undefined Weak Reference
    __cxa_finalize                            - Undefined Weak Reference
    __decompress                              - Undefined Weak Reference
    _clock_init                               - Undefined Weak Reference
    _microlib_exit                            - Undefined Weak Reference
    __Vectors_Size                           0x00000114   Number         0  startup_n32g430.o ABSOLUTE
    __Vectors                                0x08000000   Data           4  startup_n32g430.o(RESET)
    __Vectors_End                            0x08000114   Data           0  startup_n32g430.o(RESET)
    __main                                   0x08000115   Thumb Code     0  entry.o(.ARM.Collect$$$$00000000)
    _main_stk                                0x08000115   Thumb Code     0  entry2.o(.ARM.Collect$$$$00000001)
    _main_scatterload                        0x08000119   Thumb Code     0  entry5.o(.ARM.Collect$$$$00000004)
    __main_after_scatterload                 0x0800011d   Thumb Code     0  entry5.o(.ARM.Collect$$$$00000004)
    _main_clock                              0x0800011d   Thumb Code     0  entry7b.o(.ARM.Collect$$$$00000008)
    _main_cpp_init                           0x0800011d   Thumb Code     0  entry8b.o(.ARM.Collect$$$$0000000A)
    _main_init                               0x0800011d   Thumb Code     0  entry9a.o(.ARM.Collect$$$$0000000B)
    __rt_final_cpp                           0x08000125   Thumb Code     0  entry10a.o(.ARM.Collect$$$$0000000D)
    __rt_final_exit                          0x08000125   Thumb Code     0  entry11a.o(.ARM.Collect$$$$0000000F)
    Reset_Handler                            0x08000129   Thumb Code     8  startup_n32g430.o(.text)
    PendSV_Handler                           0x0800013f   Thumb Code     2  startup_n32g430.o(.text)
    ADC_IRQHandler                           0x08000143   Thumb Code     0  startup_n32g430.o(.text)
    CAN_RX0_IRQHandler                       0x08000143   Thumb Code     0  startup_n32g430.o(.text)
    CAN_RX1_IRQHandler                       0x08000143   Thumb Code     0  startup_n32g430.o(.text)
    CAN_SCE_IRQHandler                       0x08000143   Thumb Code     0  startup_n32g430.o(.text)
    CAN_TX_IRQHandler                        0x08000143   Thumb Code     0  startup_n32g430.o(.text)
    COMP_1_2_3_IRQHandler                    0x08000143   Thumb Code     0  startup_n32g430.o(.text)
    DMA_Channel1_IRQHandler                  0x08000143   Thumb Code     0  startup_n32g430.o(.text)
    DMA_Channel2_IRQHandler                  0x08000143   Thumb Code     0  startup_n32g430.o(.text)
    DMA_Channel3_IRQHandler                  0x08000143   Thumb Code     0  startup_n32g430.o(.text)
    DMA_Channel4_IRQHandler                  0x08000143   Thumb Code     0  startup_n32g430.o(.text)
    DMA_Channel5_IRQHandler                  0x08000143   Thumb Code     0  startup_n32g430.o(.text)
    DMA_Channel6_IRQHandler                  0x08000143   Thumb Code     0  startup_n32g430.o(.text)
    DMA_Channel7_IRQHandler                  0x08000143   Thumb Code     0  startup_n32g430.o(.text)
    DMA_Channel8_IRQHandler                  0x08000143   Thumb Code     0  startup_n32g430.o(.text)
    EXTI0_IRQHandler                         0x08000143   Thumb Code     0  startup_n32g430.o(.text)
    EXTI15_10_IRQHandler                     0x08000143   Thumb Code     0  startup_n32g430.o(.text)
    EXTI1_IRQHandler                         0x08000143   Thumb Code     0  startup_n32g430.o(.text)
    EXTI2_IRQHandler                         0x08000143   Thumb Code     0  startup_n32g430.o(.text)
    EXTI3_IRQHandler                         0x08000143   Thumb Code     0  startup_n32g430.o(.text)
    EXTI4_IRQHandler                         0x08000143   Thumb Code     0  startup_n32g430.o(.text)
    FLASH_IRQHandler                         0x08000143   Thumb Code     0  startup_n32g430.o(.text)
    I2C1_ER_IRQHandler                       0x08000143   Thumb Code     0  startup_n32g430.o(.text)
    I2C1_EV_IRQHandler                       0x08000143   Thumb Code     0  startup_n32g430.o(.text)
    I2C2_ER_IRQHandler                       0x08000143   Thumb Code     0  startup_n32g430.o(.text)
    I2C2_EV_IRQHandler                       0x08000143   Thumb Code     0  startup_n32g430.o(.text)
    LPTIM_WKUP_IRQHandler                    0x08000143   Thumb Code     0  startup_n32g430.o(.text)
    MMU_IRQHandler                           0x08000143   Thumb Code     0  startup_n32g430.o(.text)
    PVD_IRQHandler                           0x08000143   Thumb Code     0  startup_n32g430.o(.text)
    RCC_IRQHandler                           0x08000143   Thumb Code     0  startup_n32g430.o(.text)
    RTCAlarm_IRQHandler                      0x08000143   Thumb Code     0  startup_n32g430.o(.text)
    RTC_TAMPER_STAMP_IRQHandler              0x08000143   Thumb Code     0  startup_n32g430.o(.text)
    RTC_WKUP_IRQHandler                      0x08000143   Thumb Code     0  startup_n32g430.o(.text)
    SPI1_IRQHandler                          0x08000143   Thumb Code     0  startup_n32g430.o(.text)
    SPI2_IRQHandler                          0x08000143   Thumb Code     0  startup_n32g430.o(.text)
    TIM1_BRK_IRQHandler                      0x08000143   Thumb Code     0  startup_n32g430.o(.text)
    TIM1_CC_IRQHandler                       0x08000143   Thumb Code     0  startup_n32g430.o(.text)
    TIM1_TRG_COM_IRQHandler                  0x08000143   Thumb Code     0  startup_n32g430.o(.text)
    TIM1_UP_IRQHandler                       0x08000143   Thumb Code     0  startup_n32g430.o(.text)
    TIM4_IRQHandler                          0x08000143   Thumb Code     0  startup_n32g430.o(.text)
    TIM5_IRQHandler                          0x08000143   Thumb Code     0  startup_n32g430.o(.text)
    TIM6_IRQHandler                          0x08000143   Thumb Code     0  startup_n32g430.o(.text)
    TIM8_BRK_IRQHandler                      0x08000143   Thumb Code     0  startup_n32g430.o(.text)
    TIM8_CC_IRQHandler                       0x08000143   Thumb Code     0  startup_n32g430.o(.text)
    TIM8_TRG_COM_IRQHandler                  0x08000143   Thumb Code     0  startup_n32g430.o(.text)
    TIM8_UP_IRQHandler                       0x08000143   Thumb Code     0  startup_n32g430.o(.text)
    UART3_IRQHandler                         0x08000143   Thumb Code     0  startup_n32g430.o(.text)
    UART4_IRQHandler                         0x08000143   Thumb Code     0  startup_n32g430.o(.text)
    USART1_IRQHandler                        0x08000143   Thumb Code     0  startup_n32g430.o(.text)
    USART2_IRQHandler                        0x08000143   Thumb Code     0  startup_n32g430.o(.text)
    WWDG_IRQHandler                          0x08000143   Thumb Code     0  startup_n32g430.o(.text)
    System_Initializes                       0x0800024b   Thumb Code   144  system_n32g430.o(.text)
    System_Clock_Frequency_Update            0x080002db   Thumb Code   182  system_n32g430.o(.text)
    main                                     0x080003c1   Thumb Code    72  main.o(.text)
    NMI_Handler                              0x0800040d   Thumb Code     2  n32g430_it.o(.text)
    HardFault_Handler                        0x0800040f   Thumb Code     4  n32g430_it.o(.text)
    MemManage_Handler                        0x08000413   Thumb Code     4  n32g430_it.o(.text)
    BusFault_Handler                         0x08000417   Thumb Code     4  n32g430_it.o(.text)
    UsageFault_Handler                       0x0800041b   Thumb Code     4  n32g430_it.o(.text)
    SVC_Handler                              0x0800041f   Thumb Code     2  n32g430_it.o(.text)
    DebugMon_Handler                         0x08000421   Thumb Code     2  n32g430_it.o(.text)
    SysTick_Handler                          0x08000423   Thumb Code     2  n32g430_it.o(.text)
    IIC_Init                                 0x08000425   Thumb Code    74  myiic.o(.text)
    IIC_Start                                0x0800046f   Thumb Code    94  myiic.o(.text)
    IIC_Stop                                 0x080004cd   Thumb Code    94  myiic.o(.text)
    IIC_Wait_Ack                             0x0800052b   Thumb Code   112  myiic.o(.text)
    IIC_Ack                                  0x0800059b   Thumb Code    94  myiic.o(.text)
    IIC_NAck                                 0x080005f9   Thumb Code    94  myiic.o(.text)
    IIC_Send_Byte                            0x08000657   Thumb Code   136  myiic.o(.text)
    IIC_Read_Byte                            0x080006df   Thumb Code   112  myiic.o(.text)
    MPU_Write_Byte                           0x08000755   Thumb Code    68  mpu6050.o(.text)
    MPU_Set_LPF                              0x08000799   Thumb Code    58  mpu6050.o(.text)
    MPU_Set_Rate                             0x080007d3   Thumb Code    58  mpu6050.o(.text)
    MPU_Read_Byte                            0x0800080d   Thumb Code    58  mpu6050.o(.text)
    MPU_Set_Accel_Fsr                        0x08000847   Thumb Code    16  mpu6050.o(.text)
    MPU_Set_Gyro_Fsr                         0x08000857   Thumb Code    16  mpu6050.o(.text)
    MPU_Init                                 0x08000867   Thumb Code   134  mpu6050.o(.text)
    MPU_Read_Len                             0x080008ed   Thumb Code   116  mpu6050.o(.text)
    MPU_Get_Temperature                      0x08000961   Thumb Code   110  mpu6050.o(.text)
    MPU_Get_Gyroscope                        0x080009cf   Thumb Code    80  mpu6050.o(.text)
    MPU_Get_Accelerometer                    0x08000a1f   Thumb Code    80  mpu6050.o(.text)
    MPU_Write_Len                            0x08000a6f   Thumb Code    96  mpu6050.o(.text)
    mpu_reg_dump                             0x08000bcf   Thumb Code    84  inv_mpu.o(.text)
    mpu_read_reg                             0x08000c23   Thumb Code    66  inv_mpu.o(.text)
    mpu_set_int_latched                      0x08000c65   Thumb Code   102  inv_mpu.o(.text)
    mpu_set_sensors                          0x08000ccb   Thumb Code   202  inv_mpu.o(.text)
    mpu_set_bypass                           0x08000d95   Thumb Code   328  inv_mpu.o(.text)
    mpu_reset_fifo                           0x08000edd   Thumb Code   472  inv_mpu.o(.text)
    mpu_configure_fifo                       0x080010b5   Thumb Code   106  inv_mpu.o(.text)
    mpu_set_lpf                              0x0800111f   Thumb Code   126  inv_mpu.o(.text)
    mpu_lp_accel_mode                        0x0800119d   Thumb Code   218  inv_mpu.o(.text)
    mpu_set_sample_rate                      0x08001277   Thumb Code   152  inv_mpu.o(.text)
    mpu_set_accel_fsr                        0x0800130f   Thumb Code   132  inv_mpu.o(.text)
    mpu_set_gyro_fsr                         0x08001393   Thumb Code   132  inv_mpu.o(.text)
    mpu_init                                 0x08001417   Thumb Code   416  inv_mpu.o(.text)
    mget_ms                                  0x080015b7   Thumb Code     2  inv_mpu.o(.text)
    mpu_get_gyro_reg                         0x080015b9   Thumb Code   110  inv_mpu.o(.text)
    mpu_get_accel_reg                        0x08001627   Thumb Code   110  inv_mpu.o(.text)
    mpu_get_temperature                      0x08001695   Thumb Code   142  inv_mpu.o(.text)
    mpu_set_accel_bias                       0x08001723   Thumb Code   472  inv_mpu.o(.text)
    mpu_get_gyro_fsr                         0x080018fb   Thumb Code    64  inv_mpu.o(.text)
    mpu_get_accel_fsr                        0x0800193b   Thumb Code    72  inv_mpu.o(.text)
    mpu_get_lpf                              0x08001983   Thumb Code    74  inv_mpu.o(.text)
    mpu_get_sample_rate                      0x080019cd   Thumb Code    26  inv_mpu.o(.text)
    mpu_get_compass_sample_rate              0x080019e7   Thumb Code    10  inv_mpu.o(.text)
    mpu_set_compass_sample_rate              0x080019f1   Thumb Code     8  inv_mpu.o(.text)
    mpu_get_gyro_sens                        0x080019f9   Thumb Code    74  inv_mpu.o(.text)
    mpu_get_accel_sens                       0x08001a43   Thumb Code    78  inv_mpu.o(.text)
    mpu_get_fifo_config                      0x08001a91   Thumb Code    12  inv_mpu.o(.text)
    mpu_get_power_state                      0x08001a9d   Thumb Code    22  inv_mpu.o(.text)
    mpu_get_int_status                       0x08001ab3   Thumb Code    64  inv_mpu.o(.text)
    mpu_read_fifo                            0x08001af3   Thumb Code   520  inv_mpu.o(.text)
    mpu_read_fifo_stream                     0x08001cfb   Thumb Code   186  inv_mpu.o(.text)
    mpu_set_int_level                        0x08001db5   Thumb Code    12  inv_mpu.o(.text)
    mpu_set_dmp_state                        0x080024c5   Thumb Code   138  inv_mpu.o(.text)
    mpu_run_self_test                        0x0800254f   Thumb Code   278  inv_mpu.o(.text)
    mpu_write_mem                            0x08002665   Thumb Code   122  inv_mpu.o(.text)
    mpu_read_mem                             0x080026df   Thumb Code   122  inv_mpu.o(.text)
    mpu_load_firmware                        0x08002759   Thumb Code   190  inv_mpu.o(.text)
    mpu_get_dmp_state                        0x08002817   Thumb Code    14  inv_mpu.o(.text)
    setup_compass                            0x08002825   Thumb Code     6  inv_mpu.o(.text)
    mpu_get_compass_reg                      0x0800282b   Thumb Code     8  inv_mpu.o(.text)
    mpu_get_compass_fsr                      0x08002833   Thumb Code     8  inv_mpu.o(.text)
    mpu_lp_motion_interrupt                  0x0800283b   Thumb Code   512  inv_mpu.o(.text)
    run_self_test                            0x08002a3b   Thumb Code   154  inv_mpu.o(.text)
    inv_row_2_scale                          0x08002ad5   Thumb Code    78  inv_mpu.o(.text)
    inv_orientation_matrix_to_scalar         0x08002b23   Thumb Code    40  inv_mpu.o(.text)
    mpu_dmp_init                             0x08002b4b   Thumb Code   160  inv_mpu.o(.text)
    mpu_dmp_get_data                         0x08002beb   Thumb Code   520  inv_mpu.o(.text)
    dmp_load_motion_driver_firmware          0x08002e05   Thumb Code    20  inv_mpu_dmp_motion_driver.o(.text)
    dmp_set_orientation                      0x08002e19   Thumb Code   290  inv_mpu_dmp_motion_driver.o(.text)
    dmp_set_gyro_bias                        0x08002f3b   Thumb Code   294  inv_mpu_dmp_motion_driver.o(.text)
    dmp_set_accel_bias                       0x08003061   Thumb Code   300  inv_mpu_dmp_motion_driver.o(.text)
    dmp_set_fifo_rate                        0x0800318d   Thumb Code   136  inv_mpu_dmp_motion_driver.o(.text)
    dmp_get_fifo_rate                        0x08003215   Thumb Code    12  inv_mpu_dmp_motion_driver.o(.text)
    dmp_set_tap_thresh                       0x08003221   Thumb Code   412  inv_mpu_dmp_motion_driver.o(.text)
    dmp_set_tap_axes                         0x080033bd   Thumb Code    70  inv_mpu_dmp_motion_driver.o(.text)
    dmp_set_tap_count                        0x08003403   Thumb Code    38  inv_mpu_dmp_motion_driver.o(.text)
    dmp_set_tap_time                         0x08003429   Thumb Code    38  inv_mpu_dmp_motion_driver.o(.text)
    dmp_set_tap_time_multi                   0x0800344f   Thumb Code    38  inv_mpu_dmp_motion_driver.o(.text)
    dmp_set_shake_reject_thresh              0x08003475   Thumb Code    56  inv_mpu_dmp_motion_driver.o(.text)
    dmp_set_shake_reject_time                0x080034ad   Thumb Code    38  inv_mpu_dmp_motion_driver.o(.text)
    dmp_set_shake_reject_timeout             0x080034d3   Thumb Code    38  inv_mpu_dmp_motion_driver.o(.text)
    dmp_get_pedometer_step_count             0x080034f9   Thumb Code    66  inv_mpu_dmp_motion_driver.o(.text)
    dmp_set_pedometer_step_count             0x0800353b   Thumb Code    42  inv_mpu_dmp_motion_driver.o(.text)
    dmp_get_pedometer_walk_time              0x08003565   Thumb Code    72  inv_mpu_dmp_motion_driver.o(.text)
    dmp_set_pedometer_walk_time              0x080035ad   Thumb Code    48  inv_mpu_dmp_motion_driver.o(.text)
    dmp_enable_6x_lp_quat                    0x080035dd   Thumb Code   100  inv_mpu_dmp_motion_driver.o(.text)
    dmp_enable_lp_quat                       0x08003641   Thumb Code    60  inv_mpu_dmp_motion_driver.o(.text)
    dmp_enable_gyro_cal                      0x0800367d   Thumb Code    62  inv_mpu_dmp_motion_driver.o(.text)
    dmp_enable_feature                       0x080036bb   Thumb Code   530  inv_mpu_dmp_motion_driver.o(.text)
    dmp_get_enabled_features                 0x080038cd   Thumb Code    12  inv_mpu_dmp_motion_driver.o(.text)
    dmp_set_interrupt_mode                   0x08003937   Thumb Code    66  inv_mpu_dmp_motion_driver.o(.text)
    dmp_read_fifo                            0x08003979   Thumb Code   514  inv_mpu_dmp_motion_driver.o(.text)
    dmp_register_tap_cb                      0x08003b7b   Thumb Code    10  inv_mpu_dmp_motion_driver.o(.text)
    dmp_register_android_orient_cb           0x08003b85   Thumb Code    10  inv_mpu_dmp_motion_driver.o(.text)
    ESP12F_IO0_Init                          0x08003b95   Thumb Code    58  esp12f_io0.o(.text)
    LED_GPIO_Init                            0x08003bd5   Thumb Code    56  led.o(.text)
    Key_GPIO_Init                            0x08003c11   Thumb Code    44  key.o(.text)
    Key_Scanf                                0x08003c3d   Thumb Code   178  key.o(.text)
    KEY_Handle                               0x08003cef   Thumb Code    30  key.o(.text)
    ADC_RCC_Configuration                    0x08003d21   Thumb Code    32  adc.o(.text)
    ADC_GPIO_Configuration                   0x08003d41   Thumb Code    30  adc.o(.text)
    ADC_Configuration                        0x08003d5f   Thumb Code   192  adc.o(.text)
    EXTI_Init                                0x08003e31   Thumb Code   182  exti.o(.text)
    Common_ADTIM_GPIO_Initialize             0x08003ef9   Thumb Code   106  pwm.o(.text)
    Common_ADTIM_RCC_Initialize              0x08003f63   Thumb Code    82  pwm.o(.text)
    TIMx_PWM_Init                            0x08003fb5   Thumb Code   240  pwm.o(.text)
    Encoder_TIM2_Init                        0x080040bd   Thumb Code   170  encoder.o(.text)
    Encoder_TIM3_Init                        0x08004167   Thumb Code   160  encoder.o(.text)
    Read_Speed                               0x08004207   Thumb Code    64  encoder.o(.text)
    TIM2_IRQHandler                          0x08004247   Thumb Code    24  encoder.o(.text)
    TIM3_IRQHandler                          0x0800425f   Thumb Code    24  encoder.o(.text)
    Common_GPTIM_RCC_Initialize              0x08004285   Thumb Code   110  gptim_common.o(.text)
    Common_GPTIM_GPIO_Initialize             0x080042f3   Thumb Code   324  gptim_common.o(.text)
    Common_TIM_Base_Initialize               0x0800444d   Thumb Code    36  timer_common.o(.text)
    Common_TIM_NVIC_Initialize               0x08004471   Thumb Code    48  timer_common.o(.text)
    Common_TIM_DMA_Config                    0x080044a1   Thumb Code    38  timer_common.o(.text)
    Common_TIM_DMA_Start                     0x080044c7   Thumb Code    48  timer_common.o(.text)
    Limit                                    0x080044fd   Thumb Code    90  motor.o(.text)
    GFP_abs                                  0x08004557   Thumb Code    16  motor.o(.text)
    Load                                     0x08004567   Thumb Code   116  motor.o(.text)
    Stop                                     0x080045db   Thumb Code    46  motor.o(.text)
    Velocity                                 0x08004615   Thumb Code   178  control.o(.text)
    Vertical                                 0x080046c7   Thumb Code    42  control.o(.text)
    EXTI9_5_IRQHandler                       0x080046f1   Thumb Code   232  control.o(.text)
    Turn                                     0x080047d9   Thumb Code    48  control.o(.text)
    log_init                                 0x0800488d   Thumb Code   124  log.o(.text)
    Usart_SendByte                           0x08004909   Thumb Code    30  log.o(.text)
    Usart_SendString                         0x08004927   Thumb Code    42  log.o(.text)
    fputc                                    0x08004951   Thumb Code    32  log.o(.text)
    fgetc                                    0x08004971   Thumb Code    26  log.o(.text)
    SysTick_Delay_Us                         0x080049ef   Thumb Code    72  bsp_delay.o(.text)
    SysTick_Delay_Ms                         0x08004a37   Thumb Code    74  bsp_delay.o(.text)
    NVIC_Priority_Group_Set                  0x08004a8d   Thumb Code    10  misc.o(.text)
    NVIC_Initializes                         0x08004a97   Thumb Code   100  misc.o(.text)
    NVIC_Vector_Table_Set                    0x08004afb   Thumb Code    14  misc.o(.text)
    NVIC_System_LowPower_Enable              0x08004b09   Thumb Code    16  misc.o(.text)
    NVIC_System_Low_Power_Disable            0x08004b19   Thumb Code    16  misc.o(.text)
    SysTick_Clock_Source_Set                 0x08004b29   Thumb Code    40  misc.o(.text)
    ADC_Vrefint_Get                          0x08004b65   Thumb Code    18  n32g430_adc.o(.text)
    ADC_Reset                                0x08004b77   Thumb Code    12  n32g430_adc.o(.text)
    ADC_Multichannels_Enable                 0x08004b83   Thumb Code    14  n32g430_adc.o(.text)
    ADC_Multichannels_Disable                0x08004b91   Thumb Code    14  n32g430_adc.o(.text)
    ADC_Continue_Conversion_Enable           0x08004b9f   Thumb Code    18  n32g430_adc.o(.text)
    ADC_Continue_Conversion_Disable          0x08004bb1   Thumb Code    18  n32g430_adc.o(.text)
    ADC_Regular_Group_External_Trigger_Source_Config 0x08004bc3   Thumb Code    26  n32g430_adc.o(.text)
    ADC_Data_Alignment_Config                0x08004bdd   Thumb Code    26  n32g430_adc.o(.text)
    ADC_Regular_Channels_Number_Config       0x08004bf7   Thumb Code    26  n32g430_adc.o(.text)
    ADC_Initializes                          0x08004c11   Thumb Code    52  n32g430_adc.o(.text)
    ADC_Initializes_Structure                0x08004c45   Thumb Code    14  n32g430_adc.o(.text)
    ADC_ON                                   0x08004c53   Thumb Code    18  n32g430_adc.o(.text)
    ADC_OFF                                  0x08004c65   Thumb Code    18  n32g430_adc.o(.text)
    ADC_DMA_Transfer_Enable                  0x08004c77   Thumb Code    18  n32g430_adc.o(.text)
    ADC_DMA_Transfer_Disable                 0x08004c89   Thumb Code    18  n32g430_adc.o(.text)
    ADC_Interrupts_Enable                    0x08004c9b   Thumb Code    32  n32g430_adc.o(.text)
    ADC_Interrupts_Disable                   0x08004cbb   Thumb Code    32  n32g430_adc.o(.text)
    ADC_Calibration_Operation                0x08004cdb   Thumb Code    72  n32g430_adc.o(.text)
    ADC_Regular_Channels_Software_Conversion_Operation 0x08004d23   Thumb Code    76  n32g430_adc.o(.text)
    ADC_Discontinuous_Mode_Channel_Count_Config 0x08004d6f   Thumb Code    22  n32g430_adc.o(.text)
    ADC_Discontinuous_Mode_Config            0x08004d85   Thumb Code    76  n32g430_adc.o(.text)
    ADC_Channel_Sample_Time_Config           0x08004dd1   Thumb Code   140  n32g430_adc.o(.text)
    ADC_Regular_Sequence_Conversion_Number_Config 0x08004e5d   Thumb Code   154  n32g430_adc.o(.text)
    ADC_External_Trigger_Conversion_Config   0x08004ef7   Thumb Code   110  n32g430_adc.o(.text)
    ADC_Regular_Group_Conversion_Data_Get    0x08004f65   Thumb Code     8  n32g430_adc.o(.text)
    ADC_Injected_Group_Autoconversion_Enable 0x08004f6d   Thumb Code    18  n32g430_adc.o(.text)
    ADC_Injected_Group_Autoconversion_Disable 0x08004f7f   Thumb Code    18  n32g430_adc.o(.text)
    ADC_Injected_Group_External_Trigger_Source_Config 0x08004f91   Thumb Code    26  n32g430_adc.o(.text)
    ADC_Injected_Channels_Software_Conversion_Operation 0x08004fab   Thumb Code    76  n32g430_adc.o(.text)
    ADC_Injected_Sequence_Conversion_Number_Config 0x08004ff7   Thumb Code    46  n32g430_adc.o(.text)
    ADC_Injected_Channels_Number_Config      0x08005025   Thumb Code    26  n32g430_adc.o(.text)
    ADC_Injected_Channels_Offset_Config      0x0800503f   Thumb Code    24  n32g430_adc.o(.text)
    ADC_Injected_Group_Conversion_Data_Get   0x08005057   Thumb Code    32  n32g430_adc.o(.text)
    ADC_Analog_Watchdog_Mode_Channel_Config  0x08005077   Thumb Code    58  n32g430_adc.o(.text)
    ADC_Analog_Watchdog_Enable               0x080050b1   Thumb Code    16  n32g430_adc.o(.text)
    ADC_Analog_Watchdog_Disable              0x080050c1   Thumb Code    16  n32g430_adc.o(.text)
    ADC_Analog_Watchdog_HighThresholds_Config 0x080050d1   Thumb Code     8  n32g430_adc.o(.text)
    ADC_Analog_Watchdog_LowThresholds_Config 0x080050d9   Thumb Code     8  n32g430_adc.o(.text)
    ADC_Temperature_Sensor_And_Vrefint_Channel_Enable 0x080050e1   Thumb Code    34  n32g430_adc.o(.text)
    ADC_Temperature_Sensor_And_Vrefint_Channel_Disable 0x08005103   Thumb Code    34  n32g430_adc.o(.text)
    ADC_INTFlag_Status_Get                   0x08005125   Thumb Code    20  n32g430_adc.o(.text)
    ADC_Flag_Status_Get                      0x08005139   Thumb Code    42  n32g430_adc.o(.text)
    ADC_INTFlag_Status_Clear                 0x08005163   Thumb Code    16  n32g430_adc.o(.text)
    ADC_Flag_Status_Clear                    0x08005173   Thumb Code    16  n32g430_adc.o(.text)
    ADC_Vbat_Monitor_Enable                  0x08005183   Thumb Code    34  n32g430_adc.o(.text)
    ADC_Vbat_Monitor_Disable                 0x080051a5   Thumb Code    34  n32g430_adc.o(.text)
    ADC_Deep_Power_Mode_Enable               0x080051c7   Thumb Code    18  n32g430_adc.o(.text)
    ADC_Deep_Power_Mode_Disable              0x080051d9   Thumb Code    18  n32g430_adc.o(.text)
    ADC_AHB_Clock_Mode_Config                0x080051eb   Thumb Code    18  n32g430_adc.o(.text)
    ADC_PLL_Clock_Mode_Config                0x080051fd   Thumb Code    18  n32g430_adc.o(.text)
    ADC_Calibration_Auto_Load_Enable         0x0800520f   Thumb Code    18  n32g430_adc.o(.text)
    ADC_Calibration_Auto_Load_Disable        0x08005221   Thumb Code    18  n32g430_adc.o(.text)
    ADC_Differential_Mode_Enable             0x08005233   Thumb Code    18  n32g430_adc.o(.text)
    ADC_Differential_Mode_Disable            0x08005245   Thumb Code    18  n32g430_adc.o(.text)
    ADC_Data_Resolution_Config               0x08005257   Thumb Code    26  n32g430_adc.o(.text)
    ADC_Sample_Time_Level_Config             0x08005271   Thumb Code    26  n32g430_adc.o(.text)
    ADC_Initializes_Ex                       0x0800528b   Thumb Code   134  n32g430_adc.o(.text)
    ADC_Initializes_StructureEx              0x08005311   Thumb Code    26  n32g430_adc.o(.text)
    ADC_Bypass_Calibration_Enable            0x0800532b   Thumb Code    18  n32g430_adc.o(.text)
    ADC_Bypass_Calibration_Disable           0x0800533d   Thumb Code    28  n32g430_adc.o(.text)
    ADC_Differential_Channels_Config         0x08005359   Thumb Code    22  n32g430_adc.o(.text)
    ADC_Clock_Mode_Config                    0x0800536f   Thumb Code    40  n32g430_adc.o(.text)
    DMA_Reset                                0x080053a1   Thumb Code   224  n32g430_dma.o(.text)
    DMA_Memory_2_Memory_Config               0x08005481   Thumb Code    16  n32g430_dma.o(.text)
    DMA_Priority_Config                      0x08005491   Thumb Code    16  n32g430_dma.o(.text)
    DMA_Circular_Mode_Config                 0x080054a1   Thumb Code    16  n32g430_dma.o(.text)
    DMA_Memory_Data_Width_Config             0x080054b1   Thumb Code    16  n32g430_dma.o(.text)
    DMA_Peripheral_Data_Width_Config         0x080054c1   Thumb Code    16  n32g430_dma.o(.text)
    DMA_Memory_Addr_Increment_Config         0x080054d1   Thumb Code    16  n32g430_dma.o(.text)
    DMA_Peripheral_Addr_Increment_Config     0x080054e1   Thumb Code    16  n32g430_dma.o(.text)
    DMA_Buffer_Size_Config                   0x080054f1   Thumb Code     4  n32g430_dma.o(.text)
    DMA_Destination_Config                   0x080054f5   Thumb Code    16  n32g430_dma.o(.text)
    DMA_Memory_Address_Config                0x08005505   Thumb Code     4  n32g430_dma.o(.text)
    DMA_Peripheral_Address_Config            0x08005509   Thumb Code     4  n32g430_dma.o(.text)
    DMA_Initializes                          0x0800550d   Thumb Code    96  n32g430_dma.o(.text)
    DMA_Structure_Initializes                0x0800556d   Thumb Code    26  n32g430_dma.o(.text)
    DMA_Channel_Enable                       0x08005587   Thumb Code    10  n32g430_dma.o(.text)
    DMA_Channel_Disable                      0x08005591   Thumb Code    10  n32g430_dma.o(.text)
    DMA_Interrupts_Enable                    0x0800559b   Thumb Code     8  n32g430_dma.o(.text)
    DMA_Interrupts_Disable                   0x080055a3   Thumb Code     8  n32g430_dma.o(.text)
    DMA_Current_Data_Transfer_Number_Set     0x080055ab   Thumb Code     4  n32g430_dma.o(.text)
    DMA_Current_Data_Transfer_Number_Get     0x080055af   Thumb Code     8  n32g430_dma.o(.text)
    DMA_Flag_Status_Get                      0x080055b7   Thumb Code    16  n32g430_dma.o(.text)
    DMA_Flag_Status_Clear                    0x080055c7   Thumb Code     4  n32g430_dma.o(.text)
    DMA_Interrupt_Status_Get                 0x080055cb   Thumb Code    16  n32g430_dma.o(.text)
    DMA_Interrupt_Status_Clear               0x080055db   Thumb Code     4  n32g430_dma.o(.text)
    DMA_Channel_Request_Remap                0x080055df   Thumb Code     4  n32g430_dma.o(.text)
    EXTI_Reset                               0x080055e9   Thumb Code    30  n32g430_exti.o(.text)
    EXTI_LineCmd_Disable                     0x08005607   Thumb Code    20  n32g430_exti.o(.text)
    EXTI_Trigger_Config                      0x0800561b   Thumb Code    68  n32g430_exti.o(.text)
    EXTI_Work_Mode_Config                    0x0800565f   Thumb Code    38  n32g430_exti.o(.text)
    EXTI_Peripheral_Initializes              0x08005685   Thumb Code    32  n32g430_exti.o(.text)
    EXTI_Structure_Initializes               0x080056a5   Thumb Code    16  n32g430_exti.o(.text)
    EXTI_Software_Interrupt_Trigger          0x080056b5   Thumb Code    16  n32g430_exti.o(.text)
    EXTI_Flag_Status_Get                     0x080056c5   Thumb Code    20  n32g430_exti.o(.text)
    EXTI_Flag_Status_Clear                   0x080056d9   Thumb Code     8  n32g430_exti.o(.text)
    EXTI_Interrupt_Status_Get                0x080056e1   Thumb Code    28  n32g430_exti.o(.text)
    EXTI_Interrupt_Status_Clear              0x080056fd   Thumb Code     8  n32g430_exti.o(.text)
    EXTI_RTC_Time_Stamp_Select               0x08005705   Thumb Code    24  n32g430_exti.o(.text)
    GPIO_Reset                               0x08005721   Thumb Code    66  n32g430_gpio.o(.text)
    GPIOA_Pin_Reset                          0x08005763   Thumb Code   256  n32g430_gpio.o(.text)
    GPIOB_Pin_Reset                          0x08005863   Thumb Code   230  n32g430_gpio.o(.text)
    GPIOC_Pin_Reset                          0x08005949   Thumb Code   144  n32g430_gpio.o(.text)
    GPIOD_Pin_Reset                          0x080059d9   Thumb Code   194  n32g430_gpio.o(.text)
    AFIO_EXTI_Reset                          0x08005a9b   Thumb Code    62  n32g430_gpio.o(.text)
    GPIO_ALLPin_Reset                        0x08005ad9   Thumb Code    36  n32g430_gpio.o(.text)
    GPIO_Alternate_Set                       0x08005afd   Thumb Code    86  n32g430_gpio.o(.text)
    GPIO_Mode_Set                            0x08005b53   Thumb Code    68  n32g430_gpio.o(.text)
    GPIO_Pull_Set                            0x08005b97   Thumb Code    28  n32g430_gpio.o(.text)
    GPIO_SlewRate_Set                        0x08005bb3   Thumb Code    24  n32g430_gpio.o(.text)
    GPIO_Driver_Set                          0x08005bcb   Thumb Code    28  n32g430_gpio.o(.text)
    GPIO_Peripheral_Initialize               0x08005be7   Thumb Code    86  n32g430_gpio.o(.text)
    GPIO_Alternate_Function_Reset            0x08005c3d   Thumb Code    10  n32g430_gpio.o(.text)
    GPIO_Structure_Initialize                0x08005c47   Thumb Code    24  n32g430_gpio.o(.text)
    GPIO_Input_Pin_Data_Get                  0x08005c5f   Thumb Code    16  n32g430_gpio.o(.text)
    GPIO_Input_Data_Get                      0x08005c6f   Thumb Code     8  n32g430_gpio.o(.text)
    GPIO_Output_Pin_Data_Get                 0x08005c77   Thumb Code    16  n32g430_gpio.o(.text)
    GPIO_Output_Data_Get                     0x08005c87   Thumb Code     8  n32g430_gpio.o(.text)
    GPIO_Pins_Set                            0x08005c8f   Thumb Code     4  n32g430_gpio.o(.text)
    GPIO_Pins_Reset                          0x08005c93   Thumb Code     4  n32g430_gpio.o(.text)
    GPIO_PBSC_Pins_Reset                     0x08005c97   Thumb Code     8  n32g430_gpio.o(.text)
    GPIO_PBC_Pins_Reset                      0x08005c9f   Thumb Code     4  n32g430_gpio.o(.text)
    GPIO_Write                               0x08005ca3   Thumb Code     4  n32g430_gpio.o(.text)
    GPIO_Pin_Toggle                          0x08005ca7   Thumb Code     8  n32g430_gpio.o(.text)
    GPIO_Pin_Lock_Set                        0x08005caf   Thumb Code    18  n32g430_gpio.o(.text)
    GPIO_Pin_Remap_Set                       0x08005cc1   Thumb Code    94  n32g430_gpio.o(.text)
    GPIO_EXTI_Line_Set                       0x08005d1f   Thumb Code    56  n32g430_gpio.o(.text)
    AFIO_SPI_NSS_Mode_Set                    0x08005d57   Thumb Code    30  n32g430_gpio.o(.text)
    AFIO_ADC_External_Trigger_Remap_Set      0x08005d75   Thumb Code    82  n32g430_gpio.o(.text)
    AFIO_5V_Tolerance_Enable                 0x08005dc7   Thumb Code    16  n32g430_gpio.o(.text)
    AFIO_5V_Tolerance_Disable                0x08005dd7   Thumb Code    16  n32g430_gpio.o(.text)
    AFIO_Filter_Stage_Ctrl                   0x08005de7   Thumb Code     8  n32g430_gpio.o(.text)
    AFIO_EFT_Enable                          0x08005def   Thumb Code   130  n32g430_gpio.o(.text)
    AFIO_EFT_Disable                         0x08005e71   Thumb Code   130  n32g430_gpio.o(.text)
    AFIO_Digital_EFT_Enable                  0x08005ef3   Thumb Code   130  n32g430_gpio.o(.text)
    AFIO_Digital_EFT_Disable                 0x08005f75   Thumb Code   130  n32g430_gpio.o(.text)
    RCC_Reset                                0x0800600d   Thumb Code    74  n32g430_rcc.o(.text)
    RCC_HSE_Config                           0x08006057   Thumb Code    60  n32g430_rcc.o(.text)
    RCC_Flag_Status_Get                      0x08006093   Thumb Code    58  n32g430_rcc.o(.text)
    RCC_Clocks_Frequencies_Value_Get         0x080060cd   Thumb Code   250  n32g430_rcc.o(.text)
    RCC_HSE_Stable_Wait                      0x080061c7   Thumb Code    78  n32g430_rcc.o(.text)
    RCC_Clock_Security_System_Enable         0x08006215   Thumb Code     8  n32g430_rcc.o(.text)
    RCC_Clock_Security_System_Disable        0x0800621d   Thumb Code     8  n32g430_rcc.o(.text)
    RCC_HSI_Calibration_Value_Set            0x08006225   Thumb Code    20  n32g430_rcc.o(.text)
    RCC_HSI_Enable                           0x08006239   Thumb Code     8  n32g430_rcc.o(.text)
    RCC_HSI_Disable                          0x08006241   Thumb Code     8  n32g430_rcc.o(.text)
    RCC_HSI_Stable_Wait                      0x08006249   Thumb Code    78  n32g430_rcc.o(.text)
    RCC_PLL_Config                           0x08006297   Thumb Code    46  n32g430_rcc.o(.text)
    RCC_PLL_Enable                           0x080062c5   Thumb Code     8  n32g430_rcc.o(.text)
    RCC_PLL_Disable                          0x080062cd   Thumb Code     8  n32g430_rcc.o(.text)
    RCC_Sysclk_Config                        0x080062d5   Thumb Code    18  n32g430_rcc.o(.text)
    RCC_Sysclk_Source_Get                    0x080062e7   Thumb Code    10  n32g430_rcc.o(.text)
    RCC_Hclk_Config                          0x080062f1   Thumb Code    18  n32g430_rcc.o(.text)
    RCC_Pclk1_Config                         0x08006303   Thumb Code    18  n32g430_rcc.o(.text)
    RCC_Pclk2_Config                         0x08006315   Thumb Code    20  n32g430_rcc.o(.text)
    RCC_Interrupt_Enable                     0x08006329   Thumb Code    12  n32g430_rcc.o(.text)
    RCC_Interrupt_Disable                    0x08006335   Thumb Code    12  n32g430_rcc.o(.text)
    RCC_TIM1_8_Clock_Config                  0x08006341   Thumb Code    18  n32g430_rcc.o(.text)
    RCC_ADC_1M_Clock_Config                  0x08006353   Thumb Code    24  n32g430_rcc.o(.text)
    RCC_ADC_PLL_Clock_Prescaler_Enable       0x0800636b   Thumb Code    18  n32g430_rcc.o(.text)
    RCC_ADC_PLL_Clock_Disable                0x0800637d   Thumb Code    14  n32g430_rcc.o(.text)
    RCC_ADC_Hclk_Config                      0x0800638b   Thumb Code    18  n32g430_rcc.o(.text)
    RCC_ADC_Hclk_Enable                      0x0800639d   Thumb Code    18  n32g430_rcc.o(.text)
    RCC_ADC_Hclk_Disable                     0x080063af   Thumb Code    18  n32g430_rcc.o(.text)
    RCC_LSE_Trim_Config                      0x080063c1   Thumb Code    38  n32g430_rcc.o(.text)
    RCC_APB1_Peripheral_Clock_Enable         0x080063e7   Thumb Code    70  n32g430_rcc.o(.text)
    RCC_LSE_Config                           0x0800642d   Thumb Code    88  n32g430_rcc.o(.text)
    RCC_LSE_Clock_Security_System_Enable     0x08006485   Thumb Code     8  n32g430_rcc.o(.text)
    RCC_LSE_Clock_Security_System_Disable    0x0800648d   Thumb Code     8  n32g430_rcc.o(.text)
    RCC_LSE_Clock_Security_System_Status_Get 0x08006495   Thumb Code    18  n32g430_rcc.o(.text)
    RCC_LSE_Stable_Wait                      0x080064a7   Thumb Code    78  n32g430_rcc.o(.text)
    RCC_LSI_Enable                           0x080064f5   Thumb Code    10  n32g430_rcc.o(.text)
    RCC_LSI_Disable                          0x080064ff   Thumb Code    10  n32g430_rcc.o(.text)
    RCC_LSI_Stable_Wait                      0x08006509   Thumb Code    78  n32g430_rcc.o(.text)
    RCC_RTC_Clock_Config                     0x08006557   Thumb Code    22  n32g430_rcc.o(.text)
    RCC_RTC_Clock_Enable                     0x0800656d   Thumb Code    10  n32g430_rcc.o(.text)
    RCC_RTC_Clock_Disable                    0x08006577   Thumb Code    10  n32g430_rcc.o(.text)
    RCC_LPTIM_Clock_Config                   0x08006581   Thumb Code    46  n32g430_rcc.o(.text)
    RCC_LPTIM_Reset                          0x080065af   Thumb Code    24  n32g430_rcc.o(.text)
    RCC_LPTIM_Enable                         0x080065c7   Thumb Code    14  n32g430_rcc.o(.text)
    RCC_LPTIM_Disable                        0x080065d5   Thumb Code    14  n32g430_rcc.o(.text)
    RCC_AHB_Peripheral_Clock_Enable          0x080065e3   Thumb Code    12  n32g430_rcc.o(.text)
    RCC_AHB_Peripheral_Clock_Disable         0x080065ef   Thumb Code    12  n32g430_rcc.o(.text)
    RCC_APB2_Peripheral_Clock_Enable         0x080065fb   Thumb Code    12  n32g430_rcc.o(.text)
    RCC_APB2_Peripheral_Clock_Disable        0x08006607   Thumb Code    12  n32g430_rcc.o(.text)
    RCC_APB1_Peripheral_Clock_Disable        0x08006613   Thumb Code    12  n32g430_rcc.o(.text)
    RCC_AHB_Peripheral_Reset                 0x0800661f   Thumb Code    20  n32g430_rcc.o(.text)
    RCC_APB2_Peripheral_Reset                0x08006633   Thumb Code    20  n32g430_rcc.o(.text)
    RCC_APB1_Peripheral_Reset                0x08006647   Thumb Code    20  n32g430_rcc.o(.text)
    RCC_Backup_Reset                         0x0800665b   Thumb Code    14  n32g430_rcc.o(.text)
    RCC_MCO_PLL_Prescaler_Config             0x08006669   Thumb Code    18  n32g430_rcc.o(.text)
    RCC_MCO_Source_Config                    0x0800667b   Thumb Code    18  n32g430_rcc.o(.text)
    RCC_Reset_Flag_Clear                     0x0800668d   Thumb Code    24  n32g430_rcc.o(.text)
    RCC_Interrupt_Status_Get                 0x080066a5   Thumb Code    18  n32g430_rcc.o(.text)
    RCC_Interrupt_Status_Clear               0x080066b7   Thumb Code    12  n32g430_rcc.o(.text)
    TIM_Reset                                0x080066d5   Thumb Code   102  n32g430_tim.o(.text)
    TIM_Base_Count_Mode_Set                  0x0800673b   Thumb Code    16  n32g430_tim.o(.text)
    TIM_Base_Center_Aligned_Mode_OC4_7_8_9_Trigger_Set 0x0800674b   Thumb Code    16  n32g430_tim.o(.text)
    TIM_Asymmetric_Enable                    0x0800675b   Thumb Code    10  n32g430_tim.o(.text)
    TIM_Asymmetric_Disable                   0x08006765   Thumb Code    10  n32g430_tim.o(.text)
    TIM_Base_Auto_Reload_Set                 0x0800676f   Thumb Code     4  n32g430_tim.o(.text)
    TIM_Base_Prescaler_Set                   0x08006773   Thumb Code     4  n32g430_tim.o(.text)
    TIM_Base_Reload_Mode_Set                 0x08006777   Thumb Code     4  n32g430_tim.o(.text)
    TIM_Base_Repeat_Count_Set                0x0800677b   Thumb Code     4  n32g430_tim.o(.text)
    TIM_Base_Channel1                        0x0800677f   Thumb Code    22  n32g430_tim.o(.text)
    TIM_Base_Channel2                        0x08006795   Thumb Code    22  n32g430_tim.o(.text)
    TIM_Base_Channel3                        0x080067ab   Thumb Code    22  n32g430_tim.o(.text)
    TIM_Base_Channel4                        0x080067c1   Thumb Code    22  n32g430_tim.o(.text)
    TIM_Base_OCrefClear                      0x080067d7   Thumb Code    22  n32g430_tim.o(.text)
    TIM_Clock_Division_Set                   0x080067ed   Thumb Code    16  n32g430_tim.o(.text)
    TIM_Base_Initialize                      0x080067fd   Thumb Code   156  n32g430_tim.o(.text)
    TIM_Base_Struct_Initialize               0x08006899   Thumb Code    30  n32g430_tim.o(.text)
    TIM_Base_Count_Set                       0x080068b7   Thumb Code     4  n32g430_tim.o(.text)
    TIM_Base_Count_Get                       0x080068bb   Thumb Code     6  n32g430_tim.o(.text)
    TIM_Auto_Reload_Get                      0x080068c1   Thumb Code     6  n32g430_tim.o(.text)
    TIM_Base_Prescaler_Get                   0x080068c7   Thumb Code     6  n32g430_tim.o(.text)
    TIM_On                                   0x080068cd   Thumb Code    10  n32g430_tim.o(.text)
    TIM_Off                                  0x080068d7   Thumb Code    10  n32g430_tim.o(.text)
    TIM_Output_Channel1_Preload_Set          0x080068e1   Thumb Code    18  n32g430_tim.o(.text)
    TIM_Output_Channel2_Preload_Set          0x080068f3   Thumb Code    26  n32g430_tim.o(.text)
    TIM_Output_Channel3_Preload_Set          0x0800690d   Thumb Code    20  n32g430_tim.o(.text)
    TIM_Output_Channel4_Preload_Set          0x08006921   Thumb Code    28  n32g430_tim.o(.text)
    TIM_Output_Channel5_Preload_Set          0x0800693d   Thumb Code    22  n32g430_tim.o(.text)
    TIM_Output_Channel6_Preload_Set          0x08006953   Thumb Code    30  n32g430_tim.o(.text)
    TIM_Output_Channel7_Preload_Set          0x08006971   Thumb Code    26  n32g430_tim.o(.text)
    TIM_Output_Channel8_Preload_Set          0x0800698b   Thumb Code    26  n32g430_tim.o(.text)
    TIM_Output_Channel9_Preload_Set          0x080069a5   Thumb Code    26  n32g430_tim.o(.text)
    TIM_Auto_Reload_Preload_Enable           0x080069bf   Thumb Code    10  n32g430_tim.o(.text)
    TIM_Auto_Reload_Preload_Disable          0x080069c9   Thumb Code    10  n32g430_tim.o(.text)
    TIM_Update_Event_Enable                  0x080069d3   Thumb Code    10  n32g430_tim.o(.text)
    TIM_Update_Event_Disable                 0x080069dd   Thumb Code    10  n32g430_tim.o(.text)
    TIM_Update_Request_Source_Set            0x080069e7   Thumb Code    22  n32g430_tim.o(.text)
    TIM_Event_Generate                       0x080069fd   Thumb Code     4  n32g430_tim.o(.text)
    TIM_Commutation_Event_Enable             0x08006a01   Thumb Code    10  n32g430_tim.o(.text)
    TIM_Commutation_Event_Disable            0x08006a0b   Thumb Code    10  n32g430_tim.o(.text)
    TIM_Capture_Compare_Control_Preload_Enable 0x08006a15   Thumb Code    10  n32g430_tim.o(.text)
    TIM_Capture_Compare_Control_Preload_Disable 0x08006a1f   Thumb Code    10  n32g430_tim.o(.text)
    TIM_Compare1_Set                         0x08006a29   Thumb Code    14  n32g430_tim.o(.text)
    TIM_Compare2_Set                         0x08006a37   Thumb Code    14  n32g430_tim.o(.text)
    TIM_Compare3_Set                         0x08006a45   Thumb Code    14  n32g430_tim.o(.text)
    TIM_Compare4_Set                         0x08006a53   Thumb Code    14  n32g430_tim.o(.text)
    TIM_Compare5_Set                         0x08006a61   Thumb Code     6  n32g430_tim.o(.text)
    TIM_Compare6_Set                         0x08006a67   Thumb Code     6  n32g430_tim.o(.text)
    TIM_Compare7_Set                         0x08006a6d   Thumb Code     6  n32g430_tim.o(.text)
    TIM_Compare8_Set                         0x08006a73   Thumb Code     6  n32g430_tim.o(.text)
    TIM_Compare9_Set                         0x08006a79   Thumb Code     6  n32g430_tim.o(.text)
    TIM_Compare1_D_Set                       0x08006a7f   Thumb Code    14  n32g430_tim.o(.text)
    TIM_Compare2_D_Set                       0x08006a8d   Thumb Code    14  n32g430_tim.o(.text)
    TIM_Compare3_D_Set                       0x08006a9b   Thumb Code    14  n32g430_tim.o(.text)
    TIM_Compare4_D_Set                       0x08006aa9   Thumb Code    40  n32g430_tim.o(.text)
    TIM_Compare_Capture1_Get                 0x08006ad1   Thumb Code     8  n32g430_tim.o(.text)
    TIM_Compare_Capture2_Get                 0x08006ad9   Thumb Code     8  n32g430_tim.o(.text)
    TIM_Compare_Capture3_Get                 0x08006ae1   Thumb Code     8  n32g430_tim.o(.text)
    TIM_Compare_Capture4_Get                 0x08006ae9   Thumb Code     8  n32g430_tim.o(.text)
    TIM_Compare_Capture5_Get                 0x08006af1   Thumb Code     8  n32g430_tim.o(.text)
    TIM_Compare_Capture6_Get                 0x08006af9   Thumb Code     8  n32g430_tim.o(.text)
    TIM_Compare_Capture7_Get                 0x08006b01   Thumb Code     8  n32g430_tim.o(.text)
    TIM_Compare_Capture8_Get                 0x08006b09   Thumb Code     8  n32g430_tim.o(.text)
    TIM_Compare_Capture9_Get                 0x08006b11   Thumb Code     8  n32g430_tim.o(.text)
    TIM_Compare_Capture1_D_Get               0x08006b19   Thumb Code     8  n32g430_tim.o(.text)
    TIM_Compare_Capture2_D_Get               0x08006b21   Thumb Code     8  n32g430_tim.o(.text)
    TIM_Compare_Capture3_D_Get               0x08006b29   Thumb Code     8  n32g430_tim.o(.text)
    TIM_Compare_Capture4_D_Get               0x08006b31   Thumb Code     8  n32g430_tim.o(.text)
    TIM_Trigger_Source_Select                0x08006b39   Thumb Code    18  n32g430_tim.o(.text)
    Input_Channel1_Config                    0x08006b4b   Thumb Code   104  n32g430_tim.o(.text)
    Input_Channel2_Config                    0x08006bb3   Thumb Code   116  n32g430_tim.o(.text)
    Input_Channel3_Config                    0x08006c27   Thumb Code   110  n32g430_tim.o(.text)
    Input_Channel4_Config                    0x08006c95   Thumb Code   118  n32g430_tim.o(.text)
    TIM_External_Trigger_Filter_Set          0x08006d0b   Thumb Code    24  n32g430_tim.o(.text)
    TIM_External_Trigger_Prescaler_Set       0x08006d23   Thumb Code    16  n32g430_tim.o(.text)
    TIM_External_Trigger_Polarity_Set        0x08006d33   Thumb Code    26  n32g430_tim.o(.text)
    TIM_Internal_Clock_Set                   0x08006d4d   Thumb Code    12  n32g430_tim.o(.text)
    TIM_Input_Capture1_Prescaler_Set         0x08006d59   Thumb Code    18  n32g430_tim.o(.text)
    TIM_Input_Capture2_Prescaler_Set         0x08006d6b   Thumb Code    26  n32g430_tim.o(.text)
    TIM_Input_Capture3_Prescaler_Set         0x08006d85   Thumb Code    18  n32g430_tim.o(.text)
    TIM_Input_Capture4_Prescaler_Set         0x08006d97   Thumb Code    20  n32g430_tim.o(.text)
    TIM_Internal_Trig_To_Ext_Set             0x08006dab   Thumb Code    24  n32g430_tim.o(.text)
    TIM_Trigger_As_External_Clock            0x08006dc3   Thumb Code    58  n32g430_tim.o(.text)
    TIM_External_Clock_Mode1_Set             0x08006dfd   Thumb Code    66  n32g430_tim.o(.text)
    TIM_External_Clock_Mode2_Set             0x08006e3f   Thumb Code    44  n32g430_tim.o(.text)
    TIM_Slave_Mode_Select                    0x08006e6b   Thumb Code    18  n32g430_tim.o(.text)
    TIM_Master_Slave_Mode_Set                0x08006e7d   Thumb Code    18  n32g430_tim.o(.text)
    TIM_Output_Trigger_Select                0x08006e8f   Thumb Code    16  n32g430_tim.o(.text)
    TIM_OC4REF_Trigger_To_ADC_Enable         0x08006e9f   Thumb Code    10  n32g430_tim.o(.text)
    TIM_OC4REF_Trigger_To_ADC_Disable        0x08006ea9   Thumb Code    10  n32g430_tim.o(.text)
    TIM_OC7REF_Trigger_To_ADC_Enable         0x08006eb3   Thumb Code    10  n32g430_tim.o(.text)
    TIM_OC7REF_Trigger_To_ADC_Disable        0x08006ebd   Thumb Code    10  n32g430_tim.o(.text)
    TIM_OC8REF_Trigger_To_ADC_Enable         0x08006ec7   Thumb Code    10  n32g430_tim.o(.text)
    TIM_OC8REF_Trigger_To_ADC_Disable        0x08006ed1   Thumb Code    10  n32g430_tim.o(.text)
    TIM_OC9REF_Trigger_To_ADC_Enable         0x08006edb   Thumb Code    10  n32g430_tim.o(.text)
    TIM_OC9REF_Trigger_To_ADC_Disable        0x08006ee5   Thumb Code    10  n32g430_tim.o(.text)
    TIM_One_Pulse_Mode_Select                0x08006eef   Thumb Code    16  n32g430_tim.o(.text)
    TIM_Input_Struct_Initialize              0x08006eff   Thumb Code    18  n32g430_tim.o(.text)
    TIM_Input_Channel_Initialize             0x08006f11   Thumb Code   134  n32g430_tim.o(.text)
    TIM_PWM_Input_Channel_Config             0x08006f97   Thumb Code   120  n32g430_tim.o(.text)
    TIM_Output_Channel_Polarity_Set          0x0800700f   Thumb Code    22  n32g430_tim.o(.text)
    TIM_Output_Channel_N_Polarity_Set        0x08007025   Thumb Code    22  n32g430_tim.o(.text)
    TIM_Capture_Compare_Ch_Enable            0x0800703b   Thumb Code    12  n32g430_tim.o(.text)
    TIM_Capture_Compare_Ch_Disable           0x08007047   Thumb Code    12  n32g430_tim.o(.text)
    TIM_Capture_Compare_Ch_N_Enable          0x08007053   Thumb Code    12  n32g430_tim.o(.text)
    TIM_Capture_Compare_Ch_N_Disable         0x0800705f   Thumb Code    12  n32g430_tim.o(.text)
    TIM_CCEN_Status_Get                      0x0800706b   Thumb Code    16  n32g430_tim.o(.text)
    TIM_Output_Channel_Mode_Set              0x0800707b   Thumb Code    86  n32g430_tim.o(.text)
    TIM_Forced_Output_Channel1_Set           0x080070d1   Thumb Code    18  n32g430_tim.o(.text)
    TIM_Forced_Output_Channel2_Set           0x080070e3   Thumb Code    26  n32g430_tim.o(.text)
    TIM_Forced_Output_Channel3_Set           0x080070fd   Thumb Code    20  n32g430_tim.o(.text)
    TIM_Forced_Output_Channel4_Set           0x08007111   Thumb Code    28  n32g430_tim.o(.text)
    TIM_Forced_Output_Channel5_Set           0x0800712d   Thumb Code    22  n32g430_tim.o(.text)
    TIM_Forced_Output_Channel6_Set           0x08007143   Thumb Code    30  n32g430_tim.o(.text)
    TIM_Output_Channel1_Fast_Set             0x08007161   Thumb Code    18  n32g430_tim.o(.text)
    TIM_Output_Channel2_Fast_Set             0x08007173   Thumb Code    26  n32g430_tim.o(.text)
    TIM_Output_Channel3_Fast_Set             0x0800718d   Thumb Code    20  n32g430_tim.o(.text)
    TIM_Output_Channel4_Fast_Set             0x080071a1   Thumb Code    28  n32g430_tim.o(.text)
    TIM_Output_Channel5_Fast_Set             0x080071bd   Thumb Code    22  n32g430_tim.o(.text)
    TIM_Output_Channel6_Fast_Set             0x080071d3   Thumb Code    30  n32g430_tim.o(.text)
    TIM_Output_Channel1_Reference_Clear      0x080071f1   Thumb Code    18  n32g430_tim.o(.text)
    TIM_Output_Channel2_Reference_Clear      0x08007203   Thumb Code    24  n32g430_tim.o(.text)
    TIM_Output_Channel3_Reference_Clear      0x0800721b   Thumb Code    20  n32g430_tim.o(.text)
    TIM_Output_Channel4_Reference_Clear      0x0800722f   Thumb Code    26  n32g430_tim.o(.text)
    TIM_Output_Channel5_Reference_Clear      0x08007249   Thumb Code    22  n32g430_tim.o(.text)
    TIM_Output_Channel6_Reference_Clear      0x0800725f   Thumb Code    28  n32g430_tim.o(.text)
    TIM_Output_Channel1_Initialize           0x0800727b   Thumb Code   140  n32g430_tim.o(.text)
    TIM_Output_Channel2_Initialize           0x08007307   Thumb Code   152  n32g430_tim.o(.text)
    TIM_Output_Channel3_Initialize           0x0800739f   Thumb Code   146  n32g430_tim.o(.text)
    TIM_Output_Channel4_Initialize           0x08007431   Thumb Code   166  n32g430_tim.o(.text)
    TIM_Output_Channel5_Initialize           0x080074d7   Thumb Code   102  n32g430_tim.o(.text)
    TIM_Output_Channel6_Initialize           0x0800753d   Thumb Code   110  n32g430_tim.o(.text)
    TIM_PWM_Output_Enable                    0x080075ab   Thumb Code    14  n32g430_tim.o(.text)
    TIM_PWM_Output_Disable                   0x080075b9   Thumb Code    14  n32g430_tim.o(.text)
    TIM_Output_Channel_Struct_Initialize     0x080075c7   Thumb Code    20  n32g430_tim.o(.text)
    TIM_Lock_Up_Break_Enable                 0x080075db   Thumb Code    10  n32g430_tim.o(.text)
    TIM_Lock_Up_Break_Disable                0x080075e5   Thumb Code    10  n32g430_tim.o(.text)
    TIM_Pvd_Break_Enable                     0x080075ef   Thumb Code    10  n32g430_tim.o(.text)
    TIM_Pvd_Break_Disable                    0x080075f9   Thumb Code    10  n32g430_tim.o(.text)
    TIM_IOM_Comp_Break                       0x08007603   Thumb Code    22  n32g430_tim.o(.text)
    TIM_Break_And_Dead_Time_Set              0x08007619   Thumb Code    96  n32g430_tim.o(.text)
    TIM_Break_And_Dead_Time_Struct_Initialize 0x08007679   Thumb Code    24  n32g430_tim.o(.text)
    TIM_Interrupt_Enable                     0x08007691   Thumb Code     8  n32g430_tim.o(.text)
    TIM_Interrupt_Disable                    0x08007699   Thumb Code    16  n32g430_tim.o(.text)
    TIM_Interrupt_Status_Get                 0x080076a9   Thumb Code    32  n32g430_tim.o(.text)
    TIM_Interrupt_Status_Clear               0x080076c9   Thumb Code     6  n32g430_tim.o(.text)
    TIM_Flag_Status_Get                      0x080076cf   Thumb Code    16  n32g430_tim.o(.text)
    TIM_Flag_Clear                           0x080076df   Thumb Code     6  n32g430_tim.o(.text)
    TIM_Dma_Config                           0x080076e5   Thumb Code    10  n32g430_tim.o(.text)
    TIM_Dma_Enable                           0x080076ef   Thumb Code     8  n32g430_tim.o(.text)
    TIM_Dma_Disable                          0x080076f7   Thumb Code     8  n32g430_tim.o(.text)
    TIM_Hall_Sensor_Enable                   0x080076ff   Thumb Code    10  n32g430_tim.o(.text)
    TIM_Hall_Sensor_Disable                  0x08007709   Thumb Code    10  n32g430_tim.o(.text)
    TIM_Encoder_Interface_Set                0x08007713   Thumb Code    64  n32g430_tim.o(.text)
    TIM_Channel1_Filter_Config               0x08007753   Thumb Code    52  n32g430_tim.o(.text)
    TIM_Channel2_Filter_Config               0x08007787   Thumb Code    52  n32g430_tim.o(.text)
    TIM_Channel3_Filter_Config               0x080077bb   Thumb Code    52  n32g430_tim.o(.text)
    TIM_Channel4_Filter_Config               0x080077ef   Thumb Code    52  n32g430_tim.o(.text)
    TIM_Break_Filter_Config                  0x08007823   Thumb Code    40  n32g430_tim.o(.text)
    TIM_Channel1_Filter_Enable               0x0800784b   Thumb Code    10  n32g430_tim.o(.text)
    TIM_Channel1_Filter_Disable              0x08007855   Thumb Code    10  n32g430_tim.o(.text)
    TIM_Channel2_Filter_Enable               0x0800785f   Thumb Code    10  n32g430_tim.o(.text)
    TIM_Channel2_Filter_Disable              0x08007869   Thumb Code    10  n32g430_tim.o(.text)
    TIM_Channel3_Filter_Enable               0x08007873   Thumb Code    10  n32g430_tim.o(.text)
    TIM_Channel3_Filter_Disable              0x0800787d   Thumb Code    10  n32g430_tim.o(.text)
    TIM_Channel4_Filter_Enable               0x08007887   Thumb Code    10  n32g430_tim.o(.text)
    TIM_Channel4_Filter_Disable              0x08007891   Thumb Code    10  n32g430_tim.o(.text)
    TIM_Break_Filter_Enable                  0x0800789b   Thumb Code    10  n32g430_tim.o(.text)
    TIM_Break_Filter_Disable                 0x080078a5   Thumb Code    10  n32g430_tim.o(.text)
    USART_Reset                              0x080078c9   Thumb Code    68  n32g430_usart.o(.text)
    USART_Hardware_Flow_Control_Config       0x0800790d   Thumb Code    16  n32g430_usart.o(.text)
    USART_Mode_Config                        0x0800791d   Thumb Code    16  n32g430_usart.o(.text)
    USART_Parity_Config                      0x0800792d   Thumb Code    16  n32g430_usart.o(.text)
    USART_Stop_Bits_Config                   0x0800793d   Thumb Code    16  n32g430_usart.o(.text)
    USART_Word_Length_Config                 0x0800794d   Thumb Code    16  n32g430_usart.o(.text)
    USART_Baud_Rate_Config                   0x0800795d   Thumb Code   114  n32g430_usart.o(.text)
    USART_Initializes                        0x080079cf   Thumb Code    56  n32g430_usart.o(.text)
    USART_Structure_Initializes              0x08007a07   Thumb Code    24  n32g430_usart.o(.text)
    USART_Last_Bit_Config                    0x08007a1f   Thumb Code    16  n32g430_usart.o(.text)
    USART_Phase_Config                       0x08007a2f   Thumb Code    16  n32g430_usart.o(.text)
    USART_Polarity_Config                    0x08007a3f   Thumb Code    16  n32g430_usart.o(.text)
    USART_Clock_Config                       0x08007a4f   Thumb Code    16  n32g430_usart.o(.text)
    USART_Clock_Initializes                  0x08007a5f   Thumb Code    40  n32g430_usart.o(.text)
    USART_Clock_Structure_Initializes        0x08007a87   Thumb Code    12  n32g430_usart.o(.text)
    USART_Enable                             0x08007a93   Thumb Code    10  n32g430_usart.o(.text)
    USART_Disable                            0x08007a9d   Thumb Code    10  n32g430_usart.o(.text)
    USART_Interrput_Enable                   0x08007aa7   Thumb Code    54  n32g430_usart.o(.text)
    USART_Interrput_Disable                  0x08007add   Thumb Code    54  n32g430_usart.o(.text)
    USART_DMA_Transfer_Enable                0x08007b13   Thumb Code     8  n32g430_usart.o(.text)
    USART_DMA_Transfer_Disable               0x08007b1b   Thumb Code     8  n32g430_usart.o(.text)
    USART_Address_Set                        0x08007b23   Thumb Code    16  n32g430_usart.o(.text)
    USART_WakeUp_Mode_Set                    0x08007b33   Thumb Code    16  n32g430_usart.o(.text)
    USART_Receiver_Wakeup_Enable             0x08007b43   Thumb Code    10  n32g430_usart.o(.text)
    USART_Receiver_Wakeup_Disable            0x08007b4d   Thumb Code    10  n32g430_usart.o(.text)
    USART_LIN_Break_Detect_Length_Set        0x08007b57   Thumb Code    16  n32g430_usart.o(.text)
    USART_LIN_Enable                         0x08007b67   Thumb Code    10  n32g430_usart.o(.text)
    USART_LIN_Disable                        0x08007b71   Thumb Code    10  n32g430_usart.o(.text)
    USART_Data_Send                          0x08007b7b   Thumb Code     8  n32g430_usart.o(.text)
    USART_Data_Receive                       0x08007b83   Thumb Code    10  n32g430_usart.o(.text)
    USART_Break_Frame_Send                   0x08007b8d   Thumb Code    10  n32g430_usart.o(.text)
    USART_Guard_Time_Set                     0x08007b97   Thumb Code    16  n32g430_usart.o(.text)
    USART_Prescaler_Set                      0x08007ba7   Thumb Code    16  n32g430_usart.o(.text)
    USART_Smart_Card_Enable                  0x08007bb7   Thumb Code    10  n32g430_usart.o(.text)
    USART_Smart_Card_Disable                 0x08007bc1   Thumb Code    10  n32g430_usart.o(.text)
    USART_Smart_Card_NACK_Enable             0x08007bcb   Thumb Code    10  n32g430_usart.o(.text)
    USART_Smart_Card_NACK_Disable            0x08007bd5   Thumb Code    10  n32g430_usart.o(.text)
    USART_Half_Duplex_Enable                 0x08007bdf   Thumb Code    10  n32g430_usart.o(.text)
    USART_Half_Duplex_Disable                0x08007be9   Thumb Code    10  n32g430_usart.o(.text)
    USART_IrDA_Mode_Set                      0x08007bf3   Thumb Code    16  n32g430_usart.o(.text)
    USART_IrDA_Enable                        0x08007c03   Thumb Code    10  n32g430_usart.o(.text)
    USART_IrDA_Disable                       0x08007c0d   Thumb Code    10  n32g430_usart.o(.text)
    USART_Flag_Status_Get                    0x08007c17   Thumb Code    16  n32g430_usart.o(.text)
    USART_Flag_Clear                         0x08007c27   Thumb Code     6  n32g430_usart.o(.text)
    USART_Interrupt_Status_Get               0x08007c2d   Thumb Code    74  n32g430_usart.o(.text)
    USART_Interrupt_Status_Clear             0x08007c77   Thumb Code    20  n32g430_usart.o(.text)
    __aeabi_ldivmod                          0x08007c9d   Thumb Code    98  ldiv.o(.text)
    __aeabi_memset                           0x08007cff   Thumb Code    14  memseta.o(.text)
    __aeabi_memset4                          0x08007cff   Thumb Code     0  memseta.o(.text)
    __aeabi_memset8                          0x08007cff   Thumb Code     0  memseta.o(.text)
    __aeabi_memclr                           0x08007d0d   Thumb Code     4  memseta.o(.text)
    __aeabi_memclr4                          0x08007d0d   Thumb Code     0  memseta.o(.text)
    __aeabi_memclr8                          0x08007d0d   Thumb Code     0  memseta.o(.text)
    _memset$wrapper                          0x08007d11   Thumb Code    18  memseta.o(.text)
    memcmp                                   0x08007d23   Thumb Code    26  memcmp.o(.text)
    __aeabi_dadd                             0x08007d3d   Thumb Code   322  dadd.o(.text)
    __aeabi_dsub                             0x08007e7f   Thumb Code     6  dadd.o(.text)
    __aeabi_drsub                            0x08007e85   Thumb Code     6  dadd.o(.text)
    __aeabi_dmul                             0x08007e8b   Thumb Code   228  dmul.o(.text)
    __aeabi_ddiv                             0x08007f6f   Thumb Code   222  ddiv.o(.text)
    __aeabi_i2d                              0x0800804d   Thumb Code    34  dflti.o(.text)
    __aeabi_d2iz                             0x0800806f   Thumb Code    62  dfixi.o(.text)
    __aeabi_f2d                              0x080080ad   Thumb Code    38  f2d.o(.text)
    __aeabi_d2f                              0x080080d3   Thumb Code    56  d2f.o(.text)
    __aeabi_uldivmod                         0x0800810b   Thumb Code    98  uldiv.o(.text)
    __aeabi_llsl                             0x0800816d   Thumb Code    30  llshl.o(.text)
    _ll_shift_l                              0x0800816d   Thumb Code     0  llshl.o(.text)
    __aeabi_llsr                             0x0800818b   Thumb Code    32  llushr.o(.text)
    _ll_ushift_r                             0x0800818b   Thumb Code     0  llushr.o(.text)
    __aeabi_lasr                             0x080081ab   Thumb Code    36  llsshr.o(.text)
    _ll_sshift_r                             0x080081ab   Thumb Code     0  llsshr.o(.text)
    __I$use$fp                               0x080081cf   Thumb Code     0  iusefp.o(.text)
    _float_round                             0x080081cf   Thumb Code    18  fepilogue.o(.text)
    _float_epilogue                          0x080081e1   Thumb Code    92  fepilogue.o(.text)
    _double_round                            0x0800823d   Thumb Code    30  depilogue.o(.text)
    _double_epilogue                         0x0800825b   Thumb Code   156  depilogue.o(.text)
    __scatterload                            0x080082f9   Thumb Code    28  init.o(.text)
    __scatterload_rt2                        0x080082f9   Thumb Code     0  init.o(.text)
    _dsqrt                                   0x0800831d   Thumb Code   162  dsqrt.o(.text)
    __0printf$8                              0x080083c1   Thumb Code    22  printf8.o(i.__0printf$8)
    __1printf$8                              0x080083c1   Thumb Code     0  printf8.o(i.__0printf$8)
    __2printf                                0x080083c1   Thumb Code     0  printf8.o(i.__0printf$8)
    __ARM_fpclassify                         0x080083e1   Thumb Code    48  fpclassify.o(i.__ARM_fpclassify)
    __hardfp_asin                            0x08008411   Thumb Code   770  asin.o(i.__hardfp_asin)
    __hardfp_atan                            0x08008771   Thumb Code   622  atan.o(i.__hardfp_atan)
    __hardfp_atan2                           0x08008a49   Thumb Code   432  atan2.o(i.__hardfp_atan2)
    __kernel_poly                            0x08008c39   Thumb Code   248  poly.o(i.__kernel_poly)
    __mathlib_dbl_infnan                     0x08008d31   Thumb Code    20  dunder.o(i.__mathlib_dbl_infnan)
    __mathlib_dbl_infnan2                    0x08008d45   Thumb Code    20  dunder.o(i.__mathlib_dbl_infnan2)
    __mathlib_dbl_invalid                    0x08008d59   Thumb Code    24  dunder.o(i.__mathlib_dbl_invalid)
    __mathlib_dbl_underflow                  0x08008d79   Thumb Code    24  dunder.o(i.__mathlib_dbl_underflow)
    __scatterload_copy                       0x08008d99   Thumb Code    14  handlers.o(i.__scatterload_copy)
    __scatterload_null                       0x08008da7   Thumb Code     2  handlers.o(i.__scatterload_null)
    __scatterload_zeroinit                   0x08008da9   Thumb Code    14  handlers.o(i.__scatterload_zeroinit)
    __set_errno                              0x08008db9   Thumb Code     6  errno.o(i.__set_errno)
    atan                                     0x08009227   Thumb Code    16  atan.o(i.atan)
    fabs                                     0x08009237   Thumb Code    24  fabs.o(i.fabs)
    sqrt                                     0x0800924f   Thumb Code   110  sqrt.o(i.sqrt)
    AHBPrescTable                            0x080092bc   Data          16  system_n32g430.o(.constdata)
    reg                                      0x080092cc   Data          27  inv_mpu.o(.constdata)
    hw                                       0x080092e8   Data          12  inv_mpu.o(.constdata)
    test                                     0x080092f4   Data          40  inv_mpu.o(.constdata)
    __mathlib_zero                           0x0800a040   Data           8  qnan.o(.constdata)
    Region$$Table$$Base                      0x0800a098   Number         0  anon$$obj.o(Region$$Table)
    Region$$Table$$Limit                     0x0800a0b8   Number         0  anon$$obj.o(Region$$Table)
    SystemClockFrequency                     0x20000000   Data           4  system_n32g430.o(.data)
    KEY_Phase                                0x2000003a   Data           1  key.o(.data)
    KEY_TimeCount                            0x2000003c   Data           2  key.o(.data)
    KEY_ShortOK                              0x2000003e   Data           1  key.o(.data)
    KEY_LongOK                               0x2000003f   Data           1  key.o(.data)
    KEY_EndOK                                0x20000040   Data           1  key.o(.data)
    ADC_Value                                0x20000042   Data           2  adc.o(.data)
    TimerPeriod                              0x20000044   Data           2  pwm.o(.data)
    Channel1Pulse                            0x20000046   Data           2  pwm.o(.data)
    Channel2Pulse                            0x20000048   Data           2  pwm.o(.data)
    Channel3Pulse                            0x2000004a   Data           2  pwm.o(.data)
    channel4Pulse                            0x2000004c   Data           2  pwm.o(.data)
    ADTIMClockFrequency                      0x20000050   Data           4  pwm.o(.data)
    GPTIMClockFrequency                      0x20000054   Data           4  encoder.o(.data)
    PWM_Zero                                 0x20000058   Data           1  motor.o(.data)
    Med_Angle                                0x2000005c   Data           4  control.o(.data)
    Target_Speed                             0x20000060   Data           4  control.o(.data)
    Vertical_Kp                              0x20000064   Data           4  control.o(.data)
    Vertical_Kd                              0x20000068   Data           4  control.o(.data)
    Velocity_Kp                              0x2000006c   Data           4  control.o(.data)
    Velocity_Ki                              0x20000070   Data           4  control.o(.data)
    Vertical_out                             0x20000074   Data           4  control.o(.data)
    Velocity_out                             0x20000078   Data           4  control.o(.data)
    Turn_out                                 0x2000007c   Data           4  control.o(.data)
    Pitch                                    0x20000080   Data           4  control.o(.data)
    Roll                                     0x20000084   Data           4  control.o(.data)
    Yaw                                      0x20000088   Data           4  control.o(.data)
    gyrox                                    0x2000008c   Data           2  control.o(.data)
    gyroy                                    0x2000008e   Data           2  control.o(.data)
    gyroz                                    0x20000090   Data           2  control.o(.data)
    aacx                                     0x20000092   Data           2  control.o(.data)
    aacy                                     0x20000094   Data           2  control.o(.data)
    aacz                                     0x20000096   Data           2  control.o(.data)
    Encoder_Left                             0x20000098   Data           4  control.o(.data)
    Encoder_Right                            0x2000009c   Data           4  control.o(.data)
    MOTO1                                    0x200000a0   Data           4  control.o(.data)
    MOTO2                                    0x200000a4   Data           4  control.o(.data)
    vrefint_value                            0x200000bc   Data           4  n32g430_adc.o(.data)
    Program_NVR                              0x200000c0   Data           4  n32g430_adc.o(.data)
    Get_NVR                                  0x200000c4   Data           4  n32g430_adc.o(.data)
    __stdout                                 0x200000c8   Data           4  stdout.o(.data)
    __initial_sp                             0x200015f0   Data           0  startup_n32g430.o(STACK)



==============================================================================

Memory Map of the image

  Image Entry point : 0x08000115

  Load Region LR_IROM1 (Base: 0x08000000, Size: 0x0000a188, Max: 0x00010000, ABSOLUTE)

    Execution Region ER_IROM1 (Exec base: 0x08000000, Load base: 0x08000000, Size: 0x0000a0b8, Max: 0x00010000, ABSOLUTE)

    Exec Addr    Load Addr    Size         Type   Attr      Idx    E Section Name        Object

    0x08000000   0x08000000   0x00000114   Data   RO            3    RESET               startup_n32g430.o
    0x08000114   0x08000114   0x00000000   Code   RO         1360  * .ARM.Collect$$$$00000000  mc_w.l(entry.o)
    0x08000114   0x08000114   0x00000004   Code   RO         1701    .ARM.Collect$$$$00000001  mc_w.l(entry2.o)
    0x08000118   0x08000118   0x00000004   Code   RO         1704    .ARM.Collect$$$$00000004  mc_w.l(entry5.o)
    0x0800011c   0x0800011c   0x00000000   Code   RO         1706    .ARM.Collect$$$$00000008  mc_w.l(entry7b.o)
    0x0800011c   0x0800011c   0x00000000   Code   RO         1708    .ARM.Collect$$$$0000000A  mc_w.l(entry8b.o)
    0x0800011c   0x0800011c   0x00000008   Code   RO         1709    .ARM.Collect$$$$0000000B  mc_w.l(entry9a.o)
    0x08000124   0x08000124   0x00000000   Code   RO         1711    .ARM.Collect$$$$0000000D  mc_w.l(entry10a.o)
    0x08000124   0x08000124   0x00000000   Code   RO         1713    .ARM.Collect$$$$0000000F  mc_w.l(entry11a.o)
    0x08000124   0x08000124   0x00000004   Code   RO         1702    .ARM.Collect$$$$00002712  mc_w.l(entry2.o)
    0x08000128   0x08000128   0x00000024   Code   RO            4    .text               startup_n32g430.o
    0x0800014c   0x0800014c   0x00000274   Code   RO           13    .text               system_n32g430.o
    0x080003c0   0x080003c0   0x0000004c   Code   RO          133    .text               main.o
    0x0800040c   0x0800040c   0x00000018   Code   RO          226    .text               n32g430_it.o
    0x08000424   0x08000424   0x00000330   Code   RO          324    .text               myiic.o
    0x08000754   0x08000754   0x000003f0   Code   RO          348    .text               mpu6050.o
    0x08000b44   0x08000b44   0x000022c0   Code   RO          372    .text               inv_mpu.o
    0x08002e04   0x08002e04   0x00000d90   Code   RO          417    .text               inv_mpu_dmp_motion_driver.o
    0x08003b94   0x08003b94   0x00000040   Code   RO          454    .text               esp12f_io0.o
    0x08003bd4   0x08003bd4   0x0000003c   Code   RO          478    .text               led.o
    0x08003c10   0x08003c10   0x00000110   Code   RO          502    .text               key.o
    0x08003d20   0x08003d20   0x00000110   Code   RO          532    .text               adc.o
    0x08003e30   0x08003e30   0x000000c8   Code   RO          562    .text               exti.o
    0x08003ef8   0x08003ef8   0x000001c4   Code   RO          586    .text               pwm.o
    0x080040bc   0x080040bc   0x000001c8   Code   RO          613    .text               encoder.o
    0x08004284   0x08004284   0x000001c8   Code   RO          655    .text               gptim_common.o
    0x0800444c   0x0800444c   0x000000b0   Code   RO          679    .text               timer_common.o
    0x080044fc   0x080044fc   0x00000118   Code   RO          705    .text               motor.o
    0x08004614   0x08004614   0x00000278   Code   RO          737    .text               control.o
    0x0800488c   0x0800488c   0x0000010c   Code   RO          767    .text               log.o
    0x08004998   0x08004998   0x000000f4   Code   RO          794    .text               bsp_delay.o
    0x08004a8c   0x08004a8c   0x000000d8   Code   RO          822    .text               misc.o
    0x08004b64   0x08004b64   0x0000083c   Code   RO          846    .text               n32g430_adc.o
    0x080053a0   0x080053a0   0x00000248   Code   RO          993    .text               n32g430_dma.o
    0x080055e8   0x080055e8   0x00000138   Code   RO         1017    .text               n32g430_exti.o
    0x08005720   0x08005720   0x000008ec   Code   RO         1065    .text               n32g430_gpio.o
    0x0800600c   0x0800600c   0x000006c8   Code   RO         1188    .text               n32g430_rcc.o
    0x080066d4   0x080066d4   0x000011f4   Code   RO         1265    .text               n32g430_tim.o
    0x080078c8   0x080078c8   0x000003d4   Code   RO         1289    .text               n32g430_usart.o
    0x08007c9c   0x08007c9c   0x00000062   Code   RO         1363    .text               mc_w.l(ldiv.o)
    0x08007cfe   0x08007cfe   0x00000024   Code   RO         1365    .text               mc_w.l(memseta.o)
    0x08007d22   0x08007d22   0x0000001a   Code   RO         1367    .text               mc_w.l(memcmp.o)
    0x08007d3c   0x08007d3c   0x0000014e   Code   RO         1630    .text               mf_w.l(dadd.o)
    0x08007e8a   0x08007e8a   0x000000e4   Code   RO         1632    .text               mf_w.l(dmul.o)
    0x08007f6e   0x08007f6e   0x000000de   Code   RO         1634    .text               mf_w.l(ddiv.o)
    0x0800804c   0x0800804c   0x00000022   Code   RO         1638    .text               mf_w.l(dflti.o)
    0x0800806e   0x0800806e   0x0000003e   Code   RO         1642    .text               mf_w.l(dfixi.o)
    0x080080ac   0x080080ac   0x00000026   Code   RO         1644    .text               mf_w.l(f2d.o)
    0x080080d2   0x080080d2   0x00000038   Code   RO         1648    .text               mf_w.l(d2f.o)
    0x0800810a   0x0800810a   0x00000062   Code   RO         1718    .text               mc_w.l(uldiv.o)
    0x0800816c   0x0800816c   0x0000001e   Code   RO         1720    .text               mc_w.l(llshl.o)
    0x0800818a   0x0800818a   0x00000020   Code   RO         1722    .text               mc_w.l(llushr.o)
    0x080081aa   0x080081aa   0x00000024   Code   RO         1724    .text               mc_w.l(llsshr.o)
    0x080081ce   0x080081ce   0x00000000   Code   RO         1733    .text               mc_w.l(iusefp.o)
    0x080081ce   0x080081ce   0x0000006e   Code   RO         1734    .text               mf_w.l(fepilogue.o)
    0x0800823c   0x0800823c   0x000000ba   Code   RO         1736    .text               mf_w.l(depilogue.o)
    0x080082f6   0x080082f6   0x00000002   PAD
    0x080082f8   0x080082f8   0x00000024   Code   RO         1742    .text               mc_w.l(init.o)
    0x0800831c   0x0800831c   0x000000a2   Code   RO         1744    .text               mf_w.l(dsqrt.o)
    0x080083be   0x080083be   0x00000002   PAD
    0x080083c0   0x080083c0   0x00000020   Code   RO         1576    i.__0printf$8       mc_w.l(printf8.o)
    0x080083e0   0x080083e0   0x00000030   Code   RO         1684    i.__ARM_fpclassify  m_wm.l(fpclassify.o)
    0x08008410   0x08008410   0x00000360   Code   RO         1334    i.__hardfp_asin     m_wm.l(asin.o)
    0x08008770   0x08008770   0x000002d8   Code   RO         1650    i.__hardfp_atan     m_wm.l(atan.o)
    0x08008a48   0x08008a48   0x000001f0   Code   RO         1348    i.__hardfp_atan2    m_wm.l(atan2.o)
    0x08008c38   0x08008c38   0x000000f8   Code   RO         1686    i.__kernel_poly     m_wm.l(poly.o)
    0x08008d30   0x08008d30   0x00000014   Code   RO         1665    i.__mathlib_dbl_infnan  m_wm.l(dunder.o)
    0x08008d44   0x08008d44   0x00000014   Code   RO         1666    i.__mathlib_dbl_infnan2  m_wm.l(dunder.o)
    0x08008d58   0x08008d58   0x00000020   Code   RO         1667    i.__mathlib_dbl_invalid  m_wm.l(dunder.o)
    0x08008d78   0x08008d78   0x00000020   Code   RO         1670    i.__mathlib_dbl_underflow  m_wm.l(dunder.o)
    0x08008d98   0x08008d98   0x0000000e   Code   RO         1748    i.__scatterload_copy  mc_w.l(handlers.o)
    0x08008da6   0x08008da6   0x00000002   Code   RO         1749    i.__scatterload_null  mc_w.l(handlers.o)
    0x08008da8   0x08008da8   0x0000000e   Code   RO         1750    i.__scatterload_zeroinit  mc_w.l(handlers.o)
    0x08008db6   0x08008db6   0x00000002   PAD
    0x08008db8   0x08008db8   0x0000000c   Code   RO         1728    i.__set_errno       mc_w.l(errno.o)
    0x08008dc4   0x08008dc4   0x00000410   Code   RO         1583    i._printf_core      mc_w.l(printf8.o)
    0x080091d4   0x080091d4   0x00000024   Code   RO         1584    i._printf_post_padding  mc_w.l(printf8.o)
    0x080091f8   0x080091f8   0x0000002e   Code   RO         1585    i._printf_pre_padding  mc_w.l(printf8.o)
    0x08009226   0x08009226   0x00000010   Code   RO         1652    i.atan              m_wm.l(atan.o)
    0x08009236   0x08009236   0x00000018   Code   RO         1680    i.fabs              m_wm.l(fabs.o)
    0x0800924e   0x0800924e   0x0000006e   Code   RO         1691    i.sqrt              m_wm.l(sqrt.o)
    0x080092bc   0x080092bc   0x00000010   Data   RO           14    .constdata          system_n32g430.o
    0x080092cc   0x080092cc   0x00000050   Data   RO          373    .constdata          inv_mpu.o
    0x0800931c   0x0800931c   0x00000bf6   Data   RO          419    .constdata          inv_mpu_dmp_motion_driver.o
    0x08009f12   0x08009f12   0x00000040   Data   RO         1189    .constdata          n32g430_rcc.o
    0x08009f52   0x08009f52   0x00000006   PAD
    0x08009f58   0x08009f58   0x00000050   Data   RO         1337    .constdata          m_wm.l(asin.o)
    0x08009fa8   0x08009fa8   0x00000098   Data   RO         1653    .constdata          m_wm.l(atan.o)
    0x0800a040   0x0800a040   0x00000008   Data   RO         1688    .constdata          m_wm.l(qnan.o)
    0x0800a048   0x0800a048   0x0000004d   Data   RO          374    .conststring        inv_mpu.o
    0x0800a095   0x0800a095   0x00000003   PAD
    0x0800a098   0x0800a098   0x00000020   Data   RO         1746    Region$$Table       anon$$obj.o


    Execution Region RW_IRAM1 (Exec base: 0x20000000, Load base: 0x0800a0b8, Size: 0x000015f0, Max: 0x00004000, ABSOLUTE)

    Exec Addr    Load Addr    Size         Type   Attr      Idx    E Section Name        Object

    0x20000000   0x0800a0b8   0x00000004   Data   RW           15    .data               system_n32g430.o
    0x20000004   0x0800a0bc   0x00000035   Data   RW          375    .data               inv_mpu.o
    0x20000039   0x0800a0f1   0x00000001   PAD
    0x2000003a   0x0800a0f2   0x00000007   Data   RW          503    .data               key.o
    0x20000041   0x0800a0f9   0x00000001   PAD
    0x20000042   0x0800a0fa   0x00000002   Data   RW          533    .data               adc.o
    0x20000044   0x0800a0fc   0x00000010   Data   RW          587    .data               pwm.o
    0x20000054   0x0800a10c   0x00000004   Data   RW          614    .data               encoder.o
    0x20000058   0x0800a110   0x00000001   Data   RW          706    .data               motor.o
    0x20000059   0x0800a111   0x00000003   PAD
    0x2000005c   0x0800a114   0x00000060   Data   RW          738    .data               control.o
    0x200000bc   0x0800a174   0x0000000c   Data   RW          847    .data               n32g430_adc.o
    0x200000c8   0x0800a180   0x00000004   Data   RW         1715    .data               mc_w.l(stdout.o)
    0x200000cc   0x0800a184   0x00000004   Data   RW         1729    .data               mc_w.l(errno.o)
    0x200000d0        -       0x00000010   Zero   RW          418    .bss                inv_mpu_dmp_motion_driver.o
    0x200000e0        -       0x00000010   Zero   RW          680    .bss                timer_common.o
    0x200000f0        -       0x00001500   Zero   RW            1    STACK               startup_n32g430.o


==============================================================================

Image component sizes


      Code (inc. data)   RO Data    RW Data    ZI Data      Debug   Object Name

       272         18          0          2          0       1493   adc.o
       244         12          0          0          0      31563   bsp_delay.o
       632        132          0         96          0       2623   control.o
       456         14          0          4          0       1763   encoder.o
        64          6          0          0          0        542   esp12f_io0.o
       200         18          0          0          0       1064   exti.o
       456         22          0          0          0       1595   gptim_common.o
      8896        222        157         53          0      24437   inv_mpu.o
      3472        142       3062          0         16      15395   inv_mpu_dmp_motion_driver.o
       272         20          0          7          0       1320   key.o
        60          4          0          0          0        524   led.o
       268         14          0          0          0       2111   log.o
        76          4          0          0          0       1715   main.o
       216         20          0          0          0       2104   misc.o
       280         12          0          1          0       1557   motor.o
      1008         64          0          0          0       4523   mpu6050.o
       816          6          0          0          0       1948   myiic.o
      2108         38          0         12          0      13181   n32g430_adc.o
       584          6          0          0          0       6098   n32g430_dma.o
       312          4          0          0          0       3480   n32g430_exti.o
      2284         42          0          0          0      10397   n32g430_gpio.o
        24          0          0          0          0       1123   n32g430_it.o
      1736         76         64          0          0      12558   n32g430_rcc.o
      4596         84          0          0          0      40712   n32g430_tim.o
       980         18          0          0          0      11117   n32g430_usart.o
       452         24          0         16          0       2095   pwm.o
        36          8        276          0       5376        888   startup_n32g430.o
       628         48         16          4          0     310268   system_n32g430.o
       176          6          0          0         16       2159   timer_common.o

    ----------------------------------------------------------------------
     31604       1084       3616        200       5408     510353   Object Totals
         0          0         32          0          0          0   (incl. Generated)
         0          0          9          5          0          0   (incl. Padding)

    ----------------------------------------------------------------------

      Code (inc. data)   RO Data    RW Data    ZI Data      Debug   Library Member Name

       864         94         80          0          0        280   asin.o
       744        106        152          0          0        352   atan.o
       496         64          0          0          0        192   atan2.o
       104         16          0          0          0        496   dunder.o
        24          0          0          0          0        124   fabs.o
        48          0          0          0          0        124   fpclassify.o
       248          0          0          0          0        152   poly.o
         0          0          8          0          0          0   qnan.o
       110          0          0          0          0        148   sqrt.o
         0          0          0          0          0          0   entry.o
         0          0          0          0          0          0   entry10a.o
         0          0          0          0          0          0   entry11a.o
         8          4          0          0          0          0   entry2.o
         4          0          0          0          0          0   entry5.o
         0          0          0          0          0          0   entry7b.o
         0          0          0          0          0          0   entry8b.o
         8          4          0          0          0          0   entry9a.o
        12          6          0          4          0         68   errno.o
        30          0          0          0          0          0   handlers.o
        36          8          0          0          0         68   init.o
         0          0          0          0          0          0   iusefp.o
        98          0          0          0          0         84   ldiv.o
        30          0          0          0          0         68   llshl.o
        36          0          0          0          0         68   llsshr.o
        32          0          0          0          0         68   llushr.o
        26          0          0          0          0         80   memcmp.o
        36          0          0          0          0        108   memseta.o
      1154         54          0          0          0        352   printf8.o
         0          0          0          4          0          0   stdout.o
        98          0          0          0          0         92   uldiv.o
        56          0          0          0          0         88   d2f.o
       334          0          0          0          0        148   dadd.o
       222          0          0          0          0        100   ddiv.o
       186          0          0          0          0        176   depilogue.o
        62          0          0          0          0         80   dfixi.o
        34          0          0          0          0         76   dflti.o
       228          0          0          0          0         96   dmul.o
       162          0          0          0          0        100   dsqrt.o
        38          0          0          0          0         68   f2d.o
       110          0          0          0          0        168   fepilogue.o

    ----------------------------------------------------------------------
      5684        356        240          8          0       4024   Library Totals
         6          0          0          0          0          0   (incl. Padding)

    ----------------------------------------------------------------------

      Code (inc. data)   RO Data    RW Data    ZI Data      Debug   Library Name

      2638        280        240          0          0       1868   m_wm.l
      1608         76          0          8          0       1056   mc_w.l
      1432          0          0          0          0       1100   mf_w.l

    ----------------------------------------------------------------------
      5684        356        240          8          0       4024   Library Totals

    ----------------------------------------------------------------------

==============================================================================


      Code (inc. data)   RO Data    RW Data    ZI Data      Debug   

     37288       1440       3856        208       5408     507141   Grand Totals
     37288       1440       3856        208       5408     507141   ELF Image Totals
     37288       1440       3856        208          0          0   ROM Totals

==============================================================================

    Total RO  Size (Code + RO Data)                41144 (  40.18kB)
    Total RW  Size (RW Data + ZI Data)              5616 (   5.48kB)
    Total ROM Size (Code + RO Data + RW Data)      41352 (  40.38kB)

==============================================================================

