Component: ARM Compiler 5.06 update 6 (build 750) Tool: armlink [4d35ed]

==============================================================================

Section Cross References

    startup_n32g430.o(RESET) refers to startup_n32g430.o(STACK) for __initial_sp
    startup_n32g430.o(RESET) refers to startup_n32g430.o(.text) for Reset_Handler
    startup_n32g430.o(RESET) refers to n32g430_it.o(.text) for NMI_Handler
    startup_n32g430.o(RESET) refers to control.o(.text) for EXTI9_5_IRQHandler
    startup_n32g430.o(RESET) refers to encoder.o(.text) for TIM2_IRQHandler
    startup_n32g430.o(.text) refers to system_n32g430.o(.text) for System_Initializes
    startup_n32g430.o(.text) refers to entry.o(.ARM.Collect$$$$00000000) for __main
    system_n32g430.o(.text) refers to system_n32g430.o(.data) for SystemClockFrequency
    system_n32g430.o(.text) refers to system_n32g430.o(.constdata) for AHBPrescTable
    main.o(.text) refers to esp12f_io0.o(.text) for ESP12F_IO0_Init
    main.o(.text) refers to adc.o(.text) for ADC_Configuration
    main.o(.text) refers to led.o(.text) for LED_GPIO_Init
    main.o(.text) refers to key.o(.text) for Key_GPIO_Init
    main.o(.text) refers to pwm.o(.text) for TIMx_PWM_Init
    main.o(.text) refers to encoder.o(.text) for Encoder_TIM2_Init
    main.o(.text) refers to log.o(.text) for log_init
    main.o(.text) refers to n32g430_gpio.o(.text) for GPIO_Pins_Reset
    main.o(.text) refers to exti.o(.text) for EXTI_Init
    main.o(.text) refers to motor.o(.text) for Load
    main.o(.text) refers to pwm.o(.data) for Channel3Pulse
    oled.o(.text) refers to i2c_drv.o(.text) for i2c_master_send
    oled.o(.text) refers to dfixi.o(.text) for __aeabi_d2iz
    oled.o(.text) refers to dfltui.o(.text) for __aeabi_ui2d
    oled.o(.text) refers to dadd.o(.text) for __aeabi_drsub
    oled.o(.text) refers to dmul.o(.text) for __aeabi_dmul
    oled.o(.text) refers to oled.o(.bss) for OLED_GRAM
    oled.o(.text) refers to oled.o(.constdata) for asc2_1206
    oled.o(.text) refers to cdcmple.o(.text) for __aeabi_cdcmple
    i2c_drv.o(.text) refers to n32g430_rcc.o(.text) for RCC_APB1_Peripheral_Clock_Enable
    i2c_drv.o(.text) refers to n32g430_gpio.o(.text) for GPIO_Structure_Initialize
    i2c_drv.o(.text) refers to n32g430_i2c.o(.text) for I2C_Reset
    i2c_drv.o(.text) refers to printf8.o(i.__0printf$8) for __2printf
    i2c_drv.o(.text) refers to i2c_drv.o(.data) for RCC_RESET_Flag
    myiic.o(.text) refers to n32g430_rcc.o(.text) for RCC_AHB_Peripheral_Clock_Enable
    myiic.o(.text) refers to n32g430_gpio.o(.text) for GPIO_Structure_Initialize
    myiic.o(.text) refers to bsp_delay.o(.text) for SysTick_Delay_Us
    mpu6050.o(.text) refers to myiic.o(.text) for IIC_Start
    mpu6050.o(.text) refers to bsp_delay.o(.text) for SysTick_Delay_Ms
    mpu6050.o(.text) refers to printf8.o(i.__0printf$8) for __2printf
    mpu6050.o(.text) refers to dflti.o(.text) for __aeabi_i2d
    mpu6050.o(.text) refers to ddiv.o(.text) for __aeabi_ddiv
    mpu6050.o(.text) refers to dadd.o(.text) for __aeabi_dadd
    mpu6050.o(.text) refers to d2f.o(.text) for __aeabi_d2f
    mpu6050.o(.text) refers to n32g430_rcc.o(.text) for RCC_AHB_Peripheral_Clock_Enable
    mpu6050.o(.text) refers to n32g430_gpio.o(.text) for GPIO_Structure_Initialize
    inv_mpu.o(.text) refers to mpu6050.o(.text) for MPU_Write_Len
    inv_mpu.o(.text) refers to printf8.o(i.__0printf$8) for __2printf
    inv_mpu.o(.text) refers to bsp_delay.o(.text) for SysTick_Delay_Ms
    inv_mpu.o(.text) refers to inv_mpu.o(.data) for st
    inv_mpu.o(.text) refers to inv_mpu.o(.conststring) for .conststring
    inv_mpu.o(.text) refers to inv_mpu.o(.constdata) for test
    inv_mpu.o(.text) refers to ldiv.o(.text) for __aeabi_ldivmod
    inv_mpu.o(.text) refers to memcmp.o(.text) for memcmp
    inv_mpu.o(.text) refers to inv_mpu_dmp_motion_driver.o(.text) for dmp_set_gyro_bias
    inv_mpu.o(.text) refers to myiic.o(.text) for IIC_Init
    inv_mpu.o(.text) refers to f2d.o(.text) for __aeabi_f2d
    inv_mpu.o(.text) refers to asin.o(i.__hardfp_asin) for __hardfp_asin
    inv_mpu.o(.text) refers to dmul.o(.text) for __aeabi_dmul
    inv_mpu.o(.text) refers to d2f.o(.text) for __aeabi_d2f
    inv_mpu.o(.text) refers to atan2.o(i.__hardfp_atan2) for __hardfp_atan2
    inv_mpu.o(.data) refers to inv_mpu.o(.constdata) for reg
    inv_mpu_dmp_motion_driver.o(.text) refers to inv_mpu.o(.text) for mpu_load_firmware
    inv_mpu_dmp_motion_driver.o(.text) refers to inv_mpu_dmp_motion_driver.o(.constdata) for dmp_memory
    inv_mpu_dmp_motion_driver.o(.text) refers to inv_mpu_dmp_motion_driver.o(.bss) for dmp
    inv_mpu_dmp_motion_driver.o(.text) refers to memseta.o(.text) for __aeabi_memset
    esp12f_io0.o(.text) refers to n32g430_rcc.o(.text) for RCC_AHB_Peripheral_Clock_Enable
    esp12f_io0.o(.text) refers to n32g430_gpio.o(.text) for GPIO_Structure_Initialize
    led.o(.text) refers to n32g430_rcc.o(.text) for RCC_AHB_Peripheral_Clock_Enable
[...]
    _errno                                   0x200000cc   Data           4  errno.o(.data)
    .bss                                     0x200000d0   Section       16  inv_mpu_dmp_motion_driver.o(.bss)
    dmp                                      0x200000d0   Data          16  inv_mpu_dmp_motion_driver.o(.bss)
    .bss                                     0x200000e0   Section       16  timer_common.o(.bss)
    TIM_TimeBaseStructure                    0x200000e0   Data          16  timer_common.o(.bss)
    STACK                                    0x200000f0   Section     5376  startup_n32g430.o(STACK)

    Global Symbols

    Symbol Name                              Value     Ov Type        Size  Object(Section)

    BuildAttributes$$THM_ISAv4$E$P$D$K$B$S$7EM$VFPi3$EXTD16$VFPS$VFMA$PE$A:L22UL41UL21$X:L11$S22US41US21$IEEE1$IW$USESV6$~STKCKD$USESV7$~SHL$OTIME$ROPI$IEEEX$EBA8$MICROLIB$REQ8$PRES8$EABIv2 0x00000000   Number         0  anon$$obj.o ABSOLUTE
    __ARM_use_no_argv                        0x00000000   Number         0  main.o ABSOLUTE
    _printf_a                                0x00000000   Number         0  stubs.o ABSOLUTE
    _printf_c                                0x00000000   Number         0  stubs.o ABSOLUTE
    _printf_charcount                        0x00000000   Number         0  stubs.o ABSOLUTE
    _printf_d                                0x00000000   Number         0  stubs.o ABSOLUTE
    _printf_e                                0x00000000   Number         0  stubs.o ABSOLUTE
    _printf_f                                0x00000000   Number         0  stubs.o ABSOLUTE
    _printf_flags                            0x00000000   Number         0  stubs.o ABSOLUTE
    _printf_fp_dec                           0x00000000   Number         0  stubs.o ABSOLUTE
    _printf_fp_hex                           0x00000000   Number         0  stubs.o ABSOLUTE
    _printf_g                                0x00000000   Number         0  stubs.o ABSOLUTE
    _printf_i                                0x00000000   Number         0  stubs.o ABSOLUTE
    _printf_int_dec                          0x00000000   Number         0  stubs.o ABSOLUTE
    _printf_l                                0x00000000   Number         0  stubs.o ABSOLUTE
    _printf_lc                               0x00000000   Number         0  stubs.o ABSOLUTE
    _printf_ll                               0x00000000   Number         0  stubs.o ABSOLUTE
    _printf_lld                              0x00000000   Number         0  stubs.o ABSOLUTE
    _printf_lli                              0x00000000   Number         0  stubs.o ABSOLUTE
    _printf_llo                              0x00000000   Number         0  stubs.o ABSOLUTE
    _printf_llu                              0x00000000   Number         0  stubs.o ABSOLUTE
    _printf_llx                              0x00000000   Number         0  stubs.o ABSOLUTE
    _printf_longlong_dec                     0x00000000   Number         0  stubs.o ABSOLUTE
    _printf_longlong_hex                     0x00000000   Number         0  stubs.o ABSOLUTE
    _printf_longlong_oct                     0x00000000   Number         0  stubs.o ABSOLUTE
    _printf_ls                               0x00000000   Number         0  stubs.o ABSOLUTE
    _printf_mbtowc                           0x00000000   Number         0  stubs.o ABSOLUTE
    _printf_n                                0x00000000   Number         0  stubs.o ABSOLUTE
    _printf_o                                0x00000000   Number         0  stubs.o ABSOLUTE
    _printf_p                                0x00000000   Number         0  stubs.o ABSOLUTE
    _printf_percent                          0x00000000   Number         0  stubs.o ABSOLUTE
    _printf_pre_padding                      0x00000000   Number         0  stubs.o ABSOLUTE
    _printf_return_value                     0x00000000   Number         0  stubs.o ABSOLUTE
    _printf_s                                0x00000000   Number         0  stubs.o ABSOLUTE
    _printf_sizespec                         0x00000000   Number         0  stubs.o ABSOLUTE
    _printf_str                              0x00000000   Number         0  stubs.o ABSOLUTE
    _printf_truncate_signed                  0x00000000   Number         0  stubs.o ABSOLUTE
    _printf_truncate_unsigned                0x00000000   Number         0  stubs.o ABSOLUTE
    _printf_u                                0x00000000   Number         0  stubs.o ABSOLUTE
    _printf_wc                               0x00000000   Number         0  stubs.o ABSOLUTE
    _printf_wctomb                           0x00000000   Number         0  stubs.o ABSOLUTE
    _printf_widthprec                        0x00000000   Number         0  stubs.o ABSOLUTE
    _printf_x                                0x00000000   Number         0  stubs.o ABSOLUTE
    __cpp_initialize__aeabi_                  - Undefined Weak Reference
    __cxa_finalize                            - Undefined Weak Reference
    __decompress                              - Undefined Weak Reference
    _clock_init                               - Undefined Weak Reference
    _microlib_exit                            - Undefined Weak Reference
    __Vectors_Size                           0x00000114   Number         0  startup_n32g430.o ABSOLUTE
    __Vectors                                0x08000000   Data           4  startup_n32g430.o(RESET)
    __Vectors_End                            0x08000114   Data           0  startup_n32g430.o(RESET)
    __main                                   0x08000115   Thumb Code     0  entry.o(.ARM.Collect$$$$00000000)
    _main_stk                                0x08000115   Thumb Code     0  entry2.o(.ARM.Collect$$$$00000001)
    _main_scatterload                        0x08000119   Thumb Code     0  entry5.o(.ARM.Collect$$$$00000004)
    __main_after_scatterload                 0x0800011d   Thumb Code     0  entry5.o(.ARM.Collect$$$$00000004)
    _main_clock                              0x0800011d   Thumb Code     0  entry7b.o(.ARM.Collect$$$$00000008)
    _main_cpp_init                           0x0800011d   Thumb Code     0  entry8b.o(.ARM.Collect$$$$0000000A)
    _main_init                               0x0800011d   Thumb Code     0  entry9a.o(.ARM.Collect$$$$0000000B)
    __rt_final_cpp                           0x08000125   Thumb Code     0  entry10a.o(.ARM.Collect$$$$0000000D)
    __rt_final_exit                          0x08000125   Thumb Code     0  entry11a.o(.ARM.Collect$$$$0000000F)
    Reset_Handler                            0x08000129   Thumb Code     8  startup_n32g430.o(.text)
    PendSV_Handler                           0x0800013f   Thumb Code     2  startup_n32g430.o(.text)
    ADC_IRQHandler                           0x08000143   Thumb Code     0  startup_n32g430.o(.text)
    CAN_RX0_IRQHandler                       0x08000143   Thumb Code     0  startup_n32g430.o(.text)
    CAN_RX1_IRQHandler                       0x08000143   Thumb Code     0  startup_n32g430.o(.text)
    CAN_SCE_IRQHandler                       0x08000143   Thumb Code     0  startup_n32g430.o(.text)
    CAN_TX_IRQHandler                        0x08000143   Thumb Code     0  startup_n32g430.o(.text)
    COMP_1_2_3_IRQHandler                    0x08000143   Thumb Code     0  startup_n32g430.o(.text)
    DMA_Channel1_IRQHandler                  0x08000143   Thumb Code     0  startup_n32g430.o(.text)
    DMA_Channel2_IRQHandler                  0x08000143   Thumb Code     0  startup_n32g430.o(.text)
    DMA_Channel3_IRQHandler                  0x08000143   Thumb Code     0  startup_n32g430.o(.text)
    DMA_Channel4_IRQHandler                  0x08000143   Thumb Code     0  startup_n32g430.o(.text)
    DMA_Channel5_IRQHandler                  0x08000143   Thumb Code     0  startup_n32g430.o(.text)
    DMA_Channel6_IRQHandler                  0x08000143   Thumb Code     0  startup_n32g430.o(.text)
    DMA_Channel7_IRQHandler                  0x08000143   Thumb Code     0  startup_n32g430.o(.text)
    DMA_Channel8_IRQHandler                  0x08000143   Thumb Code     0  startup_n32g430.o(.text)
    EXTI0_IRQHandler                         0x08000143   Thumb Code     0  startup_n32g430.o(.text)
    EXTI15_10_IRQHandler                     0x08000143   Thumb Code     0  startup_n32g430.o(.text)
    EXTI1_IRQHandler                         0x08000143   Thumb Code     0  startup_n32g430.o(.text)
    EXTI2_IRQHandler                         0x08000143   Thumb Code     0  startup_n32g430.o(.text)
    EXTI3_IRQHandler                         0x08000143   Thumb Code     0  startup_n32g430.o(.text)
    EXTI4_IRQHandler                         0x08000143   Thumb Code     0  startup_n32g430.o(.text)
    FLASH_IRQHandler                         0x08000143   Thumb Code     0  startup_n32g430.o(.text)
    I2C1_ER_IRQHandler                       0x08000143   Thumb Code     0  startup_n32g430.o(.text)
    I2C1_EV_IRQHandler                       0x08000143   Thumb Code     0  startup_n32g430.o(.text)
    I2C2_ER_IRQHandler                       0x08000143   Thumb Code     0  startup_n32g430.o(.text)
    I2C2_EV_IRQHandler                       0x08000143   Thumb Code     0  startup_n32g430.o(.text)
    LPTIM_WKUP_IRQHandler                    0x08000143   Thumb Code     0  startup_n32g430.o(.text)
    MMU_IRQHandler                           0x08000143   Thumb Code     0  startup_n32g430.o(.text)
    PVD_IRQHandler                           0x08000143   Thumb Code     0  startup_n32g430.o(.text)
    RCC_IRQHandler                           0x08000143   Thumb Code     0  startup_n32g430.o(.text)
    RTCAlarm_IRQHandler                      0x08000143   Thumb Code     0  startup_n32g430.o(.text)
    RTC_TAMPER_STAMP_IRQHandler              0x08000143   Thumb Code     0  startup_n32g430.o(.text)
    RTC_WKUP_IRQHandler                      0x08000143   Thumb Code     0  startup_n32g430.o(.text)
    SPI1_IRQHandler                          0x08000143   Thumb Code     0  startup_n32g430.o(.text)
    SPI2_IRQHandler                          0x08000143   Thumb Code     0  startup_n32g430.o(.text)
    TIM1_BRK_IRQHandler                      0x08000143   Thumb Code     0  startup_n32g430.o(.text)
    TIM1_CC_IRQHandler                       0x08000143   Thumb Code     0  startup_n32g430.o(.text)
    TIM1_TRG_COM_IRQHandler                  0x08000143   Thumb Code     0  startup_n32g430.o(.text)
    TIM1_UP_IRQHandler                       0x08000143   Thumb Code     0  startup_n32g430.o(.text)
    TIM4_IRQHandler                          0x08000143   Thumb Code     0  startup_n32g430.o(.text)
    TIM5_IRQHandler                          0x08000143   Thumb Code     0  startup_n32g430.o(.text)
    TIM6_IRQHandler                          0x08000143   Thumb Code     0  startup_n32g430.o(.text)
    TIM8_BRK_IRQHandler                      0x08000143   Thumb Code     0  startup_n32g430.o(.text)
    TIM8_CC_IRQHandler                       0x08000143   Thumb Code     0  startup_n32g430.o(.text)
    TIM8_TRG_COM_IRQHandler                  0x08000143   Thumb Code     0  startup_n32g430.o(.text)
    TIM8_UP_IRQHandler                       0x08000143   Thumb Code     0  startup_n32g430.o(.text)
    UART3_IRQHandler                         0x08000143   Thumb Code     0  startup_n32g430.o(.text)
    UART4_IRQHandler                         0x08000143   Thumb Code     0  startup_n32g430.o(.text)
    USART1_IRQHandler                        0x08000143   Thumb Code     0  startup_n32g430.o(.text)
    USART2_IRQHandler                        0x08000143   Thumb Code     0  startup_n32g430.o(.text)
    WWDG_IRQHandler                          0x08000143   Thumb Code     0  startup_n32g430.o(.text)
    System_Initializes                       0x0800024b   Thumb Code   144  system_n32g430.o(.text)
    System_Clock_Frequency_Update            0x080002db   Thumb Code   182  system_n32g430.o(.text)
    main                                     0x080003c1   Thumb Code    68  main.o(.text)
    NMI_Handler                              0x0800040d   Thumb Code     2  n32g430_it.o(.text)
    HardFault_Handler                        0x0800040f   Thumb Code     4  n32g430_it.o(.text)
    MemManage_Handler                        0x08000413   Thumb Code     4  n32g430_it.o(.text)
    BusFault_Handler                         0x08000417   Thumb Code     4  n32g430_it.o(.text)
    UsageFault_Handler                       0x0800041b   Thumb Code     4  n32g430_it.o(.text)
    SVC_Handler                              0x0800041f   Thumb Code     2  n32g430_it.o(.text)
    DebugMon_Handler                         0x08000421   Thumb Code     2  n32g430_it.o(.text)
    SysTick_Handler                          0x08000423   Thumb Code     2  n32g430_it.o(.text)
    IIC_Init                                 0x08000425   Thumb Code    74  myiic.o(.text)
    IIC_Start                                0x0800046f   Thumb Code    94  myiic.o(.text)
    IIC_Stop                                 0x080004cd   Thumb Code    94  myiic.o(.text)
    IIC_Wait_Ack                             0x0800052b   Thumb Code   112  myiic.o(.text)
    IIC_Ack                                  0x0800059b   Thumb Code    94  myiic.o(.text)
    IIC_NAck                                 0x080005f9   Thumb Code    94  myiic.o(.text)
    IIC_Send_Byte                            0x08000657   Thumb Code   136  myiic.o(.text)
    IIC_Read_Byte                            0x080006df   Thumb Code   112  myiic.o(.text)
    MPU_Write_Byte                           0x08000755   Thumb Code    68  mpu6050.o(.text)
    MPU_Set_LPF                              0x08000799   Thumb Code    58  mpu6050.o(.text)
    MPU_Set_Rate                             0x080007d3   Thumb Code    58  mpu6050.o(.text)
    MPU_Read_Byte                            0x0800080d   Thumb Code    58  mpu6050.o(.text)
    MPU_Set_Accel_Fsr                        0x08000847   Thumb Code    16  mpu6050.o(.text)
    MPU_Set_Gyro_Fsr                         0x08000857   Thumb Code    16  mpu6050.o(.text)
    MPU_Init                                 0x08000867   Thumb Code   134  mpu6050.o(.text)
    MPU_Read_Len                             0x080008ed   Thumb Code   116  mpu6050.o(.text)
    MPU_Get_Temperature                      0x08000961   Thumb Code   110  mpu6050.o(.text)
    MPU_Get_Gyroscope                        0x080009cf   Thumb Code    80  mpu6050.o(.text)
    MPU_Get_Accelerometer                    0x08000a1f   Thumb Code    80  mpu6050.o(.text)
    MPU_Write_Len                            0x08000a6f   Thumb Code    96  mpu6050.o(.text)
    mpu_reg_dump                             0x08000bcf   Thumb Code    84  inv_mpu.o(.text)
    mpu_read_reg                             0x08000c23   Thumb Code    66  inv_mpu.o(.text)
    mpu_set_int_latched                      0x08000c65   Thumb Code   102  inv_mpu.o(.text)
    mpu_set_sensors                          0x08000ccb   Thumb Code   202  inv_mpu.o(.text)
    mpu_set_bypass                           0x08000d95   Thumb Code   328  inv_mpu.o(.text)
    mpu_reset_fifo                           0x08000edd   Thumb Code   472  inv_mpu.o(.text)
    mpu_configure_fifo                       0x080010b5   Thumb Code   106  inv_mpu.o(.text)
    mpu_set_lpf                              0x0800111f   Thumb Code   126  inv_mpu.o(.text)
    mpu_lp_accel_mode                        0x0800119d   Thumb Code   218  inv_mpu.o(.text)
    mpu_set_sample_rate                      0x08001277   Thumb Code   152  inv_mpu.o(.text)
    mpu_set_accel_fsr                        0x0800130f   Thumb Code   132  inv_mpu.o(.text)
    mpu_set_gyro_fsr                         0x08001393   Thumb Code   132  inv_mpu.o(.text)
    mpu_init                                 0x08001417   Thumb Code   416  inv_mpu.o(.text)
    mget_ms                                  0x080015b7   Thumb Code     2  inv_mpu.o(.text)
    mpu_get_gyro_reg                         0x080015b9   Thumb Code   110  inv_mpu.o(.text)
    mpu_get_accel_reg                        0x08001627   Thumb Code   110  inv_mpu.o(.text)
    mpu_get_temperature                      0x08001695   Thumb Code   142  inv_mpu.o(.text)
    mpu_set_accel_bias                       0x08001723   Thumb Code   472  inv_mpu.o(.text)
    mpu_get_gyro_fsr                         0x080018fb   Thumb Code    64  inv_mpu.o(.text)
    mpu_get_accel_fsr                        0x0800193b   Thumb Code    72  inv_mpu.o(.text)
    mpu_get_lpf                              0x08001983   Thumb Code    74  inv_mpu.o(.text)
    mpu_get_sample_rate                      0x080019cd   Thumb Code    26  inv_mpu.o(.text)
    mpu_get_compass_sample_rate              0x080019e7   Thumb Code    10  inv_mpu.o(.text)
    mpu_set_compass_sample_rate              0x080019f1   Thumb Code     8  inv_mpu.o(.text)
    mpu_get_gyro_sens                        0x080019f9   Thumb Code    74  inv_mpu.o(.text)
    mpu_get_accel_sens                       0x08001a43   Thumb Code    78  inv_mpu.o(.text)
    mpu_get_fifo_config                      0x08001a91   Thumb Code    12  inv_mpu.o(.text)
    mpu_get_power_state                      0x08001a9d   Thumb Code    22  inv_mpu.o(.text)
    mpu_get_int_status                       0x08001ab3   Thumb Code    64  inv_mpu.o(.text)
    mpu_read_fifo                            0x08001af3   Thumb Code   520  inv_mpu.o(.text)
    mpu_read_fifo_stream                     0x08001cfb   Thumb Code   186  inv_mpu.o(.text)
    mpu_set_int_level                        0x08001db5   Thumb Code    12  inv_mpu.o(.text)
    mpu_set_dmp_state                        0x080024c5   Thumb Code   138  inv_mpu.o(.text)
    mpu_run_self_test                        0x0800254f   Thumb Code   278  inv_mpu.o(.text)
    mpu_write_mem                            0x08002665   Thumb Code   122  inv_mpu.o(.text)
    mpu_read_mem                             0x080026df   Thumb Code   122  inv_mpu.o(.text)
    mpu_load_firmware                        0x08002759   Thumb Code   190  inv_mpu.o(.text)
    mpu_get_dmp_state                        0x08002817   Thumb Code    14  inv_mpu.o(.text)
    setup_compass                            0x08002825   Thumb Code     6  inv_mpu.o(.text)
    mpu_get_compass_reg                      0x0800282b   Thumb Code     8  inv_mpu.o(.text)
    mpu_get_compass_fsr                      0x08002833   Thumb Code     8  inv_mpu.o(.text)
    mpu_lp_motion_interrupt                  0x0800283b   Thumb Code   512  inv_mpu.o(.text)
    run_self_test                            0x08002a3b   Thumb Code   154  inv_mpu.o(.text)
    inv_row_2_scale                          0x08002ad5   Thumb Code    78  inv_mpu.o(.text)
    inv_orientation_matrix_to_scalar         0x08002b23   Thumb Code    40  inv_mpu.o(.text)
    mpu_dmp_init                             0x08002b4b   Thumb Code   160  inv_mpu.o(.text)
    mpu_dmp_get_data                         0x08002beb   Thumb Code   520  inv_mpu.o(.text)
    dmp_load_motion_driver_firmware          0x08002e05   Thumb Code    20  inv_mpu_dmp_motion_driver.o(.text)
    dmp_set_orientation                      0x08002e19   Thumb Code   290  inv_mpu_dmp_motion_driver.o(.text)
    dmp_set_gyro_bias                        0x08002f3b   Thumb Code   294  inv_mpu_dmp_motion_driver.o(.text)
    dmp_set_accel_bias                       0x08003061   Thumb Code   300  inv_mpu_dmp_motion_driver.o(.text)
    dmp_set_fifo_rate                        0x0800318d   Thumb Code   136  inv_mpu_dmp_motion_driver.o(.text)
    dmp_get_fifo_rate                        0x08003215   Thumb Code    12  inv_mpu_dmp_motion_driver.o(.text)
    dmp_set_tap_thresh                       0x08003221   Thumb Code   412  inv_mpu_dmp_motion_driver.o(.text)
    dmp_set_tap_axes                         0x080033bd   Thumb Code    70  inv_mpu_dmp_motion_driver.o(.text)
    dmp_set_tap_count                        0x08003403   Thumb Code    38  inv_mpu_dmp_motion_driver.o(.text)
    dmp_set_tap_time                         0x08003429   Thumb Code    38  inv_mpu_dmp_motion_driver.o(.text)
    dmp_set_tap_time_multi                   0x0800344f   Thumb Code    38  inv_mpu_dmp_motion_driver.o(.text)
    dmp_set_shake_reject_thresh              0x08003475   Thumb Code    56  inv_mpu_dmp_motion_driver.o(.text)
    dmp_set_shake_reject_time                0x080034ad   Thumb Code    38  inv_mpu_dmp_motion_driver.o(.text)
    dmp_set_shake_reject_timeout             0x080034d3   Thumb Code    38  inv_mpu_dmp_motion_driver.o(.text)
    dmp_get_pedometer_step_count             0x080034f9   Thumb Code    66  inv_mpu_dmp_motion_driver.o(.text)
    dmp_set_pedometer_step_count             0x0800353b   Thumb Code    42  inv_mpu_dmp_motion_driver.o(.text)
    dmp_get_pedometer_walk_time              0x08003565   Thumb Code    72  inv_mpu_dmp_motion_driver.o(.text)
    dmp_set_pedometer_walk_time              0x080035ad   Thumb Code    48  inv_mpu_dmp_motion_driver.o(.text)
    dmp_enable_6x_lp_quat                    0x080035dd   Thumb Code   100  inv_mpu_dmp_motion_driver.o(.text)
    dmp_enable_lp_quat                       0x08003641   Thumb Code    60  inv_mpu_dmp_motion_driver.o(.text)
    dmp_enable_gyro_cal                      0x0800367d   Thumb Code    62  inv_mpu_dmp_motion_driver.o(.text)
    dmp_enable_feature                       0x080036bb   Thumb Code   530  inv_mpu_dmp_motion_driver.o(.text)
    dmp_get_enabled_features                 0x080038cd   Thumb Code    12  inv_mpu_dmp_motion_driver.o(.text)
    dmp_set_interrupt_mode                   0x08003937   Thumb Code    66  inv_mpu_dmp_motion_driver.o(.text)
    dmp_read_fifo                            0x08003979   Thumb Code   514  inv_mpu_dmp_motion_driver.o(.text)
    dmp_register_tap_cb                      0x08003b7b   Thumb Code    10  inv_mpu_dmp_motion_driver.o(.text)
    dmp_register_android_orient_cb           0x08003b85   Thumb Code    10  inv_mpu_dmp_motion_driver.o(.text)
    ESP12F_IO0_Init                          0x08003b95   Thumb Code    58  esp12f_io0.o(.text)
    LED_GPIO_Init                            0x08003bd5   Thumb Code    56  led.o(.text)
    Key_GPIO_Init                            0x08003c11   Thumb Code    44  key.o(.text)
    Key_Scanf                                0x08003c3d   Thumb Code   178  key.o(.text)
    KEY_Handle                               0x08003cef   Thumb Code    30  key.o(.text)
    ADC_RCC_Configuration                    0x08003d21   Thumb Code    32  adc.o(.text)
    ADC_GPIO_Configuration                   0x08003d41   Thumb Code    30  adc.o(.text)
    ADC_Configuration                        0x08003d5f   Thumb Code   192  adc.o(.text)
    EXTI_Init                                0x08003e31   Thumb Code   182  exti.o(.text)
    Common_ADTIM_GPIO_Initialize             0x08003ef9   Thumb Code   106  pwm.o(.text)
    Common_ADTIM_RCC_Initialize              0x08003f63   Thumb Code    82  pwm.o(.text)
    TIMx_PWM_Init                            0x08003fb5   Thumb Code   228  pwm.o(.text)
    Encoder_TIM2_Init                        0x080040b1   Thumb Code   170  encoder.o(.text)
    Encoder_TIM3_Init                        0x0800415b   Thumb Code   160  encoder.o(.text)
    Read_Speed                               0x080041fb   Thumb Code    64  encoder.o(.text)
    TIM2_IRQHandler                          0x0800423b   Thumb Code    24  encoder.o(.text)
    TIM3_IRQHandler                          0x08004253   Thumb Code    24  encoder.o(.text)
    Common_GPTIM_RCC_Initialize              0x08004279   Thumb Code   110  gptim_common.o(.text)
    Common_GPTIM_GPIO_Initialize             0x080042e7   Thumb Code   324  gptim_common.o(.text)
    Common_TIM_Base_Initialize               0x08004441   Thumb Code    36  timer_common.o(.text)
    Common_TIM_NVIC_Initialize               0x08004465   Thumb Code    48  timer_common.o(.text)
    Common_TIM_DMA_Config                    0x08004495   Thumb Code    38  timer_common.o(.text)
    Common_TIM_DMA_Start                     0x080044bb   Thumb Code    48  timer_common.o(.text)
    Limit                                    0x080044f1   Thumb Code    90  motor.o(.text)
    GFP_abs                                  0x0800454b   Thumb Code    16  motor.o(.text)
    Load                                     0x0800455b   Thumb Code   116  motor.o(.text)
    Stop                                     0x080045cf   Thumb Code    46  motor.o(.text)
    Vertical                                 0x08004609   Thumb Code    42  control.o(.text)
    EXTI9_5_IRQHandler                       0x08004633   Thumb Code   174  control.o(.text)
    Velocity                                 0x080046e1   Thumb Code   178  control.o(.text)
    Turn                                     0x08004793   Thumb Code    48  control.o(.text)
    log_init                                 0x08004845   Thumb Code   124  log.o(.text)
    Usart_SendByte                           0x080048c1   Thumb Code    30  log.o(.text)
    Usart_SendString                         0x080048df   Thumb Code    42  log.o(.text)
    fputc                                    0x08004909   Thumb Code    32  log.o(.text)
    fgetc                                    0x08004929   Thumb Code    26  log.o(.text)
    SysTick_Delay_Us                         0x080049a7   Thumb Code    72  bsp_delay.o(.text)
    SysTick_Delay_Ms                         0x080049ef   Thumb Code    74  bsp_delay.o(.text)
    NVIC_Priority_Group_Set                  0x08004a45   Thumb Code    10  misc.o(.text)
    NVIC_Initializes                         0x08004a4f   Thumb Code   100  misc.o(.text)
    NVIC_Vector_Table_Set                    0x08004ab3   Thumb Code    14  misc.o(.text)
    NVIC_System_LowPower_Enable              0x08004ac1   Thumb Code    16  misc.o(.text)
    NVIC_System_Low_Power_Disable            0x08004ad1   Thumb Code    16  misc.o(.text)
    SysTick_Clock_Source_Set                 0x08004ae1   Thumb Code    40  misc.o(.text)
    ADC_Vrefint_Get                          0x08004b1d   Thumb Code    18  n32g430_adc.o(.text)
    ADC_Reset                                0x08004b2f   Thumb Code    12  n32g430_adc.o(.text)
    ADC_Multichannels_Enable                 0x08004b3b   Thumb Code    14  n32g430_adc.o(.text)
    ADC_Multichannels_Disable                0x08004b49   Thumb Code    14  n32g430_adc.o(.text)
    ADC_Continue_Conversion_Enable           0x08004b57   Thumb Code    18  n32g430_adc.o(.text)
    ADC_Continue_Conversion_Disable          0x08004b69   Thumb Code    18  n32g430_adc.o(.text)
    ADC_Regular_Group_External_Trigger_Source_Config 0x08004b7b   Thumb Code    26  n32g430_adc.o(.text)
    ADC_Data_Alignment_Config                0x08004b95   Thumb Code    26  n32g430_adc.o(.text)
    ADC_Regular_Channels_Number_Config       0x08004baf   Thumb Code    26  n32g430_adc.o(.text)
    ADC_Initializes                          0x08004bc9   Thumb Code    52  n32g430_adc.o(.text)
    ADC_Initializes_Structure                0x08004bfd   Thumb Code    14  n32g430_adc.o(.text)
    ADC_ON                                   0x08004c0b   Thumb Code    18  n32g430_adc.o(.text)
    ADC_OFF                                  0x08004c1d   Thumb Code    18  n32g430_adc.o(.text)
    ADC_DMA_Transfer_Enable                  0x08004c2f   Thumb Code    18  n32g430_adc.o(.text)
    ADC_DMA_Transfer_Disable                 0x08004c41   Thumb Code    18  n32g430_adc.o(.text)
    ADC_Interrupts_Enable                    0x08004c53   Thumb Code    32  n32g430_adc.o(.text)
    ADC_Interrupts_Disable                   0x08004c73   Thumb Code    32  n32g430_adc.o(.text)
    ADC_Calibration_Operation                0x08004c93   Thumb Code    72  n32g430_adc.o(.text)
    ADC_Regular_Channels_Software_Conversion_Operation 0x08004cdb   Thumb Code    76  n32g430_adc.o(.text)
    ADC_Discontinuous_Mode_Channel_Count_Config 0x08004d27   Thumb Code    22  n32g430_adc.o(.text)
    ADC_Discontinuous_Mode_Config            0x08004d3d   Thumb Code    76  n32g430_adc.o(.text)
    ADC_Channel_Sample_Time_Config           0x08004d89   Thumb Code   140  n32g430_adc.o(.text)
    ADC_Regular_Sequence_Conversion_Number_Config 0x08004e15   Thumb Code   154  n32g430_adc.o(.text)
    ADC_External_Trigger_Conversion_Config   0x08004eaf   Thumb Code   110  n32g430_adc.o(.text)
    ADC_Regular_Group_Conversion_Data_Get    0x08004f1d   Thumb Code     8  n32g430_adc.o(.text)
    ADC_Injected_Group_Autoconversion_Enable 0x08004f25   Thumb Code    18  n32g430_adc.o(.text)
    ADC_Injected_Group_Autoconversion_Disable 0x08004f37   Thumb Code    18  n32g430_adc.o(.text)
    ADC_Injected_Group_External_Trigger_Source_Config 0x08004f49   Thumb Code    26  n32g430_adc.o(.text)
    ADC_Injected_Channels_Software_Conversion_Operation 0x08004f63   Thumb Code    76  n32g430_adc.o(.text)
    ADC_Injected_Sequence_Conversion_Number_Config 0x08004faf   Thumb Code    46  n32g430_adc.o(.text)
    ADC_Injected_Channels_Number_Config      0x08004fdd   Thumb Code    26  n32g430_adc.o(.text)
    ADC_Injected_Channels_Offset_Config      0x08004ff7   Thumb Code    24  n32g430_adc.o(.text)
    ADC_Injected_Group_Conversion_Data_Get   0x0800500f   Thumb Code    32  n32g430_adc.o(.text)
    ADC_Analog_Watchdog_Mode_Channel_Config  0x0800502f   Thumb Code    58  n32g430_adc.o(.text)
    ADC_Analog_Watchdog_Enable               0x08005069   Thumb Code    16  n32g430_adc.o(.text)
    ADC_Analog_Watchdog_Disable              0x08005079   Thumb Code    16  n32g430_adc.o(.text)
    ADC_Analog_Watchdog_HighThresholds_Config 0x08005089   Thumb Code     8  n32g430_adc.o(.text)
    ADC_Analog_Watchdog_LowThresholds_Config 0x08005091   Thumb Code     8  n32g430_adc.o(.text)
    ADC_Temperature_Sensor_And_Vrefint_Channel_Enable 0x08005099   Thumb Code    34  n32g430_adc.o(.text)
    ADC_Temperature_Sensor_And_Vrefint_Channel_Disable 0x080050bb   Thumb Code    34  n32g430_adc.o(.text)
    ADC_INTFlag_Status_Get                   0x080050dd   Thumb Code    20  n32g430_adc.o(.text)
    ADC_Flag_Status_Get                      0x080050f1   Thumb Code    42  n32g430_adc.o(.text)
    ADC_INTFlag_Status_Clear                 0x0800511b   Thumb Code    16  n32g430_adc.o(.text)
    ADC_Flag_Status_Clear                    0x0800512b   Thumb Code    16  n32g430_adc.o(.text)
    ADC_Vbat_Monitor_Enable                  0x0800513b   Thumb Code    34  n32g430_adc.o(.text)
    ADC_Vbat_Monitor_Disable                 0x0800515d   Thumb Code    34  n32g430_adc.o(.text)
    ADC_Deep_Power_Mode_Enable               0x0800517f   Thumb Code    18  n32g430_adc.o(.text)
    ADC_Deep_Power_Mode_Disable              0x08005191   Thumb Code    18  n32g430_adc.o(.text)
    ADC_AHB_Clock_Mode_Config                0x080051a3   Thumb Code    18  n32g430_adc.o(.text)
    ADC_PLL_Clock_Mode_Config                0x080051b5   Thumb Code    18  n32g430_adc.o(.text)
    ADC_Calibration_Auto_Load_Enable         0x080051c7   Thumb Code    18  n32g430_adc.o(.text)
    ADC_Calibration_Auto_Load_Disable        0x080051d9   Thumb Code    18  n32g430_adc.o(.text)
    ADC_Differential_Mode_Enable             0x080051eb   Thumb Code    18  n32g430_adc.o(.text)
    ADC_Differential_Mode_Disable            0x080051fd   Thumb Code    18  n32g430_adc.o(.text)
    ADC_Data_Resolution_Config               0x0800520f   Thumb Code    26  n32g430_adc.o(.text)
    ADC_Sample_Time_Level_Config             0x08005229   Thumb Code    26  n32g430_adc.o(.text)
    ADC_Initializes_Ex                       0x08005243   Thumb Code   134  n32g430_adc.o(.text)
    ADC_Initializes_StructureEx              0x080052c9   Thumb Code    26  n32g430_adc.o(.text)
    ADC_Bypass_Calibration_Enable            0x080052e3   Thumb Code    18  n32g430_adc.o(.text)
    ADC_Bypass_Calibration_Disable           0x080052f5   Thumb Code    28  n32g430_adc.o(.text)
    ADC_Differential_Channels_Config         0x08005311   Thumb Code    22  n32g430_adc.o(.text)
    ADC_Clock_Mode_Config                    0x08005327   Thumb Code    40  n32g430_adc.o(.text)
    DMA_Reset                                0x08005359   Thumb Code   224  n32g430_dma.o(.text)
    DMA_Memory_2_Memory_Config               0x08005439   Thumb Code    16  n32g430_dma.o(.text)
    DMA_Priority_Config                      0x08005449   Thumb Code    16  n32g430_dma.o(.text)
    DMA_Circular_Mode_Config                 0x08005459   Thumb Code    16  n32g430_dma.o(.text)
    DMA_Memory_Data_Width_Config             0x08005469   Thumb Code    16  n32g430_dma.o(.text)
    DMA_Peripheral_Data_Width_Config         0x08005479   Thumb Code    16  n32g430_dma.o(.text)
    DMA_Memory_Addr_Increment_Config         0x08005489   Thumb Code    16  n32g430_dma.o(.text)
    DMA_Peripheral_Addr_Increment_Config     0x08005499   Thumb Code    16  n32g430_dma.o(.text)
    DMA_Buffer_Size_Config                   0x080054a9   Thumb Code     4  n32g430_dma.o(.text)
    DMA_Destination_Config                   0x080054ad   Thumb Code    16  n32g430_dma.o(.text)
    DMA_Memory_Address_Config                0x080054bd   Thumb Code     4  n32g430_dma.o(.text)
    DMA_Peripheral_Address_Config            0x080054c1   Thumb Code     4  n32g430_dma.o(.text)
    DMA_Initializes                          0x080054c5   Thumb Code    96  n32g430_dma.o(.text)
    DMA_Structure_Initializes                0x08005525   Thumb Code    26  n32g430_dma.o(.text)
    DMA_Channel_Enable                       0x0800553f   Thumb Code    10  n32g430_dma.o(.text)
    DMA_Channel_Disable                      0x08005549   Thumb Code    10  n32g430_dma.o(.text)
    DMA_Interrupts_Enable                    0x08005553   Thumb Code     8  n32g430_dma.o(.text)
    DMA_Interrupts_Disable                   0x0800555b   Thumb Code     8  n32g430_dma.o(.text)
    DMA_Current_Data_Transfer_Number_Set     0x08005563   Thumb Code     4  n32g430_dma.o(.text)
    DMA_Current_Data_Transfer_Number_Get     0x08005567   Thumb Code     8  n32g430_dma.o(.text)
    DMA_Flag_Status_Get                      0x0800556f   Thumb Code    16  n32g430_dma.o(.text)
    DMA_Flag_Status_Clear                    0x0800557f   Thumb Code     4  n32g430_dma.o(.text)
    DMA_Interrupt_Status_Get                 0x08005583   Thumb Code    16  n32g430_dma.o(.text)
    DMA_Interrupt_Status_Clear               0x08005593   Thumb Code     4  n32g430_dma.o(.text)
    DMA_Channel_Request_Remap                0x08005597   Thumb Code     4  n32g430_dma.o(.text)
    EXTI_Reset                               0x080055a1   Thumb Code    30  n32g430_exti.o(.text)
    EXTI_LineCmd_Disable                     0x080055bf   Thumb Code    20  n32g430_exti.o(.text)
    EXTI_Trigger_Config                      0x080055d3   Thumb Code    68  n32g430_exti.o(.text)
    EXTI_Work_Mode_Config                    0x08005617   Thumb Code    38  n32g430_exti.o(.text)
    EXTI_Peripheral_Initializes              0x0800563d   Thumb Code    32  n32g430_exti.o(.text)
    EXTI_Structure_Initializes               0x0800565d   Thumb Code    16  n32g430_exti.o(.text)
    EXTI_Software_Interrupt_Trigger          0x0800566d   Thumb Code    16  n32g430_exti.o(.text)
    EXTI_Flag_Status_Get                     0x0800567d   Thumb Code    20  n32g430_exti.o(.text)
    EXTI_Flag_Status_Clear                   0x08005691   Thumb Code     8  n32g430_exti.o(.text)
    EXTI_Interrupt_Status_Get                0x08005699   Thumb Code    28  n32g430_exti.o(.text)
    EXTI_Interrupt_Status_Clear              0x080056b5   Thumb Code     8  n32g430_exti.o(.text)
    EXTI_RTC_Time_Stamp_Select               0x080056bd   Thumb Code    24  n32g430_exti.o(.text)
    GPIO_Reset                               0x080056d9   Thumb Code    66  n32g430_gpio.o(.text)
    GPIOA_Pin_Reset                          0x0800571b   Thumb Code   256  n32g430_gpio.o(.text)
    GPIOB_Pin_Reset                          0x0800581b   Thumb Code   230  n32g430_gpio.o(.text)
    GPIOC_Pin_Reset                          0x08005901   Thumb Code   144  n32g430_gpio.o(.text)
    GPIOD_Pin_Reset                          0x08005991   Thumb Code   194  n32g430_gpio.o(.text)
    AFIO_EXTI_Reset                          0x08005a53   Thumb Code    62  n32g430_gpio.o(.text)
    GPIO_ALLPin_Reset                        0x08005a91   Thumb Code    36  n32g430_gpio.o(.text)
    GPIO_Alternate_Set                       0x08005ab5   Thumb Code    86  n32g430_gpio.o(.text)
    GPIO_Mode_Set                            0x08005b0b   Thumb Code    68  n32g430_gpio.o(.text)
    GPIO_Pull_Set                            0x08005b4f   Thumb Code    28  n32g430_gpio.o(.text)
    GPIO_SlewRate_Set                        0x08005b6b   Thumb Code    24  n32g430_gpio.o(.text)
    GPIO_Driver_Set                          0x08005b83   Thumb Code    28  n32g430_gpio.o(.text)
    GPIO_Peripheral_Initialize               0x08005b9f   Thumb Code    86  n32g430_gpio.o(.text)
    GPIO_Alternate_Function_Reset            0x08005bf5   Thumb Code    10  n32g430_gpio.o(.text)
    GPIO_Structure_Initialize                0x08005bff   Thumb Code    24  n32g430_gpio.o(.text)
    GPIO_Input_Pin_Data_Get                  0x08005c17   Thumb Code    16  n32g430_gpio.o(.text)
    GPIO_Input_Data_Get                      0x08005c27   Thumb Code     8  n32g430_gpio.o(.text)
    GPIO_Output_Pin_Data_Get                 0x08005c2f   Thumb Code    16  n32g430_gpio.o(.text)
    GPIO_Output_Data_Get                     0x08005c3f   Thumb Code     8  n32g430_gpio.o(.text)
    GPIO_Pins_Set                            0x08005c47   Thumb Code     4  n32g430_gpio.o(.text)
    GPIO_Pins_Reset                          0x08005c4b   Thumb Code     4  n32g430_gpio.o(.text)
    GPIO_PBSC_Pins_Reset                     0x08005c4f   Thumb Code     8  n32g430_gpio.o(.text)
    GPIO_PBC_Pins_Reset                      0x08005c57   Thumb Code     4  n32g430_gpio.o(.text)
    GPIO_Write                               0x08005c5b   Thumb Code     4  n32g430_gpio.o(.text)
    GPIO_Pin_Toggle                          0x08005c5f   Thumb Code     8  n32g430_gpio.o(.text)
    GPIO_Pin_Lock_Set                        0x08005c67   Thumb Code    18  n32g430_gpio.o(.text)
    GPIO_Pin_Remap_Set                       0x08005c79   Thumb Code    94  n32g430_gpio.o(.text)
    GPIO_EXTI_Line_Set                       0x08005cd7   Thumb Code    56  n32g430_gpio.o(.text)
    AFIO_SPI_NSS_Mode_Set                    0x08005d0f   Thumb Code    30  n32g430_gpio.o(.text)
    AFIO_ADC_External_Trigger_Remap_Set      0x08005d2d   Thumb Code    82  n32g430_gpio.o(.text)
    AFIO_5V_Tolerance_Enable                 0x08005d7f   Thumb Code    16  n32g430_gpio.o(.text)
    AFIO_5V_Tolerance_Disable                0x08005d8f   Thumb Code    16  n32g430_gpio.o(.text)
    AFIO_Filter_Stage_Ctrl                   0x08005d9f   Thumb Code     8  n32g430_gpio.o(.text)
    AFIO_EFT_Enable                          0x08005da7   Thumb Code   130  n32g430_gpio.o(.text)
    AFIO_EFT_Disable                         0x08005e29   Thumb Code   130  n32g430_gpio.o(.text)
    AFIO_Digital_EFT_Enable                  0x08005eab   Thumb Code   130  n32g430_gpio.o(.text)
    AFIO_Digital_EFT_Disable                 0x08005f2d   Thumb Code   130  n32g430_gpio.o(.text)
    RCC_Reset                                0x08005fc5   Thumb Code    74  n32g430_rcc.o(.text)
    RCC_HSE_Config                           0x0800600f   Thumb Code    60  n32g430_rcc.o(.text)
    RCC_Flag_Status_Get                      0x0800604b   Thumb Code    58  n32g430_rcc.o(.text)
    RCC_Clocks_Frequencies_Value_Get         0x08006085   Thumb Code   250  n32g430_rcc.o(.text)
    RCC_HSE_Stable_Wait                      0x0800617f   Thumb Code    78  n32g430_rcc.o(.text)
    RCC_Clock_Security_System_Enable         0x080061cd   Thumb Code     8  n32g430_rcc.o(.text)
    RCC_Clock_Security_System_Disable        0x080061d5   Thumb Code     8  n32g430_rcc.o(.text)
    RCC_HSI_Calibration_Value_Set            0x080061dd   Thumb Code    20  n32g430_rcc.o(.text)
    RCC_HSI_Enable                           0x080061f1   Thumb Code     8  n32g430_rcc.o(.text)
    RCC_HSI_Disable                          0x080061f9   Thumb Code     8  n32g430_rcc.o(.text)
    RCC_HSI_Stable_Wait                      0x08006201   Thumb Code    78  n32g430_rcc.o(.text)
    RCC_PLL_Config                           0x0800624f   Thumb Code    46  n32g430_rcc.o(.text)
    RCC_PLL_Enable                           0x0800627d   Thumb Code     8  n32g430_rcc.o(.text)
    RCC_PLL_Disable                          0x08006285   Thumb Code     8  n32g430_rcc.o(.text)
    RCC_Sysclk_Config                        0x0800628d   Thumb Code    18  n32g430_rcc.o(.text)
    RCC_Sysclk_Source_Get                    0x0800629f   Thumb Code    10  n32g430_rcc.o(.text)
    RCC_Hclk_Config                          0x080062a9   Thumb Code    18  n32g430_rcc.o(.text)
    RCC_Pclk1_Config                         0x080062bb   Thumb Code    18  n32g430_rcc.o(.text)
    RCC_Pclk2_Config                         0x080062cd   Thumb Code    20  n32g430_rcc.o(.text)
    RCC_Interrupt_Enable                     0x080062e1   Thumb Code    12  n32g430_rcc.o(.text)
    RCC_Interrupt_Disable                    0x080062ed   Thumb Code    12  n32g430_rcc.o(.text)
    RCC_TIM1_8_Clock_Config                  0x080062f9   Thumb Code    18  n32g430_rcc.o(.text)
    RCC_ADC_1M_Clock_Config                  0x0800630b   Thumb Code    24  n32g430_rcc.o(.text)
    RCC_ADC_PLL_Clock_Prescaler_Enable       0x08006323   Thumb Code    18  n32g430_rcc.o(.text)
    RCC_ADC_PLL_Clock_Disable                0x08006335   Thumb Code    14  n32g430_rcc.o(.text)
    RCC_ADC_Hclk_Config                      0x08006343   Thumb Code    18  n32g430_rcc.o(.text)
    RCC_ADC_Hclk_Enable                      0x08006355   Thumb Code    18  n32g430_rcc.o(.text)
    RCC_ADC_Hclk_Disable                     0x08006367   Thumb Code    18  n32g430_rcc.o(.text)
    RCC_LSE_Trim_Config                      0x08006379   Thumb Code    38  n32g430_rcc.o(.text)
    RCC_APB1_Peripheral_Clock_Enable         0x0800639f   Thumb Code    70  n32g430_rcc.o(.text)
    RCC_LSE_Config                           0x080063e5   Thumb Code    88  n32g430_rcc.o(.text)
    RCC_LSE_Clock_Security_System_Enable     0x0800643d   Thumb Code     8  n32g430_rcc.o(.text)
    RCC_LSE_Clock_Security_System_Disable    0x08006445   Thumb Code     8  n32g430_rcc.o(.text)
    RCC_LSE_Clock_Security_System_Status_Get 0x0800644d   Thumb Code    18  n32g430_rcc.o(.text)
    RCC_LSE_Stable_Wait                      0x0800645f   Thumb Code    78  n32g430_rcc.o(.text)
    RCC_LSI_Enable                           0x080064ad   Thumb Code    10  n32g430_rcc.o(.text)
    RCC_LSI_Disable                          0x080064b7   Thumb Code    10  n32g430_rcc.o(.text)
    RCC_LSI_Stable_Wait                      0x080064c1   Thumb Code    78  n32g430_rcc.o(.text)
    RCC_RTC_Clock_Config                     0x0800650f   Thumb Code    22  n32g430_rcc.o(.text)
    RCC_RTC_Clock_Enable                     0x08006525   Thumb Code    10  n32g430_rcc.o(.text)
    RCC_RTC_Clock_Disable                    0x0800652f   Thumb Code    10  n32g430_rcc.o(.text)
    RCC_LPTIM_Clock_Config                   0x08006539   Thumb Code    46  n32g430_rcc.o(.text)
    RCC_LPTIM_Reset                          0x08006567   Thumb Code    24  n32g430_rcc.o(.text)
    RCC_LPTIM_Enable                         0x0800657f   Thumb Code    14  n32g430_rcc.o(.text)
    RCC_LPTIM_Disable                        0x0800658d   Thumb Code    14  n32g430_rcc.o(.text)
    RCC_AHB_Peripheral_Clock_Enable          0x0800659b   Thumb Code    12  n32g430_rcc.o(.text)
    RCC_AHB_Peripheral_Clock_Disable         0x080065a7   Thumb Code    12  n32g430_rcc.o(.text)
    RCC_APB2_Peripheral_Clock_Enable         0x080065b3   Thumb Code    12  n32g430_rcc.o(.text)
    RCC_APB2_Peripheral_Clock_Disable        0x080065bf   Thumb Code    12  n32g430_rcc.o(.text)
    RCC_APB1_Peripheral_Clock_Disable        0x080065cb   Thumb Code    12  n32g430_rcc.o(.text)
    RCC_AHB_Peripheral_Reset                 0x080065d7   Thumb Code    20  n32g430_rcc.o(.text)
    RCC_APB2_Peripheral_Reset                0x080065eb   Thumb Code    20  n32g430_rcc.o(.text)
    RCC_APB1_Peripheral_Reset                0x080065ff   Thumb Code    20  n32g430_rcc.o(.text)
    RCC_Backup_Reset                         0x08006613   Thumb Code    14  n32g430_rcc.o(.text)
    RCC_MCO_PLL_Prescaler_Config             0x08006621   Thumb Code    18  n32g430_rcc.o(.text)
    RCC_MCO_Source_Config                    0x08006633   Thumb Code    18  n32g430_rcc.o(.text)
    RCC_Reset_Flag_Clear                     0x08006645   Thumb Code    24  n32g430_rcc.o(.text)
    RCC_Interrupt_Status_Get                 0x0800665d   Thumb Code    18  n32g430_rcc.o(.text)
    RCC_Interrupt_Status_Clear               0x0800666f   Thumb Code    12  n32g430_rcc.o(.text)
    TIM_Reset                                0x0800668d   Thumb Code   102  n32g430_tim.o(.text)
    TIM_Base_Count_Mode_Set                  0x080066f3   Thumb Code    16  n32g430_tim.o(.text)
    TIM_Base_Center_Aligned_Mode_OC4_7_8_9_Trigger_Set 0x08006703   Thumb Code    16  n32g430_tim.o(.text)
    TIM_Asymmetric_Enable                    0x08006713   Thumb Code    10  n32g430_tim.o(.text)
    TIM_Asymmetric_Disable                   0x0800671d   Thumb Code    10  n32g430_tim.o(.text)
    TIM_Base_Auto_Reload_Set                 0x08006727   Thumb Code     4  n32g430_tim.o(.text)
    TIM_Base_Prescaler_Set                   0x0800672b   Thumb Code     4  n32g430_tim.o(.text)
    TIM_Base_Reload_Mode_Set                 0x0800672f   Thumb Code     4  n32g430_tim.o(.text)
    TIM_Base_Repeat_Count_Set                0x08006733   Thumb Code     4  n32g430_tim.o(.text)
    TIM_Base_Channel1                        0x08006737   Thumb Code    22  n32g430_tim.o(.text)
    TIM_Base_Channel2                        0x0800674d   Thumb Code    22  n32g430_tim.o(.text)
    TIM_Base_Channel3                        0x08006763   Thumb Code    22  n32g430_tim.o(.text)
    TIM_Base_Channel4                        0x08006779   Thumb Code    22  n32g430_tim.o(.text)
    TIM_Base_OCrefClear                      0x0800678f   Thumb Code    22  n32g430_tim.o(.text)
    TIM_Clock_Division_Set                   0x080067a5   Thumb Code    16  n32g430_tim.o(.text)
    TIM_Base_Initialize                      0x080067b5   Thumb Code   156  n32g430_tim.o(.text)
    TIM_Base_Struct_Initialize               0x08006851   Thumb Code    30  n32g430_tim.o(.text)
    TIM_Base_Count_Set                       0x0800686f   Thumb Code     4  n32g430_tim.o(.text)
    TIM_Base_Count_Get                       0x08006873   Thumb Code     6  n32g430_tim.o(.text)
    TIM_Auto_Reload_Get                      0x08006879   Thumb Code     6  n32g430_tim.o(.text)
    TIM_Base_Prescaler_Get                   0x0800687f   Thumb Code     6  n32g430_tim.o(.text)
    TIM_On                                   0x08006885   Thumb Code    10  n32g430_tim.o(.text)
    TIM_Off                                  0x0800688f   Thumb Code    10  n32g430_tim.o(.text)
    TIM_Output_Channel1_Preload_Set          0x08006899   Thumb Code    18  n32g430_tim.o(.text)
    TIM_Output_Channel2_Preload_Set          0x080068ab   Thumb Code    26  n32g430_tim.o(.text)
    TIM_Output_Channel3_Preload_Set          0x080068c5   Thumb Code    20  n32g430_tim.o(.text)
    TIM_Output_Channel4_Preload_Set          0x080068d9   Thumb Code    28  n32g430_tim.o(.text)
    TIM_Output_Channel5_Preload_Set          0x080068f5   Thumb Code    22  n32g430_tim.o(.text)
    TIM_Output_Channel6_Preload_Set          0x0800690b   Thumb Code    30  n32g430_tim.o(.text)
    TIM_Output_Channel7_Preload_Set          0x08006929   Thumb Code    26  n32g430_tim.o(.text)
    TIM_Output_Channel8_Preload_Set          0x08006943   Thumb Code    26  n32g430_tim.o(.text)
    TIM_Output_Channel9_Preload_Set          0x0800695d   Thumb Code    26  n32g430_tim.o(.text)
    TIM_Auto_Reload_Preload_Enable           0x08006977   Thumb Code    10  n32g430_tim.o(.text)
    TIM_Auto_Reload_Preload_Disable          0x08006981   Thumb Code    10  n32g430_tim.o(.text)
    TIM_Update_Event_Enable                  0x0800698b   Thumb Code    10  n32g430_tim.o(.text)
    TIM_Update_Event_Disable                 0x08006995   Thumb Code    10  n32g430_tim.o(.text)
    TIM_Update_Request_Source_Set            0x0800699f   Thumb Code    22  n32g430_tim.o(.text)
    TIM_Event_Generate                       0x080069b5   Thumb Code     4  n32g430_tim.o(.text)
    TIM_Commutation_Event_Enable             0x080069b9   Thumb Code    10  n32g430_tim.o(.text)
    TIM_Commutation_Event_Disable            0x080069c3   Thumb Code    10  n32g430_tim.o(.text)
    TIM_Capture_Compare_Control_Preload_Enable 0x080069cd   Thumb Code    10  n32g430_tim.o(.text)
    TIM_Capture_Compare_Control_Preload_Disable 0x080069d7   Thumb Code    10  n32g430_tim.o(.text)
    TIM_Compare1_Set                         0x080069e1   Thumb Code    14  n32g430_tim.o(.text)
    TIM_Compare2_Set                         0x080069ef   Thumb Code    14  n32g430_tim.o(.text)
    TIM_Compare3_Set                         0x080069fd   Thumb Code    14  n32g430_tim.o(.text)
    TIM_Compare4_Set                         0x08006a0b   Thumb Code    14  n32g430_tim.o(.text)
    TIM_Compare5_Set                         0x08006a19   Thumb Code     6  n32g430_tim.o(.text)
    TIM_Compare6_Set                         0x08006a1f   Thumb Code     6  n32g430_tim.o(.text)
    TIM_Compare7_Set                         0x08006a25   Thumb Code     6  n32g430_tim.o(.text)
    TIM_Compare8_Set                         0x08006a2b   Thumb Code     6  n32g430_tim.o(.text)
    TIM_Compare9_Set                         0x08006a31   Thumb Code     6  n32g430_tim.o(.text)
    TIM_Compare1_D_Set                       0x08006a37   Thumb Code    14  n32g430_tim.o(.text)
    TIM_Compare2_D_Set                       0x08006a45   Thumb Code    14  n32g430_tim.o(.text)
    TIM_Compare3_D_Set                       0x08006a53   Thumb Code    14  n32g430_tim.o(.text)
    TIM_Compare4_D_Set                       0x08006a61   Thumb Code    40  n32g430_tim.o(.text)
    TIM_Compare_Capture1_Get                 0x08006a89   Thumb Code     8  n32g430_tim.o(.text)
    TIM_Compare_Capture2_Get                 0x08006a91   Thumb Code     8  n32g430_tim.o(.text)
    TIM_Compare_Capture3_Get                 0x08006a99   Thumb Code     8  n32g430_tim.o(.text)
    TIM_Compare_Capture4_Get                 0x08006aa1   Thumb Code     8  n32g430_tim.o(.text)
    TIM_Compare_Capture5_Get                 0x08006aa9   Thumb Code     8  n32g430_tim.o(.text)
    TIM_Compare_Capture6_Get                 0x08006ab1   Thumb Code     8  n32g430_tim.o(.text)
    TIM_Compare_Capture7_Get                 0x08006ab9   Thumb Code     8  n32g430_tim.o(.text)
    TIM_Compare_Capture8_Get                 0x08006ac1   Thumb Code     8  n32g430_tim.o(.text)
    TIM_Compare_Capture9_Get                 0x08006ac9   Thumb Code     8  n32g430_tim.o(.text)
    TIM_Compare_Capture1_D_Get               0x08006ad1   Thumb Code     8  n32g430_tim.o(.text)
    TIM_Compare_Capture2_D_Get               0x08006ad9   Thumb Code     8  n32g430_tim.o(.text)
    TIM_Compare_Capture3_D_Get               0x08006ae1   Thumb Code     8  n32g430_tim.o(.text)
    TIM_Compare_Capture4_D_Get               0x08006ae9   Thumb Code     8  n32g430_tim.o(.text)
    TIM_Trigger_Source_Select                0x08006af1   Thumb Code    18  n32g430_tim.o(.text)
    Input_Channel1_Config                    0x08006b03   Thumb Code   104  n32g430_tim.o(.text)
    Input_Channel2_Config                    0x08006b6b   Thumb Code   116  n32g430_tim.o(.text)
    Input_Channel3_Config                    0x08006bdf   Thumb Code   110  n32g430_tim.o(.text)
    Input_Channel4_Config                    0x08006c4d   Thumb Code   118  n32g430_tim.o(.text)
    TIM_External_Trigger_Filter_Set          0x08006cc3   Thumb Code    24  n32g430_tim.o(.text)
    TIM_External_Trigger_Prescaler_Set       0x08006cdb   Thumb Code    16  n32g430_tim.o(.text)
    TIM_External_Trigger_Polarity_Set        0x08006ceb   Thumb Code    26  n32g430_tim.o(.text)
    TIM_Internal_Clock_Set                   0x08006d05   Thumb Code    12  n32g430_tim.o(.text)
    TIM_Input_Capture1_Prescaler_Set         0x08006d11   Thumb Code    18  n32g430_tim.o(.text)
    TIM_Input_Capture2_Prescaler_Set         0x08006d23   Thumb Code    26  n32g430_tim.o(.text)
    TIM_Input_Capture3_Prescaler_Set         0x08006d3d   Thumb Code    18  n32g430_tim.o(.text)
    TIM_Input_Capture4_Prescaler_Set         0x08006d4f   Thumb Code    20  n32g430_tim.o(.text)
    TIM_Internal_Trig_To_Ext_Set             0x08006d63   Thumb Code    24  n32g430_tim.o(.text)
    TIM_Trigger_As_External_Clock            0x08006d7b   Thumb Code    58  n32g430_tim.o(.text)
    TIM_External_Clock_Mode1_Set             0x08006db5   Thumb Code    66  n32g430_tim.o(.text)
    TIM_External_Clock_Mode2_Set             0x08006df7   Thumb Code    44  n32g430_tim.o(.text)
    TIM_Slave_Mode_Select                    0x08006e23   Thumb Code    18  n32g430_tim.o(.text)
    TIM_Master_Slave_Mode_Set                0x08006e35   Thumb Code    18  n32g430_tim.o(.text)
    TIM_Output_Trigger_Select                0x08006e47   Thumb Code    16  n32g430_tim.o(.text)
    TIM_OC4REF_Trigger_To_ADC_Enable         0x08006e57   Thumb Code    10  n32g430_tim.o(.text)
    TIM_OC4REF_Trigger_To_ADC_Disable        0x08006e61   Thumb Code    10  n32g430_tim.o(.text)
    TIM_OC7REF_Trigger_To_ADC_Enable         0x08006e6b   Thumb Code    10  n32g430_tim.o(.text)
    TIM_OC7REF_Trigger_To_ADC_Disable        0x08006e75   Thumb Code    10  n32g430_tim.o(.text)
    TIM_OC8REF_Trigger_To_ADC_Enable         0x08006e7f   Thumb Code    10  n32g430_tim.o(.text)
    TIM_OC8REF_Trigger_To_ADC_Disable        0x08006e89   Thumb Code    10  n32g430_tim.o(.text)
    TIM_OC9REF_Trigger_To_ADC_Enable         0x08006e93   Thumb Code    10  n32g430_tim.o(.text)
    TIM_OC9REF_Trigger_To_ADC_Disable        0x08006e9d   Thumb Code    10  n32g430_tim.o(.text)
    TIM_One_Pulse_Mode_Select                0x08006ea7   Thumb Code    16  n32g430_tim.o(.text)
    TIM_Input_Struct_Initialize              0x08006eb7   Thumb Code    16  n32g430_tim.o(.text)
    TIM_Input_Channel_Initialize             0x08006ec7   Thumb Code   136  n32g430_tim.o(.text)
    TIM_PWM_Input_Channel_Config             0x08006f4f   Thumb Code   120  n32g430_tim.o(.text)
    TIM_Output_Channel_Polarity_Set          0x08006fc7   Thumb Code    22  n32g430_tim.o(.text)
    TIM_Output_Channel_N_Polarity_Set        0x08006fdd   Thumb Code    22  n32g430_tim.o(.text)
    TIM_Capture_Compare_Ch_Enable            0x08006ff3   Thumb Code    12  n32g430_tim.o(.text)
    TIM_Capture_Compare_Ch_Disable           0x08006fff   Thumb Code    12  n32g430_tim.o(.text)
    TIM_Capture_Compare_Ch_N_Enable          0x0800700b   Thumb Code    12  n32g430_tim.o(.text)
    TIM_Capture_Compare_Ch_N_Disable         0x08007017   Thumb Code    12  n32g430_tim.o(.text)
    TIM_CCEN_Status_Get                      0x08007023   Thumb Code    16  n32g430_tim.o(.text)
    TIM_Output_Channel_Mode_Set              0x08007033   Thumb Code    86  n32g430_tim.o(.text)
    TIM_Forced_Output_Channel1_Set           0x08007089   Thumb Code    18  n32g430_tim.o(.text)
    TIM_Forced_Output_Channel2_Set           0x0800709b   Thumb Code    26  n32g430_tim.o(.text)
    TIM_Forced_Output_Channel3_Set           0x080070b5   Thumb Code    20  n32g430_tim.o(.text)
    TIM_Forced_Output_Channel4_Set           0x080070c9   Thumb Code    28  n32g430_tim.o(.text)
    TIM_Forced_Output_Channel5_Set           0x080070e5   Thumb Code    22  n32g430_tim.o(.text)
    TIM_Forced_Output_Channel6_Set           0x080070fb   Thumb Code    30  n32g430_tim.o(.text)
    TIM_Output_Channel1_Fast_Set             0x08007119   Thumb Code    18  n32g430_tim.o(.text)
    TIM_Output_Channel2_Fast_Set             0x0800712b   Thumb Code    26  n32g430_tim.o(.text)
    TIM_Output_Channel3_Fast_Set             0x08007145   Thumb Code    20  n32g430_tim.o(.text)
    TIM_Output_Channel4_Fast_Set             0x08007159   Thumb Code    28  n32g430_tim.o(.text)
    TIM_Output_Channel5_Fast_Set             0x08007175   Thumb Code    22  n32g430_tim.o(.text)
    TIM_Output_Channel6_Fast_Set             0x0800718b   Thumb Code    30  n32g430_tim.o(.text)
    TIM_Output_Channel1_Reference_Clear      0x080071a9   Thumb Code    18  n32g430_tim.o(.text)
    TIM_Output_Channel2_Reference_Clear      0x080071bb   Thumb Code    24  n32g430_tim.o(.text)
    TIM_Output_Channel3_Reference_Clear      0x080071d3   Thumb Code    20  n32g430_tim.o(.text)
    TIM_Output_Channel4_Reference_Clear      0x080071e7   Thumb Code    26  n32g430_tim.o(.text)
    TIM_Output_Channel5_Reference_Clear      0x08007201   Thumb Code    22  n32g430_tim.o(.text)
    TIM_Output_Channel6_Reference_Clear      0x08007217   Thumb Code    28  n32g430_tim.o(.text)
    TIM_Output_Channel1_Initialize           0x08007233   Thumb Code   140  n32g430_tim.o(.text)
    TIM_Output_Channel2_Initialize           0x080072bf   Thumb Code   152  n32g430_tim.o(.text)
    TIM_Output_Channel3_Initialize           0x08007357   Thumb Code   146  n32g430_tim.o(.text)
    TIM_Output_Channel4_Initialize           0x080073e9   Thumb Code   166  n32g430_tim.o(.text)
    TIM_Output_Channel5_Initialize           0x0800748f   Thumb Code   102  n32g430_tim.o(.text)
    TIM_Output_Channel6_Initialize           0x080074f5   Thumb Code   110  n32g430_tim.o(.text)
    TIM_PWM_Output_Enable                    0x08007563   Thumb Code    14  n32g430_tim.o(.text)
    TIM_PWM_Output_Disable                   0x08007571   Thumb Code    14  n32g430_tim.o(.text)
    TIM_Output_Channel_Struct_Initialize     0x0800757f   Thumb Code    20  n32g430_tim.o(.text)
    TIM_Lock_Up_Break_Enable                 0x08007593   Thumb Code    10  n32g430_tim.o(.text)
    TIM_Lock_Up_Break_Disable                0x0800759d   Thumb Code    10  n32g430_tim.o(.text)
    TIM_Pvd_Break_Enable                     0x080075a7   Thumb Code    10  n32g430_tim.o(.text)
    TIM_Pvd_Break_Disable                    0x080075b1   Thumb Code    10  n32g430_tim.o(.text)
    TIM_IOM_Comp_Break                       0x080075bb   Thumb Code    22  n32g430_tim.o(.text)
    TIM_Break_And_Dead_Time_Set              0x080075d1   Thumb Code    96  n32g430_tim.o(.text)
    TIM_Break_And_Dead_Time_Struct_Initialize 0x08007631   Thumb Code    24  n32g430_tim.o(.text)
    TIM_Interrupt_Enable                     0x08007649   Thumb Code     8  n32g430_tim.o(.text)
    TIM_Interrupt_Disable                    0x08007651   Thumb Code    16  n32g430_tim.o(.text)
    TIM_Interrupt_Status_Get                 0x08007661   Thumb Code    32  n32g430_tim.o(.text)
    TIM_Interrupt_Status_Clear               0x08007681   Thumb Code     6  n32g430_tim.o(.text)
    TIM_Flag_Status_Get                      0x08007687   Thumb Code    16  n32g430_tim.o(.text)
    TIM_Flag_Clear                           0x08007697   Thumb Code     6  n32g430_tim.o(.text)
    TIM_Dma_Config                           0x0800769d   Thumb Code    10  n32g430_tim.o(.text)
    TIM_Dma_Enable                           0x080076a7   Thumb Code     8  n32g430_tim.o(.text)
    TIM_Dma_Disable                          0x080076af   Thumb Code     8  n32g430_tim.o(.text)
    TIM_Hall_Sensor_Enable                   0x080076b7   Thumb Code    10  n32g430_tim.o(.text)
    TIM_Hall_Sensor_Disable                  0x080076c1   Thumb Code    10  n32g430_tim.o(.text)
    TIM_Encoder_Interface_Set                0x080076cb   Thumb Code    64  n32g430_tim.o(.text)
    TIM_Channel1_Filter_Config               0x0800770b   Thumb Code    52  n32g430_tim.o(.text)
    TIM_Channel2_Filter_Config               0x0800773f   Thumb Code    52  n32g430_tim.o(.text)
    TIM_Channel3_Filter_Config               0x08007773   Thumb Code    52  n32g430_tim.o(.text)
    TIM_Channel4_Filter_Config               0x080077a7   Thumb Code    52  n32g430_tim.o(.text)
    TIM_Break_Filter_Config                  0x080077db   Thumb Code    40  n32g430_tim.o(.text)
    TIM_Channel1_Filter_Enable               0x08007803   Thumb Code    10  n32g430_tim.o(.text)
    TIM_Channel1_Filter_Disable              0x0800780d   Thumb Code    10  n32g430_tim.o(.text)
    TIM_Channel2_Filter_Enable               0x08007817   Thumb Code    10  n32g430_tim.o(.text)
    TIM_Channel2_Filter_Disable              0x08007821   Thumb Code    10  n32g430_tim.o(.text)
    TIM_Channel3_Filter_Enable               0x0800782b   Thumb Code    10  n32g430_tim.o(.text)
    TIM_Channel3_Filter_Disable              0x08007835   Thumb Code    10  n32g430_tim.o(.text)
    TIM_Channel4_Filter_Enable               0x0800783f   Thumb Code    10  n32g430_tim.o(.text)
    TIM_Channel4_Filter_Disable              0x08007849   Thumb Code    10  n32g430_tim.o(.text)
    TIM_Break_Filter_Enable                  0x08007853   Thumb Code    10  n32g430_tim.o(.text)
    TIM_Break_Filter_Disable                 0x0800785d   Thumb Code    10  n32g430_tim.o(.text)
    USART_Reset                              0x08007881   Thumb Code    68  n32g430_usart.o(.text)
    USART_Hardware_Flow_Control_Config       0x080078c5   Thumb Code    16  n32g430_usart.o(.text)
    USART_Mode_Config                        0x080078d5   Thumb Code    16  n32g430_usart.o(.text)
    USART_Parity_Config                      0x080078e5   Thumb Code    16  n32g430_usart.o(.text)
    USART_Stop_Bits_Config                   0x080078f5   Thumb Code    16  n32g430_usart.o(.text)
    USART_Word_Length_Config                 0x08007905   Thumb Code    16  n32g430_usart.o(.text)
    USART_Baud_Rate_Config                   0x08007915   Thumb Code   114  n32g430_usart.o(.text)
    USART_Initializes                        0x08007987   Thumb Code    56  n32g430_usart.o(.text)
    USART_Structure_Initializes              0x080079bf   Thumb Code    24  n32g430_usart.o(.text)
    USART_Last_Bit_Config                    0x080079d7   Thumb Code    16  n32g430_usart.o(.text)
    USART_Phase_Config                       0x080079e7   Thumb Code    16  n32g430_usart.o(.text)
    USART_Polarity_Config                    0x080079f7   Thumb Code    16  n32g430_usart.o(.text)
    USART_Clock_Config                       0x08007a07   Thumb Code    16  n32g430_usart.o(.text)
    USART_Clock_Initializes                  0x08007a17   Thumb Code    40  n32g430_usart.o(.text)
    USART_Clock_Structure_Initializes        0x08007a3f   Thumb Code    12  n32g430_usart.o(.text)
    USART_Enable                             0x08007a4b   Thumb Code    10  n32g430_usart.o(.text)
    USART_Disable                            0x08007a55   Thumb Code    10  n32g430_usart.o(.text)
    USART_Interrput_Enable                   0x08007a5f   Thumb Code    54  n32g430_usart.o(.text)
    USART_Interrput_Disable                  0x08007a95   Thumb Code    54  n32g430_usart.o(.text)
    USART_DMA_Transfer_Enable                0x08007acb   Thumb Code     8  n32g430_usart.o(.text)
    USART_DMA_Transfer_Disable               0x08007ad3   Thumb Code     8  n32g430_usart.o(.text)
    USART_Address_Set                        0x08007adb   Thumb Code    16  n32g430_usart.o(.text)
    USART_WakeUp_Mode_Set                    0x08007aeb   Thumb Code    16  n32g430_usart.o(.text)
    USART_Receiver_Wakeup_Enable             0x08007afb   Thumb Code    10  n32g430_usart.o(.text)
    USART_Receiver_Wakeup_Disable            0x08007b05   Thumb Code    10  n32g430_usart.o(.text)
    USART_LIN_Break_Detect_Length_Set        0x08007b0f   Thumb Code    16  n32g430_usart.o(.text)
    USART_LIN_Enable                         0x08007b1f   Thumb Code    10  n32g430_usart.o(.text)
    USART_LIN_Disable                        0x08007b29   Thumb Code    10  n32g430_usart.o(.text)
    USART_Data_Send                          0x08007b33   Thumb Code     8  n32g430_usart.o(.text)
    USART_Data_Receive                       0x08007b3b   Thumb Code    10  n32g430_usart.o(.text)
    USART_Break_Frame_Send                   0x08007b45   Thumb Code    10  n32g430_usart.o(.text)
    USART_Guard_Time_Set                     0x08007b4f   Thumb Code    16  n32g430_usart.o(.text)
    USART_Prescaler_Set                      0x08007b5f   Thumb Code    16  n32g430_usart.o(.text)
    USART_Smart_Card_Enable                  0x08007b6f   Thumb Code    10  n32g430_usart.o(.text)
    USART_Smart_Card_Disable                 0x08007b79   Thumb Code    10  n32g430_usart.o(.text)
    USART_Smart_Card_NACK_Enable             0x08007b83   Thumb Code    10  n32g430_usart.o(.text)
    USART_Smart_Card_NACK_Disable            0x08007b8d   Thumb Code    10  n32g430_usart.o(.text)
    USART_Half_Duplex_Enable                 0x08007b97   Thumb Code    10  n32g430_usart.o(.text)
    USART_Half_Duplex_Disable                0x08007ba1   Thumb Code    10  n32g430_usart.o(.text)
    USART_IrDA_Mode_Set                      0x08007bab   Thumb Code    16  n32g430_usart.o(.text)
    USART_IrDA_Enable                        0x08007bbb   Thumb Code    10  n32g430_usart.o(.text)
    USART_IrDA_Disable                       0x08007bc5   Thumb Code    10  n32g430_usart.o(.text)
    USART_Flag_Status_Get                    0x08007bcf   Thumb Code    16  n32g430_usart.o(.text)
    USART_Flag_Clear                         0x08007bdf   Thumb Code     6  n32g430_usart.o(.text)
    USART_Interrupt_Status_Get               0x08007be5   Thumb Code    74  n32g430_usart.o(.text)
    USART_Interrupt_Status_Clear             0x08007c2f   Thumb Code    20  n32g430_usart.o(.text)
    __aeabi_ldivmod                          0x08007c55   Thumb Code    98  ldiv.o(.text)
    __aeabi_memset                           0x08007cb7   Thumb Code    14  memseta.o(.text)
    __aeabi_memset4                          0x08007cb7   Thumb Code     0  memseta.o(.text)
    __aeabi_memset8                          0x08007cb7   Thumb Code     0  memseta.o(.text)
    __aeabi_memclr                           0x08007cc5   Thumb Code     4  memseta.o(.text)
    __aeabi_memclr4                          0x08007cc5   Thumb Code     0  memseta.o(.text)
    __aeabi_memclr8                          0x08007cc5   Thumb Code     0  memseta.o(.text)
    _memset$wrapper                          0x08007cc9   Thumb Code    18  memseta.o(.text)
    memcmp                                   0x08007cdb   Thumb Code    26  memcmp.o(.text)
    __aeabi_dadd                             0x08007cf5   Thumb Code   322  dadd.o(.text)
    __aeabi_dsub                             0x08007e37   Thumb Code     6  dadd.o(.text)
    __aeabi_drsub                            0x08007e3d   Thumb Code     6  dadd.o(.text)
    __aeabi_dmul                             0x08007e43   Thumb Code   228  dmul.o(.text)
    __aeabi_ddiv                             0x08007f27   Thumb Code   222  ddiv.o(.text)
    __aeabi_i2d                              0x08008005   Thumb Code    34  dflti.o(.text)
    __aeabi_d2iz                             0x08008027   Thumb Code    62  dfixi.o(.text)
    __aeabi_f2d                              0x08008065   Thumb Code    38  f2d.o(.text)
    __aeabi_d2f                              0x0800808b   Thumb Code    56  d2f.o(.text)
    __aeabi_uldivmod                         0x080080c3   Thumb Code    98  uldiv.o(.text)
    __aeabi_llsl                             0x08008125   Thumb Code    30  llshl.o(.text)
    _ll_shift_l                              0x08008125   Thumb Code     0  llshl.o(.text)
    __aeabi_llsr                             0x08008143   Thumb Code    32  llushr.o(.text)
    _ll_ushift_r                             0x08008143   Thumb Code     0  llushr.o(.text)
    __aeabi_lasr                             0x08008163   Thumb Code    36  llsshr.o(.text)
    _ll_sshift_r                             0x08008163   Thumb Code     0  llsshr.o(.text)
    __I$use$fp                               0x08008187   Thumb Code     0  iusefp.o(.text)
    _float_round                             0x08008187   Thumb Code    18  fepilogue.o(.text)
    _float_epilogue                          0x08008199   Thumb Code    92  fepilogue.o(.text)
    _double_round                            0x080081f5   Thumb Code    30  depilogue.o(.text)
    _double_epilogue                         0x08008213   Thumb Code   156  depilogue.o(.text)
    __scatterload                            0x080082b1   Thumb Code    28  init.o(.text)
    __scatterload_rt2                        0x080082b1   Thumb Code     0  init.o(.text)
    _dsqrt                                   0x080082d5   Thumb Code   162  dsqrt.o(.text)
    __0printf$8                              0x08008379   Thumb Code    22  printf8.o(i.__0printf$8)
    __1printf$8                              0x08008379   Thumb Code     0  printf8.o(i.__0printf$8)
    __2printf                                0x08008379   Thumb Code     0  printf8.o(i.__0printf$8)
    __ARM_fpclassify                         0x08008399   Thumb Code    48  fpclassify.o(i.__ARM_fpclassify)
    __hardfp_asin                            0x080083c9   Thumb Code   770  asin.o(i.__hardfp_asin)
    __hardfp_atan                            0x08008729   Thumb Code   622  atan.o(i.__hardfp_atan)
    __hardfp_atan2                           0x08008a01   Thumb Code   432  atan2.o(i.__hardfp_atan2)
    __kernel_poly                            0x08008bf1   Thumb Code   248  poly.o(i.__kernel_poly)
    __mathlib_dbl_infnan                     0x08008ce9   Thumb Code    20  dunder.o(i.__mathlib_dbl_infnan)
    __mathlib_dbl_infnan2                    0x08008cfd   Thumb Code    20  dunder.o(i.__mathlib_dbl_infnan2)
    __mathlib_dbl_invalid                    0x08008d11   Thumb Code    24  dunder.o(i.__mathlib_dbl_invalid)
    __mathlib_dbl_underflow                  0x08008d31   Thumb Code    24  dunder.o(i.__mathlib_dbl_underflow)
    __scatterload_copy                       0x08008d51   Thumb Code    14  handlers.o(i.__scatterload_copy)
    __scatterload_null                       0x08008d5f   Thumb Code     2  handlers.o(i.__scatterload_null)
    __scatterload_zeroinit                   0x08008d61   Thumb Code    14  handlers.o(i.__scatterload_zeroinit)
    __set_errno                              0x08008d71   Thumb Code     6  errno.o(i.__set_errno)
    atan                                     0x080091df   Thumb Code    16  atan.o(i.atan)
    fabs                                     0x080091ef   Thumb Code    24  fabs.o(i.fabs)
    sqrt                                     0x08009207   Thumb Code   110  sqrt.o(i.sqrt)
    AHBPrescTable                            0x08009274   Data          16  system_n32g430.o(.constdata)
    reg                                      0x08009284   Data          27  inv_mpu.o(.constdata)
    hw                                       0x080092a0   Data          12  inv_mpu.o(.constdata)
    test                                     0x080092ac   Data          40  inv_mpu.o(.constdata)
    __mathlib_zero                           0x08009ff8   Data           8  qnan.o(.constdata)
    Region$$Table$$Base                      0x0800a050   Number         0  anon$$obj.o(Region$$Table)
    Region$$Table$$Limit                     0x0800a070   Number         0  anon$$obj.o(Region$$Table)
    SystemClockFrequency                     0x20000000   Data           4  system_n32g430.o(.data)
    KEY_Phase                                0x2000003a   Data           1  key.o(.data)
    KEY_TimeCount                            0x2000003c   Data           2  key.o(.data)
    KEY_ShortOK                              0x2000003e   Data           1  key.o(.data)
    KEY_LongOK                               0x2000003f   Data           1  key.o(.data)
    KEY_EndOK                                0x20000040   Data           1  key.o(.data)
    ADC_Value                                0x20000042   Data           2  adc.o(.data)
    TimerPeriod                              0x20000044   Data           2  pwm.o(.data)
    Channel1Pulse                            0x20000046   Data           2  pwm.o(.data)
    Channel2Pulse                            0x20000048   Data           2  pwm.o(.data)
    Channel3Pulse                            0x2000004a   Data           2  pwm.o(.data)
    channel4Pulse                            0x2000004c   Data           2  pwm.o(.data)
    ADTIMClockFrequency                      0x20000050   Data           4  pwm.o(.data)
    GPTIMClockFrequency                      0x20000054   Data           4  encoder.o(.data)
    PWM_Zero                                 0x20000058   Data           1  motor.o(.data)
    Med_Angle                                0x2000005c   Data           4  control.o(.data)
    Target_Speed                             0x20000060   Data           4  control.o(.data)
    Vertical_Kp                              0x20000064   Data           4  control.o(.data)
    Vertical_Kd                              0x20000068   Data           4  control.o(.data)
    Velocity_Kp                              0x2000006c   Data           4  control.o(.data)
    Velocity_Ki                              0x20000070   Data           4  control.o(.data)
    Vertical_out                             0x20000074   Data           4  control.o(.data)
    Velocity_out                             0x20000078   Data           4  control.o(.data)
    Turn_out                                 0x2000007c   Data           4  control.o(.data)
    Pitch                                    0x20000080   Data           4  control.o(.data)
    Roll                                     0x20000084   Data           4  control.o(.data)
    Yaw                                      0x20000088   Data           4  control.o(.data)
    gyrox                                    0x2000008c   Data           2  control.o(.data)
    gyroy                                    0x2000008e   Data           2  control.o(.data)
    gyroz                                    0x20000090   Data           2  control.o(.data)
    aacx                                     0x20000092   Data           2  control.o(.data)
    aacy                                     0x20000094   Data           2  control.o(.data)
    aacz                                     0x20000096   Data           2  control.o(.data)
    Encoder_Left                             0x20000098   Data           4  control.o(.data)
    Encoder_Right                            0x2000009c   Data           4  control.o(.data)
    MOTO1                                    0x200000a0   Data           4  control.o(.data)
    MOTO2                                    0x200000a4   Data           4  control.o(.data)
    vrefint_value                            0x200000bc   Data           4  n32g430_adc.o(.data)
    Program_NVR                              0x200000c0   Data           4  n32g430_adc.o(.data)
    Get_NVR                                  0x200000c4   Data           4  n32g430_adc.o(.data)
    __stdout                                 0x200000c8   Data           4  stdout.o(.data)
    __initial_sp                             0x200015f0   Data           0  startup_n32g430.o(STACK)



==============================================================================

Memory Map of the image

  Image Entry point : 0x08000115

  Load Region LR_IROM1 (Base: 0x08000000, Size: 0x0000a140, Max: 0x00010000, ABSOLUTE)

    Execution Region ER_IROM1 (Exec base: 0x08000000, Load base: 0x08000000, Size: 0x0000a070, Max: 0x00010000, ABSOLUTE)

    Exec Addr    Load Addr    Size         Type   Attr      Idx    E Section Name        Object

    0x08000000   0x08000000   0x00000114   Data   RO            3    RESET               startup_n32g430.o
    0x08000114   0x08000114   0x00000000   Code   RO         1359  * .ARM.Collect$$$$00000000  mc_w.l(entry.o)
    0x08000114   0x08000114   0x00000004   Code   RO         1700    .ARM.Collect$$$$00000001  mc_w.l(entry2.o)
    0x08000118   0x08000118   0x00000004   Code   RO         1703    .ARM.Collect$$$$00000004  mc_w.l(entry5.o)
    0x0800011c   0x0800011c   0x00000000   Code   RO         1705    .ARM.Collect$$$$00000008  mc_w.l(entry7b.o)
    0x0800011c   0x0800011c   0x00000000   Code   RO         1707    .ARM.Collect$$$$0000000A  mc_w.l(entry8b.o)
    0x0800011c   0x0800011c   0x00000008   Code   RO         1708    .ARM.Collect$$$$0000000B  mc_w.l(entry9a.o)
    0x08000124   0x08000124   0x00000000   Code   RO         1710    .ARM.Collect$$$$0000000D  mc_w.l(entry10a.o)
    0x08000124   0x08000124   0x00000000   Code   RO         1712    .ARM.Collect$$$$0000000F  mc_w.l(entry11a.o)
    0x08000124   0x08000124   0x00000004   Code   RO         1701    .ARM.Collect$$$$00002712  mc_w.l(entry2.o)
    0x08000128   0x08000128   0x00000024   Code   RO            4    .text               startup_n32g430.o
    0x0800014c   0x0800014c   0x00000274   Code   RO           13    .text               system_n32g430.o
    0x080003c0   0x080003c0   0x0000004c   Code   RO          133    .text               main.o
    0x0800040c   0x0800040c   0x00000018   Code   RO          226    .text               n32g430_it.o
    0x08000424   0x08000424   0x00000330   Code   RO          324    .text               myiic.o
    0x08000754   0x08000754   0x000003f0   Code   RO          348    .text               mpu6050.o
    0x08000b44   0x08000b44   0x000022c0   Code   RO          372    .text               inv_mpu.o
    0x08002e04   0x08002e04   0x00000d90   Code   RO          417    .text               inv_mpu_dmp_motion_driver.o
    0x08003b94   0x08003b94   0x00000040   Code   RO          454    .text               esp12f_io0.o
    0x08003bd4   0x08003bd4   0x0000003c   Code   RO          478    .text               led.o
    0x08003c10   0x08003c10   0x00000110   Code   RO          502    .text               key.o
    0x08003d20   0x08003d20   0x00000110   Code   RO          532    .text               adc.o
    0x08003e30   0x08003e30   0x000000c8   Code   RO          562    .text               exti.o
    0x08003ef8   0x08003ef8   0x000001b8   Code   RO          586    .text               pwm.o
    0x080040b0   0x080040b0   0x000001c8   Code   RO          613    .text               encoder.o
    0x08004278   0x08004278   0x000001c8   Code   RO          655    .text               gptim_common.o
    0x08004440   0x08004440   0x000000b0   Code   RO          679    .text               timer_common.o
    0x080044f0   0x080044f0   0x00000118   Code   RO          705    .text               motor.o
    0x08004608   0x08004608   0x0000023c   Code   RO          736    .text               control.o
    0x08004844   0x08004844   0x0000010c   Code   RO          766    .text               log.o
    0x08004950   0x08004950   0x000000f4   Code   RO          793    .text               bsp_delay.o
    0x08004a44   0x08004a44   0x000000d8   Code   RO          821    .text               misc.o
    0x08004b1c   0x08004b1c   0x0000083c   Code   RO          845    .text               n32g430_adc.o
    0x08005358   0x08005358   0x00000248   Code   RO          992    .text               n32g430_dma.o
    0x080055a0   0x080055a0   0x00000138   Code   RO         1016    .text               n32g430_exti.o
    0x080056d8   0x080056d8   0x000008ec   Code   RO         1064    .text               n32g430_gpio.o
    0x08005fc4   0x08005fc4   0x000006c8   Code   RO         1187    .text               n32g430_rcc.o
    0x0800668c   0x0800668c   0x000011f4   Code   RO         1264    .text               n32g430_tim.o
    0x08007880   0x08007880   0x000003d4   Code   RO         1288    .text               n32g430_usart.o
    0x08007c54   0x08007c54   0x00000062   Code   RO         1362    .text               mc_w.l(ldiv.o)
    0x08007cb6   0x08007cb6   0x00000024   Code   RO         1364    .text               mc_w.l(memseta.o)
    0x08007cda   0x08007cda   0x0000001a   Code   RO         1366    .text               mc_w.l(memcmp.o)
    0x08007cf4   0x08007cf4   0x0000014e   Code   RO         1629    .text               mf_w.l(dadd.o)
    0x08007e42   0x08007e42   0x000000e4   Code   RO         1631    .text               mf_w.l(dmul.o)
    0x08007f26   0x08007f26   0x000000de   Code   RO         1633    .text               mf_w.l(ddiv.o)
    0x08008004   0x08008004   0x00000022   Code   RO         1637    .text               mf_w.l(dflti.o)
    0x08008026   0x08008026   0x0000003e   Code   RO         1641    .text               mf_w.l(dfixi.o)
    0x08008064   0x08008064   0x00000026   Code   RO         1643    .text               mf_w.l(f2d.o)
    0x0800808a   0x0800808a   0x00000038   Code   RO         1647    .text               mf_w.l(d2f.o)
    0x080080c2   0x080080c2   0x00000062   Code   RO         1717    .text               mc_w.l(uldiv.o)
    0x08008124   0x08008124   0x0000001e   Code   RO         1719    .text               mc_w.l(llshl.o)
    0x08008142   0x08008142   0x00000020   Code   RO         1721    .text               mc_w.l(llushr.o)
    0x08008162   0x08008162   0x00000024   Code   RO         1723    .text               mc_w.l(llsshr.o)
    0x08008186   0x08008186   0x00000000   Code   RO         1732    .text               mc_w.l(iusefp.o)
    0x08008186   0x08008186   0x0000006e   Code   RO         1733    .text               mf_w.l(fepilogue.o)
    0x080081f4   0x080081f4   0x000000ba   Code   RO         1735    .text               mf_w.l(depilogue.o)
    0x080082ae   0x080082ae   0x00000002   PAD
    0x080082b0   0x080082b0   0x00000024   Code   RO         1741    .text               mc_w.l(init.o)
    0x080082d4   0x080082d4   0x000000a2   Code   RO         1743    .text               mf_w.l(dsqrt.o)
    0x08008376   0x08008376   0x00000002   PAD
    0x08008378   0x08008378   0x00000020   Code   RO         1575    i.__0printf$8       mc_w.l(printf8.o)
    0x08008398   0x08008398   0x00000030   Code   RO         1683    i.__ARM_fpclassify  m_wm.l(fpclassify.o)
    0x080083c8   0x080083c8   0x00000360   Code   RO         1333    i.__hardfp_asin     m_wm.l(asin.o)
    0x08008728   0x08008728   0x000002d8   Code   RO         1649    i.__hardfp_atan     m_wm.l(atan.o)
    0x08008a00   0x08008a00   0x000001f0   Code   RO         1347    i.__hardfp_atan2    m_wm.l(atan2.o)
    0x08008bf0   0x08008bf0   0x000000f8   Code   RO         1685    i.__kernel_poly     m_wm.l(poly.o)
    0x08008ce8   0x08008ce8   0x00000014   Code   RO         1664    i.__mathlib_dbl_infnan  m_wm.l(dunder.o)
    0x08008cfc   0x08008cfc   0x00000014   Code   RO         1665    i.__mathlib_dbl_infnan2  m_wm.l(dunder.o)
    0x08008d10   0x08008d10   0x00000020   Code   RO         1666    i.__mathlib_dbl_invalid  m_wm.l(dunder.o)
    0x08008d30   0x08008d30   0x00000020   Code   RO         1669    i.__mathlib_dbl_underflow  m_wm.l(dunder.o)
    0x08008d50   0x08008d50   0x0000000e   Code   RO         1747    i.__scatterload_copy  mc_w.l(handlers.o)
    0x08008d5e   0x08008d5e   0x00000002   Code   RO         1748    i.__scatterload_null  mc_w.l(handlers.o)
    0x08008d60   0x08008d60   0x0000000e   Code   RO         1749    i.__scatterload_zeroinit  mc_w.l(handlers.o)
    0x08008d6e   0x08008d6e   0x00000002   PAD
    0x08008d70   0x08008d70   0x0000000c   Code   RO         1727    i.__set_errno       mc_w.l(errno.o)
    0x08008d7c   0x08008d7c   0x00000410   Code   RO         1582    i._printf_core      mc_w.l(printf8.o)
    0x0800918c   0x0800918c   0x00000024   Code   RO         1583    i._printf_post_padding  mc_w.l(printf8.o)
    0x080091b0   0x080091b0   0x0000002e   Code   RO         1584    i._printf_pre_padding  mc_w.l(printf8.o)
    0x080091de   0x080091de   0x00000010   Code   RO         1651    i.atan              m_wm.l(atan.o)
    0x080091ee   0x080091ee   0x00000018   Code   RO         1679    i.fabs              m_wm.l(fabs.o)
    0x08009206   0x08009206   0x0000006e   Code   RO         1690    i.sqrt              m_wm.l(sqrt.o)
    0x08009274   0x08009274   0x00000010   Data   RO           14    .constdata          system_n32g430.o
    0x08009284   0x08009284   0x00000050   Data   RO          373    .constdata          inv_mpu.o
    0x080092d4   0x080092d4   0x00000bf6   Data   RO          419    .constdata          inv_mpu_dmp_motion_driver.o
    0x08009eca   0x08009eca   0x00000040   Data   RO         1188    .constdata          n32g430_rcc.o
    0x08009f0a   0x08009f0a   0x00000006   PAD
    0x08009f10   0x08009f10   0x00000050   Data   RO         1336    .constdata          m_wm.l(asin.o)
    0x08009f60   0x08009f60   0x00000098   Data   RO         1652    .constdata          m_wm.l(atan.o)
    0x08009ff8   0x08009ff8   0x00000008   Data   RO         1687    .constdata          m_wm.l(qnan.o)
    0x0800a000   0x0800a000   0x0000004d   Data   RO          374    .conststring        inv_mpu.o
    0x0800a04d   0x0800a04d   0x00000003   PAD
    0x0800a050   0x0800a050   0x00000020   Data   RO         1745    Region$$Table       anon$$obj.o


    Execution Region RW_IRAM1 (Exec base: 0x20000000, Load base: 0x0800a070, Size: 0x000015f0, Max: 0x00004000, ABSOLUTE)

    Exec Addr    Load Addr    Size         Type   Attr      Idx    E Section Name        Object

    0x20000000   0x0800a070   0x00000004   Data   RW           15    .data               system_n32g430.o
    0x20000004   0x0800a074   0x00000035   Data   RW          375    .data               inv_mpu.o
    0x20000039   0x0800a0a9   0x00000001   PAD
    0x2000003a   0x0800a0aa   0x00000007   Data   RW          503    .data               key.o
    0x20000041   0x0800a0b1   0x00000001   PAD
    0x20000042   0x0800a0b2   0x00000002   Data   RW          533    .data               adc.o
    0x20000044   0x0800a0b4   0x00000010   Data   RW          587    .data               pwm.o
    0x20000054   0x0800a0c4   0x00000004   Data   RW          614    .data               encoder.o
    0x20000058   0x0800a0c8   0x00000001   Data   RW          706    .data               motor.o
    0x20000059   0x0800a0c9   0x00000003   PAD
    0x2000005c   0x0800a0cc   0x00000060   Data   RW          737    .data               control.o
    0x200000bc   0x0800a12c   0x0000000c   Data   RW          846    .data               n32g430_adc.o
    0x200000c8   0x0800a138   0x00000004   Data   RW         1714    .data               mc_w.l(stdout.o)
    0x200000cc   0x0800a13c   0x00000004   Data   RW         1728    .data               mc_w.l(errno.o)
    0x200000d0        -       0x00000010   Zero   RW          418    .bss                inv_mpu_dmp_motion_driver.o
    0x200000e0        -       0x00000010   Zero   RW          680    .bss                timer_common.o
    0x200000f0        -       0x00001500   Zero   RW            1    STACK               startup_n32g430.o


==============================================================================

Image component sizes


      Code (inc. data)   RO Data    RW Data    ZI Data      Debug   Object Name

       272         18          0          2          0       1501   adc.o
       244         12          0          0          0      31567   bsp_delay.o
       572        130          0         96          0       2615   control.o
       456         14          0          4          0       1767   encoder.o
        64          6          0          0          0        546   esp12f_io0.o
       200         18          0          0          0       1068   exti.o
       456         22          0          0          0       1599   gptim_common.o
      8896        222        157         53          0      24433   inv_mpu.o
      3472        142       3062          0         16      15399   inv_mpu_dmp_motion_driver.o
       272         20          0          7          0       1328   key.o
        60          4          0          0          0        528   led.o
       268         14          0          0          0       2111   log.o
        76          8          0          0          0       1707   main.o
       216         20          0          0          0       2108   misc.o
       280         12          0          1          0       1565   motor.o
      1008         64          0          0          0       4527   mpu6050.o
       816          6          0          0          0       1952   myiic.o
      2108         38          0         12          0      13189   n32g430_adc.o
       584          6          0          0          0       6102   n32g430_dma.o
       312          4          0          0          0       3484   n32g430_exti.o
      2284         42          0          0          0      10401   n32g430_gpio.o
        24          0          0          0          0       1123   n32g430_it.o
      1736         76         64          0          0      12566   n32g430_rcc.o
      4596         86          0          0          0      40716   n32g430_tim.o
       980         18          0          0          0      11121   n32g430_usart.o
       440         24          0         16          0       2099   pwm.o
        36          8        276          0       5376        888   startup_n32g430.o
       628         48         16          4          0     310268   system_n32g430.o
       176          6          0          0         16       2171   timer_common.o

    ----------------------------------------------------------------------
     31532       1088       3616        200       5408     510449   Object Totals
         0          0         32          0          0          0   (incl. Generated)
         0          0          9          5          0          0   (incl. Padding)

    ----------------------------------------------------------------------

      Code (inc. data)   RO Data    RW Data    ZI Data      Debug   Library Member Name

       864         94         80          0          0        280   asin.o
       744        106        152          0          0        352   atan.o
       496         64          0          0          0        192   atan2.o
       104         16          0          0          0        496   dunder.o
        24          0          0          0          0        124   fabs.o
        48          0          0          0          0        124   fpclassify.o
       248          0          0          0          0        152   poly.o
         0          0          8          0          0          0   qnan.o
       110          0          0          0          0        148   sqrt.o
         0          0          0          0          0          0   entry.o
         0          0          0          0          0          0   entry10a.o
         0          0          0          0          0          0   entry11a.o
         8          4          0          0          0          0   entry2.o
         4          0          0          0          0          0   entry5.o
         0          0          0          0          0          0   entry7b.o
         0          0          0          0          0          0   entry8b.o
         8          4          0          0          0          0   entry9a.o
        12          6          0          4          0         68   errno.o
        30          0          0          0          0          0   handlers.o
        36          8          0          0          0         68   init.o
         0          0          0          0          0          0   iusefp.o
        98          0          0          0          0         84   ldiv.o
        30          0          0          0          0         68   llshl.o
        36          0          0          0          0         68   llsshr.o
        32          0          0          0          0         68   llushr.o
        26          0          0          0          0         80   memcmp.o
        36          0          0          0          0        108   memseta.o
      1154         54          0          0          0        352   printf8.o
         0          0          0          4          0          0   stdout.o
        98          0          0          0          0         92   uldiv.o
        56          0          0          0          0         88   d2f.o
       334          0          0          0          0        148   dadd.o
       222          0          0          0          0        100   ddiv.o
       186          0          0          0          0        176   depilogue.o
        62          0          0          0          0         80   dfixi.o
        34          0          0          0          0         76   dflti.o
       228          0          0          0          0         96   dmul.o
       162          0          0          0          0        100   dsqrt.o
        38          0          0          0          0         68   f2d.o
       110          0          0          0          0        168   fepilogue.o

    ----------------------------------------------------------------------
      5684        356        240          8          0       4024   Library Totals
         6          0          0          0          0          0   (incl. Padding)

    ----------------------------------------------------------------------

      Code (inc. data)   RO Data    RW Data    ZI Data      Debug   Library Name

      2638        280        240          0          0       1868   m_wm.l
      1608         76          0          8          0       1056   mc_w.l
      1432          0          0          0          0       1100   mf_w.l

    ----------------------------------------------------------------------
      5684        356        240          8          0       4024   Library Totals

    ----------------------------------------------------------------------

==============================================================================


      Code (inc. data)   RO Data    RW Data    ZI Data      Debug   

     37216       1444       3856        208       5408     507237   Grand Totals
     37216       1444       3856        208       5408     507237   ELF Image Totals
     37216       1444       3856        208          0          0   ROM Totals

==============================================================================

    Total RO  Size (Code + RO Data)                41072 (  40.11kB)
    Total RW  Size (RW Data + ZI Data)              5616 (   5.48kB)
    Total ROM Size (Code + RO Data + RW Data)      41280 (  40.31kB)

==============================================================================

